Vivado Simulator v2025.2
Copyright 1986-2022 Xilinx, Inc. All Rights Reserved.
Copyright 2022-2025 Advanced Micro Devices, Inc. All Rights Reserved.
Running: E:/AMD_FPGA/2025.2/Vivado/bin/unwrapped/win64.o/xelab.exe tb_multi -s reg_tb_multi -debug off 
Multi-threading is on. Using 18 slave threads.
Starting static elaboration
Pass Through NonSizing Optimizer
Completed static elaboration
Starting simulation data flow analysis
Completed simulation data flow analysis
Time Resolution for simulation is 1ps
Compiling module work.sync_2ff
Compiling module work.sccb_master(CLK_FREQ=50000000)
Compiling module work.ov5640_ctrl(IMG_W=64,IMG_H=64,CF...
Compiling module work.fifo_async(AW=11)
Compiling module work.window_kxk(IMG_W=64,IMG_H=64)
Compiling module work.gaussian_5x5(IMG_W=64,IMG_H=64)
Compiling module work.window_kxk(K=3,IMG_W=64,IMG_H=64...
Compiling module work.scharr_3x3(IMG_W=64,IMG_H=64)
Compiling module work.gradient_mag_dir(IMG_W=64,IMG_H=...
Compiling module work.window_kxk(K=3,DW=14,IMG_W=64,IM...
Compiling module work.median_3x3(IMG_W=64,IMG_H=64)
Compiling module work.nms(IMG_W=64,IMG_H=64)
Compiling module work.double_threshold(IMG_W=64,IMG_H=...
Compiling module work.window_kxk(K=3,DW=2,IMG_W=64,IMG...
Compiling module work.hysteresis(IMG_W=64,IMG_H=64)
Compiling module work.canny_top(IMG_W=64,IMG_H=64)
Compiling module work.vexriscv_wrapper_default
Compiling module work.axi_crossbar_wrap
Compiling module work.spike_encoder(TSTEPS=64)
Compiling module work.synapse_array
Compiling module work.lif_neuron_default
Compiling module work.snn_top_default
Compiling module work.vga_timing_default
Compiling module work.mode_switch
Compiling module work.framebuf_pp(IMG_W=64,IMG_H=64)
Compiling module work.color_map
Compiling module work.hdmi_tx
Compiling module work.vision_top(IMG_W=64,IMG_H=64,NCH...
Compiling module work.tb_multi
Built simulation snapshot reg_tb_multi
