INFO: [VRFC 10-2263] Analyzing SystemVerilog file "E:/AMD_FPGA/Projects/Sim_GPU - Copy/rtl/common/sync_2ff.v" into library work
INFO: [VRFC 10-311] analyzing module sync_2ff
INFO: [VRFC 10-2263] Analyzing SystemVerilog file "E:/AMD_FPGA/Projects/Sim_GPU - Copy/rtl/common/fifo_async.v" into library work
INFO: [VRFC 10-311] analyzing module fifo_async
INFO: [VRFC 10-2263] Analyzing SystemVerilog file "E:/AMD_FPGA/Projects/Sim_GPU - Copy/rtl/common/line_buffer.v" into library work
INFO: [VRFC 10-311] analyzing module line_buffer
INFO: [VRFC 10-2263] Analyzing SystemVerilog file "E:/AMD_FPGA/Projects/Sim_GPU - Copy/rtl/common/window_kxk.v" into library work
INFO: [VRFC 10-311] analyzing module window_kxk
INFO: [VRFC 10-2263] Analyzing SystemVerilog file "E:/AMD_FPGA/Projects/Sim_GPU - Copy/rtl/sensor/sccb_master.v" into library work
INFO: [VRFC 10-311] analyzing module sccb_master
INFO: [VRFC 10-2263] Analyzing SystemVerilog file "E:/AMD_FPGA/Projects/Sim_GPU - Copy/rtl/sensor/ov5640_ctrl.v" into library work
INFO: [VRFC 10-311] analyzing module ov5640_ctrl
INFO: [VRFC 10-2263] Analyzing SystemVerilog file "E:/AMD_FPGA/Projects/Sim_GPU - Copy/rtl/img_proc/gaussian_5x5.v" into library work
INFO: [VRFC 10-311] analyzing module gaussian_5x5
INFO: [VRFC 10-2263] Analyzing SystemVerilog file "E:/AMD_FPGA/Projects/Sim_GPU - Copy/rtl/img_proc/scharr_3x3.v" into library work
INFO: [VRFC 10-311] analyzing module scharr_3x3
INFO: [VRFC 10-2263] Analyzing SystemVerilog file "E:/AMD_FPGA/Projects/Sim_GPU - Copy/rtl/img_proc/gradient_mag_dir.v" into library work
INFO: [VRFC 10-311] analyzing module gradient_mag_dir
INFO: [VRFC 10-2263] Analyzing SystemVerilog file "E:/AMD_FPGA/Projects/Sim_GPU - Copy/rtl/img_proc/median_3x3.v" into library work
INFO: [VRFC 10-311] analyzing module median_3x3
INFO: [VRFC 10-2263] Analyzing SystemVerilog file "E:/AMD_FPGA/Projects/Sim_GPU - Copy/rtl/img_proc/nms.v" into library work
INFO: [VRFC 10-311] analyzing module nms
INFO: [VRFC 10-2263] Analyzing SystemVerilog file "E:/AMD_FPGA/Projects/Sim_GPU - Copy/rtl/img_proc/double_threshold.v" into library work
INFO: [VRFC 10-311] analyzing module double_threshold
INFO: [VRFC 10-2263] Analyzing SystemVerilog file "E:/AMD_FPGA/Projects/Sim_GPU - Copy/rtl/img_proc/hysteresis.v" into library work
INFO: [VRFC 10-311] analyzing module hysteresis
INFO: [VRFC 10-2263] Analyzing SystemVerilog file "E:/AMD_FPGA/Projects/Sim_GPU - Copy/rtl/img_proc/canny_top.v" into library work
INFO: [VRFC 10-311] analyzing module canny_top
INFO: [VRFC 10-2263] Analyzing SystemVerilog file "E:/AMD_FPGA/Projects/Sim_GPU - Copy/rtl/snn/lif_neuron.v" into library work
INFO: [VRFC 10-311] analyzing module lif_neuron
INFO: [VRFC 10-2263] Analyzing SystemVerilog file "E:/AMD_FPGA/Projects/Sim_GPU - Copy/rtl/snn/spike_encoder.v" into library work
INFO: [VRFC 10-311] analyzing module spike_encoder
INFO: [VRFC 10-2263] Analyzing SystemVerilog file "E:/AMD_FPGA/Projects/Sim_GPU - Copy/rtl/snn/synapse_array.v" into library work
INFO: [VRFC 10-311] analyzing module synapse_array
INFO: [VRFC 10-2263] Analyzing SystemVerilog file "E:/AMD_FPGA/Projects/Sim_GPU - Copy/rtl/snn/snn_top.v" into library work
INFO: [VRFC 10-311] analyzing module snn_top
INFO: [VRFC 10-2263] Analyzing SystemVerilog file "E:/AMD_FPGA/Projects/Sim_GPU - Copy/rtl/display/vga_timing.v" into library work
INFO: [VRFC 10-311] analyzing module vga_timing
INFO: [VRFC 10-2263] Analyzing SystemVerilog file "E:/AMD_FPGA/Projects/Sim_GPU - Copy/rtl/display/color_map.v" into library work
INFO: [VRFC 10-311] analyzing module color_map
INFO: [VRFC 10-2263] Analyzing SystemVerilog file "E:/AMD_FPGA/Projects/Sim_GPU - Copy/rtl/display/hdmi_tx.v" into library work
INFO: [VRFC 10-311] analyzing module hdmi_tx
INFO: [VRFC 10-2263] Analyzing SystemVerilog file "E:/AMD_FPGA/Projects/Sim_GPU - Copy/rtl/interconnect/axi_crossbar_wrap.v" into library work
INFO: [VRFC 10-311] analyzing module axi_crossbar_wrap
INFO: [VRFC 10-2263] Analyzing SystemVerilog file "E:/AMD_FPGA/Projects/Sim_GPU - Copy/rtl/interconnect/mode_switch.v" into library work
INFO: [VRFC 10-311] analyzing module mode_switch
INFO: [VRFC 10-2263] Analyzing SystemVerilog file "E:/AMD_FPGA/Projects/Sim_GPU - Copy/rtl/riscv/custom_alu.v" into library work
INFO: [VRFC 10-311] analyzing module custom_alu
INFO: [VRFC 10-2263] Analyzing SystemVerilog file "E:/AMD_FPGA/Projects/Sim_GPU - Copy/rtl/riscv/instr_decoder_ext.v" into library work
INFO: [VRFC 10-311] analyzing module instr_decoder_ext
INFO: [VRFC 10-2263] Analyzing SystemVerilog file "E:/AMD_FPGA/Projects/Sim_GPU - Copy/rtl/riscv/vexriscv_wrapper.v" into library work
INFO: [VRFC 10-311] analyzing module vexriscv_wrapper
INFO: [VRFC 10-2263] Analyzing SystemVerilog file "E:/AMD_FPGA/Projects/Sim_GPU - Copy/rtl/cpu/mcu8.v" into library work
INFO: [VRFC 10-311] analyzing module mcu8
INFO: [VRFC 10-2263] Analyzing SystemVerilog file "E:/AMD_FPGA/Projects/Sim_GPU - Copy/rtl/cpu/axi_mcu_bridge.v" into library work
INFO: [VRFC 10-311] analyzing module axi_mcu_bridge
INFO: [VRFC 10-2263] Analyzing SystemVerilog file "E:/AMD_FPGA/Projects/Sim_GPU - Copy/rtl/top/vision_top.v" into library work
INFO: [VRFC 10-311] analyzing module vision_top
INFO: [VRFC 10-2263] Analyzing SystemVerilog file "E:/AMD_FPGA/Projects/Sim_GPU - Copy/sim/tb/tb_multi.sv" into library work
INFO: [VRFC 10-311] analyzing module tb_multi
WARNING: [VRFC 10-8884] decimal constant 5000000000 should be smaller than 2147483648; using 705032704 instead [E:/AMD_FPGA/Projects/Sim_GPU - Copy/sim/tb/tb_multi.sv:104]
