Copyright 1986-2022 Xilinx, Inc. All Rights Reserved. Copyright 2022-2025 Advanced Micro Devices, Inc. All Rights Reserved.
---------------------------------------------------------------------------------------------------------------------------------------------
| Tool Version : Vivado v.2025.2 (win64) Build 6299465 Fri Nov 14 19:35:11 GMT 2025
| Date         : Sun Aug 16 08:23:56 2026
| Host         : wshh running 64-bit major release  (build 9200)
| Command      : report_cdc -file out/cdc.rpt
| Design       : vision_top
| Device       : 7z020-clg484
| Speed File   : -1  PRODUCTION 1.12 2019-11-22
| Design State : Routed
---------------------------------------------------------------------------------------------------------------------------------------------

CDC Report

Severity  Source Clock      Destination Clock  CDC Type                 Exceptions           Endpoints  Safe  Unsafe  Unknown  No ASYNC_REG  
--------  ----------------  -----------------  -----------------------  -------------------  ---------  ----  ------  -------  ------------  
Critical  clk_proc          cam_pclk           No Common Primary Clock  Asynch Clock Groups         12     0       0       12             0  
Critical  input port clock  cam_pclk           No Common Primary Clock  False Path                  46     1       0       45             1  
Critical  sys_clk_50m       cam_pclk           No Common Primary Clock  Asynch Clock Groups         37     0       1       36             1  
Critical  cam_pclk          clk_proc           No Common Primary Clock  Asynch Clock Groups         20     8       0       12             0  
Critical  input port clock  sys_clk_50m        No Common Primary Clock  False Path                 142     0       0      142             0  
Warning   sys_clk_50m       clk_proc           User Ignored             False Path                   8     8       0        0             8  
Info      input port clock  clk_pix            No Common Primary Clock  False Path                   1     1       0        0             0  
Info      input port clock  clk_proc           No Common Primary Clock  False Path                   1     1       0        0             0  

