Copyright 1986-2022 Xilinx, Inc. All Rights Reserved. Copyright 2022-2025 Advanced Micro Devices, Inc. All Rights Reserved.
---------------------------------------------------------------------------------------------------------------------------------------------
| Tool Version : Vivado v.2025.2 (win64) Build 6299465 Fri Nov 14 19:35:11 GMT 2025
| Date         : Sun Aug 16 08:23:58 2026
| Host         : wshh running 64-bit major release  (build 9200)
| Command      : report_drc -file out/drc.rpt
| Design       : vision_top
| Device       : xc7z020clg484-1
| Speed File   : -1
| Design State : Fully Routed
---------------------------------------------------------------------------------------------------------------------------------------------

Report DRC

Table of Contents
-----------------
1. REPORT SUMMARY
2. REPORT DETAILS

1. REPORT SUMMARY
-----------------
            Netlist: vision_top
          Floorplan: design_1
      Design limits: <entire design considered>
           Ruledeck: default
             Max checks: <unlimited>
             Checks found: 32
+-----------+------------------+----------------------------+--------+
| Rule      | Severity         | Description                | Checks |
+-----------+------------------+----------------------------+--------+
| UCIO-1    | Critical Warning | Unconstrained Logical Port | 1      |
| CHECK-3   | Warning          | Report rule limit reached  | 1      |
| DPIP-1    | Warning          | Input pipelining           | 4      |
| DPOP-1    | Warning          | PREG Output pipelining     | 1      |
| DPOP-2    | Warning          | MREG Output pipelining     | 4      |
| REQP-1839 | Warning          | RAMB36 async control check | 20     |
| ZPS7-1    | Warning          | PS7 block required         | 1      |
+-----------+------------------+----------------------------+--------+

2. REPORT DETAILS
-----------------
UCIO-1#1 Critical Warning
Unconstrained Logical Port  
57 out of 73 logical ports have no user assigned specific location constraint (LOC). This may cause I/O contention or incompatibility with the board power or connectivity affecting performance, signal integrity or in extreme cases cause damage to the device or the components to which it is connected. To correct this violation, specify all pin locations. This design will fail to generate a bitstream unless all logical ports have a user specified site LOC constraint defined.  To allow bitstream creation with unspecified pin locations (not recommended), use this command: set_property SEVERITY {Warning} [get_drc_checks UCIO-1].  NOTE: When using the Vivado Runs infrastructure (e.g. launch_runs Tcl command), add this command to a .tcl file and add that file as a pre-hook for write_bitstream step for the implementation run.  Problem ports: hdmi_de, hdmi_hs, hdmi_vs, led[1:0], sim_e_edge[0], sim_e_eof[0],
sim_e_valid[0], sim_s_data[7:0], sim_s_valid[0], tmds_b[9:0],
tmds_clk[9:0], tmds_g[9:0], tmds_r[9:0].
Related violations: <none>

CHECK-3#1 Warning
Report rule limit reached  
REQP-1839 rule limit reached: 20 violations have been found.
Related violations: <none>

DPIP-1#1 Warning
Input pipelining  
DSP g_chan[0].u_canny/u_mag/mul_x input g_chan[0].u_canny/u_mag/mul_x/A[29:0] is not pipelined. Pipelining DSP48 input will improve performance.
Related violations: <none>

DPIP-1#2 Warning
Input pipelining  
DSP g_chan[0].u_canny/u_mag/mul_x2 input g_chan[0].u_canny/u_mag/mul_x2/A[29:0] is not pipelined. Pipelining DSP48 input will improve performance.
Related violations: <none>

DPIP-1#3 Warning
Input pipelining  
DSP g_chan[0].u_canny/u_mag/mul_y input g_chan[0].u_canny/u_mag/mul_y/A[29:0] is not pipelined. Pipelining DSP48 input will improve performance.
Related violations: <none>

DPIP-1#4 Warning
Input pipelining  
DSP u_cam/delay_cnt0 input u_cam/delay_cnt0/A[29:0] is not pipelined. Pipelining DSP48 input will improve performance.
Related violations: <none>

DPOP-1#1 Warning
PREG Output pipelining  
DSP u_cam/delay_cnt0 output u_cam/delay_cnt0/P[47:0] is not pipelined (PREG=0). Pipelining the DSP48 output will improve performance and often saves power so it is suggested whenever possible to fully pipeline this function.  If this DSP48 function was inferred, it is suggested to describe an additional register stage after this function.  If the DSP48 was instantiated in the design, it is suggested to set the PREG attribute to 1.
Related violations: <none>

DPOP-2#1 Warning
MREG Output pipelining  
DSP g_chan[0].u_canny/u_mag/mul_x multiplier stage g_chan[0].u_canny/u_mag/mul_x/P[47:0] is not pipelined (MREG=0). Pipelining the multiplier function will improve performance and will save significant power so it is suggested whenever possible to fully pipeline this function.  If this multiplier was inferred, it is suggested to describe an additional register stage after this function.  If there is no registered adder/accumulator following the multiply function, two pipeline stages are suggested to allow both the MREG and PREG registers to be used.  If the DSP48 was instantiated in the design, it is suggested to set both the MREG and PREG attributes to 1 when performing multiply functions.
Related violations: <none>

DPOP-2#2 Warning
MREG Output pipelining  
DSP g_chan[0].u_canny/u_mag/mul_x2 multiplier stage g_chan[0].u_canny/u_mag/mul_x2/P[47:0] is not pipelined (MREG=0). Pipelining the multiplier function will improve performance and will save significant power so it is suggested whenever possible to fully pipeline this function.  If this multiplier was inferred, it is suggested to describe an additional register stage after this function.  If there is no registered adder/accumulator following the multiply function, two pipeline stages are suggested to allow both the MREG and PREG registers to be used.  If the DSP48 was instantiated in the design, it is suggested to set both the MREG and PREG attributes to 1 when performing multiply functions.
Related violations: <none>

DPOP-2#3 Warning
MREG Output pipelining  
DSP g_chan[0].u_canny/u_mag/mul_y multiplier stage g_chan[0].u_canny/u_mag/mul_y/P[47:0] is not pipelined (MREG=0). Pipelining the multiplier function will improve performance and will save significant power so it is suggested whenever possible to fully pipeline this function.  If this multiplier was inferred, it is suggested to describe an additional register stage after this function.  If there is no registered adder/accumulator following the multiply function, two pipeline stages are suggested to allow both the MREG and PREG registers to be used.  If the DSP48 was instantiated in the design, it is suggested to set both the MREG and PREG attributes to 1 when performing multiply functions.
Related violations: <none>

DPOP-2#4 Warning
MREG Output pipelining  
DSP u_cam/delay_cnt0 multiplier stage u_cam/delay_cnt0/P[47:0] is not pipelined (MREG=0). Pipelining the multiplier function will improve performance and will save significant power so it is suggested whenever possible to fully pipeline this function.  If this multiplier was inferred, it is suggested to describe an additional register stage after this function.  If there is no registered adder/accumulator following the multiply function, two pipeline stages are suggested to allow both the MREG and PREG registers to be used.  If the DSP48 was instantiated in the design, it is suggested to set both the MREG and PREG attributes to 1 when performing multiply functions.
Related violations: <none>

REQP-1839#1 Warning
RAMB36 async control check  
The RAMB36E1 g_chan[0].u_canny/u_hyst/strong_mem_reg_0 has an input control pin g_chan[0].u_canny/u_hyst/strong_mem_reg_0/ADDRARDADDR[12] (net: g_chan[0].u_canny/u_hyst/strong_mem_reg_0_i_6_n_0) which is driven by a register (g_chan[0].u_canny/u_hyst/FSM_onehot_phase_reg[2]) that has an active asychronous set or reset. This may cause corruption of the memory contents and/or read values when the set/reset is asserted and is not analyzed by the default static timing analysis. It is suggested to eliminate the use of a set/reset to registers driving this RAMB pin or else use a synchronous reset in which the assertion of the reset is timed by default.
Related violations: <none>

REQP-1839#2 Warning
RAMB36 async control check  
The RAMB36E1 g_chan[0].u_canny/u_hyst/strong_mem_reg_0 has an input control pin g_chan[0].u_canny/u_hyst/strong_mem_reg_0/ADDRARDADDR[12] (net: g_chan[0].u_canny/u_hyst/strong_mem_reg_0_i_6_n_0) which is driven by a register (g_chan[0].u_canny/u_hyst/cap_addr_reg[12]) that has an active asychronous set or reset. This may cause corruption of the memory contents and/or read values when the set/reset is asserted and is not analyzed by the default static timing analysis. It is suggested to eliminate the use of a set/reset to registers driving this RAMB pin or else use a synchronous reset in which the assertion of the reset is timed by default.
Related violations: <none>

REQP-1839#3 Warning
RAMB36 async control check  
The RAMB36E1 g_chan[0].u_canny/u_hyst/strong_mem_reg_0 has an input control pin g_chan[0].u_canny/u_hyst/strong_mem_reg_0/ADDRARDADDR[13] (net: g_chan[0].u_canny/u_hyst/strong_mem_reg_0_i_5_n_0) which is driven by a register (g_chan[0].u_canny/u_hyst/FSM_onehot_phase_reg[1]) that has an active asychronous set or reset. This may cause corruption of the memory contents and/or read values when the set/reset is asserted and is not analyzed by the default static timing analysis. It is suggested to eliminate the use of a set/reset to registers driving this RAMB pin or else use a synchronous reset in which the assertion of the reset is timed by default.
Related violations: <none>

REQP-1839#4 Warning
RAMB36 async control check  
The RAMB36E1 g_chan[0].u_canny/u_hyst/strong_mem_reg_0 has an input control pin g_chan[0].u_canny/u_hyst/strong_mem_reg_0/ADDRARDADDR[13] (net: g_chan[0].u_canny/u_hyst/strong_mem_reg_0_i_5_n_0) which is driven by a register (g_chan[0].u_canny/u_hyst/FSM_onehot_phase_reg[2]) that has an active asychronous set or reset. This may cause corruption of the memory contents and/or read values when the set/reset is asserted and is not analyzed by the default static timing analysis. It is suggested to eliminate the use of a set/reset to registers driving this RAMB pin or else use a synchronous reset in which the assertion of the reset is timed by default.
Related violations: <none>

REQP-1839#5 Warning
RAMB36 async control check  
The RAMB36E1 g_chan[0].u_canny/u_hyst/strong_mem_reg_0 has an input control pin g_chan[0].u_canny/u_hyst/strong_mem_reg_0/ADDRARDADDR[13] (net: g_chan[0].u_canny/u_hyst/strong_mem_reg_0_i_5_n_0) which is driven by a register (g_chan[0].u_canny/u_hyst/FSM_onehot_phase_reg[3]) that has an active asychronous set or reset. This may cause corruption of the memory contents and/or read values when the set/reset is asserted and is not analyzed by the default static timing analysis. It is suggested to eliminate the use of a set/reset to registers driving this RAMB pin or else use a synchronous reset in which the assertion of the reset is timed by default.
Related violations: <none>

REQP-1839#6 Warning
RAMB36 async control check  
The RAMB36E1 g_chan[0].u_canny/u_hyst/strong_mem_reg_0 has an input control pin g_chan[0].u_canny/u_hyst/strong_mem_reg_0/ADDRARDADDR[13] (net: g_chan[0].u_canny/u_hyst/strong_mem_reg_0_i_5_n_0) which is driven by a register (g_chan[0].u_canny/u_hyst/FSM_onehot_phase_reg[4]) that has an active asychronous set or reset. This may cause corruption of the memory contents and/or read values when the set/reset is asserted and is not analyzed by the default static timing analysis. It is suggested to eliminate the use of a set/reset to registers driving this RAMB pin or else use a synchronous reset in which the assertion of the reset is timed by default.
Related violations: <none>

REQP-1839#7 Warning
RAMB36 async control check  
The RAMB36E1 g_chan[0].u_canny/u_hyst/strong_mem_reg_0 has an input control pin g_chan[0].u_canny/u_hyst/strong_mem_reg_0/ADDRARDADDR[13] (net: g_chan[0].u_canny/u_hyst/strong_mem_reg_0_i_5_n_0) which is driven by a register (g_chan[0].u_canny/u_hyst/cap_addr_reg[13]) that has an active asychronous set or reset. This may cause corruption of the memory contents and/or read values when the set/reset is asserted and is not analyzed by the default static timing analysis. It is suggested to eliminate the use of a set/reset to registers driving this RAMB pin or else use a synchronous reset in which the assertion of the reset is timed by default.
Related violations: <none>

REQP-1839#8 Warning
RAMB36 async control check  
The RAMB36E1 g_chan[0].u_canny/u_hyst/strong_mem_reg_0 has an input control pin g_chan[0].u_canny/u_hyst/strong_mem_reg_0/ADDRARDADDR[13] (net: g_chan[0].u_canny/u_hyst/strong_mem_reg_0_i_5_n_0) which is driven by a register (g_chan[0].u_canny/u_hyst/em_addr_reg[13]) that has an active asychronous set or reset. This may cause corruption of the memory contents and/or read values when the set/reset is asserted and is not analyzed by the default static timing analysis. It is suggested to eliminate the use of a set/reset to registers driving this RAMB pin or else use a synchronous reset in which the assertion of the reset is timed by default.
Related violations: <none>

REQP-1839#9 Warning
RAMB36 async control check  
The RAMB36E1 g_chan[0].u_canny/u_hyst/strong_mem_reg_0 has an input control pin g_chan[0].u_canny/u_hyst/strong_mem_reg_0/ADDRARDADDR[14] (net: g_chan[0].u_canny/u_hyst/strong_mem_reg_0_i_4_n_0) which is driven by a register (g_chan[0].u_canny/u_hyst/FSM_onehot_phase_reg[1]) that has an active asychronous set or reset. This may cause corruption of the memory contents and/or read values when the set/reset is asserted and is not analyzed by the default static timing analysis. It is suggested to eliminate the use of a set/reset to registers driving this RAMB pin or else use a synchronous reset in which the assertion of the reset is timed by default.
Related violations: <none>

REQP-1839#10 Warning
RAMB36 async control check  
The RAMB36E1 g_chan[0].u_canny/u_hyst/strong_mem_reg_0 has an input control pin g_chan[0].u_canny/u_hyst/strong_mem_reg_0/ADDRARDADDR[14] (net: g_chan[0].u_canny/u_hyst/strong_mem_reg_0_i_4_n_0) which is driven by a register (g_chan[0].u_canny/u_hyst/FSM_onehot_phase_reg[2]) that has an active asychronous set or reset. This may cause corruption of the memory contents and/or read values when the set/reset is asserted and is not analyzed by the default static timing analysis. It is suggested to eliminate the use of a set/reset to registers driving this RAMB pin or else use a synchronous reset in which the assertion of the reset is timed by default.
Related violations: <none>

REQP-1839#11 Warning
RAMB36 async control check  
The RAMB36E1 g_chan[0].u_canny/u_hyst/strong_mem_reg_0 has an input control pin g_chan[0].u_canny/u_hyst/strong_mem_reg_0/ADDRARDADDR[14] (net: g_chan[0].u_canny/u_hyst/strong_mem_reg_0_i_4_n_0) which is driven by a register (g_chan[0].u_canny/u_hyst/FSM_onehot_phase_reg[3]) that has an active asychronous set or reset. This may cause corruption of the memory contents and/or read values when the set/reset is asserted and is not analyzed by the default static timing analysis. It is suggested to eliminate the use of a set/reset to registers driving this RAMB pin or else use a synchronous reset in which the assertion of the reset is timed by default.
Related violations: <none>

REQP-1839#12 Warning
RAMB36 async control check  
The RAMB36E1 g_chan[0].u_canny/u_hyst/strong_mem_reg_0 has an input control pin g_chan[0].u_canny/u_hyst/strong_mem_reg_0/ADDRARDADDR[14] (net: g_chan[0].u_canny/u_hyst/strong_mem_reg_0_i_4_n_0) which is driven by a register (g_chan[0].u_canny/u_hyst/FSM_onehot_phase_reg[4]) that has an active asychronous set or reset. This may cause corruption of the memory contents and/or read values when the set/reset is asserted and is not analyzed by the default static timing analysis. It is suggested to eliminate the use of a set/reset to registers driving this RAMB pin or else use a synchronous reset in which the assertion of the reset is timed by default.
Related violations: <none>

REQP-1839#13 Warning
RAMB36 async control check  
The RAMB36E1 g_chan[0].u_canny/u_hyst/strong_mem_reg_0 has an input control pin g_chan[0].u_canny/u_hyst/strong_mem_reg_0/ADDRARDADDR[14] (net: g_chan[0].u_canny/u_hyst/strong_mem_reg_0_i_4_n_0) which is driven by a register (g_chan[0].u_canny/u_hyst/cap_addr_reg[14]) that has an active asychronous set or reset. This may cause corruption of the memory contents and/or read values when the set/reset is asserted and is not analyzed by the default static timing analysis. It is suggested to eliminate the use of a set/reset to registers driving this RAMB pin or else use a synchronous reset in which the assertion of the reset is timed by default.
Related violations: <none>

REQP-1839#14 Warning
RAMB36 async control check  
The RAMB36E1 g_chan[0].u_canny/u_hyst/strong_mem_reg_0 has an input control pin g_chan[0].u_canny/u_hyst/strong_mem_reg_0/ADDRARDADDR[14] (net: g_chan[0].u_canny/u_hyst/strong_mem_reg_0_i_4_n_0) which is driven by a register (g_chan[0].u_canny/u_hyst/em_addr_reg[14]) that has an active asychronous set or reset. This may cause corruption of the memory contents and/or read values when the set/reset is asserted and is not analyzed by the default static timing analysis. It is suggested to eliminate the use of a set/reset to registers driving this RAMB pin or else use a synchronous reset in which the assertion of the reset is timed by default.
Related violations: <none>

REQP-1839#15 Warning
RAMB36 async control check  
The RAMB36E1 g_chan[0].u_canny/u_hyst/strong_mem_reg_0 has an input control pin g_chan[0].u_canny/u_hyst/strong_mem_reg_0/ADDRARDADDR[15] (net: g_chan[0].u_canny/u_hyst/strong_mem_reg_0_i_3_n_0) which is driven by a register (g_chan[0].u_canny/u_hyst/FSM_onehot_phase_reg[1]) that has an active asychronous set or reset. This may cause corruption of the memory contents and/or read values when the set/reset is asserted and is not analyzed by the default static timing analysis. It is suggested to eliminate the use of a set/reset to registers driving this RAMB pin or else use a synchronous reset in which the assertion of the reset is timed by default.
Related violations: <none>

REQP-1839#16 Warning
RAMB36 async control check  
The RAMB36E1 g_chan[0].u_canny/u_hyst/strong_mem_reg_0 has an input control pin g_chan[0].u_canny/u_hyst/strong_mem_reg_0/ADDRARDADDR[15] (net: g_chan[0].u_canny/u_hyst/strong_mem_reg_0_i_3_n_0) which is driven by a register (g_chan[0].u_canny/u_hyst/FSM_onehot_phase_reg[2]) that has an active asychronous set or reset. This may cause corruption of the memory contents and/or read values when the set/reset is asserted and is not analyzed by the default static timing analysis. It is suggested to eliminate the use of a set/reset to registers driving this RAMB pin or else use a synchronous reset in which the assertion of the reset is timed by default.
Related violations: <none>

REQP-1839#17 Warning
RAMB36 async control check  
The RAMB36E1 g_chan[0].u_canny/u_hyst/strong_mem_reg_0 has an input control pin g_chan[0].u_canny/u_hyst/strong_mem_reg_0/ADDRARDADDR[15] (net: g_chan[0].u_canny/u_hyst/strong_mem_reg_0_i_3_n_0) which is driven by a register (g_chan[0].u_canny/u_hyst/FSM_onehot_phase_reg[3]) that has an active asychronous set or reset. This may cause corruption of the memory contents and/or read values when the set/reset is asserted and is not analyzed by the default static timing analysis. It is suggested to eliminate the use of a set/reset to registers driving this RAMB pin or else use a synchronous reset in which the assertion of the reset is timed by default.
Related violations: <none>

REQP-1839#18 Warning
RAMB36 async control check  
The RAMB36E1 g_chan[0].u_canny/u_hyst/strong_mem_reg_0 has an input control pin g_chan[0].u_canny/u_hyst/strong_mem_reg_0/ADDRARDADDR[15] (net: g_chan[0].u_canny/u_hyst/strong_mem_reg_0_i_3_n_0) which is driven by a register (g_chan[0].u_canny/u_hyst/FSM_onehot_phase_reg[4]) that has an active asychronous set or reset. This may cause corruption of the memory contents and/or read values when the set/reset is asserted and is not analyzed by the default static timing analysis. It is suggested to eliminate the use of a set/reset to registers driving this RAMB pin or else use a synchronous reset in which the assertion of the reset is timed by default.
Related violations: <none>

REQP-1839#19 Warning
RAMB36 async control check  
The RAMB36E1 g_chan[0].u_canny/u_hyst/strong_mem_reg_0 has an input control pin g_chan[0].u_canny/u_hyst/strong_mem_reg_0/ADDRARDADDR[15] (net: g_chan[0].u_canny/u_hyst/strong_mem_reg_0_i_3_n_0) which is driven by a register (g_chan[0].u_canny/u_hyst/cap_addr_reg[15]) that has an active asychronous set or reset. This may cause corruption of the memory contents and/or read values when the set/reset is asserted and is not analyzed by the default static timing analysis. It is suggested to eliminate the use of a set/reset to registers driving this RAMB pin or else use a synchronous reset in which the assertion of the reset is timed by default.
Related violations: <none>

REQP-1839#20 Warning
RAMB36 async control check  
The RAMB36E1 g_chan[0].u_canny/u_hyst/strong_mem_reg_0 has an input control pin g_chan[0].u_canny/u_hyst/strong_mem_reg_0/ADDRARDADDR[15] (net: g_chan[0].u_canny/u_hyst/strong_mem_reg_0_i_3_n_0) which is driven by a register (g_chan[0].u_canny/u_hyst/em_addr_reg[15]) that has an active asychronous set or reset. This may cause corruption of the memory contents and/or read values when the set/reset is asserted and is not analyzed by the default static timing analysis. It is suggested to eliminate the use of a set/reset to registers driving this RAMB pin or else use a synchronous reset in which the assertion of the reset is timed by default.
Related violations: <none>

ZPS7-1#1 Warning
PS7 block required  
The PS7 cell must be used in this Zynq design in order to enable correct default configuration.
Related violations: <none>


