Copyright 1986-2022 Xilinx, Inc. All Rights Reserved. Copyright 2022-2025 Advanced Micro Devices, Inc. All Rights Reserved.
---------------------------------------------------------------------------------------------------------------------------------------------
| Tool Version : Vivado v.2025.2 (win64) Build 6299465 Fri Nov 14 19:35:11 GMT 2025
| Date         : Sun Aug 16 18:12:04 2026
| Host         : wshh running 64-bit major release  (build 9200)
| Command      : report_timing_summary -file out/timing_nchan4.rpt
| Design       : vision_top
| Device       : 7z020-clg484
| Speed File   : -1  PRODUCTION 1.12 2019-11-22
| Design State : Routed
---------------------------------------------------------------------------------------------------------------------------------------------

Timing Summary Report

------------------------------------------------------------------------------------------------
| Timer Settings
| --------------
------------------------------------------------------------------------------------------------

  Enable Multi Corner Analysis               :  Yes
  Enable Pessimism Removal                   :  Yes
  Pessimism Removal Resolution               :  Nearest Common Node
  Enable Input Delay Default Clock           :  No
  Enable Preset / Clear Arcs                 :  No
  Disable Flight Delays                      :  No
  Ignore I/O Paths                           :  No
  Timing Early Launch at Borrowing Latches   :  No
  Borrow Time for Max Delay Exceptions       :  Yes
  Merge Timing Exceptions                    :  Yes
  Inter-SLR Compensation                     :  Conservative

  Corner  Analyze    Analyze    
  Name    Max Paths  Min Paths  
  ------  ---------  ---------  
  Slow    Yes        Yes        
  Fast    Yes        Yes        


------------------------------------------------------------------------------------------------
| Report Methodology
| ------------------
------------------------------------------------------------------------------------------------

No report available as report_methodology has not been run prior. Run report_methodology on the current design for the summary of methodology violations.



check_timing report

Table of Contents
-----------------
1. checking no_clock (0)
2. checking constant_clock (0)
3. checking pulse_width_clock (0)
4. checking unconstrained_internal_endpoints (0)
5. checking no_input_delay (47)
6. checking no_output_delay (20)
7. checking multiple_clock (0)
8. checking generated_clocks (0)
9. checking loops (19)
10. checking partial_input_delay (0)
11. checking partial_output_delay (0)
12. checking latch_loops (0)

1. checking no_clock (0)
------------------------
 There are 0 register/latch pins with no clock.


2. checking constant_clock (0)
------------------------------
 There are 0 register/latch pins with constant_clock.


3. checking pulse_width_clock (0)
---------------------------------
 There are 0 register/latch pins which need pulse_width check


4. checking unconstrained_internal_endpoints (0)
------------------------------------------------
 There are 0 pins that are not constrained for maximum delay.

 There are 0 pins that are not constrained for maximum delay due to constant clock.


5. checking no_input_delay (47)
-------------------------------
 There are 37 input ports with no input delay specified. (HIGH)

 There are 10 input ports with no input delay but user has a false path constraint. (MEDIUM)


6. checking no_output_delay (20)
--------------------------------
 There are 20 ports with no output delay specified. (HIGH)

 There are 0 ports with no output delay but user has a false path constraint

 There are 0 ports with no output delay but with a timing clock defined on it or propagating through it


7. checking multiple_clock (0)
------------------------------
 There are 0 register/latch pins with multiple clocks.


8. checking generated_clocks (0)
--------------------------------
 There are 0 generated clocks that are not connected to a clock source.


9. checking loops (19)
----------------------
 There are 19 combinational loops in the design. (HIGH)


10. checking partial_input_delay (0)
------------------------------------
 There are 0 input ports with partial input delay specified.


11. checking partial_output_delay (0)
-------------------------------------
 There are 0 ports with partial output delay specified.


12. checking latch_loops (0)
----------------------------
 There are 0 combinational latch loops in the design through latch input



------------------------------------------------------------------------------------------------
| Design Timing Summary
| ---------------------
------------------------------------------------------------------------------------------------

    WNS(ns)      TNS(ns)  TNS Failing Endpoints  TNS Total Endpoints      WHS(ns)      THS(ns)  THS Failing Endpoints  THS Total Endpoints     WPWS(ns)     TPWS(ns)  TPWS Failing Endpoints  TPWS Total Endpoints  
    -------      -------  ---------------------  -------------------      -------      -------  ---------------------  -------------------     --------     --------  ----------------------  --------------------  
      0.050        0.000                      0                84303        0.027        0.000                      0                84303        1.780        0.000                       0                 17957  


All user specified timing constraints are met.


------------------------------------------------------------------------------------------------
| Clock Summary
| -------------
------------------------------------------------------------------------------------------------

Clock          Waveform(ns)         Period(ns)      Frequency(MHz)
-----          ------------         ----------      --------------
cam_pclk       {0.000 8.500}        17.000          58.824          
sys_clk_50m    {0.000 10.000}       20.000          50.000          
  clk_mmcm_fb  {0.000 10.000}       20.000          50.000          
  clk_pix      {0.000 6.566}        13.131          76.154          
  clk_proc     {0.000 3.030}        6.061           165.000         


------------------------------------------------------------------------------------------------
| Intra Clock Table
| -----------------
------------------------------------------------------------------------------------------------

Clock              WNS(ns)      TNS(ns)  TNS Failing Endpoints  TNS Total Endpoints      WHS(ns)      THS(ns)  THS Failing Endpoints  THS Total Endpoints     WPWS(ns)     TPWS(ns)  TPWS Failing Endpoints  TPWS Total Endpoints  
-----              -------      -------  ---------------------  -------------------      -------      -------  ---------------------  -------------------     --------     --------  ----------------------  --------------------  
cam_pclk             7.075        0.000                      0                11167        0.062        0.000                      0                11167        7.250        0.000                       0                  1725  
sys_clk_50m          9.622        0.000                      0                  303        0.180        0.000                      0                  303        7.000        0.000                       0                   174  
  clk_mmcm_fb                                                                                                                                                   18.751        0.000                       0                     2  
  clk_pix            7.979        0.000                      0                   40        0.131        0.000                      0                   40        6.066        0.000                       0                    30  
  clk_proc           0.050        0.000                      0                61449        0.027        0.000                      0                61449        1.780        0.000                       0                 16026  


------------------------------------------------------------------------------------------------
| Inter Clock Table
| -----------------
------------------------------------------------------------------------------------------------

From Clock    To Clock          WNS(ns)      TNS(ns)  TNS Failing Endpoints  TNS Total Endpoints      WHS(ns)      THS(ns)  THS Failing Endpoints  THS Total Endpoints  
----------    --------          -------      -------  ---------------------  -------------------      -------      -------  ---------------------  -------------------  


------------------------------------------------------------------------------------------------
| Other Path Groups Table
| -----------------------
------------------------------------------------------------------------------------------------

Path Group         From Clock         To Clock               WNS(ns)      TNS(ns)  TNS Failing Endpoints  TNS Total Endpoints      WHS(ns)      THS(ns)  THS Failing Endpoints  THS Total Endpoints  
----------         ----------         --------               -------      -------  ---------------------  -------------------      -------      -------  ---------------------  -------------------  
**async_default**  cam_pclk           cam_pclk                14.339        0.000                      0                   32        0.623        0.000                      0                   32  
**async_default**  clk_pix            clk_pix                  9.307        0.000                      0                   26        0.823        0.000                      0                   26  
**async_default**  clk_proc           clk_proc                 0.663        0.000                      0                11286        0.995        0.000                      0                11286  


------------------------------------------------------------------------------------------------
| Timing Details
| --------------
------------------------------------------------------------------------------------------------


---------------------------------------------------------------------------------------------------
From Clock:  cam_pclk
  To Clock:  cam_pclk

Setup :            0  Failing Endpoints,  Worst Slack        7.075ns,  Total Violation        0.000ns
Hold  :            0  Failing Endpoints,  Worst Slack        0.062ns,  Total Violation        0.000ns
PW    :            0  Failing Endpoints,  Worst Slack        7.250ns,  Total Violation        0.000ns
---------------------------------------------------------------------------------------------------


Max Delay Paths
--------------------------------------------------------------------------------------
Slack (MET) :             7.075ns  (required time - arrival time)
  Source:                 g_chan[0].u_cdc/wbin_reg[0]/C
                            (rising edge-triggered cell FDCE clocked by cam_pclk  {rise@0.000ns fall@8.500ns period=17.000ns})
  Destination:            g_chan[0].u_cdc/mem_reg_64_127_3_5/RAMA/WE
                            (rising edge-triggered cell RAMD64E clocked by cam_pclk  {rise@0.000ns fall@8.500ns period=17.000ns})
  Path Group:             cam_pclk
  Path Type:              Setup (Max at Slow Process Corner)
  Requirement:            17.000ns  (cam_pclk rise@17.000ns - cam_pclk rise@0.000ns)
  Data Path Delay:        9.225ns  (logic 2.414ns (26.167%)  route 6.811ns (73.833%))
  Logic Levels:           7  (CARRY4=2 LUT3=1 LUT4=2 LUT5=1 LUT6=1)
  Clock Path Skew:        -0.131ns (DCD - SCD + CPR)
    Destination Clock Delay (DCD):    5.126ns = ( 22.126 - 17.000 ) 
    Source Clock Delay      (SCD):    5.651ns
    Clock Pessimism Removal (CPR):    0.394ns
  Clock Uncertainty:      0.035ns  ((TSJ^2 + TIJ^2)^1/2 + DJ) / 2 + PE
    Total System Jitter     (TSJ):    0.071ns
    Total Input Jitter      (TIJ):    0.000ns
    Discrete Jitter          (DJ):    0.000ns
    Phase Error              (PE):    0.000ns

    Location             Delay type                Incr(ns)  Path(ns)    Netlist Resource(s)
  -------------------------------------------------------------------    -------------------
                         (clock cam_pclk rise edge)
                                                      0.000     0.000 r  
    W17                                               0.000     0.000 r  pclk (IN)
                         net (fo=0)                   0.000     0.000    pclk
    W17                  IBUF (Prop_ibuf_I_O)         1.484     1.484 r  pclk_IBUF_inst/O
                         net (fo=1, routed)           2.205     3.689    pclk_IBUF
    BUFGCTRL_X0Y0        BUFG (Prop_bufg_I_O)         0.101     3.790 r  pclk_IBUF_BUFG_inst/O
                         net (fo=1724, routed)        1.861     5.651    g_chan[0].u_cdc/pclk_IBUF_BUFG
    SLICE_X107Y22        FDCE                                         r  g_chan[0].u_cdc/wbin_reg[0]/C
  -------------------------------------------------------------------    -------------------
    SLICE_X107Y22        FDCE (Prop_fdce_C_Q)         0.456     6.107 r  g_chan[0].u_cdc/wbin_reg[0]/Q
                         net (fo=484, routed)         0.840     6.947    g_chan[0].u_cdc/wbin_reg_n_0_[0]
    SLICE_X109Y22        LUT4 (Prop_lut4_I3_O)        0.124     7.071 r  g_chan[0].u_cdc/wgray[3]_i_3__2/O
                         net (fo=1, routed)           0.000     7.071    g_chan[0].u_cdc/wgray[3]_i_3__2_n_0
    SLICE_X109Y22        CARRY4 (Prop_carry4_S[0]_O[3])
                                                      0.606     7.677 r  g_chan[0].u_cdc/wgray_reg[3]_i_2/O[3]
                         net (fo=4, routed)           1.183     8.860    g_chan[0].u_cdc/wnext__0[3]
    SLICE_X111Y24        LUT5 (Prop_lut5_I0_O)        0.306     9.166 r  g_chan[0].u_cdc/full_c_carry_i_6/O
                         net (fo=1, routed)           0.640     9.806    g_chan[0].u_cdc/full_c_carry_i_6_n_0
    SLICE_X110Y24        LUT4 (Prop_lut4_I0_O)        0.124     9.930 r  g_chan[0].u_cdc/full_c_carry_i_3/O
                         net (fo=1, routed)           0.000     9.930    g_chan[0].u_cdc/full_c_carry_i_3_n_0
    SLICE_X110Y24        CARRY4 (Prop_carry4_S[1]_CO[3])
                                                      0.550    10.480 f  g_chan[0].u_cdc/full_c_carry/CO[3]
                         net (fo=3, routed)           0.917    11.397    u_cam/CO[0]
    SLICE_X106Y22        LUT3 (Prop_lut3_I2_O)        0.124    11.521 r  u_cam/mem_reg_0_63_0_2_i_5__2/O
                         net (fo=32, routed)          1.917    13.438    g_chan[0].u_cdc/mem_reg_1536_1599_3_5_0
    SLICE_X101Y22        LUT6 (Prop_lut6_I1_O)        0.124    13.562 r  g_chan[0].u_cdc/mem_reg_64_127_0_2_i_1/O
                         net (fo=12, routed)          1.315    14.877    g_chan[0].u_cdc/mem_reg_64_127_3_5/WE
    SLICE_X98Y16         RAMD64E                                      r  g_chan[0].u_cdc/mem_reg_64_127_3_5/RAMA/WE
  -------------------------------------------------------------------    -------------------

                         (clock cam_pclk rise edge)
                                                     17.000    17.000 r  
    W17                                               0.000    17.000 r  pclk (IN)
                         net (fo=0)                   0.000    17.000    pclk
    W17                  IBUF (Prop_ibuf_I_O)         1.414    18.414 r  pclk_IBUF_inst/O
                         net (fo=1, routed)           2.006    20.420    pclk_IBUF
    BUFGCTRL_X0Y0        BUFG (Prop_bufg_I_O)         0.091    20.511 r  pclk_IBUF_BUFG_inst/O
                         net (fo=1724, routed)        1.615    22.126    g_chan[0].u_cdc/mem_reg_64_127_3_5/WCLK
    SLICE_X98Y16         RAMD64E                                      r  g_chan[0].u_cdc/mem_reg_64_127_3_5/RAMA/CLK
                         clock pessimism              0.394    22.520    
                         clock uncertainty           -0.035    22.485    
    SLICE_X98Y16         RAMD64E (Setup_ramd64e_CLK_WE)
                                                     -0.533    21.952    g_chan[0].u_cdc/mem_reg_64_127_3_5/RAMA
  -------------------------------------------------------------------
                         required time                         21.952    
                         arrival time                         -14.877    
  -------------------------------------------------------------------
                         slack                                  7.075    





Min Delay Paths
--------------------------------------------------------------------------------------
Slack (MET) :             0.062ns  (arrival time - required time)
  Source:                 g_chan[2].u_cdc/wbin_reg[1]/C
                            (rising edge-triggered cell FDCE clocked by cam_pclk  {rise@0.000ns fall@8.500ns period=17.000ns})
  Destination:            g_chan[2].u_cdc/mem_reg_1472_1535_6_7/RAMA/WADR1
                            (rising edge-triggered cell RAMD64E clocked by cam_pclk  {rise@0.000ns fall@8.500ns period=17.000ns})
  Path Group:             cam_pclk
  Path Type:              Hold (Min at Fast Process Corner)
  Requirement:            0.000ns  (cam_pclk rise@0.000ns - cam_pclk rise@0.000ns)
  Data Path Delay:        0.387ns  (logic 0.141ns (36.430%)  route 0.246ns (63.570%))
  Logic Levels:           0  
  Clock Path Skew:        0.016ns (DCD - SCD - CPR)
    Destination Clock Delay (DCD):    2.052ns
    Source Clock Delay      (SCD):    1.536ns
    Clock Pessimism Removal (CPR):    0.500ns

    Location             Delay type                Incr(ns)  Path(ns)    Netlist Resource(s)
  -------------------------------------------------------------------    -------------------
                         (clock cam_pclk rise edge)
                                                      0.000     0.000 r  
    W17                                               0.000     0.000 r  pclk (IN)
                         net (fo=0)                   0.000     0.000    pclk
    W17                  IBUF (Prop_ibuf_I_O)         0.252     0.252 r  pclk_IBUF_inst/O
                         net (fo=1, routed)           0.674     0.926    pclk_IBUF
    BUFGCTRL_X0Y0        BUFG (Prop_bufg_I_O)         0.026     0.952 r  pclk_IBUF_BUFG_inst/O
                         net (fo=1724, routed)        0.584     1.536    g_chan[2].u_cdc/pclk_IBUF_BUFG
    SLICE_X65Y47         FDCE                                         r  g_chan[2].u_cdc/wbin_reg[1]/C
  -------------------------------------------------------------------    -------------------
    SLICE_X65Y47         FDCE (Prop_fdce_C_Q)         0.141     1.677 r  g_chan[2].u_cdc/wbin_reg[1]/Q
                         net (fo=482, routed)         0.246     1.923    g_chan[2].u_cdc/mem_reg_1472_1535_6_7/ADDRD1
    SLICE_X66Y47         RAMD64E                                      r  g_chan[2].u_cdc/mem_reg_1472_1535_6_7/RAMA/WADR1
  -------------------------------------------------------------------    -------------------

                         (clock cam_pclk rise edge)
                                                      0.000     0.000 r  
    W17                                               0.000     0.000 r  pclk (IN)
                         net (fo=0)                   0.000     0.000    pclk
    W17                  IBUF (Prop_ibuf_I_O)         0.440     0.440 r  pclk_IBUF_inst/O
                         net (fo=1, routed)           0.731     1.171    pclk_IBUF
    BUFGCTRL_X0Y0        BUFG (Prop_bufg_I_O)         0.029     1.200 r  pclk_IBUF_BUFG_inst/O
                         net (fo=1724, routed)        0.852     2.052    g_chan[2].u_cdc/mem_reg_1472_1535_6_7/WCLK
    SLICE_X66Y47         RAMD64E                                      r  g_chan[2].u_cdc/mem_reg_1472_1535_6_7/RAMA/CLK
                         clock pessimism             -0.500     1.552    
    SLICE_X66Y47         RAMD64E (Hold_ramd64e_CLK_WADR1)
                                                      0.309     1.861    g_chan[2].u_cdc/mem_reg_1472_1535_6_7/RAMA
  -------------------------------------------------------------------
                         required time                         -1.861    
                         arrival time                           1.923    
  -------------------------------------------------------------------
                         slack                                  0.062    





Pulse Width Checks
--------------------------------------------------------------------------------------
Clock Name:         cam_pclk
Waveform(ns):       { 0.000 8.500 }
Period(ns):         17.000
Sources:            { pclk }

Check Type        Corner  Lib Pin      Reference Pin  Required(ns)  Actual(ns)  Slack(ns)  Location       Pin
Min Period        n/a     BUFG/I       n/a            2.155         17.000      14.845     BUFGCTRL_X0Y0  pclk_IBUF_BUFG_inst/I
Low Pulse Width   Slow    RAMD64E/CLK  n/a            1.250         8.500       7.250      SLICE_X102Y16  g_chan[0].u_cdc/mem_reg_0_63_0_2/RAMA/CLK
High Pulse Width  Slow    RAMD64E/CLK  n/a            1.250         8.500       7.250      SLICE_X102Y16  g_chan[0].u_cdc/mem_reg_0_63_0_2/RAMA/CLK



---------------------------------------------------------------------------------------------------
From Clock:  sys_clk_50m
  To Clock:  sys_clk_50m

Setup :            0  Failing Endpoints,  Worst Slack        9.622ns,  Total Violation        0.000ns
Hold  :            0  Failing Endpoints,  Worst Slack        0.180ns,  Total Violation        0.000ns
PW    :            0  Failing Endpoints,  Worst Slack        7.000ns,  Total Violation        0.000ns
---------------------------------------------------------------------------------------------------


Max Delay Paths
--------------------------------------------------------------------------------------
Slack (MET) :             9.622ns  (required time - arrival time)
  Source:                 u_cam/rom_idx_reg_rep[3]/C
                            (rising edge-triggered cell FDCE clocked by sys_clk_50m  {rise@0.000ns fall@10.000ns period=20.000ns})
  Destination:            u_cam/delay_cnt_reg[3]/D
                            (rising edge-triggered cell FDCE clocked by sys_clk_50m  {rise@0.000ns fall@10.000ns period=20.000ns})
  Path Group:             sys_clk_50m
  Path Type:              Setup (Max at Slow Process Corner)
  Requirement:            20.000ns  (sys_clk_50m rise@20.000ns - sys_clk_50m rise@0.000ns)
  Data Path Delay:        10.317ns  (logic 4.804ns (46.563%)  route 5.513ns (53.437%))
  Logic Levels:           4  (DSP48E1=1 LUT4=1 LUT6=2)
  Clock Path Skew:        -0.054ns (DCD - SCD + CPR)
    Destination Clock Delay (DCD):    5.028ns = ( 25.028 - 20.000 ) 
    Source Clock Delay      (SCD):    5.475ns
    Clock Pessimism Removal (CPR):    0.394ns
  Clock Uncertainty:      0.035ns  ((TSJ^2 + TIJ^2)^1/2 + DJ) / 2 + PE
    Total System Jitter     (TSJ):    0.071ns
    Total Input Jitter      (TIJ):    0.000ns
    Discrete Jitter          (DJ):    0.000ns
    Phase Error              (PE):    0.000ns

    Location             Delay type                Incr(ns)  Path(ns)    Netlist Resource(s)
  -------------------------------------------------------------------    -------------------
                         (clock sys_clk_50m rise edge)
                                                      0.000     0.000 r  
    M19                                               0.000     0.000 r  sys_clk (IN)
                         net (fo=0)                   0.000     0.000    sys_clk
    M19                  IBUF (Prop_ibuf_I_O)         1.436     1.436 r  sys_clk_IBUF_inst/O
                         net (fo=1, routed)           2.205     3.641    sys_clk_IBUF
    BUFGCTRL_X0Y16       BUFG (Prop_bufg_I_O)         0.101     3.742 r  sys_clk_IBUF_BUFG_inst/O
                         net (fo=173, routed)         1.733     5.475    u_cam/sys_clk_IBUF_BUFG
    SLICE_X71Y4          FDCE                                         r  u_cam/rom_idx_reg_rep[3]/C
  -------------------------------------------------------------------    -------------------
    SLICE_X71Y4          FDCE (Prop_fdce_C_Q)         0.419     5.894 r  u_cam/rom_idx_reg_rep[3]/Q
                         net (fo=81, routed)          2.480     8.374    u_cam/idx[3]
    SLICE_X75Y1          LUT6 (Prop_lut6_I5_O)        0.296     8.670 r  u_cam/sccb_wdata[3]_i_4/O
                         net (fo=1, routed)           0.648     9.318    u_cam/sccb_wdata[3]_i_4_n_0
    SLICE_X74Y1          LUT6 (Prop_lut6_I5_O)        0.124     9.442 r  u_cam/sccb_wdata[3]_i_1/O
                         net (fo=2, routed)           1.013    10.455    u_cam/sccb_wdata[3]_i_1_n_0
    DSP48_X3Y0           DSP48E1 (Prop_dsp48e1_A[3]_P[3])
                                                      3.841    14.296 r  u_cam/delay_cnt0/P[3]
                         net (fo=1, routed)           1.372    15.669    u_cam/delay_cnt0_n_102
    SLICE_X87Y0          LUT4 (Prop_lut4_I1_O)        0.124    15.793 r  u_cam/delay_cnt[3]_i_1/O
                         net (fo=1, routed)           0.000    15.793    u_cam/delay_cnt[3]_i_1_n_0
    SLICE_X87Y0          FDCE                                         r  u_cam/delay_cnt_reg[3]/D
  -------------------------------------------------------------------    -------------------

                         (clock sys_clk_50m rise edge)
                                                     20.000    20.000 r  
    M19                                               0.000    20.000 r  sys_clk (IN)
                         net (fo=0)                   0.000    20.000    sys_clk
    M19                  IBUF (Prop_ibuf_I_O)         1.366    21.366 r  sys_clk_IBUF_inst/O
                         net (fo=1, routed)           2.006    23.372    sys_clk_IBUF
    BUFGCTRL_X0Y16       BUFG (Prop_bufg_I_O)         0.091    23.463 r  sys_clk_IBUF_BUFG_inst/O
                         net (fo=173, routed)         1.564    25.028    u_cam/sys_clk_IBUF_BUFG
    SLICE_X87Y0          FDCE                                         r  u_cam/delay_cnt_reg[3]/C
                         clock pessimism              0.394    25.421    
                         clock uncertainty           -0.035    25.386    
    SLICE_X87Y0          FDCE (Setup_fdce_C_D)        0.029    25.415    u_cam/delay_cnt_reg[3]
  -------------------------------------------------------------------
                         required time                         25.415    
                         arrival time                         -15.793    
  -------------------------------------------------------------------
                         slack                                  9.622    





Min Delay Paths
--------------------------------------------------------------------------------------
Slack (MET) :             0.180ns  (arrival time - required time)
  Source:                 u_cam/u_sccb/shreg_reg[6]/C
                            (rising edge-triggered cell FDCE clocked by sys_clk_50m  {rise@0.000ns fall@10.000ns period=20.000ns})
  Destination:            u_cam/u_sccb/rd_data_reg[6]/D
                            (rising edge-triggered cell FDCE clocked by sys_clk_50m  {rise@0.000ns fall@10.000ns period=20.000ns})
  Path Group:             sys_clk_50m
  Path Type:              Hold (Min at Fast Process Corner)
  Requirement:            0.000ns  (sys_clk_50m rise@0.000ns - sys_clk_50m rise@0.000ns)
  Data Path Delay:        0.268ns  (logic 0.141ns (52.664%)  route 0.127ns (47.336%))
  Logic Levels:           0  
  Clock Path Skew:        0.013ns (DCD - SCD - CPR)
    Destination Clock Delay (DCD):    2.005ns
    Source Clock Delay      (SCD):    1.490ns
    Clock Pessimism Removal (CPR):    0.502ns

    Location             Delay type                Incr(ns)  Path(ns)    Netlist Resource(s)
  -------------------------------------------------------------------    -------------------
                         (clock sys_clk_50m rise edge)
                                                      0.000     0.000 r  
    M19                                               0.000     0.000 r  sys_clk (IN)
                         net (fo=0)                   0.000     0.000    sys_clk
    M19                  IBUF (Prop_ibuf_I_O)         0.205     0.205 r  sys_clk_IBUF_inst/O
                         net (fo=1, routed)           0.674     0.879    sys_clk_IBUF
    BUFGCTRL_X0Y16       BUFG (Prop_bufg_I_O)         0.026     0.905 r  sys_clk_IBUF_BUFG_inst/O
                         net (fo=173, routed)         0.586     1.490    u_cam/u_sccb/sys_clk_IBUF_BUFG
    SLICE_X71Y7          FDCE                                         r  u_cam/u_sccb/shreg_reg[6]/C
  -------------------------------------------------------------------    -------------------
    SLICE_X71Y7          FDCE (Prop_fdce_C_Q)         0.141     1.631 r  u_cam/u_sccb/shreg_reg[6]/Q
                         net (fo=2, routed)           0.127     1.758    u_cam/u_sccb/shreg[6]
    SLICE_X70Y7          FDCE                                         r  u_cam/u_sccb/rd_data_reg[6]/D
  -------------------------------------------------------------------    -------------------

                         (clock sys_clk_50m rise edge)
                                                      0.000     0.000 r  
    M19                                               0.000     0.000 r  sys_clk (IN)
                         net (fo=0)                   0.000     0.000    sys_clk
    M19                  IBUF (Prop_ibuf_I_O)         0.392     0.392 r  sys_clk_IBUF_inst/O
                         net (fo=1, routed)           0.731     1.123    sys_clk_IBUF
    BUFGCTRL_X0Y16       BUFG (Prop_bufg_I_O)         0.029     1.152 r  sys_clk_IBUF_BUFG_inst/O
                         net (fo=173, routed)         0.853     2.005    u_cam/u_sccb/sys_clk_IBUF_BUFG
    SLICE_X70Y7          FDCE                                         r  u_cam/u_sccb/rd_data_reg[6]/C
                         clock pessimism             -0.502     1.503    
    SLICE_X70Y7          FDCE (Hold_fdce_C_D)         0.075     1.578    u_cam/u_sccb/rd_data_reg[6]
  -------------------------------------------------------------------
                         required time                         -1.578    
                         arrival time                           1.758    
  -------------------------------------------------------------------
                         slack                                  0.180    





Pulse Width Checks
--------------------------------------------------------------------------------------
Clock Name:         sys_clk_50m
Waveform(ns):       { 0.000 10.000 }
Period(ns):         20.000
Sources:            { sys_clk }

Check Type        Corner  Lib Pin            Reference Pin  Required(ns)  Actual(ns)  Slack(ns)  Location         Pin
Min Period        n/a     BUFG/I             n/a            2.155         20.000      17.845     BUFGCTRL_X0Y16   sys_clk_IBUF_BUFG_inst/I
Max Period        n/a     MMCME2_ADV/CLKIN1  n/a            100.000       20.000      80.000     MMCME2_ADV_X1Y0  u_mmcm/CLKIN1
Low Pulse Width   Slow    MMCME2_ADV/CLKIN1  n/a            3.000         10.000      7.000      MMCME2_ADV_X1Y0  u_mmcm/CLKIN1
High Pulse Width  Slow    MMCME2_ADV/CLKIN1  n/a            3.000         10.000      7.000      MMCME2_ADV_X1Y0  u_mmcm/CLKIN1



---------------------------------------------------------------------------------------------------
From Clock:  clk_mmcm_fb
  To Clock:  clk_mmcm_fb

Setup :           NA  Failing Endpoints,  Worst Slack           NA  ,  Total Violation           NA
Hold  :           NA  Failing Endpoints,  Worst Slack           NA  ,  Total Violation           NA
PW    :            0  Failing Endpoints,  Worst Slack       18.751ns,  Total Violation        0.000ns
---------------------------------------------------------------------------------------------------


Pulse Width Checks
--------------------------------------------------------------------------------------
Clock Name:         clk_mmcm_fb
Waveform(ns):       { 0.000 10.000 }
Period(ns):         20.000
Sources:            { u_mmcm/CLKFBOUT }

Check Type  Corner  Lib Pin              Reference Pin  Required(ns)  Actual(ns)  Slack(ns)  Location         Pin
Min Period  n/a     MMCME2_ADV/CLKFBOUT  n/a            1.249         20.000      18.751     MMCME2_ADV_X1Y0  u_mmcm/CLKFBOUT
Max Period  n/a     MMCME2_ADV/CLKFBIN   n/a            100.000       20.000      80.000     MMCME2_ADV_X1Y0  u_mmcm/CLKFBIN



---------------------------------------------------------------------------------------------------
From Clock:  clk_pix
  To Clock:  clk_pix

Setup :            0  Failing Endpoints,  Worst Slack        7.979ns,  Total Violation        0.000ns
Hold  :            0  Failing Endpoints,  Worst Slack        0.131ns,  Total Violation        0.000ns
PW    :            0  Failing Endpoints,  Worst Slack        6.066ns,  Total Violation        0.000ns
---------------------------------------------------------------------------------------------------


Max Delay Paths
--------------------------------------------------------------------------------------
Slack (MET) :             7.979ns  (required time - arrival time)
  Source:                 u_vga/cx_reg[7]/C
                            (rising edge-triggered cell FDCE clocked by clk_pix  {rise@0.000ns fall@6.566ns period=13.131ns})
  Destination:            u_vga/cy_reg[12]/D
                            (rising edge-triggered cell FDCE clocked by clk_pix  {rise@0.000ns fall@6.566ns period=13.131ns})
  Path Group:             clk_pix
  Path Type:              Setup (Max at Slow Process Corner)
  Requirement:            13.131ns  (clk_pix rise@13.131ns - clk_pix rise@0.000ns)
  Data Path Delay:        5.097ns  (logic 2.204ns (43.245%)  route 2.893ns (56.755%))
  Logic Levels:           7  (CARRY4=3 LUT3=1 LUT4=1 LUT5=1 LUT6=1)
  Clock Path Skew:        -0.030ns (DCD - SCD + CPR)
    Destination Clock Delay (DCD):    8.653ns = ( 21.785 - 13.131 ) 
    Source Clock Delay      (SCD):    9.489ns
    Clock Pessimism Removal (CPR):    0.806ns
  Clock Uncertainty:      0.087ns  ((TSJ^2 + DJ^2)^1/2) / 2 + PE
    Total System Jitter     (TSJ):    0.071ns
    Discrete Jitter          (DJ):    0.160ns
    Phase Error              (PE):    0.000ns

    Location             Delay type                Incr(ns)  Path(ns)    Netlist Resource(s)
  -------------------------------------------------------------------    -------------------
                         (clock clk_pix rise edge)    0.000     0.000 r  
    M19                                               0.000     0.000 r  sys_clk (IN)
                         net (fo=0)                   0.000     0.000    sys_clk
    M19                  IBUF (Prop_ibuf_I_O)         1.436     1.436 r  sys_clk_IBUF_inst/O
                         net (fo=1, routed)           2.205     3.641    sys_clk_IBUF
    BUFGCTRL_X0Y16       BUFG (Prop_bufg_I_O)         0.101     3.742 r  sys_clk_IBUF_BUFG_inst/O
                         net (fo=173, routed)         1.806     5.548    sys_clk_IBUF_BUFG
    MMCME2_ADV_X1Y0      MMCME2_ADV (Prop_mmcme2_adv_CLKIN1_CLKOUT1)
                                                      0.088     5.636 r  u_mmcm/CLKOUT1
                         net (fo=1, routed)           1.889     7.525    clk_pix
    BUFGCTRL_X0Y2        BUFG (Prop_bufg_I_O)         0.101     7.626 r  clk_pix_BUFG_inst/O
                         net (fo=28, routed)          1.863     9.489    u_vga/clk_pix
    SLICE_X110Y64        FDCE                                         r  u_vga/cx_reg[7]/C
  -------------------------------------------------------------------    -------------------
    SLICE_X110Y64        FDCE (Prop_fdce_C_Q)         0.419     9.908 r  u_vga/cx_reg[7]/Q
                         net (fo=4, routed)           1.021    10.929    u_vga/cx_reg_n_0_[7]
    SLICE_X113Y64        LUT4 (Prop_lut4_I1_O)        0.296    11.225 r  u_vga/cx[12]_i_5/O
                         net (fo=1, routed)           0.264    11.489    u_vga/cx[12]_i_5_n_0
    SLICE_X113Y64        LUT6 (Prop_lut6_I0_O)        0.124    11.613 f  u_vga/cx[12]_i_3/O
                         net (fo=28, routed)          0.982    12.595    u_vga/cy[0]_i_1_n_0
    SLICE_X111Y66        LUT3 (Prop_lut3_I2_O)        0.152    12.747 r  u_vga/cy[4]_i_6/O
                         net (fo=1, routed)           0.625    13.373    u_vga/cy[4]_i_6_n_0
    SLICE_X110Y66        LUT5 (Prop_lut5_I4_O)        0.326    13.699 r  u_vga/cy[4]_i_4/O
                         net (fo=1, routed)           0.000    13.699    u_vga/cy[4]_i_4_n_0
    SLICE_X110Y66        CARRY4 (Prop_carry4_S[1]_CO[3])
                                                      0.550    14.249 r  u_vga/cy_reg[4]_i_1/CO[3]
                         net (fo=1, routed)           0.000    14.249    u_vga/cy_reg[4]_i_1_n_0
    SLICE_X110Y67        CARRY4 (Prop_carry4_CI_CO[3])
                                                      0.114    14.363 r  u_vga/cy_reg[8]_i_1/CO[3]
                         net (fo=1, routed)           0.000    14.363    u_vga/cy_reg[8]_i_1_n_0
    SLICE_X110Y68        CARRY4 (Prop_carry4_CI_O[0])
                                                      0.223    14.586 r  u_vga/cy_reg[12]_i_1/O[0]
                         net (fo=1, routed)           0.000    14.586    u_vga/cy_reg[12]_i_1_n_7
    SLICE_X110Y68        FDCE                                         r  u_vga/cy_reg[12]/D
  -------------------------------------------------------------------    -------------------

                         (clock clk_pix rise edge)   13.131    13.131 r  
    M19                                               0.000    13.131 r  sys_clk (IN)
                         net (fo=0)                   0.000    13.131    sys_clk
    M19                  IBUF (Prop_ibuf_I_O)         1.366    14.498 r  sys_clk_IBUF_inst/O
                         net (fo=1, routed)           2.006    16.504    sys_clk_IBUF
    BUFGCTRL_X0Y16       BUFG (Prop_bufg_I_O)         0.091    16.595 r  sys_clk_IBUF_BUFG_inst/O
                         net (fo=173, routed)         1.612    18.207    sys_clk_IBUF_BUFG
    MMCME2_ADV_X1Y0      MMCME2_ADV (Prop_mmcme2_adv_CLKIN1_CLKOUT1)
                                                      0.083    18.290 r  u_mmcm/CLKOUT1
                         net (fo=1, routed)           1.725    20.015    clk_pix
    BUFGCTRL_X0Y2        BUFG (Prop_bufg_I_O)         0.091    20.106 r  clk_pix_BUFG_inst/O
                         net (fo=28, routed)          1.679    21.785    u_vga/clk_pix
    SLICE_X110Y68        FDCE                                         r  u_vga/cy_reg[12]/C
                         clock pessimism              0.806    22.591    
                         clock uncertainty           -0.087    22.503    
    SLICE_X110Y68        FDCE (Setup_fdce_C_D)        0.062    22.565    u_vga/cy_reg[12]
  -------------------------------------------------------------------
                         required time                         22.565    
                         arrival time                         -14.586    
  -------------------------------------------------------------------
                         slack                                  7.979    





Min Delay Paths
--------------------------------------------------------------------------------------
Slack (MET) :             0.131ns  (arrival time - required time)
  Source:                 u_rx/sync_ff_reg[0]/C
                            (rising edge-triggered cell FDCE clocked by clk_pix  {rise@0.000ns fall@6.566ns period=13.131ns})
  Destination:            u_rx/sync_ff_reg[1]/D
                            (rising edge-triggered cell FDCE clocked by clk_pix  {rise@0.000ns fall@6.566ns period=13.131ns})
  Path Group:             clk_pix
  Path Type:              Hold (Min at Fast Process Corner)
  Requirement:            0.000ns  (clk_pix rise@0.000ns - clk_pix rise@0.000ns)
  Data Path Delay:        0.206ns  (logic 0.141ns (68.336%)  route 0.065ns (31.664%))
  Logic Levels:           0  
  Clock Path Skew:        0.000ns (DCD - SCD - CPR)
    Destination Clock Delay (DCD):    3.579ns
    Source Clock Delay      (SCD):    2.740ns
    Clock Pessimism Removal (CPR):    0.839ns

    Location             Delay type                Incr(ns)  Path(ns)    Netlist Resource(s)
  -------------------------------------------------------------------    -------------------
                         (clock clk_pix rise edge)    0.000     0.000 r  
    M19                                               0.000     0.000 r  sys_clk (IN)
                         net (fo=0)                   0.000     0.000    sys_clk
    M19                  IBUF (Prop_ibuf_I_O)         0.205     0.205 r  sys_clk_IBUF_inst/O
                         net (fo=1, routed)           0.674     0.879    sys_clk_IBUF
    BUFGCTRL_X0Y16       BUFG (Prop_bufg_I_O)         0.026     0.905 r  sys_clk_IBUF_BUFG_inst/O
                         net (fo=173, routed)         0.597     1.501    sys_clk_IBUF_BUFG
    MMCME2_ADV_X1Y0      MMCME2_ADV (Prop_mmcme2_adv_CLKIN1_CLKOUT1)
                                                      0.050     1.551 r  u_mmcm/CLKOUT1
                         net (fo=1, routed)           0.529     2.080    clk_pix
    BUFGCTRL_X0Y2        BUFG (Prop_bufg_I_O)         0.026     2.106 r  clk_pix_BUFG_inst/O
                         net (fo=28, routed)          0.634     2.740    u_rx/clk_pix
    SLICE_X110Y63        FDCE                                         r  u_rx/sync_ff_reg[0]/C
  -------------------------------------------------------------------    -------------------
    SLICE_X110Y63        FDCE (Prop_fdce_C_Q)         0.141     2.881 r  u_rx/sync_ff_reg[0]/Q
                         net (fo=1, routed)           0.065     2.946    u_rx/sync_ff[0]
    SLICE_X110Y63        FDCE                                         r  u_rx/sync_ff_reg[1]/D
  -------------------------------------------------------------------    -------------------

                         (clock clk_pix rise edge)    0.000     0.000 r  
    M19                                               0.000     0.000 r  sys_clk (IN)
                         net (fo=0)                   0.000     0.000    sys_clk
    M19                  IBUF (Prop_ibuf_I_O)         0.392     0.392 r  sys_clk_IBUF_inst/O
                         net (fo=1, routed)           0.731     1.123    sys_clk_IBUF
    BUFGCTRL_X0Y16       BUFG (Prop_bufg_I_O)         0.029     1.152 r  sys_clk_IBUF_BUFG_inst/O
                         net (fo=173, routed)         0.864     2.016    sys_clk_IBUF_BUFG
    MMCME2_ADV_X1Y0      MMCME2_ADV (Prop_mmcme2_adv_CLKIN1_CLKOUT1)
                                                      0.053     2.069 r  u_mmcm/CLKOUT1
                         net (fo=1, routed)           0.576     2.645    clk_pix
    BUFGCTRL_X0Y2        BUFG (Prop_bufg_I_O)         0.029     2.674 r  clk_pix_BUFG_inst/O
                         net (fo=28, routed)          0.905     3.579    u_rx/clk_pix
    SLICE_X110Y63        FDCE                                         r  u_rx/sync_ff_reg[1]/C
                         clock pessimism             -0.839     2.740    
    SLICE_X110Y63        FDCE (Hold_fdce_C_D)         0.075     2.815    u_rx/sync_ff_reg[1]
  -------------------------------------------------------------------
                         required time                         -2.815    
                         arrival time                           2.946    
  -------------------------------------------------------------------
                         slack                                  0.131    





Pulse Width Checks
--------------------------------------------------------------------------------------
Clock Name:         clk_pix
Waveform(ns):       { 0.000 6.566 }
Period(ns):         13.131
Sources:            { u_mmcm/CLKOUT1 }

Check Type        Corner  Lib Pin             Reference Pin  Required(ns)  Actual(ns)  Slack(ns)  Location         Pin
Min Period        n/a     BUFG/I              n/a            2.155         13.131      10.976     BUFGCTRL_X0Y2    clk_pix_BUFG_inst/I
Max Period        n/a     MMCME2_ADV/CLKOUT1  n/a            213.360       13.131      200.229    MMCME2_ADV_X1Y0  u_mmcm/CLKOUT1
Low Pulse Width   Slow    FDCE/C              n/a            0.500         6.566       6.066      SLICE_X110Y63    u_rx/sync_ff_reg[0]/C
High Pulse Width  Slow    FDCE/C              n/a            0.500         6.566       6.066      SLICE_X110Y63    u_rx/sync_ff_reg[0]/C



---------------------------------------------------------------------------------------------------
From Clock:  clk_proc
  To Clock:  clk_proc

Setup :            0  Failing Endpoints,  Worst Slack        0.050ns,  Total Violation        0.000ns
Hold  :            0  Failing Endpoints,  Worst Slack        0.027ns,  Total Violation        0.000ns
PW    :            0  Failing Endpoints,  Worst Slack        1.780ns,  Total Violation        0.000ns
---------------------------------------------------------------------------------------------------


Max Delay Paths
--------------------------------------------------------------------------------------
Slack (MET) :             0.050ns  (required time - arrival time)
  Source:                 g_chan[0].u_canny/u_hyst/strong_mem_reg_2/CLKBWRCLK
                            (rising edge-triggered cell RAMB36E1 clocked by clk_proc  {rise@0.000ns fall@3.030ns period=6.061ns})
  Destination:            g_chan[0].u_canny/u_hyst/m_edge_d_reg/D
                            (rising edge-triggered cell FDRE clocked by clk_proc  {rise@0.000ns fall@3.030ns period=6.061ns})
  Path Group:             clk_proc
  Path Type:              Setup (Max at Slow Process Corner)
  Requirement:            6.061ns  (clk_proc rise@6.061ns - clk_proc rise@0.000ns)
  Data Path Delay:        5.690ns  (logic 3.545ns (62.298%)  route 2.145ns (37.702%))
  Logic Levels:           3  (LUT6=2 RAMB36E1=1)
  Clock Path Skew:        -0.271ns (DCD - SCD + CPR)
    Destination Clock Delay (DCD):    8.531ns = ( 14.592 - 6.061 ) 
    Source Clock Delay      (SCD):    9.454ns
    Clock Pessimism Removal (CPR):    0.652ns
  Clock Uncertainty:      0.078ns  ((TSJ^2 + DJ^2)^1/2) / 2 + PE
    Total System Jitter     (TSJ):    0.071ns
    Discrete Jitter          (DJ):    0.139ns
    Phase Error              (PE):    0.000ns

    Location             Delay type                Incr(ns)  Path(ns)    Netlist Resource(s)
  -------------------------------------------------------------------    -------------------
                         (clock clk_proc rise edge)
                                                      0.000     0.000 r  
    M19                                               0.000     0.000 r  sys_clk (IN)
                         net (fo=0)                   0.000     0.000    sys_clk
    M19                  IBUF (Prop_ibuf_I_O)         1.436     1.436 r  sys_clk_IBUF_inst/O
                         net (fo=1, routed)           2.205     3.641    sys_clk_IBUF
    BUFGCTRL_X0Y16       BUFG (Prop_bufg_I_O)         0.101     3.742 r  sys_clk_IBUF_BUFG_inst/O
                         net (fo=173, routed)         1.806     5.548    sys_clk_IBUF_BUFG
    MMCME2_ADV_X1Y0      MMCME2_ADV (Prop_mmcme2_adv_CLKIN1_CLKOUT0)
                                                      0.088     5.636 r  u_mmcm/CLKOUT0
                         net (fo=1, routed)           1.889     7.525    clk_proc
    BUFGCTRL_X0Y1        BUFG (Prop_bufg_I_O)         0.101     7.626 r  clk_proc_BUFG_inst/O
                         net (fo=16024, routed)       1.827     9.454    g_chan[0].u_canny/u_hyst/clk_proc_BUFG
    RAMB36_X4Y10         RAMB36E1                                     r  g_chan[0].u_canny/u_hyst/strong_mem_reg_2/CLKBWRCLK
  -------------------------------------------------------------------    -------------------
    RAMB36_X4Y10         RAMB36E1 (Prop_ramb36e1_CLKBWRCLK_CASCADEOUTB)
                                                      2.872    12.326 r  g_chan[0].u_canny/u_hyst/strong_mem_reg_2/CASCADEOUTB
                         net (fo=1, routed)           0.065    12.391    g_chan[0].u_canny/u_hyst/strong_mem_reg_2_n_1
    RAMB36_X4Y11         RAMB36E1 (Prop_ramb36e1_CASCADEINB_DOBDO[0])
                                                      0.425    12.816 r  g_chan[0].u_canny/u_hyst/strong_mem_reg_3/DOBDO[0]
                         net (fo=2, routed)           1.468    14.285    g_chan[0].u_canny/u_hyst/strong_mem_reg_3_n_67
    SLICE_X83Y44         LUT6 (Prop_lut6_I3_O)        0.124    14.409 r  g_chan[0].u_canny/u_hyst/win_data_r[0]_i_2_replica/O
                         net (fo=1, routed)           0.612    15.020    g_chan[0].u_canny/u_hyst/win_data_r[0]_i_2_n_0_repN
    SLICE_X74Y45         LUT6 (Prop_lut6_I2_O)        0.124    15.144 r  g_chan[0].u_canny/u_hyst/m_edge_d_i_1/O
                         net (fo=1, routed)           0.000    15.144    g_chan[0].u_canny/u_hyst/m_edge_d_i_1_n_0
    SLICE_X74Y45         FDRE                                         r  g_chan[0].u_canny/u_hyst/m_edge_d_reg/D
  -------------------------------------------------------------------    -------------------

                         (clock clk_proc rise edge)
                                                      6.061     6.061 r  
    M19                                               0.000     6.061 r  sys_clk (IN)
                         net (fo=0)                   0.000     6.061    sys_clk
    M19                  IBUF (Prop_ibuf_I_O)         1.366     7.427 r  sys_clk_IBUF_inst/O
                         net (fo=1, routed)           2.006     9.433    sys_clk_IBUF
    BUFGCTRL_X0Y16       BUFG (Prop_bufg_I_O)         0.091     9.524 r  sys_clk_IBUF_BUFG_inst/O
                         net (fo=173, routed)         1.612    11.136    sys_clk_IBUF_BUFG
    MMCME2_ADV_X1Y0      MMCME2_ADV (Prop_mmcme2_adv_CLKIN1_CLKOUT0)
                                                      0.083    11.219 r  u_mmcm/CLKOUT0
                         net (fo=1, routed)           1.725    12.944    clk_proc
    BUFGCTRL_X0Y1        BUFG (Prop_bufg_I_O)         0.091    13.035 r  clk_proc_BUFG_inst/O
                         net (fo=16024, routed)       1.556    14.592    g_chan[0].u_canny/u_hyst/clk_proc_BUFG
    SLICE_X74Y45         FDRE                                         r  g_chan[0].u_canny/u_hyst/m_edge_d_reg/C
                         clock pessimism              0.652    15.243    
                         clock uncertainty           -0.078    15.165    
    SLICE_X74Y45         FDRE (Setup_fdre_C_D)        0.029    15.194    g_chan[0].u_canny/u_hyst/m_edge_d_reg
  -------------------------------------------------------------------
                         required time                         15.194    
                         arrival time                         -15.144    
  -------------------------------------------------------------------
                         slack                                  0.050    





Min Delay Paths
--------------------------------------------------------------------------------------
Slack (MET) :             0.027ns  (arrival time - required time)
  Source:                 g_chan[2].u_canny/u_gauss/u_win/src_live_reg_reg[0][4]/C
                            (rising edge-triggered cell FDCE clocked by clk_proc  {rise@0.000ns fall@3.030ns period=6.061ns})
  Destination:            g_chan[2].u_canny/u_gauss/u_win/w_pix_reg[4][0][4]/D
                            (rising edge-triggered cell FDCE clocked by clk_proc  {rise@0.000ns fall@3.030ns period=6.061ns})
  Path Group:             clk_proc
  Path Type:              Hold (Min at Fast Process Corner)
  Requirement:            0.000ns  (clk_proc rise@0.000ns - clk_proc rise@0.000ns)
  Data Path Delay:        0.290ns  (logic 0.128ns (44.129%)  route 0.162ns (55.871%))
  Logic Levels:           0  
  Clock Path Skew:        0.269ns (DCD - SCD - CPR)
    Destination Clock Delay (DCD):    3.498ns
    Source Clock Delay      (SCD):    2.661ns
    Clock Pessimism Removal (CPR):    0.568ns

    Location             Delay type                Incr(ns)  Path(ns)    Netlist Resource(s)
  -------------------------------------------------------------------    -------------------
                         (clock clk_proc rise edge)
                                                      0.000     0.000 r  
    M19                                               0.000     0.000 r  sys_clk (IN)
                         net (fo=0)                   0.000     0.000    sys_clk
    M19                  IBUF (Prop_ibuf_I_O)         0.205     0.205 r  sys_clk_IBUF_inst/O
                         net (fo=1, routed)           0.674     0.879    sys_clk_IBUF
    BUFGCTRL_X0Y16       BUFG (Prop_bufg_I_O)         0.026     0.905 r  sys_clk_IBUF_BUFG_inst/O
                         net (fo=173, routed)         0.597     1.501    sys_clk_IBUF_BUFG
    MMCME2_ADV_X1Y0      MMCME2_ADV (Prop_mmcme2_adv_CLKIN1_CLKOUT0)
                                                      0.050     1.551 r  u_mmcm/CLKOUT0
                         net (fo=1, routed)           0.529     2.080    clk_proc
    BUFGCTRL_X0Y1        BUFG (Prop_bufg_I_O)         0.026     2.106 r  clk_proc_BUFG_inst/O
                         net (fo=16024, routed)       0.555     2.661    g_chan[2].u_canny/u_gauss/u_win/clk_proc_BUFG
    SLICE_X52Y50         FDCE                                         r  g_chan[2].u_canny/u_gauss/u_win/src_live_reg_reg[0][4]/C
  -------------------------------------------------------------------    -------------------
    SLICE_X52Y50         FDCE (Prop_fdce_C_Q)         0.128     2.789 r  g_chan[2].u_canny/u_gauss/u_win/src_live_reg_reg[0][4]/Q
                         net (fo=1, routed)           0.162     2.951    g_chan[2].u_canny/u_gauss/u_win/src_live_reg_reg[0]_38[4]
    SLICE_X51Y49         FDCE                                         r  g_chan[2].u_canny/u_gauss/u_win/w_pix_reg[4][0][4]/D
  -------------------------------------------------------------------    -------------------

                         (clock clk_proc rise edge)
                                                      0.000     0.000 r  
    M19                                               0.000     0.000 r  sys_clk (IN)
                         net (fo=0)                   0.000     0.000    sys_clk
    M19                  IBUF (Prop_ibuf_I_O)         0.392     0.392 r  sys_clk_IBUF_inst/O
                         net (fo=1, routed)           0.731     1.123    sys_clk_IBUF
    BUFGCTRL_X0Y16       BUFG (Prop_bufg_I_O)         0.029     1.152 r  sys_clk_IBUF_BUFG_inst/O
                         net (fo=173, routed)         0.864     2.016    sys_clk_IBUF_BUFG
    MMCME2_ADV_X1Y0      MMCME2_ADV (Prop_mmcme2_adv_CLKIN1_CLKOUT0)
                                                      0.053     2.069 r  u_mmcm/CLKOUT0
                         net (fo=1, routed)           0.576     2.645    clk_proc
    BUFGCTRL_X0Y1        BUFG (Prop_bufg_I_O)         0.029     2.674 r  clk_proc_BUFG_inst/O
                         net (fo=16024, routed)       0.824     3.498    g_chan[2].u_canny/u_gauss/u_win/clk_proc_BUFG
    SLICE_X51Y49         FDCE                                         r  g_chan[2].u_canny/u_gauss/u_win/w_pix_reg[4][0][4]/C
                         clock pessimism             -0.568     2.930    
    SLICE_X51Y49         FDCE (Hold_fdce_C_D)        -0.006     2.924    g_chan[2].u_canny/u_gauss/u_win/w_pix_reg[4][0][4]
  -------------------------------------------------------------------
                         required time                         -2.924    
                         arrival time                           2.951    
  -------------------------------------------------------------------
                         slack                                  0.027    





Pulse Width Checks
--------------------------------------------------------------------------------------
Clock Name:         clk_proc
Waveform(ns):       { 0.000 3.030 }
Period(ns):         6.061
Sources:            { u_mmcm/CLKOUT0 }

Check Type        Corner  Lib Pin             Reference Pin  Required(ns)  Actual(ns)  Slack(ns)  Location         Pin
Min Period        n/a     RAMB36E1/CLKARDCLK  n/a            3.363         6.061       2.698      RAMB36_X4Y12     g_chan[0].u_canny/u_hyst/strong_mem_reg_0/CLKARDCLK
Max Period        n/a     MMCME2_ADV/CLKOUT0  n/a            213.360       6.061       207.299    MMCME2_ADV_X1Y0  u_mmcm/CLKOUT0
Low Pulse Width   Slow    RAMS64E/CLK         n/a            1.250         3.030       1.780      SLICE_X66Y28     g_chan[0].u_canny/u_hyst/u_win/g_bank[0].mem_b_reg_0_127_0_0/HIGH/CLK
High Pulse Width  Slow    RAMS64E/CLK         n/a            1.250         3.030       1.780      SLICE_X66Y28     g_chan[0].u_canny/u_hyst/u_win/g_bank[0].mem_b_reg_0_127_0_0/HIGH/CLK



---------------------------------------------------------------------------------------------------
Path Group:  **async_default**
From Clock:  cam_pclk
  To Clock:  cam_pclk

Setup :            0  Failing Endpoints,  Worst Slack       14.339ns,  Total Violation        0.000ns
Hold  :            0  Failing Endpoints,  Worst Slack        0.623ns,  Total Violation        0.000ns
---------------------------------------------------------------------------------------------------


Max Delay Paths
--------------------------------------------------------------------------------------
Slack (MET) :             14.339ns  (required time - arrival time)
  Source:                 u_cam/prst_s2_reg/C
                            (rising edge-triggered cell FDCE clocked by cam_pclk  {rise@0.000ns fall@8.500ns period=17.000ns})
  Destination:            u_cam/m_axis_tdata_reg[4]/CLR
                            (recovery check against rising-edge clock cam_pclk  {rise@0.000ns fall@8.500ns period=17.000ns})
  Path Group:             **async_default**
  Path Type:              Recovery (Max at Slow Process Corner)
  Requirement:            17.000ns  (cam_pclk rise@17.000ns - cam_pclk rise@0.000ns)
  Data Path Delay:        2.193ns  (logic 0.580ns (26.453%)  route 1.613ns (73.547%))
  Logic Levels:           1  (LUT1=1)
  Clock Path Skew:        -0.028ns (DCD - SCD + CPR)
    Destination Clock Delay (DCD):    5.199ns = ( 22.199 - 17.000 ) 
    Source Clock Delay      (SCD):    5.661ns
    Clock Pessimism Removal (CPR):    0.434ns
  Clock Uncertainty:      0.035ns  ((TSJ^2 + TIJ^2)^1/2 + DJ) / 2 + PE
    Total System Jitter     (TSJ):    0.071ns
    Total Input Jitter      (TIJ):    0.000ns
    Discrete Jitter          (DJ):    0.000ns
    Phase Error              (PE):    0.000ns

    Location             Delay type                Incr(ns)  Path(ns)    Netlist Resource(s)
  -------------------------------------------------------------------    -------------------
                         (clock cam_pclk rise edge)
                                                      0.000     0.000 r  
    W17                                               0.000     0.000 r  pclk (IN)
                         net (fo=0)                   0.000     0.000    pclk
    W17                  IBUF (Prop_ibuf_I_O)         1.484     1.484 r  pclk_IBUF_inst/O
                         net (fo=1, routed)           2.205     3.689    pclk_IBUF
    BUFGCTRL_X0Y0        BUFG (Prop_bufg_I_O)         0.101     3.790 r  pclk_IBUF_BUFG_inst/O
                         net (fo=1724, routed)        1.871     5.661    u_cam/pclk_IBUF_BUFG
    SLICE_X110Y16        FDCE                                         r  u_cam/prst_s2_reg/C
  -------------------------------------------------------------------    -------------------
    SLICE_X110Y16        FDCE (Prop_fdce_C_Q)         0.456     6.117 r  u_cam/prst_s2_reg/Q
                         net (fo=1, routed)           0.661     6.778    u_cam/prst_s2
    SLICE_X110Y16        LUT1 (Prop_lut1_I0_O)        0.124     6.902 f  u_cam/gap_cnt[12]_i_3/O
                         net (fo=32, routed)          0.952     7.854    u_cam/gap_cnt[12]_i_3_n_0
    SLICE_X113Y20        FDCE                                         f  u_cam/m_axis_tdata_reg[4]/CLR
  -------------------------------------------------------------------    -------------------

                         (clock cam_pclk rise edge)
                                                     17.000    17.000 r  
    W17                                               0.000    17.000 r  pclk (IN)
                         net (fo=0)                   0.000    17.000    pclk
    W17                  IBUF (Prop_ibuf_I_O)         1.414    18.414 r  pclk_IBUF_inst/O
                         net (fo=1, routed)           2.006    20.420    pclk_IBUF
    BUFGCTRL_X0Y0        BUFG (Prop_bufg_I_O)         0.091    20.511 r  pclk_IBUF_BUFG_inst/O
                         net (fo=1724, routed)        1.688    22.199    u_cam/pclk_IBUF_BUFG
    SLICE_X113Y20        FDCE                                         r  u_cam/m_axis_tdata_reg[4]/C
                         clock pessimism              0.434    22.633    
                         clock uncertainty           -0.035    22.598    
    SLICE_X113Y20        FDCE (Recov_fdce_C_CLR)     -0.405    22.193    u_cam/m_axis_tdata_reg[4]
  -------------------------------------------------------------------
                         required time                         22.193    
                         arrival time                          -7.854    
  -------------------------------------------------------------------
                         slack                                 14.339    





Min Delay Paths
--------------------------------------------------------------------------------------
Slack (MET) :             0.623ns  (arrival time - required time)
  Source:                 u_cam/prst_s2_reg/C
                            (rising edge-triggered cell FDCE clocked by cam_pclk  {rise@0.000ns fall@8.500ns period=17.000ns})
  Destination:            u_cam/gap_cnt_reg[10]/CLR
                            (removal check against rising-edge clock cam_pclk  {rise@0.000ns fall@8.500ns period=17.000ns})
  Path Group:             **async_default**
  Path Type:              Removal (Min at Fast Process Corner)
  Requirement:            0.000ns  (cam_pclk rise@0.000ns - cam_pclk rise@0.000ns)
  Data Path Delay:        0.566ns  (logic 0.186ns (32.859%)  route 0.380ns (67.141%))
  Logic Levels:           1  (LUT1=1)
  Clock Path Skew:        0.035ns (DCD - SCD - CPR)
    Destination Clock Delay (DCD):    2.103ns
    Source Clock Delay      (SCD):    1.587ns
    Clock Pessimism Removal (CPR):    0.481ns

    Location             Delay type                Incr(ns)  Path(ns)    Netlist Resource(s)
  -------------------------------------------------------------------    -------------------
                         (clock cam_pclk rise edge)
                                                      0.000     0.000 r  
    W17                                               0.000     0.000 r  pclk (IN)
                         net (fo=0)                   0.000     0.000    pclk
    W17                  IBUF (Prop_ibuf_I_O)         0.252     0.252 r  pclk_IBUF_inst/O
                         net (fo=1, routed)           0.674     0.926    pclk_IBUF
    BUFGCTRL_X0Y0        BUFG (Prop_bufg_I_O)         0.026     0.952 r  pclk_IBUF_BUFG_inst/O
                         net (fo=1724, routed)        0.635     1.587    u_cam/pclk_IBUF_BUFG
    SLICE_X110Y16        FDCE                                         r  u_cam/prst_s2_reg/C
  -------------------------------------------------------------------    -------------------
    SLICE_X110Y16        FDCE (Prop_fdce_C_Q)         0.141     1.728 r  u_cam/prst_s2_reg/Q
                         net (fo=1, routed)           0.225     1.952    u_cam/prst_s2
    SLICE_X110Y16        LUT1 (Prop_lut1_I0_O)        0.045     1.997 f  u_cam/gap_cnt[12]_i_3/O
                         net (fo=32, routed)          0.155     2.153    u_cam/gap_cnt[12]_i_3_n_0
    SLICE_X109Y16        FDCE                                         f  u_cam/gap_cnt_reg[10]/CLR
  -------------------------------------------------------------------    -------------------

                         (clock cam_pclk rise edge)
                                                      0.000     0.000 r  
    W17                                               0.000     0.000 r  pclk (IN)
                         net (fo=0)                   0.000     0.000    pclk
    W17                  IBUF (Prop_ibuf_I_O)         0.440     0.440 r  pclk_IBUF_inst/O
                         net (fo=1, routed)           0.731     1.171    pclk_IBUF
    BUFGCTRL_X0Y0        BUFG (Prop_bufg_I_O)         0.029     1.200 r  pclk_IBUF_BUFG_inst/O
                         net (fo=1724, routed)        0.903     2.103    u_cam/pclk_IBUF_BUFG
    SLICE_X109Y16        FDCE                                         r  u_cam/gap_cnt_reg[10]/C
                         clock pessimism             -0.481     1.622    
    SLICE_X109Y16        FDCE (Remov_fdce_C_CLR)     -0.092     1.530    u_cam/gap_cnt_reg[10]
  -------------------------------------------------------------------
                         required time                         -1.530    
                         arrival time                           2.153    
  -------------------------------------------------------------------
                         slack                                  0.623    





---------------------------------------------------------------------------------------------------
Path Group:  **async_default**
From Clock:  clk_pix
  To Clock:  clk_pix

Setup :            0  Failing Endpoints,  Worst Slack        9.307ns,  Total Violation        0.000ns
Hold  :            0  Failing Endpoints,  Worst Slack        0.823ns,  Total Violation        0.000ns
---------------------------------------------------------------------------------------------------


Max Delay Paths
--------------------------------------------------------------------------------------
Slack (MET) :             9.307ns  (required time - arrival time)
  Source:                 u_rx/sync_ff_reg[1]/C
                            (rising edge-triggered cell FDCE clocked by clk_pix  {rise@0.000ns fall@6.566ns period=13.131ns})
  Destination:            u_vga/cx_reg[0]/CLR
                            (recovery check against rising-edge clock clk_pix  {rise@0.000ns fall@6.566ns period=13.131ns})
  Path Group:             **async_default**
  Path Type:              Recovery (Max at Slow Process Corner)
  Requirement:            13.131ns  (clk_pix rise@13.131ns - clk_pix rise@0.000ns)
  Data Path Delay:        3.307ns  (logic 0.718ns (21.710%)  route 2.589ns (78.290%))
  Logic Levels:           1  (LUT1=1)
  Clock Path Skew:        -0.025ns (DCD - SCD + CPR)
    Destination Clock Delay (DCD):    8.658ns = ( 21.790 - 13.131 ) 
    Source Clock Delay      (SCD):    9.489ns
    Clock Pessimism Removal (CPR):    0.806ns
  Clock Uncertainty:      0.087ns  ((TSJ^2 + DJ^2)^1/2) / 2 + PE
    Total System Jitter     (TSJ):    0.071ns
    Discrete Jitter          (DJ):    0.160ns
    Phase Error              (PE):    0.000ns

    Location             Delay type                Incr(ns)  Path(ns)    Netlist Resource(s)
  -------------------------------------------------------------------    -------------------
                         (clock clk_pix rise edge)    0.000     0.000 r  
    M19                                               0.000     0.000 r  sys_clk (IN)
                         net (fo=0)                   0.000     0.000    sys_clk
    M19                  IBUF (Prop_ibuf_I_O)         1.436     1.436 r  sys_clk_IBUF_inst/O
                         net (fo=1, routed)           2.205     3.641    sys_clk_IBUF
    BUFGCTRL_X0Y16       BUFG (Prop_bufg_I_O)         0.101     3.742 r  sys_clk_IBUF_BUFG_inst/O
                         net (fo=173, routed)         1.806     5.548    sys_clk_IBUF_BUFG
    MMCME2_ADV_X1Y0      MMCME2_ADV (Prop_mmcme2_adv_CLKIN1_CLKOUT1)
                                                      0.088     5.636 r  u_mmcm/CLKOUT1
                         net (fo=1, routed)           1.889     7.525    clk_pix
    BUFGCTRL_X0Y2        BUFG (Prop_bufg_I_O)         0.101     7.626 r  clk_pix_BUFG_inst/O
                         net (fo=28, routed)          1.863     9.489    u_rx/clk_pix
    SLICE_X110Y63        FDCE                                         r  u_rx/sync_ff_reg[1]/C
  -------------------------------------------------------------------    -------------------
    SLICE_X110Y63        FDCE (Prop_fdce_C_Q)         0.419     9.908 r  u_rx/sync_ff_reg[1]/Q
                         net (fo=1, routed)           0.849    10.757    u_rx/sync_ff[1]
    SLICE_X110Y63        LUT1 (Prop_lut1_I0_O)        0.299    11.056 f  u_rx/cx[12]_i_2/O
                         net (fo=26, routed)          1.741    12.797    u_vga/cy_reg[12]_0
    SLICE_X110Y64        FDCE                                         f  u_vga/cx_reg[0]/CLR
  -------------------------------------------------------------------    -------------------

                         (clock clk_pix rise edge)   13.131    13.131 r  
    M19                                               0.000    13.131 r  sys_clk (IN)
                         net (fo=0)                   0.000    13.131    sys_clk
    M19                  IBUF (Prop_ibuf_I_O)         1.366    14.498 r  sys_clk_IBUF_inst/O
                         net (fo=1, routed)           2.006    16.504    sys_clk_IBUF
    BUFGCTRL_X0Y16       BUFG (Prop_bufg_I_O)         0.091    16.595 r  sys_clk_IBUF_BUFG_inst/O
                         net (fo=173, routed)         1.612    18.207    sys_clk_IBUF_BUFG
    MMCME2_ADV_X1Y0      MMCME2_ADV (Prop_mmcme2_adv_CLKIN1_CLKOUT1)
                                                      0.083    18.290 r  u_mmcm/CLKOUT1
                         net (fo=1, routed)           1.725    20.015    clk_pix
    BUFGCTRL_X0Y2        BUFG (Prop_bufg_I_O)         0.091    20.106 r  clk_pix_BUFG_inst/O
                         net (fo=28, routed)          1.684    21.790    u_vga/clk_pix
    SLICE_X110Y64        FDCE                                         r  u_vga/cx_reg[0]/C
                         clock pessimism              0.806    22.596    
                         clock uncertainty           -0.087    22.508    
    SLICE_X110Y64        FDCE (Recov_fdce_C_CLR)     -0.405    22.103    u_vga/cx_reg[0]
  -------------------------------------------------------------------
                         required time                         22.103    
                         arrival time                         -12.797    
  -------------------------------------------------------------------
                         slack                                  9.307    





Min Delay Paths
--------------------------------------------------------------------------------------
Slack (MET) :             0.823ns  (arrival time - required time)
  Source:                 u_rx/sync_ff_reg[1]/C
                            (rising edge-triggered cell FDCE clocked by clk_pix  {rise@0.000ns fall@6.566ns period=13.131ns})
  Destination:            u_vga/cx_reg[2]/CLR
                            (removal check against rising-edge clock clk_pix  {rise@0.000ns fall@6.566ns period=13.131ns})
  Path Group:             **async_default**
  Path Type:              Removal (Min at Fast Process Corner)
  Requirement:            0.000ns  (clk_pix rise@0.000ns - clk_pix rise@0.000ns)
  Data Path Delay:        0.746ns  (logic 0.227ns (30.432%)  route 0.519ns (69.568%))
  Logic Levels:           1  (LUT1=1)
  Clock Path Skew:        0.015ns (DCD - SCD - CPR)
    Destination Clock Delay (DCD):    3.579ns
    Source Clock Delay      (SCD):    2.740ns
    Clock Pessimism Removal (CPR):    0.824ns

    Location             Delay type                Incr(ns)  Path(ns)    Netlist Resource(s)
  -------------------------------------------------------------------    -------------------
                         (clock clk_pix rise edge)    0.000     0.000 r  
    M19                                               0.000     0.000 r  sys_clk (IN)
                         net (fo=0)                   0.000     0.000    sys_clk
    M19                  IBUF (Prop_ibuf_I_O)         0.205     0.205 r  sys_clk_IBUF_inst/O
                         net (fo=1, routed)           0.674     0.879    sys_clk_IBUF
    BUFGCTRL_X0Y16       BUFG (Prop_bufg_I_O)         0.026     0.905 r  sys_clk_IBUF_BUFG_inst/O
                         net (fo=173, routed)         0.597     1.501    sys_clk_IBUF_BUFG
    MMCME2_ADV_X1Y0      MMCME2_ADV (Prop_mmcme2_adv_CLKIN1_CLKOUT1)
                                                      0.050     1.551 r  u_mmcm/CLKOUT1
                         net (fo=1, routed)           0.529     2.080    clk_pix
    BUFGCTRL_X0Y2        BUFG (Prop_bufg_I_O)         0.026     2.106 r  clk_pix_BUFG_inst/O
                         net (fo=28, routed)          0.634     2.740    u_rx/clk_pix
    SLICE_X110Y63        FDCE                                         r  u_rx/sync_ff_reg[1]/C
  -------------------------------------------------------------------    -------------------
    SLICE_X110Y63        FDCE (Prop_fdce_C_Q)         0.128     2.868 r  u_rx/sync_ff_reg[1]/Q
                         net (fo=1, routed)           0.283     3.151    u_rx/sync_ff[1]
    SLICE_X110Y63        LUT1 (Prop_lut1_I0_O)        0.099     3.250 f  u_rx/cx[12]_i_2/O
                         net (fo=26, routed)          0.236     3.486    u_vga/cy_reg[12]_0
    SLICE_X113Y63        FDCE                                         f  u_vga/cx_reg[2]/CLR
  -------------------------------------------------------------------    -------------------

                         (clock clk_pix rise edge)    0.000     0.000 r  
    M19                                               0.000     0.000 r  sys_clk (IN)
                         net (fo=0)                   0.000     0.000    sys_clk
    M19                  IBUF (Prop_ibuf_I_O)         0.392     0.392 r  sys_clk_IBUF_inst/O
                         net (fo=1, routed)           0.731     1.123    sys_clk_IBUF
    BUFGCTRL_X0Y16       BUFG (Prop_bufg_I_O)         0.029     1.152 r  sys_clk_IBUF_BUFG_inst/O
                         net (fo=173, routed)         0.864     2.016    sys_clk_IBUF_BUFG
    MMCME2_ADV_X1Y0      MMCME2_ADV (Prop_mmcme2_adv_CLKIN1_CLKOUT1)
                                                      0.053     2.069 r  u_mmcm/CLKOUT1
                         net (fo=1, routed)           0.576     2.645    clk_pix
    BUFGCTRL_X0Y2        BUFG (Prop_bufg_I_O)         0.029     2.674 r  clk_pix_BUFG_inst/O
                         net (fo=28, routed)          0.905     3.579    u_vga/clk_pix
    SLICE_X113Y63        FDCE                                         r  u_vga/cx_reg[2]/C
                         clock pessimism             -0.824     2.755    
    SLICE_X113Y63        FDCE (Remov_fdce_C_CLR)     -0.092     2.663    u_vga/cx_reg[2]
  -------------------------------------------------------------------
                         required time                         -2.663    
                         arrival time                           3.486    
  -------------------------------------------------------------------
                         slack                                  0.823    





---------------------------------------------------------------------------------------------------
Path Group:  **async_default**
From Clock:  clk_proc
  To Clock:  clk_proc

Setup :            0  Failing Endpoints,  Worst Slack        0.663ns,  Total Violation        0.000ns
Hold  :            0  Failing Endpoints,  Worst Slack        0.995ns,  Total Violation        0.000ns
---------------------------------------------------------------------------------------------------


Max Delay Paths
--------------------------------------------------------------------------------------
Slack (MET) :             0.663ns  (required time - arrival time)
  Source:                 u_rp/sync_ff_reg[1]/C
                            (rising edge-triggered cell FDCE clocked by clk_proc  {rise@0.000ns fall@3.030ns period=6.061ns})
  Destination:            g_chan[0].u_canny/u_gauss/u_win/r_reg[8]/CLR
                            (recovery check against rising-edge clock clk_proc  {rise@0.000ns fall@3.030ns period=6.061ns})
  Path Group:             **async_default**
  Path Type:              Recovery (Max at Slow Process Corner)
  Requirement:            6.061ns  (clk_proc rise@6.061ns - clk_proc rise@0.000ns)
  Data Path Delay:        4.825ns  (logic 0.718ns (14.880%)  route 4.107ns (85.120%))
  Logic Levels:           1  (LUT1=1)
  Clock Path Skew:        -0.090ns (DCD - SCD + CPR)
    Destination Clock Delay (DCD):    8.671ns = ( 14.732 - 6.061 ) 
    Source Clock Delay      (SCD):    9.412ns
    Clock Pessimism Removal (CPR):    0.652ns
  Clock Uncertainty:      0.078ns  ((TSJ^2 + DJ^2)^1/2) / 2 + PE
    Total System Jitter     (TSJ):    0.071ns
    Discrete Jitter          (DJ):    0.139ns
    Phase Error              (PE):    0.000ns

    Location             Delay type                Incr(ns)  Path(ns)    Netlist Resource(s)
  -------------------------------------------------------------------    -------------------
                         (clock clk_proc rise edge)
                                                      0.000     0.000 r  
    M19                                               0.000     0.000 r  sys_clk (IN)
                         net (fo=0)                   0.000     0.000    sys_clk
    M19                  IBUF (Prop_ibuf_I_O)         1.436     1.436 r  sys_clk_IBUF_inst/O
                         net (fo=1, routed)           2.205     3.641    sys_clk_IBUF
    BUFGCTRL_X0Y16       BUFG (Prop_bufg_I_O)         0.101     3.742 r  sys_clk_IBUF_BUFG_inst/O
                         net (fo=173, routed)         1.806     5.548    sys_clk_IBUF_BUFG
    MMCME2_ADV_X1Y0      MMCME2_ADV (Prop_mmcme2_adv_CLKIN1_CLKOUT0)
                                                      0.088     5.636 r  u_mmcm/CLKOUT0
                         net (fo=1, routed)           1.889     7.525    clk_proc
    BUFGCTRL_X0Y1        BUFG (Prop_bufg_I_O)         0.101     7.626 r  clk_proc_BUFG_inst/O
                         net (fo=16024, routed)       1.786     9.412    u_rp/clk_proc_BUFG
    SLICE_X101Y59        FDCE                                         r  u_rp/sync_ff_reg[1]/C
  -------------------------------------------------------------------    -------------------
    SLICE_X101Y59        FDCE (Prop_fdce_C_Q)         0.419     9.831 r  u_rp/sync_ff_reg[1]/Q
                         net (fo=5, routed)           1.127    10.958    u_rp/sync_ff[1]
    SLICE_X81Y53         LUT1 (Prop_lut1_I0_O)        0.299    11.257 f  u_rp/x[9]_i_3/O
                         net (fo=11294, routed)       2.981    14.238    g_chan[0].u_canny/u_gauss/u_win/x_p_reg[0]_0
    SLICE_X109Y8         FDCE                                         f  g_chan[0].u_canny/u_gauss/u_win/r_reg[8]/CLR
  -------------------------------------------------------------------    -------------------

                         (clock clk_proc rise edge)
                                                      6.061     6.061 r  
    M19                                               0.000     6.061 r  sys_clk (IN)
                         net (fo=0)                   0.000     6.061    sys_clk
    M19                  IBUF (Prop_ibuf_I_O)         1.366     7.427 r  sys_clk_IBUF_inst/O
                         net (fo=1, routed)           2.006     9.433    sys_clk_IBUF
    BUFGCTRL_X0Y16       BUFG (Prop_bufg_I_O)         0.091     9.524 r  sys_clk_IBUF_BUFG_inst/O
                         net (fo=173, routed)         1.612    11.136    sys_clk_IBUF_BUFG
    MMCME2_ADV_X1Y0      MMCME2_ADV (Prop_mmcme2_adv_CLKIN1_CLKOUT0)
                                                      0.083    11.219 r  u_mmcm/CLKOUT0
                         net (fo=1, routed)           1.725    12.944    clk_proc
    BUFGCTRL_X0Y1        BUFG (Prop_bufg_I_O)         0.091    13.035 r  clk_proc_BUFG_inst/O
                         net (fo=16024, routed)       1.696    14.732    g_chan[0].u_canny/u_gauss/u_win/clk_proc_BUFG
    SLICE_X109Y8         FDCE                                         r  g_chan[0].u_canny/u_gauss/u_win/r_reg[8]/C
                         clock pessimism              0.652    15.383    
                         clock uncertainty           -0.078    15.305    
    SLICE_X109Y8         FDCE (Recov_fdce_C_CLR)     -0.405    14.900    g_chan[0].u_canny/u_gauss/u_win/r_reg[8]
  -------------------------------------------------------------------
                         required time                         14.900    
                         arrival time                         -14.238    
  -------------------------------------------------------------------
                         slack                                  0.663    





Min Delay Paths
--------------------------------------------------------------------------------------
Slack (MET) :             0.995ns  (arrival time - required time)
  Source:                 u_rp/sync_ff_reg[1]/C
                            (rising edge-triggered cell FDCE clocked by clk_proc  {rise@0.000ns fall@3.030ns period=6.061ns})
  Destination:            g_chan[0].u_canny/u_nms/u_win/w_row_reg[6]/CLR
                            (removal check against rising-edge clock clk_proc  {rise@0.000ns fall@3.030ns period=6.061ns})
  Path Group:             **async_default**
  Path Type:              Removal (Min at Fast Process Corner)
  Requirement:            0.000ns  (clk_proc rise@0.000ns - clk_proc rise@0.000ns)
  Data Path Delay:        0.914ns  (logic 0.227ns (24.829%)  route 0.687ns (75.171%))
  Logic Levels:           1  (LUT1=1)
  Clock Path Skew:        0.011ns (DCD - SCD - CPR)
    Destination Clock Delay (DCD):    3.528ns
    Source Clock Delay      (SCD):    2.715ns
    Clock Pessimism Removal (CPR):    0.802ns

    Location             Delay type                Incr(ns)  Path(ns)    Netlist Resource(s)
  -------------------------------------------------------------------    -------------------
                         (clock clk_proc rise edge)
                                                      0.000     0.000 r  
    M19                                               0.000     0.000 r  sys_clk (IN)
                         net (fo=0)                   0.000     0.000    sys_clk
    M19                  IBUF (Prop_ibuf_I_O)         0.205     0.205 r  sys_clk_IBUF_inst/O
                         net (fo=1, routed)           0.674     0.879    sys_clk_IBUF
    BUFGCTRL_X0Y16       BUFG (Prop_bufg_I_O)         0.026     0.905 r  sys_clk_IBUF_BUFG_inst/O
                         net (fo=173, routed)         0.597     1.501    sys_clk_IBUF_BUFG
    MMCME2_ADV_X1Y0      MMCME2_ADV (Prop_mmcme2_adv_CLKIN1_CLKOUT0)
                                                      0.050     1.551 r  u_mmcm/CLKOUT0
                         net (fo=1, routed)           0.529     2.080    clk_proc
    BUFGCTRL_X0Y1        BUFG (Prop_bufg_I_O)         0.026     2.106 r  clk_proc_BUFG_inst/O
                         net (fo=16024, routed)       0.609     2.715    u_rp/clk_proc_BUFG
    SLICE_X101Y59        FDCE                                         r  u_rp/sync_ff_reg[1]/C
  -------------------------------------------------------------------    -------------------
    SLICE_X101Y59        FDCE (Prop_fdce_C_Q)         0.128     2.843 r  u_rp/sync_ff_reg[1]/Q
                         net (fo=5, routed)           0.521     3.364    u_rp/sync_ff[1]
    SLICE_X81Y53         LUT1 (Prop_lut1_I0_O)        0.099     3.463 f  u_rp/x[9]_i_3/O
                         net (fo=11294, routed)       0.167     3.629    g_chan[0].u_canny/u_nms/u_win/w_pix_reg[1][0][11]_0
    SLICE_X81Y53         FDCE                                         f  g_chan[0].u_canny/u_nms/u_win/w_row_reg[6]/CLR
  -------------------------------------------------------------------    -------------------

                         (clock clk_proc rise edge)
                                                      0.000     0.000 r  
    M19                                               0.000     0.000 r  sys_clk (IN)
                         net (fo=0)                   0.000     0.000    sys_clk
    M19                  IBUF (Prop_ibuf_I_O)         0.392     0.392 r  sys_clk_IBUF_inst/O
                         net (fo=1, routed)           0.731     1.123    sys_clk_IBUF
    BUFGCTRL_X0Y16       BUFG (Prop_bufg_I_O)         0.029     1.152 r  sys_clk_IBUF_BUFG_inst/O
                         net (fo=173, routed)         0.864     2.016    sys_clk_IBUF_BUFG
    MMCME2_ADV_X1Y0      MMCME2_ADV (Prop_mmcme2_adv_CLKIN1_CLKOUT0)
                                                      0.053     2.069 r  u_mmcm/CLKOUT0
                         net (fo=1, routed)           0.576     2.645    clk_proc
    BUFGCTRL_X0Y1        BUFG (Prop_bufg_I_O)         0.029     2.674 r  clk_proc_BUFG_inst/O
                         net (fo=16024, routed)       0.854     3.528    g_chan[0].u_canny/u_nms/u_win/clk_proc_BUFG
    SLICE_X81Y53         FDCE                                         r  g_chan[0].u_canny/u_nms/u_win/w_row_reg[6]/C
                         clock pessimism             -0.802     2.726    
    SLICE_X81Y53         FDCE (Remov_fdce_C_CLR)     -0.092     2.634    g_chan[0].u_canny/u_nms/u_win/w_row_reg[6]
  -------------------------------------------------------------------
                         required time                         -2.634    
                         arrival time                           3.629    
  -------------------------------------------------------------------
                         slack                                  0.995    





