Copyright 1986-2022 Xilinx, Inc. All Rights Reserved. Copyright 2022-2025 Advanced Micro Devices, Inc. All Rights Reserved.
---------------------------------------------------------------------------------------------------------------------------------------------
| Tool Version : Vivado v.2025.2 (win64) Build 6299465 Fri Nov 14 19:35:11 GMT 2025
| Date         : Sun Aug 16 17:53:34 2026
| Host         : wshh running 64-bit major release  (build 9200)
| Command      : report_timing_summary -file out/timing_nchan2.rpt
| Design       : vision_top
| Device       : 7z020-clg484
| Speed File   : -1  PRODUCTION 1.12 2019-11-22
| Design State : Routed
---------------------------------------------------------------------------------------------------------------------------------------------

Timing Summary Report

------------------------------------------------------------------------------------------------
| Timer Settings
| --------------
------------------------------------------------------------------------------------------------

  Enable Multi Corner Analysis               :  Yes
  Enable Pessimism Removal                   :  Yes
  Pessimism Removal Resolution               :  Nearest Common Node
  Enable Input Delay Default Clock           :  No
  Enable Preset / Clear Arcs                 :  No
  Disable Flight Delays                      :  No
  Ignore I/O Paths                           :  No
  Timing Early Launch at Borrowing Latches   :  No
  Borrow Time for Max Delay Exceptions       :  Yes
  Merge Timing Exceptions                    :  Yes
  Inter-SLR Compensation                     :  Conservative

  Corner  Analyze    Analyze    
  Name    Max Paths  Min Paths  
  ------  ---------  ---------  
  Slow    Yes        Yes        
  Fast    Yes        Yes        


------------------------------------------------------------------------------------------------
| Report Methodology
| ------------------
------------------------------------------------------------------------------------------------

No report available as report_methodology has not been run prior. Run report_methodology on the current design for the summary of methodology violations.



check_timing report

Table of Contents
-----------------
1. checking no_clock (0)
2. checking constant_clock (0)
3. checking pulse_width_clock (0)
4. checking unconstrained_internal_endpoints (0)
5. checking no_input_delay (29)
6. checking no_output_delay (14)
7. checking multiple_clock (0)
8. checking generated_clocks (0)
9. checking loops (12)
10. checking partial_input_delay (0)
11. checking partial_output_delay (0)
12. checking latch_loops (0)

1. checking no_clock (0)
------------------------
 There are 0 register/latch pins with no clock.


2. checking constant_clock (0)
------------------------------
 There are 0 register/latch pins with constant_clock.


3. checking pulse_width_clock (0)
---------------------------------
 There are 0 register/latch pins which need pulse_width check


4. checking unconstrained_internal_endpoints (0)
------------------------------------------------
 There are 0 pins that are not constrained for maximum delay.

 There are 0 pins that are not constrained for maximum delay due to constant clock.


5. checking no_input_delay (29)
-------------------------------
 There are 19 input ports with no input delay specified. (HIGH)

 There are 10 input ports with no input delay but user has a false path constraint. (MEDIUM)


6. checking no_output_delay (14)
--------------------------------
 There are 14 ports with no output delay specified. (HIGH)

 There are 0 ports with no output delay but user has a false path constraint

 There are 0 ports with no output delay but with a timing clock defined on it or propagating through it


7. checking multiple_clock (0)
------------------------------
 There are 0 register/latch pins with multiple clocks.


8. checking generated_clocks (0)
--------------------------------
 There are 0 generated clocks that are not connected to a clock source.


9. checking loops (12)
----------------------
 There are 12 combinational loops in the design. (HIGH)


10. checking partial_input_delay (0)
------------------------------------
 There are 0 input ports with partial input delay specified.


11. checking partial_output_delay (0)
-------------------------------------
 There are 0 ports with partial output delay specified.


12. checking latch_loops (0)
----------------------------
 There are 0 combinational latch loops in the design through latch input



------------------------------------------------------------------------------------------------
| Design Timing Summary
| ---------------------
------------------------------------------------------------------------------------------------

    WNS(ns)      TNS(ns)  TNS Failing Endpoints  TNS Total Endpoints      WHS(ns)      THS(ns)  THS Failing Endpoints  THS Total Endpoints     WPWS(ns)     TPWS(ns)  TPWS Failing Endpoints  TPWS Total Endpoints  
    -------      -------  ---------------------  -------------------      -------      -------  ---------------------  -------------------     --------     --------  ----------------------  --------------------  
      0.039        0.000                      0                42522        0.072        0.000                      0                42522        1.528        0.000                       0                  9116  


All user specified timing constraints are met.


------------------------------------------------------------------------------------------------
| Clock Summary
| -------------
------------------------------------------------------------------------------------------------

Clock          Waveform(ns)         Period(ns)      Frequency(MHz)
-----          ------------         ----------      --------------
cam_pclk       {0.000 8.500}        17.000          58.824          
sys_clk_50m    {0.000 10.000}       20.000          50.000          
  clk_mmcm_fb  {0.000 10.000}       20.000          50.000          
  clk_pix      {0.000 6.667}        13.333          75.000          
  clk_proc     {0.000 2.778}        5.556           180.000         


------------------------------------------------------------------------------------------------
| Intra Clock Table
| -----------------
------------------------------------------------------------------------------------------------

Clock              WNS(ns)      TNS(ns)  TNS Failing Endpoints  TNS Total Endpoints      WHS(ns)      THS(ns)  THS Failing Endpoints  THS Total Endpoints     WPWS(ns)     TPWS(ns)  TPWS Failing Endpoints  TPWS Total Endpoints  
-----              -------      -------  ---------------------  -------------------      -------      -------  ---------------------  -------------------     --------     --------  ----------------------  --------------------  
cam_pclk             6.896        0.000                      0                 5743        0.093        0.000                      0                 5743        7.250        0.000                       0                   885  
sys_clk_50m         10.182        0.000                      0                  303        0.151        0.000                      0                  303        7.000        0.000                       0                   174  
  clk_mmcm_fb                                                                                                                                                   18.751        0.000                       0                     2  
  clk_pix            7.464        0.000                      0                   40        0.122        0.000                      0                   40        6.167        0.000                       0                    30  
  clk_proc           0.039        0.000                      0                30729        0.072        0.000                      0                30729        1.528        0.000                       0                  8025  


------------------------------------------------------------------------------------------------
| Inter Clock Table
| -----------------
------------------------------------------------------------------------------------------------

From Clock    To Clock          WNS(ns)      TNS(ns)  TNS Failing Endpoints  TNS Total Endpoints      WHS(ns)      THS(ns)  THS Failing Endpoints  THS Total Endpoints  
----------    --------          -------      -------  ---------------------  -------------------      -------      -------  ---------------------  -------------------  


------------------------------------------------------------------------------------------------
| Other Path Groups Table
| -----------------------
------------------------------------------------------------------------------------------------

Path Group         From Clock         To Clock               WNS(ns)      TNS(ns)  TNS Failing Endpoints  TNS Total Endpoints      WHS(ns)      THS(ns)  THS Failing Endpoints  THS Total Endpoints  
----------         ----------         --------               -------      -------  ---------------------  -------------------      -------      -------  ---------------------  -------------------  
**async_default**  cam_pclk           cam_pclk                12.700        0.000                      0                   32        1.011        0.000                      0                   32  
**async_default**  clk_pix            clk_pix                  9.409        0.000                      0                   26        0.745        0.000                      0                   26  
**async_default**  clk_proc           clk_proc                 0.480        0.000                      0                 5649        0.740        0.000                      0                 5649  


------------------------------------------------------------------------------------------------
| Timing Details
| --------------
------------------------------------------------------------------------------------------------


---------------------------------------------------------------------------------------------------
From Clock:  cam_pclk
  To Clock:  cam_pclk

Setup :            0  Failing Endpoints,  Worst Slack        6.896ns,  Total Violation        0.000ns
Hold  :            0  Failing Endpoints,  Worst Slack        0.093ns,  Total Violation        0.000ns
PW    :            0  Failing Endpoints,  Worst Slack        7.250ns,  Total Violation        0.000ns
---------------------------------------------------------------------------------------------------


Max Delay Paths
--------------------------------------------------------------------------------------
Slack (MET) :             6.896ns  (required time - arrival time)
  Source:                 g_chan[0].u_cdc/wbin_reg[9]/C
                            (rising edge-triggered cell FDCE clocked by cam_pclk  {rise@0.000ns fall@8.500ns period=17.000ns})
  Destination:            g_chan[0].u_cdc/mem_reg_896_959_3_5/RAMA/WE
                            (rising edge-triggered cell RAMD64E clocked by cam_pclk  {rise@0.000ns fall@8.500ns period=17.000ns})
  Path Group:             cam_pclk
  Path Type:              Setup (Max at Slow Process Corner)
  Requirement:            17.000ns  (cam_pclk rise@17.000ns - cam_pclk rise@0.000ns)
  Data Path Delay:        9.395ns  (logic 2.175ns (23.150%)  route 7.220ns (76.850%))
  Logic Levels:           5  (CARRY4=2 LUT3=1 LUT6=2)
  Clock Path Skew:        -0.140ns (DCD - SCD + CPR)
    Destination Clock Delay (DCD):    5.131ns = ( 22.131 - 17.000 ) 
    Source Clock Delay      (SCD):    5.665ns
    Clock Pessimism Removal (CPR):    0.394ns
  Clock Uncertainty:      0.035ns  ((TSJ^2 + TIJ^2)^1/2 + DJ) / 2 + PE
    Total System Jitter     (TSJ):    0.071ns
    Total Input Jitter      (TIJ):    0.000ns
    Discrete Jitter          (DJ):    0.000ns
    Phase Error              (PE):    0.000ns

    Location             Delay type                Incr(ns)  Path(ns)    Netlist Resource(s)
  -------------------------------------------------------------------    -------------------
                         (clock cam_pclk rise edge)
                                                      0.000     0.000 r  
    W17                                               0.000     0.000 r  pclk (IN)
                         net (fo=0)                   0.000     0.000    pclk
    W17                  IBUF (Prop_ibuf_I_O)         1.484     1.484 r  pclk_IBUF_inst/O
                         net (fo=1, routed)           2.205     3.689    pclk_IBUF
    BUFGCTRL_X0Y0        BUFG (Prop_bufg_I_O)         0.101     3.790 r  pclk_IBUF_BUFG_inst/O
                         net (fo=884, routed)         1.875     5.665    g_chan[0].u_cdc/pclk_IBUF_BUFG
    SLICE_X109Y11        FDCE                                         r  g_chan[0].u_cdc/wbin_reg[9]/C
  -------------------------------------------------------------------    -------------------
    SLICE_X109Y11        FDCE (Prop_fdce_C_Q)         0.456     6.121 r  g_chan[0].u_cdc/wbin_reg[9]/Q
                         net (fo=34, routed)          0.938     7.059    g_chan[0].u_cdc/wbin_reg_n_0_[9]
    SLICE_X110Y11        CARRY4 (Prop_carry4_S[1]_O[3])
                                                      0.764     7.823 r  g_chan[0].u_cdc/wgray_reg[11]_i_1/O[3]
                         net (fo=3, routed)           1.233     9.056    g_chan[0].u_cdc/wnext[11]
    SLICE_X111Y5         LUT6 (Prop_lut6_I1_O)        0.306     9.362 r  g_chan[0].u_cdc/full_c_carry_i_1/O
                         net (fo=1, routed)           0.000     9.362    g_chan[0].u_cdc/full_c_carry_i_1_n_0
    SLICE_X111Y5         CARRY4 (Prop_carry4_S[3]_CO[3])
                                                      0.401     9.763 f  g_chan[0].u_cdc/full_c_carry/CO[3]
                         net (fo=3, routed)           1.365    11.128    u_cam/CO[0]
    SLICE_X113Y9         LUT3 (Prop_lut3_I2_O)        0.124    11.252 r  u_cam/mem_reg_0_63_0_2_i_5__0/O
                         net (fo=32, routed)          2.267    13.519    g_chan[0].u_cdc/mem_reg_1536_1599_3_5_0
    SLICE_X106Y1         LUT6 (Prop_lut6_I4_O)        0.124    13.643 r  g_chan[0].u_cdc/mem_reg_896_959_0_2_i_1/O
                         net (fo=12, routed)          1.417    15.061    g_chan[0].u_cdc/mem_reg_896_959_3_5/WE
    SLICE_X102Y10        RAMD64E                                      r  g_chan[0].u_cdc/mem_reg_896_959_3_5/RAMA/WE
  -------------------------------------------------------------------    -------------------

                         (clock cam_pclk rise edge)
                                                     17.000    17.000 r  
    W17                                               0.000    17.000 r  pclk (IN)
                         net (fo=0)                   0.000    17.000    pclk
    W17                  IBUF (Prop_ibuf_I_O)         1.414    18.414 r  pclk_IBUF_inst/O
                         net (fo=1, routed)           2.006    20.420    pclk_IBUF
    BUFGCTRL_X0Y0        BUFG (Prop_bufg_I_O)         0.091    20.511 r  pclk_IBUF_BUFG_inst/O
                         net (fo=884, routed)         1.620    22.131    g_chan[0].u_cdc/mem_reg_896_959_3_5/WCLK
    SLICE_X102Y10        RAMD64E                                      r  g_chan[0].u_cdc/mem_reg_896_959_3_5/RAMA/CLK
                         clock pessimism              0.394    22.525    
                         clock uncertainty           -0.035    22.490    
    SLICE_X102Y10        RAMD64E (Setup_ramd64e_CLK_WE)
                                                     -0.533    21.957    g_chan[0].u_cdc/mem_reg_896_959_3_5/RAMA
  -------------------------------------------------------------------
                         required time                         21.957    
                         arrival time                         -15.061    
  -------------------------------------------------------------------
                         slack                                  6.896    





Min Delay Paths
--------------------------------------------------------------------------------------
Slack (MET) :             0.093ns  (arrival time - required time)
  Source:                 g_chan[0].u_cdc/wbin_reg[0]/C
                            (rising edge-triggered cell FDCE clocked by cam_pclk  {rise@0.000ns fall@8.500ns period=17.000ns})
  Destination:            g_chan[0].u_cdc/mem_reg_1664_1727_0_2/RAMA/WADR0
                            (rising edge-triggered cell RAMD64E clocked by cam_pclk  {rise@0.000ns fall@8.500ns period=17.000ns})
  Path Group:             cam_pclk
  Path Type:              Hold (Min at Fast Process Corner)
  Requirement:            0.000ns  (cam_pclk rise@0.000ns - cam_pclk rise@0.000ns)
  Data Path Delay:        0.419ns  (logic 0.141ns (33.614%)  route 0.278ns (66.386%))
  Logic Levels:           0  
  Clock Path Skew:        0.016ns (DCD - SCD - CPR)
    Destination Clock Delay (DCD):    2.109ns
    Source Clock Delay      (SCD):    1.590ns
    Clock Pessimism Removal (CPR):    0.503ns

    Location             Delay type                Incr(ns)  Path(ns)    Netlist Resource(s)
  -------------------------------------------------------------------    -------------------
                         (clock cam_pclk rise edge)
                                                      0.000     0.000 r  
    W17                                               0.000     0.000 r  pclk (IN)
                         net (fo=0)                   0.000     0.000    pclk
    W17                  IBUF (Prop_ibuf_I_O)         0.252     0.252 r  pclk_IBUF_inst/O
                         net (fo=1, routed)           0.674     0.926    pclk_IBUF
    BUFGCTRL_X0Y0        BUFG (Prop_bufg_I_O)         0.026     0.952 r  pclk_IBUF_BUFG_inst/O
                         net (fo=884, routed)         0.638     1.590    g_chan[0].u_cdc/pclk_IBUF_BUFG
    SLICE_X109Y9         FDCE                                         r  g_chan[0].u_cdc/wbin_reg[0]/C
  -------------------------------------------------------------------    -------------------
    SLICE_X109Y9         FDCE (Prop_fdce_C_Q)         0.141     1.731 r  g_chan[0].u_cdc/wbin_reg[0]/Q
                         net (fo=484, routed)         0.278     2.009    g_chan[0].u_cdc/mem_reg_1664_1727_0_2/ADDRD0
    SLICE_X108Y7         RAMD64E                                      r  g_chan[0].u_cdc/mem_reg_1664_1727_0_2/RAMA/WADR0
  -------------------------------------------------------------------    -------------------

                         (clock cam_pclk rise edge)
                                                      0.000     0.000 r  
    W17                                               0.000     0.000 r  pclk (IN)
                         net (fo=0)                   0.000     0.000    pclk
    W17                  IBUF (Prop_ibuf_I_O)         0.440     0.440 r  pclk_IBUF_inst/O
                         net (fo=1, routed)           0.731     1.171    pclk_IBUF
    BUFGCTRL_X0Y0        BUFG (Prop_bufg_I_O)         0.029     1.200 r  pclk_IBUF_BUFG_inst/O
                         net (fo=884, routed)         0.909     2.109    g_chan[0].u_cdc/mem_reg_1664_1727_0_2/WCLK
    SLICE_X108Y7         RAMD64E                                      r  g_chan[0].u_cdc/mem_reg_1664_1727_0_2/RAMA/CLK
                         clock pessimism             -0.503     1.606    
    SLICE_X108Y7         RAMD64E (Hold_ramd64e_CLK_WADR0)
                                                      0.310     1.916    g_chan[0].u_cdc/mem_reg_1664_1727_0_2/RAMA
  -------------------------------------------------------------------
                         required time                         -1.916    
                         arrival time                           2.009    
  -------------------------------------------------------------------
                         slack                                  0.093    





Pulse Width Checks
--------------------------------------------------------------------------------------
Clock Name:         cam_pclk
Waveform(ns):       { 0.000 8.500 }
Period(ns):         17.000
Sources:            { pclk }

Check Type        Corner  Lib Pin      Reference Pin  Required(ns)  Actual(ns)  Slack(ns)  Location       Pin
Min Period        n/a     BUFG/I       n/a            2.155         17.000      14.845     BUFGCTRL_X0Y0  pclk_IBUF_BUFG_inst/I
Low Pulse Width   Slow    RAMD64E/CLK  n/a            1.250         8.500       7.250      SLICE_X108Y14  g_chan[0].u_cdc/mem_reg_0_63_0_2/RAMA/CLK
High Pulse Width  Slow    RAMD64E/CLK  n/a            1.250         8.500       7.250      SLICE_X108Y14  g_chan[0].u_cdc/mem_reg_0_63_0_2/RAMA/CLK



---------------------------------------------------------------------------------------------------
From Clock:  sys_clk_50m
  To Clock:  sys_clk_50m

Setup :            0  Failing Endpoints,  Worst Slack       10.182ns,  Total Violation        0.000ns
Hold  :            0  Failing Endpoints,  Worst Slack        0.151ns,  Total Violation        0.000ns
PW    :            0  Failing Endpoints,  Worst Slack        7.000ns,  Total Violation        0.000ns
---------------------------------------------------------------------------------------------------


Max Delay Paths
--------------------------------------------------------------------------------------
Slack (MET) :             10.182ns  (required time - arrival time)
  Source:                 u_cam/rom_idx_reg_rep[0]/C
                            (rising edge-triggered cell FDCE clocked by sys_clk_50m  {rise@0.000ns fall@10.000ns period=20.000ns})
  Destination:            u_cam/delay_cnt_reg[21]/D
                            (rising edge-triggered cell FDCE clocked by sys_clk_50m  {rise@0.000ns fall@10.000ns period=20.000ns})
  Path Group:             sys_clk_50m
  Path Type:              Setup (Max at Slow Process Corner)
  Requirement:            20.000ns  (sys_clk_50m rise@20.000ns - sys_clk_50m rise@0.000ns)
  Data Path Delay:        9.595ns  (logic 4.669ns (48.660%)  route 4.926ns (51.340%))
  Logic Levels:           4  (DSP48E1=1 LUT4=1 LUT6=2)
  Clock Path Skew:        -0.220ns (DCD - SCD + CPR)
    Destination Clock Delay (DCD):    4.959ns = ( 24.959 - 20.000 ) 
    Source Clock Delay      (SCD):    5.471ns
    Clock Pessimism Removal (CPR):    0.293ns
  Clock Uncertainty:      0.035ns  ((TSJ^2 + TIJ^2)^1/2 + DJ) / 2 + PE
    Total System Jitter     (TSJ):    0.071ns
    Total Input Jitter      (TIJ):    0.000ns
    Discrete Jitter          (DJ):    0.000ns
    Phase Error              (PE):    0.000ns

    Location             Delay type                Incr(ns)  Path(ns)    Netlist Resource(s)
  -------------------------------------------------------------------    -------------------
                         (clock sys_clk_50m rise edge)
                                                      0.000     0.000 r  
    M19                                               0.000     0.000 r  sys_clk (IN)
                         net (fo=0)                   0.000     0.000    sys_clk
    M19                  IBUF (Prop_ibuf_I_O)         1.436     1.436 r  sys_clk_IBUF_inst/O
                         net (fo=1, routed)           2.205     3.641    sys_clk_IBUF
    BUFGCTRL_X0Y16       BUFG (Prop_bufg_I_O)         0.101     3.742 r  sys_clk_IBUF_BUFG_inst/O
                         net (fo=173, routed)         1.729     5.471    u_cam/sys_clk_IBUF_BUFG
    SLICE_X55Y1          FDCE                                         r  u_cam/rom_idx_reg_rep[0]/C
  -------------------------------------------------------------------    -------------------
    SLICE_X55Y1          FDCE (Prop_fdce_C_Q)         0.456     5.927 r  u_cam/rom_idx_reg_rep[0]/Q
                         net (fo=81, routed)          1.887     7.815    u_cam/idx[0]
    SLICE_X54Y2          LUT6 (Prop_lut6_I3_O)        0.124     7.939 r  u_cam/sccb_wdata[1]_i_5/O
                         net (fo=1, routed)           0.663     8.602    u_cam/sccb_wdata[1]_i_5_n_0
    SLICE_X54Y2          LUT6 (Prop_lut6_I5_O)        0.124     8.726 r  u_cam/sccb_wdata[1]_i_1/O
                         net (fo=2, routed)           1.178     9.904    u_cam/sccb_wdata[1]_i_1_n_0
    DSP48_X2Y0           DSP48E1 (Prop_dsp48e1_A[1]_P[21])
                                                      3.841    13.745 r  u_cam/delay_cnt0/P[21]
                         net (fo=1, routed)           1.198    14.943    u_cam/delay_cnt0_n_84
    SLICE_X37Y4          LUT4 (Prop_lut4_I1_O)        0.124    15.067 r  u_cam/delay_cnt[21]_i_1/O
                         net (fo=1, routed)           0.000    15.067    u_cam/delay_cnt[21]_i_1_n_0
    SLICE_X37Y4          FDCE                                         r  u_cam/delay_cnt_reg[21]/D
  -------------------------------------------------------------------    -------------------

                         (clock sys_clk_50m rise edge)
                                                     20.000    20.000 r  
    M19                                               0.000    20.000 r  sys_clk (IN)
                         net (fo=0)                   0.000    20.000    sys_clk
    M19                  IBUF (Prop_ibuf_I_O)         1.366    21.366 r  sys_clk_IBUF_inst/O
                         net (fo=1, routed)           2.006    23.372    sys_clk_IBUF
    BUFGCTRL_X0Y16       BUFG (Prop_bufg_I_O)         0.091    23.463 r  sys_clk_IBUF_BUFG_inst/O
                         net (fo=173, routed)         1.495    24.959    u_cam/sys_clk_IBUF_BUFG
    SLICE_X37Y4          FDCE                                         r  u_cam/delay_cnt_reg[21]/C
                         clock pessimism              0.293    25.252    
                         clock uncertainty           -0.035    25.216    
    SLICE_X37Y4          FDCE (Setup_fdce_C_D)        0.032    25.248    u_cam/delay_cnt_reg[21]
  -------------------------------------------------------------------
                         required time                         25.248    
                         arrival time                         -15.067    
  -------------------------------------------------------------------
                         slack                                 10.182    





Min Delay Paths
--------------------------------------------------------------------------------------
Slack (MET) :             0.151ns  (arrival time - required time)
  Source:                 u_cam/u_sccb/rd_data_reg[4]/C
                            (rising edge-triggered cell FDCE clocked by sys_clk_50m  {rise@0.000ns fall@10.000ns period=20.000ns})
  Destination:            u_cam/chip_id_reg[4]/D
                            (rising edge-triggered cell FDPE clocked by sys_clk_50m  {rise@0.000ns fall@10.000ns period=20.000ns})
  Path Group:             sys_clk_50m
  Path Type:              Hold (Min at Fast Process Corner)
  Requirement:            0.000ns  (sys_clk_50m rise@0.000ns - sys_clk_50m rise@0.000ns)
  Data Path Delay:        0.211ns  (logic 0.141ns (66.945%)  route 0.070ns (33.055%))
  Logic Levels:           0  
  Clock Path Skew:        0.013ns (DCD - SCD - CPR)
    Destination Clock Delay (DCD):    1.976ns
    Source Clock Delay      (SCD):    1.461ns
    Clock Pessimism Removal (CPR):    0.502ns

    Location             Delay type                Incr(ns)  Path(ns)    Netlist Resource(s)
  -------------------------------------------------------------------    -------------------
                         (clock sys_clk_50m rise edge)
                                                      0.000     0.000 r  
    M19                                               0.000     0.000 r  sys_clk (IN)
                         net (fo=0)                   0.000     0.000    sys_clk
    M19                  IBUF (Prop_ibuf_I_O)         0.205     0.205 r  sys_clk_IBUF_inst/O
                         net (fo=1, routed)           0.674     0.879    sys_clk_IBUF
    BUFGCTRL_X0Y16       BUFG (Prop_bufg_I_O)         0.026     0.905 r  sys_clk_IBUF_BUFG_inst/O
                         net (fo=173, routed)         0.557     1.461    u_cam/u_sccb/sys_clk_IBUF_BUFG
    SLICE_X53Y7          FDCE                                         r  u_cam/u_sccb/rd_data_reg[4]/C
  -------------------------------------------------------------------    -------------------
    SLICE_X53Y7          FDCE (Prop_fdce_C_Q)         0.141     1.602 r  u_cam/u_sccb/rd_data_reg[4]/Q
                         net (fo=2, routed)           0.070     1.672    u_cam/u_sccb_n_12
    SLICE_X52Y7          FDPE                                         r  u_cam/chip_id_reg[4]/D
  -------------------------------------------------------------------    -------------------

                         (clock sys_clk_50m rise edge)
                                                      0.000     0.000 r  
    M19                                               0.000     0.000 r  sys_clk (IN)
                         net (fo=0)                   0.000     0.000    sys_clk
    M19                  IBUF (Prop_ibuf_I_O)         0.392     0.392 r  sys_clk_IBUF_inst/O
                         net (fo=1, routed)           0.731     1.123    sys_clk_IBUF
    BUFGCTRL_X0Y16       BUFG (Prop_bufg_I_O)         0.029     1.152 r  sys_clk_IBUF_BUFG_inst/O
                         net (fo=173, routed)         0.824     1.976    u_cam/sys_clk_IBUF_BUFG
    SLICE_X52Y7          FDPE                                         r  u_cam/chip_id_reg[4]/C
                         clock pessimism             -0.502     1.474    
    SLICE_X52Y7          FDPE (Hold_fdpe_C_D)         0.047     1.521    u_cam/chip_id_reg[4]
  -------------------------------------------------------------------
                         required time                         -1.521    
                         arrival time                           1.672    
  -------------------------------------------------------------------
                         slack                                  0.151    





Pulse Width Checks
--------------------------------------------------------------------------------------
Clock Name:         sys_clk_50m
Waveform(ns):       { 0.000 10.000 }
Period(ns):         20.000
Sources:            { sys_clk }

Check Type        Corner  Lib Pin            Reference Pin  Required(ns)  Actual(ns)  Slack(ns)  Location         Pin
Min Period        n/a     BUFG/I             n/a            2.155         20.000      17.845     BUFGCTRL_X0Y16   sys_clk_IBUF_BUFG_inst/I
Max Period        n/a     MMCME2_ADV/CLKIN1  n/a            100.000       20.000      80.000     MMCME2_ADV_X1Y0  u_mmcm/CLKIN1
Low Pulse Width   Slow    MMCME2_ADV/CLKIN1  n/a            3.000         10.000      7.000      MMCME2_ADV_X1Y0  u_mmcm/CLKIN1
High Pulse Width  Slow    MMCME2_ADV/CLKIN1  n/a            3.000         10.000      7.000      MMCME2_ADV_X1Y0  u_mmcm/CLKIN1



---------------------------------------------------------------------------------------------------
From Clock:  clk_mmcm_fb
  To Clock:  clk_mmcm_fb

Setup :           NA  Failing Endpoints,  Worst Slack           NA  ,  Total Violation           NA
Hold  :           NA  Failing Endpoints,  Worst Slack           NA  ,  Total Violation           NA
PW    :            0  Failing Endpoints,  Worst Slack       18.751ns,  Total Violation        0.000ns
---------------------------------------------------------------------------------------------------


Pulse Width Checks
--------------------------------------------------------------------------------------
Clock Name:         clk_mmcm_fb
Waveform(ns):       { 0.000 10.000 }
Period(ns):         20.000
Sources:            { u_mmcm/CLKFBOUT }

Check Type  Corner  Lib Pin              Reference Pin  Required(ns)  Actual(ns)  Slack(ns)  Location         Pin
Min Period  n/a     MMCME2_ADV/CLKFBOUT  n/a            1.249         20.000      18.751     MMCME2_ADV_X1Y0  u_mmcm/CLKFBOUT
Max Period  n/a     MMCME2_ADV/CLKFBIN   n/a            100.000       20.000      80.000     MMCME2_ADV_X1Y0  u_mmcm/CLKFBIN



---------------------------------------------------------------------------------------------------
From Clock:  clk_pix
  To Clock:  clk_pix

Setup :            0  Failing Endpoints,  Worst Slack        7.464ns,  Total Violation        0.000ns
Hold  :            0  Failing Endpoints,  Worst Slack        0.122ns,  Total Violation        0.000ns
PW    :            0  Failing Endpoints,  Worst Slack        6.167ns,  Total Violation        0.000ns
---------------------------------------------------------------------------------------------------


Max Delay Paths
--------------------------------------------------------------------------------------
Slack (MET) :             7.464ns  (required time - arrival time)
  Source:                 u_vga/cx_reg[7]/C
                            (rising edge-triggered cell FDCE clocked by clk_pix  {rise@0.000ns fall@6.667ns period=13.333ns})
  Destination:            u_vga/cy_reg[12]/D
                            (rising edge-triggered cell FDCE clocked by clk_pix  {rise@0.000ns fall@6.667ns period=13.333ns})
  Path Group:             clk_pix
  Path Type:              Setup (Max at Slow Process Corner)
  Requirement:            13.333ns  (clk_pix rise@13.333ns - clk_pix rise@0.000ns)
  Data Path Delay:        5.788ns  (logic 2.207ns (38.132%)  route 3.581ns (61.868%))
  Logic Levels:           7  (CARRY4=3 LUT3=1 LUT4=1 LUT5=1 LUT6=1)
  Clock Path Skew:        -0.062ns (DCD - SCD + CPR)
    Destination Clock Delay (DCD):    8.521ns = ( 21.855 - 13.333 ) 
    Source Clock Delay      (SCD):    9.349ns
    Clock Pessimism Removal (CPR):    0.766ns
  Clock Uncertainty:      0.082ns  ((TSJ^2 + DJ^2)^1/2) / 2 + PE
    Total System Jitter     (TSJ):    0.071ns
    Discrete Jitter          (DJ):    0.148ns
    Phase Error              (PE):    0.000ns

    Location             Delay type                Incr(ns)  Path(ns)    Netlist Resource(s)
  -------------------------------------------------------------------    -------------------
                         (clock clk_pix rise edge)    0.000     0.000 r  
    M19                                               0.000     0.000 r  sys_clk (IN)
                         net (fo=0)                   0.000     0.000    sys_clk
    M19                  IBUF (Prop_ibuf_I_O)         1.436     1.436 r  sys_clk_IBUF_inst/O
                         net (fo=1, routed)           2.205     3.641    sys_clk_IBUF
    BUFGCTRL_X0Y16       BUFG (Prop_bufg_I_O)         0.101     3.742 r  sys_clk_IBUF_BUFG_inst/O
                         net (fo=173, routed)         1.806     5.548    sys_clk_IBUF_BUFG
    MMCME2_ADV_X1Y0      MMCME2_ADV (Prop_mmcme2_adv_CLKIN1_CLKOUT1)
                                                      0.088     5.636 r  u_mmcm/CLKOUT1
                         net (fo=1, routed)           1.889     7.525    clk_pix
    BUFGCTRL_X0Y2        BUFG (Prop_bufg_I_O)         0.101     7.626 r  clk_pix_BUFG_inst/O
                         net (fo=28, routed)          1.723     9.349    u_vga/clk_pix
    SLICE_X63Y14         FDCE                                         r  u_vga/cx_reg[7]/C
  -------------------------------------------------------------------    -------------------
    SLICE_X63Y14         FDCE (Prop_fdce_C_Q)         0.419     9.768 r  u_vga/cx_reg[7]/Q
                         net (fo=4, routed)           0.975    10.744    u_vga/cx_reg_n_0_[7]
    SLICE_X59Y14         LUT4 (Prop_lut4_I1_O)        0.299    11.043 r  u_vga/cx[12]_i_5/O
                         net (fo=1, routed)           0.733    11.776    u_vga/cx[12]_i_5_n_0
    SLICE_X60Y14         LUT6 (Prop_lut6_I0_O)        0.124    11.900 f  u_vga/cx[12]_i_3/O
                         net (fo=28, routed)          1.249    13.149    u_vga/cy[0]_i_1_n_0
    SLICE_X58Y11         LUT3 (Prop_lut3_I2_O)        0.150    13.299 r  u_vga/cy[4]_i_6/O
                         net (fo=1, routed)           0.623    13.922    u_vga/cy[4]_i_6_n_0
    SLICE_X59Y11         LUT5 (Prop_lut5_I4_O)        0.328    14.250 r  u_vga/cy[4]_i_4/O
                         net (fo=1, routed)           0.000    14.250    u_vga/cy[4]_i_4_n_0
    SLICE_X59Y11         CARRY4 (Prop_carry4_S[1]_CO[3])
                                                      0.550    14.800 r  u_vga/cy_reg[4]_i_1/CO[3]
                         net (fo=1, routed)           0.000    14.800    u_vga/cy_reg[4]_i_1_n_0
    SLICE_X59Y12         CARRY4 (Prop_carry4_CI_CO[3])
                                                      0.114    14.914 r  u_vga/cy_reg[8]_i_1/CO[3]
                         net (fo=1, routed)           0.000    14.914    u_vga/cy_reg[8]_i_1_n_0
    SLICE_X59Y13         CARRY4 (Prop_carry4_CI_O[0])
                                                      0.223    15.137 r  u_vga/cy_reg[12]_i_1/O[0]
                         net (fo=1, routed)           0.000    15.137    u_vga/cy_reg[12]_i_1_n_7
    SLICE_X59Y13         FDCE                                         r  u_vga/cy_reg[12]/D
  -------------------------------------------------------------------    -------------------

                         (clock clk_pix rise edge)   13.333    13.333 r  
    M19                                               0.000    13.333 r  sys_clk (IN)
                         net (fo=0)                   0.000    13.333    sys_clk
    M19                  IBUF (Prop_ibuf_I_O)         1.366    14.700 r  sys_clk_IBUF_inst/O
                         net (fo=1, routed)           2.006    16.706    sys_clk_IBUF
    BUFGCTRL_X0Y16       BUFG (Prop_bufg_I_O)         0.091    16.797 r  sys_clk_IBUF_BUFG_inst/O
                         net (fo=173, routed)         1.612    18.409    sys_clk_IBUF_BUFG
    MMCME2_ADV_X1Y0      MMCME2_ADV (Prop_mmcme2_adv_CLKIN1_CLKOUT1)
                                                      0.083    18.492 r  u_mmcm/CLKOUT1
                         net (fo=1, routed)           1.725    20.217    clk_pix
    BUFGCTRL_X0Y2        BUFG (Prop_bufg_I_O)         0.091    20.308 r  clk_pix_BUFG_inst/O
                         net (fo=28, routed)          1.546    21.855    u_vga/clk_pix
    SLICE_X59Y13         FDCE                                         r  u_vga/cy_reg[12]/C
                         clock pessimism              0.766    22.621    
                         clock uncertainty           -0.082    22.539    
    SLICE_X59Y13         FDCE (Setup_fdce_C_D)        0.062    22.601    u_vga/cy_reg[12]
  -------------------------------------------------------------------
                         required time                         22.601    
                         arrival time                         -15.137    
  -------------------------------------------------------------------
                         slack                                  7.464    





Min Delay Paths
--------------------------------------------------------------------------------------
Slack (MET) :             0.122ns  (arrival time - required time)
  Source:                 u_rx/sync_ff_reg[0]/C
                            (rising edge-triggered cell FDCE clocked by clk_pix  {rise@0.000ns fall@6.667ns period=13.333ns})
  Destination:            u_rx/sync_ff_reg[1]/D
                            (rising edge-triggered cell FDCE clocked by clk_pix  {rise@0.000ns fall@6.667ns period=13.333ns})
  Path Group:             clk_pix
  Path Type:              Hold (Min at Fast Process Corner)
  Requirement:            0.000ns  (clk_pix rise@0.000ns - clk_pix rise@0.000ns)
  Data Path Delay:        0.197ns  (logic 0.141ns (71.611%)  route 0.056ns (28.389%))
  Logic Levels:           0  
  Clock Path Skew:        0.000ns (DCD - SCD - CPR)
    Destination Clock Delay (DCD):    3.493ns
    Source Clock Delay      (SCD):    2.659ns
    Clock Pessimism Removal (CPR):    0.834ns

    Location             Delay type                Incr(ns)  Path(ns)    Netlist Resource(s)
  -------------------------------------------------------------------    -------------------
                         (clock clk_pix rise edge)    0.000     0.000 r  
    M19                                               0.000     0.000 r  sys_clk (IN)
                         net (fo=0)                   0.000     0.000    sys_clk
    M19                  IBUF (Prop_ibuf_I_O)         0.205     0.205 r  sys_clk_IBUF_inst/O
                         net (fo=1, routed)           0.674     0.879    sys_clk_IBUF
    BUFGCTRL_X0Y16       BUFG (Prop_bufg_I_O)         0.026     0.905 r  sys_clk_IBUF_BUFG_inst/O
                         net (fo=173, routed)         0.597     1.501    sys_clk_IBUF_BUFG
    MMCME2_ADV_X1Y0      MMCME2_ADV (Prop_mmcme2_adv_CLKIN1_CLKOUT1)
                                                      0.050     1.551 r  u_mmcm/CLKOUT1
                         net (fo=1, routed)           0.529     2.080    clk_pix
    BUFGCTRL_X0Y2        BUFG (Prop_bufg_I_O)         0.026     2.106 r  clk_pix_BUFG_inst/O
                         net (fo=28, routed)          0.553     2.659    u_rx/clk_pix
    SLICE_X49Y17         FDCE                                         r  u_rx/sync_ff_reg[0]/C
  -------------------------------------------------------------------    -------------------
    SLICE_X49Y17         FDCE (Prop_fdce_C_Q)         0.141     2.800 r  u_rx/sync_ff_reg[0]/Q
                         net (fo=1, routed)           0.056     2.856    u_rx/sync_ff[0]
    SLICE_X49Y17         FDCE                                         r  u_rx/sync_ff_reg[1]/D
  -------------------------------------------------------------------    -------------------

                         (clock clk_pix rise edge)    0.000     0.000 r  
    M19                                               0.000     0.000 r  sys_clk (IN)
                         net (fo=0)                   0.000     0.000    sys_clk
    M19                  IBUF (Prop_ibuf_I_O)         0.392     0.392 r  sys_clk_IBUF_inst/O
                         net (fo=1, routed)           0.731     1.123    sys_clk_IBUF
    BUFGCTRL_X0Y16       BUFG (Prop_bufg_I_O)         0.029     1.152 r  sys_clk_IBUF_BUFG_inst/O
                         net (fo=173, routed)         0.864     2.016    sys_clk_IBUF_BUFG
    MMCME2_ADV_X1Y0      MMCME2_ADV (Prop_mmcme2_adv_CLKIN1_CLKOUT1)
                                                      0.053     2.069 r  u_mmcm/CLKOUT1
                         net (fo=1, routed)           0.576     2.645    clk_pix
    BUFGCTRL_X0Y2        BUFG (Prop_bufg_I_O)         0.029     2.674 r  clk_pix_BUFG_inst/O
                         net (fo=28, routed)          0.819     3.493    u_rx/clk_pix
    SLICE_X49Y17         FDCE                                         r  u_rx/sync_ff_reg[1]/C
                         clock pessimism             -0.834     2.659    
    SLICE_X49Y17         FDCE (Hold_fdce_C_D)         0.075     2.734    u_rx/sync_ff_reg[1]
  -------------------------------------------------------------------
                         required time                         -2.734    
                         arrival time                           2.856    
  -------------------------------------------------------------------
                         slack                                  0.122    





Pulse Width Checks
--------------------------------------------------------------------------------------
Clock Name:         clk_pix
Waveform(ns):       { 0.000 6.667 }
Period(ns):         13.333
Sources:            { u_mmcm/CLKOUT1 }

Check Type        Corner  Lib Pin             Reference Pin  Required(ns)  Actual(ns)  Slack(ns)  Location         Pin
Min Period        n/a     BUFG/I              n/a            2.155         13.333      11.178     BUFGCTRL_X0Y2    clk_pix_BUFG_inst/I
Max Period        n/a     MMCME2_ADV/CLKOUT1  n/a            213.360       13.333      200.027    MMCME2_ADV_X1Y0  u_mmcm/CLKOUT1
Low Pulse Width   Slow    FDCE/C              n/a            0.500         6.667       6.167      SLICE_X49Y17     u_rx/sync_ff_reg[0]/C
High Pulse Width  Slow    FDCE/C              n/a            0.500         6.667       6.167      SLICE_X49Y17     u_rx/sync_ff_reg[0]/C



---------------------------------------------------------------------------------------------------
From Clock:  clk_proc
  To Clock:  clk_proc

Setup :            0  Failing Endpoints,  Worst Slack        0.039ns,  Total Violation        0.000ns
Hold  :            0  Failing Endpoints,  Worst Slack        0.072ns,  Total Violation        0.000ns
PW    :            0  Failing Endpoints,  Worst Slack        1.528ns,  Total Violation        0.000ns
---------------------------------------------------------------------------------------------------


Max Delay Paths
--------------------------------------------------------------------------------------
Slack (MET) :             0.039ns  (required time - arrival time)
  Source:                 g_chan[0].u_canny/u_hyst/strong_mem_reg_6/CLKBWRCLK
                            (rising edge-triggered cell RAMB36E1 clocked by clk_proc  {rise@0.000ns fall@2.778ns period=5.556ns})
  Destination:            g_chan[0].u_canny/u_hyst/m_edge_d_reg/D
                            (rising edge-triggered cell FDRE clocked by clk_proc  {rise@0.000ns fall@2.778ns period=5.556ns})
  Path Group:             clk_proc
  Path Type:              Setup (Max at Slow Process Corner)
  Requirement:            5.556ns  (clk_proc rise@5.556ns - clk_proc rise@0.000ns)
  Data Path Delay:        5.379ns  (logic 3.545ns (65.906%)  route 1.834ns (34.094%))
  Logic Levels:           3  (LUT6=2 RAMB36E1=1)
  Clock Path Skew:        -0.096ns (DCD - SCD + CPR)
    Destination Clock Delay (DCD):    8.528ns = ( 14.084 - 5.556 ) 
    Source Clock Delay      (SCD):    9.391ns
    Clock Pessimism Removal (CPR):    0.766ns
  Clock Uncertainty:      0.073ns  ((TSJ^2 + DJ^2)^1/2) / 2 + PE
    Total System Jitter     (TSJ):    0.071ns
    Discrete Jitter          (DJ):    0.127ns
    Phase Error              (PE):    0.000ns

    Location             Delay type                Incr(ns)  Path(ns)    Netlist Resource(s)
  -------------------------------------------------------------------    -------------------
                         (clock clk_proc rise edge)
                                                      0.000     0.000 r  
    M19                                               0.000     0.000 r  sys_clk (IN)
                         net (fo=0)                   0.000     0.000    sys_clk
    M19                  IBUF (Prop_ibuf_I_O)         1.436     1.436 r  sys_clk_IBUF_inst/O
                         net (fo=1, routed)           2.205     3.641    sys_clk_IBUF
    BUFGCTRL_X0Y16       BUFG (Prop_bufg_I_O)         0.101     3.742 r  sys_clk_IBUF_BUFG_inst/O
                         net (fo=173, routed)         1.806     5.548    sys_clk_IBUF_BUFG
    MMCME2_ADV_X1Y0      MMCME2_ADV (Prop_mmcme2_adv_CLKIN1_CLKOUT0)
                                                      0.088     5.636 r  u_mmcm/CLKOUT0
                         net (fo=1, routed)           1.889     7.525    clk_proc
    BUFGCTRL_X0Y1        BUFG (Prop_bufg_I_O)         0.101     7.626 r  clk_proc_BUFG_inst/O
                         net (fo=8023, routed)        1.764     9.391    g_chan[0].u_canny/u_hyst/clk_proc_BUFG
    RAMB36_X3Y2          RAMB36E1                                     r  g_chan[0].u_canny/u_hyst/strong_mem_reg_6/CLKBWRCLK
  -------------------------------------------------------------------    -------------------
    RAMB36_X3Y2          RAMB36E1 (Prop_ramb36e1_CLKBWRCLK_CASCADEOUTB)
                                                      2.872    12.263 r  g_chan[0].u_canny/u_hyst/strong_mem_reg_6/CASCADEOUTB
                         net (fo=1, routed)           0.065    12.328    g_chan[0].u_canny/u_hyst/strong_mem_reg_6_n_1
    RAMB36_X3Y3          RAMB36E1 (Prop_ramb36e1_CASCADEINB_DOBDO[0])
                                                      0.425    12.753 r  g_chan[0].u_canny/u_hyst/strong_mem_reg_7/DOBDO[0]
                         net (fo=2, routed)           1.506    14.259    g_chan[0].u_canny/u_hyst/strong_mem_reg_7_n_67
    SLICE_X77Y14         LUT6 (Prop_lut6_I0_O)        0.124    14.383 r  g_chan[0].u_canny/u_hyst/win_data_r[0]_i_2/O
                         net (fo=1, routed)           0.263    14.646    g_chan[0].u_canny/u_hyst/win_data_r[0]_i_2_n_0
    SLICE_X77Y14         LUT6 (Prop_lut6_I2_O)        0.124    14.770 r  g_chan[0].u_canny/u_hyst/m_edge_d_i_1/O
                         net (fo=1, routed)           0.000    14.770    g_chan[0].u_canny/u_hyst/m_edge_d_i_1_n_0
    SLICE_X77Y14         FDRE                                         r  g_chan[0].u_canny/u_hyst/m_edge_d_reg/D
  -------------------------------------------------------------------    -------------------

                         (clock clk_proc rise edge)
                                                      5.556     5.556 r  
    M19                                               0.000     5.556 r  sys_clk (IN)
                         net (fo=0)                   0.000     5.556    sys_clk
    M19                  IBUF (Prop_ibuf_I_O)         1.366     6.922 r  sys_clk_IBUF_inst/O
                         net (fo=1, routed)           2.006     8.928    sys_clk_IBUF
    BUFGCTRL_X0Y16       BUFG (Prop_bufg_I_O)         0.091     9.019 r  sys_clk_IBUF_BUFG_inst/O
                         net (fo=173, routed)         1.612    10.631    sys_clk_IBUF_BUFG
    MMCME2_ADV_X1Y0      MMCME2_ADV (Prop_mmcme2_adv_CLKIN1_CLKOUT0)
                                                      0.083    10.714 r  u_mmcm/CLKOUT0
                         net (fo=1, routed)           1.725    12.439    clk_proc
    BUFGCTRL_X0Y1        BUFG (Prop_bufg_I_O)         0.091    12.530 r  clk_proc_BUFG_inst/O
                         net (fo=8023, routed)        1.553    14.084    g_chan[0].u_canny/u_hyst/clk_proc_BUFG
    SLICE_X77Y14         FDRE                                         r  g_chan[0].u_canny/u_hyst/m_edge_d_reg/C
                         clock pessimism              0.766    14.850    
                         clock uncertainty           -0.073    14.777    
    SLICE_X77Y14         FDRE (Setup_fdre_C_D)        0.031    14.808    g_chan[0].u_canny/u_hyst/m_edge_d_reg
  -------------------------------------------------------------------
                         required time                         14.808    
                         arrival time                         -14.770    
  -------------------------------------------------------------------
                         slack                                  0.039    





Min Delay Paths
--------------------------------------------------------------------------------------
Slack (MET) :             0.072ns  (arrival time - required time)
  Source:                 g_chan[1].u_canny/u_med/u_win/x_reg[0]/C
                            (rising edge-triggered cell FDCE clocked by clk_proc  {rise@0.000ns fall@2.778ns period=5.556ns})
  Destination:            g_chan[1].u_canny/u_win/g_bank[1].mem_b_reg_256_511_3_3__0/RAMS64E_A/ADR0
                            (rising edge-triggered cell RAMS64E clocked by clk_proc  {rise@0.000ns fall@2.778ns period=5.556ns})
  Path Group:             clk_proc
  Path Type:              Hold (Min at Fast Process Corner)
  Requirement:            0.000ns  (clk_proc rise@0.000ns - clk_proc rise@0.000ns)
  Data Path Delay:        0.395ns  (logic 0.141ns (35.713%)  route 0.254ns (64.287%))
  Logic Levels:           0  
  Clock Path Skew:        0.013ns (DCD - SCD - CPR)
    Destination Clock Delay (DCD):    3.556ns
    Source Clock Delay      (SCD):    2.719ns
    Clock Pessimism Removal (CPR):    0.824ns

    Location             Delay type                Incr(ns)  Path(ns)    Netlist Resource(s)
  -------------------------------------------------------------------    -------------------
                         (clock clk_proc rise edge)
                                                      0.000     0.000 r  
    M19                                               0.000     0.000 r  sys_clk (IN)
                         net (fo=0)                   0.000     0.000    sys_clk
    M19                  IBUF (Prop_ibuf_I_O)         0.205     0.205 r  sys_clk_IBUF_inst/O
                         net (fo=1, routed)           0.674     0.879    sys_clk_IBUF
    BUFGCTRL_X0Y16       BUFG (Prop_bufg_I_O)         0.026     0.905 r  sys_clk_IBUF_BUFG_inst/O
                         net (fo=173, routed)         0.597     1.501    sys_clk_IBUF_BUFG
    MMCME2_ADV_X1Y0      MMCME2_ADV (Prop_mmcme2_adv_CLKIN1_CLKOUT0)
                                                      0.050     1.551 r  u_mmcm/CLKOUT0
                         net (fo=1, routed)           0.529     2.080    clk_proc
    BUFGCTRL_X0Y1        BUFG (Prop_bufg_I_O)         0.026     2.106 r  clk_proc_BUFG_inst/O
                         net (fo=8023, routed)        0.613     2.719    g_chan[1].u_canny/u_med/u_win/clk_proc_BUFG
    SLICE_X101Y48        FDCE                                         r  g_chan[1].u_canny/u_med/u_win/x_reg[0]/C
  -------------------------------------------------------------------    -------------------
    SLICE_X101Y48        FDCE (Prop_fdce_C_Q)         0.141     2.860 r  g_chan[1].u_canny/u_med/u_win/x_reg[0]/Q
                         net (fo=146, routed)         0.254     3.114    g_chan[1].u_canny/u_win/g_bank[1].mem_b_reg_256_511_3_3__0/A0
    SLICE_X100Y48        RAMS64E                                      r  g_chan[1].u_canny/u_win/g_bank[1].mem_b_reg_256_511_3_3__0/RAMS64E_A/ADR0
  -------------------------------------------------------------------    -------------------

                         (clock clk_proc rise edge)
                                                      0.000     0.000 r  
    M19                                               0.000     0.000 r  sys_clk (IN)
                         net (fo=0)                   0.000     0.000    sys_clk
    M19                  IBUF (Prop_ibuf_I_O)         0.392     0.392 r  sys_clk_IBUF_inst/O
                         net (fo=1, routed)           0.731     1.123    sys_clk_IBUF
    BUFGCTRL_X0Y16       BUFG (Prop_bufg_I_O)         0.029     1.152 r  sys_clk_IBUF_BUFG_inst/O
                         net (fo=173, routed)         0.864     2.016    sys_clk_IBUF_BUFG
    MMCME2_ADV_X1Y0      MMCME2_ADV (Prop_mmcme2_adv_CLKIN1_CLKOUT0)
                                                      0.053     2.069 r  u_mmcm/CLKOUT0
                         net (fo=1, routed)           0.576     2.645    clk_proc
    BUFGCTRL_X0Y1        BUFG (Prop_bufg_I_O)         0.029     2.674 r  clk_proc_BUFG_inst/O
                         net (fo=8023, routed)        0.882     3.556    g_chan[1].u_canny/u_win/g_bank[1].mem_b_reg_256_511_3_3__0/WCLK
    SLICE_X100Y48        RAMS64E                                      r  g_chan[1].u_canny/u_win/g_bank[1].mem_b_reg_256_511_3_3__0/RAMS64E_A/CLK
                         clock pessimism             -0.824     2.732    
    SLICE_X100Y48        RAMS64E (Hold_rams64e_CLK_ADR0)
                                                      0.310     3.042    g_chan[1].u_canny/u_win/g_bank[1].mem_b_reg_256_511_3_3__0/RAMS64E_A
  -------------------------------------------------------------------
                         required time                         -3.042    
                         arrival time                           3.114    
  -------------------------------------------------------------------
                         slack                                  0.072    





Pulse Width Checks
--------------------------------------------------------------------------------------
Clock Name:         clk_proc
Waveform(ns):       { 0.000 2.778 }
Period(ns):         5.556
Sources:            { u_mmcm/CLKOUT0 }

Check Type        Corner  Lib Pin             Reference Pin  Required(ns)  Actual(ns)  Slack(ns)  Location         Pin
Min Period        n/a     RAMB36E1/CLKARDCLK  n/a            3.363         5.556       2.193      RAMB36_X3Y0      g_chan[0].u_canny/u_hyst/strong_mem_reg_0/CLKARDCLK
Max Period        n/a     MMCME2_ADV/CLKOUT0  n/a            213.360       5.556       207.804    MMCME2_ADV_X1Y0  u_mmcm/CLKOUT0
Low Pulse Width   Slow    RAMS64E/CLK         n/a            1.250         2.778       1.528      SLICE_X50Y12     g_chan[0].u_canny/u_hyst/u_win/g_bank[0].mem_b_reg_0_127_0_0/HIGH/CLK
High Pulse Width  Slow    RAMS64E/CLK         n/a            1.250         2.778       1.528      SLICE_X50Y12     g_chan[0].u_canny/u_hyst/u_win/g_bank[0].mem_b_reg_0_127_0_0/HIGH/CLK



---------------------------------------------------------------------------------------------------
Path Group:  **async_default**
From Clock:  cam_pclk
  To Clock:  cam_pclk

Setup :            0  Failing Endpoints,  Worst Slack       12.700ns,  Total Violation        0.000ns
Hold  :            0  Failing Endpoints,  Worst Slack        1.011ns,  Total Violation        0.000ns
---------------------------------------------------------------------------------------------------


Max Delay Paths
--------------------------------------------------------------------------------------
Slack (MET) :             12.700ns  (required time - arrival time)
  Source:                 u_cam/prst_s2_reg/C
                            (rising edge-triggered cell FDCE clocked by cam_pclk  {rise@0.000ns fall@8.500ns period=17.000ns})
  Destination:            u_cam/byte_sel_reg/CLR
                            (recovery check against rising-edge clock cam_pclk  {rise@0.000ns fall@8.500ns period=17.000ns})
  Path Group:             **async_default**
  Path Type:              Recovery (Max at Slow Process Corner)
  Requirement:            17.000ns  (cam_pclk rise@17.000ns - cam_pclk rise@0.000ns)
  Data Path Delay:        3.785ns  (logic 0.580ns (15.323%)  route 3.205ns (84.677%))
  Logic Levels:           1  (LUT1=1)
  Clock Path Skew:        -0.075ns (DCD - SCD + CPR)
    Destination Clock Delay (DCD):    5.200ns = ( 22.200 - 17.000 ) 
    Source Clock Delay      (SCD):    5.669ns
    Clock Pessimism Removal (CPR):    0.394ns
  Clock Uncertainty:      0.035ns  ((TSJ^2 + TIJ^2)^1/2 + DJ) / 2 + PE
    Total System Jitter     (TSJ):    0.071ns
    Total Input Jitter      (TIJ):    0.000ns
    Discrete Jitter          (DJ):    0.000ns
    Phase Error              (PE):    0.000ns

    Location             Delay type                Incr(ns)  Path(ns)    Netlist Resource(s)
  -------------------------------------------------------------------    -------------------
                         (clock cam_pclk rise edge)
                                                      0.000     0.000 r  
    W17                                               0.000     0.000 r  pclk (IN)
                         net (fo=0)                   0.000     0.000    pclk
    W17                  IBUF (Prop_ibuf_I_O)         1.484     1.484 r  pclk_IBUF_inst/O
                         net (fo=1, routed)           2.205     3.689    pclk_IBUF
    BUFGCTRL_X0Y0        BUFG (Prop_bufg_I_O)         0.101     3.790 r  pclk_IBUF_BUFG_inst/O
                         net (fo=884, routed)         1.879     5.669    u_cam/CLK
    SLICE_X110Y4         FDCE                                         r  u_cam/prst_s2_reg/C
  -------------------------------------------------------------------    -------------------
    SLICE_X110Y4         FDCE (Prop_fdce_C_Q)         0.456     6.125 r  u_cam/prst_s2_reg/Q
                         net (fo=1, routed)           0.658     6.783    u_cam/prst_s2
    SLICE_X110Y4         LUT1 (Prop_lut1_I0_O)        0.124     6.907 f  u_cam/gap_cnt[12]_i_3/O
                         net (fo=32, routed)          2.547     9.454    u_cam/gap_cnt[12]_i_3_n_0
    SLICE_X106Y17        FDCE                                         f  u_cam/byte_sel_reg/CLR
  -------------------------------------------------------------------    -------------------

                         (clock cam_pclk rise edge)
                                                     17.000    17.000 r  
    W17                                               0.000    17.000 r  pclk (IN)
                         net (fo=0)                   0.000    17.000    pclk
    W17                  IBUF (Prop_ibuf_I_O)         1.414    18.414 r  pclk_IBUF_inst/O
                         net (fo=1, routed)           2.006    20.420    pclk_IBUF
    BUFGCTRL_X0Y0        BUFG (Prop_bufg_I_O)         0.091    20.511 r  pclk_IBUF_BUFG_inst/O
                         net (fo=884, routed)         1.689    22.200    u_cam/CLK
    SLICE_X106Y17        FDCE                                         r  u_cam/byte_sel_reg/C
                         clock pessimism              0.394    22.594    
                         clock uncertainty           -0.035    22.559    
    SLICE_X106Y17        FDCE (Recov_fdce_C_CLR)     -0.405    22.154    u_cam/byte_sel_reg
  -------------------------------------------------------------------
                         required time                         22.154    
                         arrival time                          -9.454    
  -------------------------------------------------------------------
                         slack                                 12.700    





Min Delay Paths
--------------------------------------------------------------------------------------
Slack (MET) :             1.011ns  (arrival time - required time)
  Source:                 u_cam/prst_s2_reg/C
                            (rising edge-triggered cell FDCE clocked by cam_pclk  {rise@0.000ns fall@8.500ns period=17.000ns})
  Destination:            u_cam/byte_lo_reg[0]/CLR
                            (removal check against rising-edge clock cam_pclk  {rise@0.000ns fall@8.500ns period=17.000ns})
  Path Group:             **async_default**
  Path Type:              Removal (Min at Fast Process Corner)
  Requirement:            0.000ns  (cam_pclk rise@0.000ns - cam_pclk rise@0.000ns)
  Data Path Delay:        0.930ns  (logic 0.186ns (20.002%)  route 0.744ns (79.998%))
  Logic Levels:           1  (LUT1=1)
  Clock Path Skew:        0.011ns (DCD - SCD - CPR)
    Destination Clock Delay (DCD):    2.106ns
    Source Clock Delay      (SCD):    1.592ns
    Clock Pessimism Removal (CPR):    0.503ns

    Location             Delay type                Incr(ns)  Path(ns)    Netlist Resource(s)
  -------------------------------------------------------------------    -------------------
                         (clock cam_pclk rise edge)
                                                      0.000     0.000 r  
    W17                                               0.000     0.000 r  pclk (IN)
                         net (fo=0)                   0.000     0.000    pclk
    W17                  IBUF (Prop_ibuf_I_O)         0.252     0.252 r  pclk_IBUF_inst/O
                         net (fo=1, routed)           0.674     0.926    pclk_IBUF
    BUFGCTRL_X0Y0        BUFG (Prop_bufg_I_O)         0.026     0.952 r  pclk_IBUF_BUFG_inst/O
                         net (fo=884, routed)         0.640     1.592    u_cam/CLK
    SLICE_X110Y4         FDCE                                         r  u_cam/prst_s2_reg/C
  -------------------------------------------------------------------    -------------------
    SLICE_X110Y4         FDCE (Prop_fdce_C_Q)         0.141     1.733 r  u_cam/prst_s2_reg/Q
                         net (fo=1, routed)           0.221     1.954    u_cam/prst_s2
    SLICE_X110Y4         LUT1 (Prop_lut1_I0_O)        0.045     1.999 f  u_cam/gap_cnt[12]_i_3/O
                         net (fo=32, routed)          0.523     2.522    u_cam/gap_cnt[12]_i_3_n_0
    SLICE_X113Y13        FDCE                                         f  u_cam/byte_lo_reg[0]/CLR
  -------------------------------------------------------------------    -------------------

                         (clock cam_pclk rise edge)
                                                      0.000     0.000 r  
    W17                                               0.000     0.000 r  pclk (IN)
                         net (fo=0)                   0.000     0.000    pclk
    W17                  IBUF (Prop_ibuf_I_O)         0.440     0.440 r  pclk_IBUF_inst/O
                         net (fo=1, routed)           0.731     1.171    pclk_IBUF
    BUFGCTRL_X0Y0        BUFG (Prop_bufg_I_O)         0.029     1.200 r  pclk_IBUF_BUFG_inst/O
                         net (fo=884, routed)         0.906     2.106    u_cam/CLK
    SLICE_X113Y13        FDCE                                         r  u_cam/byte_lo_reg[0]/C
                         clock pessimism             -0.503     1.603    
    SLICE_X113Y13        FDCE (Remov_fdce_C_CLR)     -0.092     1.511    u_cam/byte_lo_reg[0]
  -------------------------------------------------------------------
                         required time                         -1.511    
                         arrival time                           2.522    
  -------------------------------------------------------------------
                         slack                                  1.011    





---------------------------------------------------------------------------------------------------
Path Group:  **async_default**
From Clock:  clk_pix
  To Clock:  clk_pix

Setup :            0  Failing Endpoints,  Worst Slack        9.409ns,  Total Violation        0.000ns
Hold  :            0  Failing Endpoints,  Worst Slack        0.745ns,  Total Violation        0.000ns
---------------------------------------------------------------------------------------------------


Max Delay Paths
--------------------------------------------------------------------------------------
Slack (MET) :             9.409ns  (required time - arrival time)
  Source:                 u_rx/sync_ff_reg[1]/C
                            (rising edge-triggered cell FDCE clocked by clk_pix  {rise@0.000ns fall@6.667ns period=13.333ns})
  Destination:            u_vga/cy_reg[0]/CLR
                            (recovery check against rising-edge clock clk_pix  {rise@0.000ns fall@6.667ns period=13.333ns})
  Path Group:             **async_default**
  Path Type:              Recovery (Max at Slow Process Corner)
  Requirement:            13.333ns  (clk_pix rise@13.333ns - clk_pix rise@0.000ns)
  Data Path Delay:        3.346ns  (logic 0.718ns (21.458%)  route 2.628ns (78.542%))
  Logic Levels:           1  (LUT1=1)
  Clock Path Skew:        -0.092ns (DCD - SCD + CPR)
    Destination Clock Delay (DCD):    8.524ns = ( 21.858 - 13.333 ) 
    Source Clock Delay      (SCD):    9.281ns
    Clock Pessimism Removal (CPR):    0.666ns
  Clock Uncertainty:      0.082ns  ((TSJ^2 + DJ^2)^1/2) / 2 + PE
    Total System Jitter     (TSJ):    0.071ns
    Discrete Jitter          (DJ):    0.148ns
    Phase Error              (PE):    0.000ns

    Location             Delay type                Incr(ns)  Path(ns)    Netlist Resource(s)
  -------------------------------------------------------------------    -------------------
                         (clock clk_pix rise edge)    0.000     0.000 r  
    M19                                               0.000     0.000 r  sys_clk (IN)
                         net (fo=0)                   0.000     0.000    sys_clk
    M19                  IBUF (Prop_ibuf_I_O)         1.436     1.436 r  sys_clk_IBUF_inst/O
                         net (fo=1, routed)           2.205     3.641    sys_clk_IBUF
    BUFGCTRL_X0Y16       BUFG (Prop_bufg_I_O)         0.101     3.742 r  sys_clk_IBUF_BUFG_inst/O
                         net (fo=173, routed)         1.806     5.548    sys_clk_IBUF_BUFG
    MMCME2_ADV_X1Y0      MMCME2_ADV (Prop_mmcme2_adv_CLKIN1_CLKOUT1)
                                                      0.088     5.636 r  u_mmcm/CLKOUT1
                         net (fo=1, routed)           1.889     7.525    clk_pix
    BUFGCTRL_X0Y2        BUFG (Prop_bufg_I_O)         0.101     7.626 r  clk_pix_BUFG_inst/O
                         net (fo=28, routed)          1.655     9.281    u_rx/clk_pix
    SLICE_X49Y17         FDCE                                         r  u_rx/sync_ff_reg[1]/C
  -------------------------------------------------------------------    -------------------
    SLICE_X49Y17         FDCE (Prop_fdce_C_Q)         0.419     9.700 r  u_rx/sync_ff_reg[1]/Q
                         net (fo=1, routed)           0.867    10.567    u_rx/sync_ff[1]
    SLICE_X48Y17         LUT1 (Prop_lut1_I0_O)        0.299    10.866 f  u_rx/cx[12]_i_2/O
                         net (fo=26, routed)          1.761    12.627    u_vga/cy_reg[12]_0
    SLICE_X59Y10         FDCE                                         f  u_vga/cy_reg[0]/CLR
  -------------------------------------------------------------------    -------------------

                         (clock clk_pix rise edge)   13.333    13.333 r  
    M19                                               0.000    13.333 r  sys_clk (IN)
                         net (fo=0)                   0.000    13.333    sys_clk
    M19                  IBUF (Prop_ibuf_I_O)         1.366    14.700 r  sys_clk_IBUF_inst/O
                         net (fo=1, routed)           2.006    16.706    sys_clk_IBUF
    BUFGCTRL_X0Y16       BUFG (Prop_bufg_I_O)         0.091    16.797 r  sys_clk_IBUF_BUFG_inst/O
                         net (fo=173, routed)         1.612    18.409    sys_clk_IBUF_BUFG
    MMCME2_ADV_X1Y0      MMCME2_ADV (Prop_mmcme2_adv_CLKIN1_CLKOUT1)
                                                      0.083    18.492 r  u_mmcm/CLKOUT1
                         net (fo=1, routed)           1.725    20.217    clk_pix
    BUFGCTRL_X0Y2        BUFG (Prop_bufg_I_O)         0.091    20.308 r  clk_pix_BUFG_inst/O
                         net (fo=28, routed)          1.549    21.858    u_vga/clk_pix
    SLICE_X59Y10         FDCE                                         r  u_vga/cy_reg[0]/C
                         clock pessimism              0.666    22.523    
                         clock uncertainty           -0.082    22.441    
    SLICE_X59Y10         FDCE (Recov_fdce_C_CLR)     -0.405    22.036    u_vga/cy_reg[0]
  -------------------------------------------------------------------
                         required time                         22.036    
                         arrival time                         -12.627    
  -------------------------------------------------------------------
                         slack                                  9.409    





Min Delay Paths
--------------------------------------------------------------------------------------
Slack (MET) :             0.745ns  (arrival time - required time)
  Source:                 u_rx/sync_ff_reg[1]/C
                            (rising edge-triggered cell FDCE clocked by clk_pix  {rise@0.000ns fall@6.667ns period=13.333ns})
  Destination:            u_vga/cx_reg[0]/CLR
                            (removal check against rising-edge clock clk_pix  {rise@0.000ns fall@6.667ns period=13.333ns})
  Path Group:             **async_default**
  Path Type:              Removal (Min at Fast Process Corner)
  Requirement:            0.000ns  (clk_pix rise@0.000ns - clk_pix rise@0.000ns)
  Data Path Delay:        0.941ns  (logic 0.227ns (24.118%)  route 0.714ns (75.882%))
  Logic Levels:           1  (LUT1=1)
  Clock Path Skew:        0.288ns (DCD - SCD - CPR)
    Destination Clock Delay (DCD):    3.520ns
    Source Clock Delay      (SCD):    2.659ns
    Clock Pessimism Removal (CPR):    0.573ns

    Location             Delay type                Incr(ns)  Path(ns)    Netlist Resource(s)
  -------------------------------------------------------------------    -------------------
                         (clock clk_pix rise edge)    0.000     0.000 r  
    M19                                               0.000     0.000 r  sys_clk (IN)
                         net (fo=0)                   0.000     0.000    sys_clk
    M19                  IBUF (Prop_ibuf_I_O)         0.205     0.205 r  sys_clk_IBUF_inst/O
                         net (fo=1, routed)           0.674     0.879    sys_clk_IBUF
    BUFGCTRL_X0Y16       BUFG (Prop_bufg_I_O)         0.026     0.905 r  sys_clk_IBUF_BUFG_inst/O
                         net (fo=173, routed)         0.597     1.501    sys_clk_IBUF_BUFG
    MMCME2_ADV_X1Y0      MMCME2_ADV (Prop_mmcme2_adv_CLKIN1_CLKOUT1)
                                                      0.050     1.551 r  u_mmcm/CLKOUT1
                         net (fo=1, routed)           0.529     2.080    clk_pix
    BUFGCTRL_X0Y2        BUFG (Prop_bufg_I_O)         0.026     2.106 r  clk_pix_BUFG_inst/O
                         net (fo=28, routed)          0.553     2.659    u_rx/clk_pix
    SLICE_X49Y17         FDCE                                         r  u_rx/sync_ff_reg[1]/C
  -------------------------------------------------------------------    -------------------
    SLICE_X49Y17         FDCE (Prop_fdce_C_Q)         0.128     2.787 r  u_rx/sync_ff_reg[1]/Q
                         net (fo=1, routed)           0.294     3.081    u_rx/sync_ff[1]
    SLICE_X48Y17         LUT1 (Prop_lut1_I0_O)        0.099     3.180 f  u_rx/cx[12]_i_2/O
                         net (fo=26, routed)          0.420     3.600    u_vga/cy_reg[12]_0
    SLICE_X60Y13         FDCE                                         f  u_vga/cx_reg[0]/CLR
  -------------------------------------------------------------------    -------------------

                         (clock clk_pix rise edge)    0.000     0.000 r  
    M19                                               0.000     0.000 r  sys_clk (IN)
                         net (fo=0)                   0.000     0.000    sys_clk
    M19                  IBUF (Prop_ibuf_I_O)         0.392     0.392 r  sys_clk_IBUF_inst/O
                         net (fo=1, routed)           0.731     1.123    sys_clk_IBUF
    BUFGCTRL_X0Y16       BUFG (Prop_bufg_I_O)         0.029     1.152 r  sys_clk_IBUF_BUFG_inst/O
                         net (fo=173, routed)         0.864     2.016    sys_clk_IBUF_BUFG
    MMCME2_ADV_X1Y0      MMCME2_ADV (Prop_mmcme2_adv_CLKIN1_CLKOUT1)
                                                      0.053     2.069 r  u_mmcm/CLKOUT1
                         net (fo=1, routed)           0.576     2.645    clk_pix
    BUFGCTRL_X0Y2        BUFG (Prop_bufg_I_O)         0.029     2.674 r  clk_pix_BUFG_inst/O
                         net (fo=28, routed)          0.846     3.520    u_vga/clk_pix
    SLICE_X60Y13         FDCE                                         r  u_vga/cx_reg[0]/C
                         clock pessimism             -0.573     2.947    
    SLICE_X60Y13         FDCE (Remov_fdce_C_CLR)     -0.092     2.855    u_vga/cx_reg[0]
  -------------------------------------------------------------------
                         required time                         -2.855    
                         arrival time                           3.600    
  -------------------------------------------------------------------
                         slack                                  0.745    





---------------------------------------------------------------------------------------------------
Path Group:  **async_default**
From Clock:  clk_proc
  To Clock:  clk_proc

Setup :            0  Failing Endpoints,  Worst Slack        0.480ns,  Total Violation        0.000ns
Hold  :            0  Failing Endpoints,  Worst Slack        0.740ns,  Total Violation        0.000ns
---------------------------------------------------------------------------------------------------


Max Delay Paths
--------------------------------------------------------------------------------------
Slack (MET) :             0.480ns  (required time - arrival time)
  Source:                 u_rp/sync_ff_reg[1]/C
                            (rising edge-triggered cell FDCE clocked by clk_proc  {rise@0.000ns fall@2.778ns period=5.556ns})
  Destination:            g_chan[1].u_canny/u_med/u_win/w_pix_reg[2][0][11]/CLR
                            (recovery check against rising-edge clock clk_proc  {rise@0.000ns fall@2.778ns period=5.556ns})
  Path Group:             **async_default**
  Path Type:              Recovery (Max at Slow Process Corner)
  Requirement:            5.556ns  (clk_proc rise@5.556ns - clk_proc rise@0.000ns)
  Data Path Delay:        4.564ns  (logic 0.718ns (15.731%)  route 3.846ns (84.269%))
  Logic Levels:           1  (LUT1=1)
  Clock Path Skew:        -0.034ns (DCD - SCD + CPR)
    Destination Clock Delay (DCD):    8.659ns = ( 14.215 - 5.556 ) 
    Source Clock Delay      (SCD):    9.345ns
    Clock Pessimism Removal (CPR):    0.652ns
  Clock Uncertainty:      0.073ns  ((TSJ^2 + DJ^2)^1/2) / 2 + PE
    Total System Jitter     (TSJ):    0.071ns
    Discrete Jitter          (DJ):    0.127ns
    Phase Error              (PE):    0.000ns

    Location             Delay type                Incr(ns)  Path(ns)    Netlist Resource(s)
  -------------------------------------------------------------------    -------------------
                         (clock clk_proc rise edge)
                                                      0.000     0.000 r  
    M19                                               0.000     0.000 r  sys_clk (IN)
                         net (fo=0)                   0.000     0.000    sys_clk
    M19                  IBUF (Prop_ibuf_I_O)         1.436     1.436 r  sys_clk_IBUF_inst/O
                         net (fo=1, routed)           2.205     3.641    sys_clk_IBUF
    BUFGCTRL_X0Y16       BUFG (Prop_bufg_I_O)         0.101     3.742 r  sys_clk_IBUF_BUFG_inst/O
                         net (fo=173, routed)         1.806     5.548    sys_clk_IBUF_BUFG
    MMCME2_ADV_X1Y0      MMCME2_ADV (Prop_mmcme2_adv_CLKIN1_CLKOUT0)
                                                      0.088     5.636 r  u_mmcm/CLKOUT0
                         net (fo=1, routed)           1.889     7.525    clk_proc
    BUFGCTRL_X0Y1        BUFG (Prop_bufg_I_O)         0.101     7.626 r  clk_proc_BUFG_inst/O
                         net (fo=8023, routed)        1.719     9.345    u_rp/clk_proc_BUFG
    SLICE_X60Y17         FDCE                                         r  u_rp/sync_ff_reg[1]/C
  -------------------------------------------------------------------    -------------------
    SLICE_X60Y17         FDCE (Prop_fdce_C_Q)         0.419     9.764 r  u_rp/sync_ff_reg[1]/Q
                         net (fo=3, routed)           0.512    10.277    u_rp/sync_ff[1]
    SLICE_X73Y17         LUT1 (Prop_lut1_I0_O)        0.299    10.576 f  u_rp/x[9]_i_3/O
                         net (fo=5657, routed)        3.334    13.910    g_chan[1].u_canny/u_med/u_win/w_col_reg[0]_0
    SLICE_X109Y57        FDCE                                         f  g_chan[1].u_canny/u_med/u_win/w_pix_reg[2][0][11]/CLR
  -------------------------------------------------------------------    -------------------

                         (clock clk_proc rise edge)
                                                      5.556     5.556 r  
    M19                                               0.000     5.556 r  sys_clk (IN)
                         net (fo=0)                   0.000     5.556    sys_clk
    M19                  IBUF (Prop_ibuf_I_O)         1.366     6.922 r  sys_clk_IBUF_inst/O
                         net (fo=1, routed)           2.006     8.928    sys_clk_IBUF
    BUFGCTRL_X0Y16       BUFG (Prop_bufg_I_O)         0.091     9.019 r  sys_clk_IBUF_BUFG_inst/O
                         net (fo=173, routed)         1.612    10.631    sys_clk_IBUF_BUFG
    MMCME2_ADV_X1Y0      MMCME2_ADV (Prop_mmcme2_adv_CLKIN1_CLKOUT0)
                                                      0.083    10.714 r  u_mmcm/CLKOUT0
                         net (fo=1, routed)           1.725    12.439    clk_proc
    BUFGCTRL_X0Y1        BUFG (Prop_bufg_I_O)         0.091    12.530 r  clk_proc_BUFG_inst/O
                         net (fo=8023, routed)        1.685    14.215    g_chan[1].u_canny/u_med/u_win/clk_proc_BUFG
    SLICE_X109Y57        FDCE                                         r  g_chan[1].u_canny/u_med/u_win/w_pix_reg[2][0][11]/C
                         clock pessimism              0.652    14.867    
                         clock uncertainty           -0.073    14.794    
    SLICE_X109Y57        FDCE (Recov_fdce_C_CLR)     -0.405    14.389    g_chan[1].u_canny/u_med/u_win/w_pix_reg[2][0][11]
  -------------------------------------------------------------------
                         required time                         14.389    
                         arrival time                         -13.910    
  -------------------------------------------------------------------
                         slack                                  0.480    





Min Delay Paths
--------------------------------------------------------------------------------------
Slack (MET) :             0.740ns  (arrival time - required time)
  Source:                 u_rp/sync_ff_reg[1]/C
                            (rising edge-triggered cell FDCE clocked by clk_proc  {rise@0.000ns fall@2.778ns period=5.556ns})
  Destination:            g_chan[0].u_canny/u_gauss/u_win/r_p_reg[2]/CLR
                            (removal check against rising-edge clock clk_proc  {rise@0.000ns fall@2.778ns period=5.556ns})
  Path Group:             **async_default**
  Path Type:              Removal (Min at Fast Process Corner)
  Requirement:            0.000ns  (clk_proc rise@0.000ns - clk_proc rise@0.000ns)
  Data Path Delay:        0.683ns  (logic 0.227ns (33.213%)  route 0.456ns (66.787%))
  Logic Levels:           1  (LUT1=1)
  Clock Path Skew:        0.035ns (DCD - SCD - CPR)
    Destination Clock Delay (DCD):    3.519ns
    Source Clock Delay      (SCD):    2.683ns
    Clock Pessimism Removal (CPR):    0.801ns

    Location             Delay type                Incr(ns)  Path(ns)    Netlist Resource(s)
  -------------------------------------------------------------------    -------------------
                         (clock clk_proc rise edge)
                                                      0.000     0.000 r  
    M19                                               0.000     0.000 r  sys_clk (IN)
                         net (fo=0)                   0.000     0.000    sys_clk
    M19                  IBUF (Prop_ibuf_I_O)         0.205     0.205 r  sys_clk_IBUF_inst/O
                         net (fo=1, routed)           0.674     0.879    sys_clk_IBUF
    BUFGCTRL_X0Y16       BUFG (Prop_bufg_I_O)         0.026     0.905 r  sys_clk_IBUF_BUFG_inst/O
                         net (fo=173, routed)         0.597     1.501    sys_clk_IBUF_BUFG
    MMCME2_ADV_X1Y0      MMCME2_ADV (Prop_mmcme2_adv_CLKIN1_CLKOUT0)
                                                      0.050     1.551 r  u_mmcm/CLKOUT0
                         net (fo=1, routed)           0.529     2.080    clk_proc
    BUFGCTRL_X0Y1        BUFG (Prop_bufg_I_O)         0.026     2.106 r  clk_proc_BUFG_inst/O
                         net (fo=8023, routed)        0.577     2.683    u_rp/clk_proc_BUFG
    SLICE_X60Y17         FDCE                                         r  u_rp/sync_ff_reg[1]/C
  -------------------------------------------------------------------    -------------------
    SLICE_X60Y17         FDCE (Prop_fdce_C_Q)         0.128     2.811 r  u_rp/sync_ff_reg[1]/Q
                         net (fo=3, routed)           0.217     3.028    u_rp/sync_ff[1]
    SLICE_X73Y17         LUT1 (Prop_lut1_I0_O)        0.099     3.127 f  u_rp/x[9]_i_3/O
                         net (fo=5657, routed)        0.239     3.366    g_chan[0].u_canny/u_gauss/u_win/x_p_reg[0]_0
    SLICE_X73Y17         FDCE                                         f  g_chan[0].u_canny/u_gauss/u_win/r_p_reg[2]/CLR
  -------------------------------------------------------------------    -------------------

                         (clock clk_proc rise edge)
                                                      0.000     0.000 r  
    M19                                               0.000     0.000 r  sys_clk (IN)
                         net (fo=0)                   0.000     0.000    sys_clk
    M19                  IBUF (Prop_ibuf_I_O)         0.392     0.392 r  sys_clk_IBUF_inst/O
                         net (fo=1, routed)           0.731     1.123    sys_clk_IBUF
    BUFGCTRL_X0Y16       BUFG (Prop_bufg_I_O)         0.029     1.152 r  sys_clk_IBUF_BUFG_inst/O
                         net (fo=173, routed)         0.864     2.016    sys_clk_IBUF_BUFG
    MMCME2_ADV_X1Y0      MMCME2_ADV (Prop_mmcme2_adv_CLKIN1_CLKOUT0)
                                                      0.053     2.069 r  u_mmcm/CLKOUT0
                         net (fo=1, routed)           0.576     2.645    clk_proc
    BUFGCTRL_X0Y1        BUFG (Prop_bufg_I_O)         0.029     2.674 r  clk_proc_BUFG_inst/O
                         net (fo=8023, routed)        0.845     3.519    g_chan[0].u_canny/u_gauss/u_win/clk_proc_BUFG
    SLICE_X73Y17         FDCE                                         r  g_chan[0].u_canny/u_gauss/u_win/r_p_reg[2]/C
                         clock pessimism             -0.801     2.718    
    SLICE_X73Y17         FDCE (Remov_fdce_C_CLR)     -0.092     2.626    g_chan[0].u_canny/u_gauss/u_win/r_p_reg[2]
  -------------------------------------------------------------------
                         required time                         -2.626    
                         arrival time                           3.366    
  -------------------------------------------------------------------
                         slack                                  0.740    





