Copyright 1986-2022 Xilinx, Inc. All Rights Reserved. Copyright 2022-2025 Advanced Micro Devices, Inc. All Rights Reserved.
---------------------------------------------------------------------------------------------------------------------------------------------
| Tool Version : Vivado v.2025.2 (win64) Build 6299465 Fri Nov 14 19:35:11 GMT 2025
| Date         : Sun Aug 16 08:22:25 2026
| Host         : wshh running 64-bit major release  (build 9200)
| Command      : report_utilization -hierarchical -file out/util_hier.rpt
| Design       : vision_top
| Device       : xc7z020clg484-1
| Speed File   : -1
| Design State : Synthesized
---------------------------------------------------------------------------------------------------------------------------------------------

Utilization Design Information

Table of Contents
-----------------
1. Utilization by Hierarchy

1. Utilization by Hierarchy
---------------------------

+---------------------+-------------------------------+------------+------------+---------+------+------+--------+--------+------------+
|       Instance      |             Module            | Total LUTs | Logic LUTs | LUTRAMs | SRLs |  FFs | RAMB36 | RAMB18 | DSP Blocks |
+---------------------+-------------------------------+------------+------------+---------+------+------+--------+--------+------------+
| vision_top          |                         (top) |       7346 |       5857 |    1464 |   25 | 4110 |     20 |      1 |          4 |
|   (vision_top)      |                         (top) |        607 |          7 |     600 |    0 |   73 |      0 |      0 |          0 |
|   g_chan[0].u_canny |                     canny_top |       2725 |       2220 |     480 |   25 | 2786 |     20 |      0 |          3 |
|     u_gauss         |                  gaussian_5x5 |        726 |        725 |       0 |    1 |  987 |      0 |      0 |          0 |
|       (u_gauss)     |                  gaussian_5x5 |        215 |        214 |       0 |    1 |  341 |      0 |      0 |          0 |
|       u_win         |                    window_kxk |        511 |        511 |       0 |    0 |  646 |      0 |      0 |          0 |
|     u_hyst          |                    hysteresis |        279 |        239 |      40 |    0 |  156 |     20 |      0 |          0 |
|       (u_hyst)      |                    hysteresis |        134 |        134 |       0 |    0 |  100 |     20 |      0 |          0 |
|       u_win         |    window_kxk__parameterized2 |        145 |        105 |      40 |    0 |   56 |      0 |      0 |          0 |
|     u_mag           |              gradient_mag_dir |         67 |         65 |       0 |    2 |   70 |      0 |      0 |          3 |
|     u_med           |                    median_3x3 |        544 |        522 |       0 |   22 |  786 |      0 |      0 |          0 |
|       (u_med)       |                    median_3x3 |        272 |        250 |       0 |   22 |  418 |      0 |      0 |          0 |
|       u_win         | window_kxk__parameterized1_17 |        272 |        272 |       0 |    0 |  368 |      0 |      0 |          0 |
|     u_nms           |                           nms |        544 |        264 |     280 |    0 |  385 |      0 |      0 |          0 |
|       u_win         |    window_kxk__parameterized1 |        531 |        251 |     280 |    0 |  370 |      0 |      0 |          0 |
|     u_scharr        |                    scharr_3x3 |        562 |        402 |     160 |    0 |  397 |      0 |      0 |          0 |
|       (u_scharr)    |                    scharr_3x3 |        119 |        119 |       0 |    0 |  157 |      0 |      0 |          0 |
|       u_win         |    window_kxk__parameterized0 |        443 |        283 |     160 |    0 |  240 |      0 |      0 |          0 |
|   g_chan[0].u_cdc   |                    fifo_async |        524 |        140 |     384 |    0 |  107 |      0 |      0 |          0 |
|   u_cam             |                   ov5640_ctrl |        289 |        289 |       0 |    0 |  191 |      0 |      0 |          1 |
|     (u_cam)         |                   ov5640_ctrl |        214 |        214 |       0 |    0 |  134 |      0 |      0 |          1 |
|     u_sccb          |                   sccb_master |         75 |         75 |       0 |    0 |   57 |      0 |      0 |          0 |
|   u_snn             |                       snn_top |       3146 |       3146 |       0 |    0 |  883 |      0 |      1 |          0 |
|     (u_snn)         |                       snn_top |        234 |        234 |       0 |    0 |  283 |      0 |      0 |          0 |
|     g_neu[0].u_lif  |                    lif_neuron |        163 |        163 |       0 |    0 |   33 |      0 |      0 |          0 |
|     g_neu[10].u_lif |                  lif_neuron_2 |        163 |        163 |       0 |    0 |   33 |      0 |      0 |          0 |
|     g_neu[11].u_lif |                  lif_neuron_3 |        163 |        163 |       0 |    0 |   33 |      0 |      0 |          0 |
|     g_neu[12].u_lif |                  lif_neuron_4 |        163 |        163 |       0 |    0 |   33 |      0 |      0 |          0 |
|     g_neu[13].u_lif |                  lif_neuron_5 |        163 |        163 |       0 |    0 |   33 |      0 |      0 |          0 |
|     g_neu[14].u_lif |                  lif_neuron_6 |        163 |        163 |       0 |    0 |   33 |      0 |      0 |          0 |
|     g_neu[15].u_lif |                  lif_neuron_7 |        163 |        163 |       0 |    0 |   33 |      0 |      0 |          0 |
|     g_neu[1].u_lif  |                  lif_neuron_8 |        163 |        163 |       0 |    0 |   33 |      0 |      0 |          0 |
|     g_neu[2].u_lif  |                  lif_neuron_9 |        163 |        163 |       0 |    0 |   33 |      0 |      0 |          0 |
|     g_neu[3].u_lif  |                 lif_neuron_10 |        163 |        163 |       0 |    0 |   33 |      0 |      0 |          0 |
|     g_neu[4].u_lif  |                 lif_neuron_11 |        163 |        163 |       0 |    0 |   33 |      0 |      0 |          0 |
|     g_neu[5].u_lif  |                 lif_neuron_12 |        163 |        163 |       0 |    0 |   33 |      0 |      0 |          0 |
|     g_neu[6].u_lif  |                 lif_neuron_13 |        163 |        163 |       0 |    0 |   33 |      0 |      0 |          0 |
|     g_neu[7].u_lif  |                 lif_neuron_14 |        163 |        163 |       0 |    0 |   33 |      0 |      0 |          0 |
|     g_neu[8].u_lif  |                 lif_neuron_15 |        163 |        163 |       0 |    0 |   33 |      0 |      0 |          0 |
|     g_neu[9].u_lif  |                 lif_neuron_16 |        163 |        163 |       0 |    0 |   33 |      0 |      0 |          0 |
|     u_enc           |                 spike_encoder |        303 |        303 |       0 |    0 |   72 |      0 |      0 |          0 |
+---------------------+-------------------------------+------------+------------+---------+------+------+--------+--------+------------+


