Copyright 1986-2022 Xilinx, Inc. All Rights Reserved. Copyright 2022-2025 Advanced Micro Devices, Inc. All Rights Reserved.
---------------------------------------------------------------------------------------------------------------------------------------------
| Tool Version : Vivado v.2025.2 (win64) Build 6299465 Fri Nov 14 19:35:11 GMT 2025
| Date         : Sun Aug 16 08:32:56 2026
| Host         : wshh running 64-bit major release  (build 9200)
| Command      : report_utilization -hierarchical -file out/util_hier_180.rpt
| Design       : vision_top
| Device       : xc7z020clg484-1
| Speed File   : -1
| Design State : Routed
---------------------------------------------------------------------------------------------------------------------------------------------

Utilization Design Information

Table of Contents
-----------------
1. Utilization by Hierarchy

1. Utilization by Hierarchy
---------------------------

+---------------------+-------------------------------+------------+------------+---------+------+------+--------+--------+------------+
|       Instance      |             Module            | Total LUTs | Logic LUTs | LUTRAMs | SRLs |  FFs | RAMB36 | RAMB18 | DSP Blocks |
+---------------------+-------------------------------+------------+------------+---------+------+------+--------+--------+------------+
| vision_top          |                         (top) |       4177 |       2688 |    1464 |   25 | 3172 |     20 |      0 |          4 |
|   (vision_top)      |                         (top) |        607 |          7 |     600 |    0 |   51 |      0 |      0 |          0 |
|   g_chan[0].u_canny |                     canny_top |       2720 |       2215 |     480 |   25 | 2789 |     20 |      0 |          3 |
|     u_gauss         |                  gaussian_5x5 |        715 |        714 |       0 |    1 |  987 |      0 |      0 |          0 |
|       (u_gauss)     |                  gaussian_5x5 |        214 |        213 |       0 |    1 |  341 |      0 |      0 |          0 |
|       u_win         |                    window_kxk |        501 |        501 |       0 |    0 |  646 |      0 |      0 |          0 |
|     u_hyst          |                    hysteresis |        280 |        240 |      40 |    0 |  159 |     20 |      0 |          0 |
|       (u_hyst)      |                    hysteresis |        133 |        133 |       0 |    0 |  103 |     20 |      0 |          0 |
|       u_win         |    window_kxk__parameterized2 |        147 |        107 |      40 |    0 |   56 |      0 |      0 |          0 |
|     u_mag           |              gradient_mag_dir |         67 |         65 |       0 |    2 |   70 |      0 |      0 |          3 |
|     u_med           |                    median_3x3 |        543 |        521 |       0 |   22 |  786 |      0 |      0 |          0 |
|       (u_med)       |                    median_3x3 |        272 |        250 |       0 |   22 |  418 |      0 |      0 |          0 |
|       u_win         | window_kxk__parameterized1_17 |        271 |        271 |       0 |    0 |  368 |      0 |      0 |          0 |
|     u_nms           |                           nms |        545 |        265 |     280 |    0 |  385 |      0 |      0 |          0 |
|       u_win         |    window_kxk__parameterized1 |        532 |        252 |     280 |    0 |  370 |      0 |      0 |          0 |
|     u_scharr        |                    scharr_3x3 |        569 |        409 |     160 |    0 |  397 |      0 |      0 |          0 |
|       (u_scharr)    |                    scharr_3x3 |        119 |        119 |       0 |    0 |  157 |      0 |      0 |          0 |
|       u_win         |    window_kxk__parameterized0 |        450 |        290 |     160 |    0 |  240 |      0 |      0 |          0 |
|   g_chan[0].u_cdc   |                    fifo_async |        524 |        140 |     384 |    0 |   95 |      0 |      0 |          0 |
|   u_cam             |                   ov5640_ctrl |        281 |        281 |       0 |    0 |  182 |      0 |      0 |          1 |
|     (u_cam)         |                   ov5640_ctrl |        207 |        207 |       0 |    0 |  125 |      0 |      0 |          1 |
|     u_sccb          |                   sccb_master |         74 |         74 |       0 |    0 |   57 |      0 |      0 |          0 |
+---------------------+-------------------------------+------------+------------+---------+------+------+--------+--------+------------+
* Note: The sum of lower-level cells may be larger than their parent cells total, due to cross-hierarchy LUT combining


