Copyright 1986-2022 Xilinx, Inc. All Rights Reserved. Copyright 2022-2025 Advanced Micro Devices, Inc. All Rights Reserved.
---------------------------------------------------------------------------------------------------------------------------------------------
| Tool Version : Vivado v.2025.2 (win64) Build 6299465 Fri Nov 14 19:35:11 GMT 2025
| Date         : Sun Aug 16 07:26:28 2026
| Host         : wshh running 64-bit major release  (build 9200)
| Command      : report_utilization -hierarchical -hierarchical_percentages -file out/util_hier_full2.rpt
| Design       : vision_top
| Device       : xc7z020clg484-1
| Speed File   : -1
| Design State : Routed
---------------------------------------------------------------------------------------------------------------------------------------------

Utilization Design Information

Table of Contents
-----------------
1. Utilization by Hierarchy

1. Utilization by Hierarchy
---------------------------

+------------------+------------------------------+-------------+-------------+-------------+----------+-------------+------------+----------+------------+
|     Instance     |            Module            |  Total LUTs |  Logic LUTs |   LUTRAMs   |   SRLs   |     FFs     |   RAMB36   |  RAMB18  | DSP Blocks |
+------------------+------------------------------+-------------+-------------+-------------+----------+-------------+------------+----------+------------+
| vision_top       |                        (top) | 4130(7.76%) | 2661(5.00%) | 1464(8.41%) | 5(0.03%) | 2233(2.10%) | 20(14.29%) | 0(0.00%) |   4(1.82%) |
|   (vision_top)   |                        (top) |  607(1.14%) |    7(0.01%) |  600(3.45%) | 0(0.00%) |   45(0.04%) |   0(0.00%) | 0(0.00%) |   0(0.00%) |
|   u_cam          |                  ov5640_ctrl |  280(0.53%) |  280(0.53%) |    0(0.00%) | 0(0.00%) |  182(0.17%) |   0(0.00%) | 0(0.00%) |   1(0.45%) |
|     (u_cam)      |                  ov5640_ctrl |  206(0.39%) |  206(0.39%) |    0(0.00%) | 0(0.00%) |  125(0.12%) |   0(0.00%) | 0(0.00%) |   1(0.45%) |
|     u_sccb       |                  sccb_master |   74(0.14%) |   74(0.14%) |    0(0.00%) | 0(0.00%) |   57(0.05%) |   0(0.00%) | 0(0.00%) |   0(0.00%) |
|   u_canny        |                    canny_top | 2673(5.02%) | 2188(4.11%) |  480(2.76%) | 5(0.03%) | 1856(1.74%) | 20(14.29%) | 0(0.00%) |   3(1.36%) |
|     u_gauss      |                 gaussian_5x5 |  655(1.23%) |  655(1.23%) |    0(0.00%) | 0(0.00%) |  567(0.53%) |   0(0.00%) | 0(0.00%) |   0(0.00%) |
|       (u_gauss)  |                 gaussian_5x5 |  187(0.35%) |  187(0.35%) |    0(0.00%) | 0(0.00%) |  162(0.15%) |   0(0.00%) | 0(0.00%) |   0(0.00%) |
|       u_win      |                   window_kxk |  473(0.89%) |  473(0.89%) |    0(0.00%) | 0(0.00%) |  405(0.38%) |   0(0.00%) | 0(0.00%) |   0(0.00%) |
|     u_hyst       |                   hysteresis |  253(0.48%) |  213(0.40%) |   40(0.23%) | 0(0.00%) |  145(0.14%) | 20(14.29%) | 0(0.00%) |   0(0.00%) |
|       (u_hyst)   |                   hysteresis |  132(0.25%) |  132(0.25%) |    0(0.00%) | 0(0.00%) |  103(0.10%) | 20(14.29%) | 0(0.00%) |   0(0.00%) |
|       u_win      |   window_kxk__parameterized2 |  122(0.23%) |   82(0.15%) |   40(0.23%) | 0(0.00%) |   42(0.04%) |   0(0.00%) | 0(0.00%) |   0(0.00%) |
|     u_mag        |             gradient_mag_dir |   67(0.13%) |   65(0.12%) |    0(0.00%) | 2(0.01%) |   72(0.07%) |   0(0.00%) | 0(0.00%) |   3(1.36%) |
|     u_med        |                   median_3x3 |  605(1.14%) |  602(1.13%) |    0(0.00%) | 3(0.02%) |  508(0.48%) |   0(0.00%) | 0(0.00%) |   0(0.00%) |
|       (u_med)    |                   median_3x3 |  159(0.30%) |  156(0.29%) |    0(0.00%) | 3(0.02%) |  281(0.26%) |   0(0.00%) | 0(0.00%) |   0(0.00%) |
|       u_win      | window_kxk__parameterized1_2 |  446(0.84%) |  446(0.84%) |    0(0.00%) | 0(0.00%) |  227(0.21%) |   0(0.00%) | 0(0.00%) |   0(0.00%) |
|     u_nms        |                          nms |  545(1.02%) |  265(0.50%) |  280(1.61%) | 0(0.00%) |  247(0.23%) |   0(0.00%) | 0(0.00%) |   0(0.00%) |
|       u_win      |   window_kxk__parameterized1 |  532(1.00%) |  252(0.47%) |  280(1.61%) | 0(0.00%) |  232(0.22%) |   0(0.00%) | 0(0.00%) |   0(0.00%) |
|     u_scharr     |                   scharr_3x3 |  547(1.03%) |  387(0.73%) |  160(0.92%) | 0(0.00%) |  312(0.29%) |   0(0.00%) | 0(0.00%) |   0(0.00%) |
|       (u_scharr) |                   scharr_3x3 |  108(0.20%) |  108(0.20%) |    0(0.00%) | 0(0.00%) |  158(0.15%) |   0(0.00%) | 0(0.00%) |   0(0.00%) |
|       u_win      |   window_kxk__parameterized0 |  439(0.83%) |  279(0.52%) |  160(0.92%) | 0(0.00%) |  154(0.14%) |   0(0.00%) | 0(0.00%) |   0(0.00%) |
|   u_cdc_px       |                   fifo_async |  524(0.98%) |  140(0.26%) |  384(2.21%) | 0(0.00%) |   95(0.09%) |   0(0.00%) | 0(0.00%) |   0(0.00%) |
+------------------+------------------------------+-------------+-------------+-------------+----------+-------------+------------+----------+------------+
* Note: The sum of lower-level cells may be larger than their parent cells total, due to cross-hierarchy LUT combining


