Copyright 1986-2022 Xilinx, Inc. All Rights Reserved. Copyright 2022-2025 Advanced Micro Devices, Inc. All Rights Reserved.
---------------------------------------------------------------------------------------------------------------------------------------------
| Tool Version : Vivado v.2025.2 (win64) Build 6299465 Fri Nov 14 19:35:11 GMT 2025
| Date         : Sun Aug 16 07:30:19 2026
| Host         : wshh running 64-bit major release  (build 9200)
| Command      : report_timing -max_paths 5 -nworst 1 -delay_type max -group clk_proc -file out/worst_snn.rpt
| Design       : vision_top
| Device       : 7z020-clg484
| Speed File   : -1  PRODUCTION 1.12 2019-11-22
| Design State : Routed
---------------------------------------------------------------------------------------------------------------------------------------------

Timing Report

Slack (VIOLATED) :        -0.121ns  (required time - arrival time)
  Source:                 u_canny/u_med/mmo2_r_reg[2]/C
                            (rising edge-triggered cell FDCE clocked by clk_proc  {rise@0.000ns fall@3.333ns period=6.667ns})
  Destination:            u_canny/u_med/m_data_reg[1]/D
                            (rising edge-triggered cell FDCE clocked by clk_proc  {rise@0.000ns fall@3.333ns period=6.667ns})
  Path Group:             clk_proc
  Path Type:              Setup (Max at Slow Process Corner)
  Requirement:            6.667ns  (clk_proc rise@6.667ns - clk_proc rise@0.000ns)
  Data Path Delay:        6.690ns  (logic 3.074ns (45.946%)  route 3.616ns (54.054%))
  Logic Levels:           8  (CARRY4=4 LUT3=1 LUT4=1 LUT6=2)
  Clock Path Skew:        -0.057ns (DCD - SCD + CPR)
    Destination Clock Delay (DCD):    8.513ns = ( 15.180 - 6.667 ) 
    Source Clock Delay      (SCD):    9.336ns
    Clock Pessimism Removal (CPR):    0.766ns
  Clock Uncertainty:      0.071ns  ((TSJ^2 + DJ^2)^1/2) / 2 + PE
    Total System Jitter     (TSJ):    0.071ns
    Discrete Jitter          (DJ):    0.124ns
    Phase Error              (PE):    0.000ns

    Location             Delay type                Incr(ns)  Path(ns)    Netlist Resource(s)
  -------------------------------------------------------------------    -------------------
                         (clock clk_proc rise edge)
                                                      0.000     0.000 r  
    M19                                               0.000     0.000 r  sys_clk (IN)
                         net (fo=0)                   0.000     0.000    sys_clk
    M19                  IBUF (Prop_ibuf_I_O)         1.436     1.436 r  sys_clk_IBUF_inst/O
                         net (fo=1, routed)           2.205     3.641    sys_clk_IBUF
    BUFGCTRL_X0Y16       BUFG (Prop_bufg_I_O)         0.101     3.742 r  sys_clk_IBUF_BUFG_inst/O
                         net (fo=173, routed)         1.806     5.548    sys_clk_IBUF_BUFG
    MMCME2_ADV_X1Y0      MMCME2_ADV (Prop_mmcme2_adv_CLKIN1_CLKOUT0)
                                                      0.088     5.636 r  u_mmcm/CLKOUT0
                         net (fo=1, routed)           1.889     7.525    clk_proc
    BUFGCTRL_X0Y1        BUFG (Prop_bufg_I_O)         0.101     7.626 r  clk_proc_BUFG_inst/O
                         net (fo=3090, routed)        1.710     9.336    u_canny/u_med/clk_proc_BUFG
    SLICE_X61Y26         FDCE                                         r  u_canny/u_med/mmo2_r_reg[2]/C
  -------------------------------------------------------------------    -------------------
    SLICE_X61Y26         FDCE (Prop_fdce_C_Q)         0.419     9.755 r  u_canny/u_med/mmo2_r_reg[2]/Q
                         net (fo=7, routed)           0.949    10.705    u_canny/u_med/mmo2_r[2]
    SLICE_X61Y24         LUT4 (Prop_lut4_I1_O)        0.299    11.004 r  u_canny/u_med/m_data[11]_i_36/O
                         net (fo=1, routed)           0.000    11.004    u_canny/u_med/m_data[11]_i_36_n_0
    SLICE_X61Y24         CARRY4 (Prop_carry4_S[1]_CO[3])
                                                      0.550    11.554 r  u_canny/u_med/m_data_reg[11]_i_10/CO[3]
                         net (fo=1, routed)           0.009    11.563    u_canny/u_med/m_data_reg[11]_i_10_n_0
    SLICE_X61Y25         CARRY4 (Prop_carry4_CI_CO[1])
                                                      0.157    11.720 r  u_canny/u_med/m_data_reg[11]_i_3__0/CO[1]
                         net (fo=48, routed)          0.960    12.680    u_canny/u_med/m_data_reg[11]_i_3__0_n_2
    SLICE_X60Y24         LUT3 (Prop_lut3_I2_O)        0.324    13.004 f  u_canny/u_med/m_data[11]_i_54/O
                         net (fo=2, routed)           0.517    13.521    u_canny/u_med/m_data[11]_i_54_n_0
    SLICE_X59Y24         LUT6 (Prop_lut6_I4_O)        0.332    13.853 r  u_canny/u_med/m_data[11]_i_40/O
                         net (fo=1, routed)           0.358    14.211    u_canny/u_med/m_data[11]_i_40_n_0
    SLICE_X59Y25         CARRY4 (Prop_carry4_DI[1]_CO[3])
                                                      0.507    14.718 r  u_canny/u_med/m_data_reg[11]_i_15/CO[3]
                         net (fo=1, routed)           0.000    14.718    u_canny/u_med/m_data_reg[11]_i_15_n_0
    SLICE_X59Y26         CARRY4 (Prop_carry4_CI_CO[1])
                                                      0.157    14.875 r  u_canny/u_med/m_data_reg[11]_i_4/CO[1]
                         net (fo=12, routed)          0.823    15.698    u_canny/u_med/m_data_reg[11]_i_4_n_2
    SLICE_X60Y23         LUT6 (Prop_lut6_I4_O)        0.329    16.027 r  u_canny/u_med/m_data[1]_i_1__1/O
                         net (fo=1, routed)           0.000    16.027    u_canny/u_med/p_5_out[1]
    SLICE_X60Y23         FDCE                                         r  u_canny/u_med/m_data_reg[1]/D
  -------------------------------------------------------------------    -------------------

                         (clock clk_proc rise edge)
                                                      6.667     6.667 r  
    M19                                               0.000     6.667 r  sys_clk (IN)
                         net (fo=0)                   0.000     6.667    sys_clk
    M19                  IBUF (Prop_ibuf_I_O)         1.366     8.033 r  sys_clk_IBUF_inst/O
                         net (fo=1, routed)           2.006    10.039    sys_clk_IBUF
    BUFGCTRL_X0Y16       BUFG (Prop_bufg_I_O)         0.091    10.130 r  sys_clk_IBUF_BUFG_inst/O
                         net (fo=173, routed)         1.612    11.742    sys_clk_IBUF_BUFG
    MMCME2_ADV_X1Y0      MMCME2_ADV (Prop_mmcme2_adv_CLKIN1_CLKOUT0)
                                                      0.083    11.825 r  u_mmcm/CLKOUT0
                         net (fo=1, routed)           1.725    13.550    clk_proc
    BUFGCTRL_X0Y1        BUFG (Prop_bufg_I_O)         0.091    13.641 r  clk_proc_BUFG_inst/O
                         net (fo=3090, routed)        1.538    15.180    u_canny/u_med/clk_proc_BUFG
    SLICE_X60Y23         FDCE                                         r  u_canny/u_med/m_data_reg[1]/C
                         clock pessimism              0.766    15.946    
                         clock uncertainty           -0.071    15.875    
    SLICE_X60Y23         FDCE (Setup_fdce_C_D)        0.031    15.906    u_canny/u_med/m_data_reg[1]
  -------------------------------------------------------------------
                         required time                         15.906    
                         arrival time                         -16.027    
  -------------------------------------------------------------------
                         slack                                 -0.121    

Slack (VIOLATED) :        -0.080ns  (required time - arrival time)
  Source:                 u_canny/u_med/mmo2_r_reg[2]/C
                            (rising edge-triggered cell FDCE clocked by clk_proc  {rise@0.000ns fall@3.333ns period=6.667ns})
  Destination:            u_canny/u_med/m_data_reg[0]/D
                            (rising edge-triggered cell FDCE clocked by clk_proc  {rise@0.000ns fall@3.333ns period=6.667ns})
  Path Group:             clk_proc
  Path Type:              Setup (Max at Slow Process Corner)
  Requirement:            6.667ns  (clk_proc rise@6.667ns - clk_proc rise@0.000ns)
  Data Path Delay:        6.645ns  (logic 3.074ns (46.259%)  route 3.571ns (53.741%))
  Logic Levels:           8  (CARRY4=4 LUT3=1 LUT4=1 LUT6=2)
  Clock Path Skew:        -0.059ns (DCD - SCD + CPR)
    Destination Clock Delay (DCD):    8.511ns = ( 15.178 - 6.667 ) 
    Source Clock Delay      (SCD):    9.336ns
    Clock Pessimism Removal (CPR):    0.766ns
  Clock Uncertainty:      0.071ns  ((TSJ^2 + DJ^2)^1/2) / 2 + PE
    Total System Jitter     (TSJ):    0.071ns
    Discrete Jitter          (DJ):    0.124ns
    Phase Error              (PE):    0.000ns

    Location             Delay type                Incr(ns)  Path(ns)    Netlist Resource(s)
  -------------------------------------------------------------------    -------------------
                         (clock clk_proc rise edge)
                                                      0.000     0.000 r  
    M19                                               0.000     0.000 r  sys_clk (IN)
                         net (fo=0)                   0.000     0.000    sys_clk
    M19                  IBUF (Prop_ibuf_I_O)         1.436     1.436 r  sys_clk_IBUF_inst/O
                         net (fo=1, routed)           2.205     3.641    sys_clk_IBUF
    BUFGCTRL_X0Y16       BUFG (Prop_bufg_I_O)         0.101     3.742 r  sys_clk_IBUF_BUFG_inst/O
                         net (fo=173, routed)         1.806     5.548    sys_clk_IBUF_BUFG
    MMCME2_ADV_X1Y0      MMCME2_ADV (Prop_mmcme2_adv_CLKIN1_CLKOUT0)
                                                      0.088     5.636 r  u_mmcm/CLKOUT0
                         net (fo=1, routed)           1.889     7.525    clk_proc
    BUFGCTRL_X0Y1        BUFG (Prop_bufg_I_O)         0.101     7.626 r  clk_proc_BUFG_inst/O
                         net (fo=3090, routed)        1.710     9.336    u_canny/u_med/clk_proc_BUFG
    SLICE_X61Y26         FDCE                                         r  u_canny/u_med/mmo2_r_reg[2]/C
  -------------------------------------------------------------------    -------------------
    SLICE_X61Y26         FDCE (Prop_fdce_C_Q)         0.419     9.755 r  u_canny/u_med/mmo2_r_reg[2]/Q
                         net (fo=7, routed)           0.949    10.705    u_canny/u_med/mmo2_r[2]
    SLICE_X61Y24         LUT4 (Prop_lut4_I1_O)        0.299    11.004 r  u_canny/u_med/m_data[11]_i_36/O
                         net (fo=1, routed)           0.000    11.004    u_canny/u_med/m_data[11]_i_36_n_0
    SLICE_X61Y24         CARRY4 (Prop_carry4_S[1]_CO[3])
                                                      0.550    11.554 r  u_canny/u_med/m_data_reg[11]_i_10/CO[3]
                         net (fo=1, routed)           0.009    11.563    u_canny/u_med/m_data_reg[11]_i_10_n_0
    SLICE_X61Y25         CARRY4 (Prop_carry4_CI_CO[1])
                                                      0.157    11.720 r  u_canny/u_med/m_data_reg[11]_i_3__0/CO[1]
                         net (fo=48, routed)          0.960    12.680    u_canny/u_med/m_data_reg[11]_i_3__0_n_2
    SLICE_X60Y24         LUT3 (Prop_lut3_I2_O)        0.324    13.004 f  u_canny/u_med/m_data[11]_i_54/O
                         net (fo=2, routed)           0.517    13.521    u_canny/u_med/m_data[11]_i_54_n_0
    SLICE_X59Y24         LUT6 (Prop_lut6_I4_O)        0.332    13.853 r  u_canny/u_med/m_data[11]_i_40/O
                         net (fo=1, routed)           0.358    14.211    u_canny/u_med/m_data[11]_i_40_n_0
    SLICE_X59Y25         CARRY4 (Prop_carry4_DI[1]_CO[3])
                                                      0.507    14.718 r  u_canny/u_med/m_data_reg[11]_i_15/CO[3]
                         net (fo=1, routed)           0.000    14.718    u_canny/u_med/m_data_reg[11]_i_15_n_0
    SLICE_X59Y26         CARRY4 (Prop_carry4_CI_CO[1])
                                                      0.157    14.875 r  u_canny/u_med/m_data_reg[11]_i_4/CO[1]
                         net (fo=12, routed)          0.777    15.653    u_canny/u_med/m_data_reg[11]_i_4_n_2
    SLICE_X59Y23         LUT6 (Prop_lut6_I4_O)        0.329    15.982 r  u_canny/u_med/m_data[0]_i_1__1/O
                         net (fo=1, routed)           0.000    15.982    u_canny/u_med/p_5_out[0]
    SLICE_X59Y23         FDCE                                         r  u_canny/u_med/m_data_reg[0]/D
  -------------------------------------------------------------------    -------------------

                         (clock clk_proc rise edge)
                                                      6.667     6.667 r  
    M19                                               0.000     6.667 r  sys_clk (IN)
                         net (fo=0)                   0.000     6.667    sys_clk
    M19                  IBUF (Prop_ibuf_I_O)         1.366     8.033 r  sys_clk_IBUF_inst/O
                         net (fo=1, routed)           2.006    10.039    sys_clk_IBUF
    BUFGCTRL_X0Y16       BUFG (Prop_bufg_I_O)         0.091    10.130 r  sys_clk_IBUF_BUFG_inst/O
                         net (fo=173, routed)         1.612    11.742    sys_clk_IBUF_BUFG
    MMCME2_ADV_X1Y0      MMCME2_ADV (Prop_mmcme2_adv_CLKIN1_CLKOUT0)
                                                      0.083    11.825 r  u_mmcm/CLKOUT0
                         net (fo=1, routed)           1.725    13.550    clk_proc
    BUFGCTRL_X0Y1        BUFG (Prop_bufg_I_O)         0.091    13.641 r  clk_proc_BUFG_inst/O
                         net (fo=3090, routed)        1.536    15.178    u_canny/u_med/clk_proc_BUFG
    SLICE_X59Y23         FDCE                                         r  u_canny/u_med/m_data_reg[0]/C
                         clock pessimism              0.766    15.944    
                         clock uncertainty           -0.071    15.873    
    SLICE_X59Y23         FDCE (Setup_fdce_C_D)        0.029    15.902    u_canny/u_med/m_data_reg[0]
  -------------------------------------------------------------------
                         required time                         15.902    
                         arrival time                         -15.982    
  -------------------------------------------------------------------
                         slack                                 -0.080    

Slack (VIOLATED) :        -0.053ns  (required time - arrival time)
  Source:                 u_canny/u_med/mmo2_r_reg[2]/C
                            (rising edge-triggered cell FDCE clocked by clk_proc  {rise@0.000ns fall@3.333ns period=6.667ns})
  Destination:            u_canny/u_med/m_data_reg[7]/D
                            (rising edge-triggered cell FDCE clocked by clk_proc  {rise@0.000ns fall@3.333ns period=6.667ns})
  Path Group:             clk_proc
  Path Type:              Setup (Max at Slow Process Corner)
  Requirement:            6.667ns  (clk_proc rise@6.667ns - clk_proc rise@0.000ns)
  Data Path Delay:        6.622ns  (logic 3.074ns (46.419%)  route 3.548ns (53.581%))
  Logic Levels:           8  (CARRY4=4 LUT3=1 LUT4=1 LUT6=2)
  Clock Path Skew:        -0.057ns (DCD - SCD + CPR)
    Destination Clock Delay (DCD):    8.513ns = ( 15.180 - 6.667 ) 
    Source Clock Delay      (SCD):    9.336ns
    Clock Pessimism Removal (CPR):    0.766ns
  Clock Uncertainty:      0.071ns  ((TSJ^2 + DJ^2)^1/2) / 2 + PE
    Total System Jitter     (TSJ):    0.071ns
    Discrete Jitter          (DJ):    0.124ns
    Phase Error              (PE):    0.000ns

    Location             Delay type                Incr(ns)  Path(ns)    Netlist Resource(s)
  -------------------------------------------------------------------    -------------------
                         (clock clk_proc rise edge)
                                                      0.000     0.000 r  
    M19                                               0.000     0.000 r  sys_clk (IN)
                         net (fo=0)                   0.000     0.000    sys_clk
    M19                  IBUF (Prop_ibuf_I_O)         1.436     1.436 r  sys_clk_IBUF_inst/O
                         net (fo=1, routed)           2.205     3.641    sys_clk_IBUF
    BUFGCTRL_X0Y16       BUFG (Prop_bufg_I_O)         0.101     3.742 r  sys_clk_IBUF_BUFG_inst/O
                         net (fo=173, routed)         1.806     5.548    sys_clk_IBUF_BUFG
    MMCME2_ADV_X1Y0      MMCME2_ADV (Prop_mmcme2_adv_CLKIN1_CLKOUT0)
                                                      0.088     5.636 r  u_mmcm/CLKOUT0
                         net (fo=1, routed)           1.889     7.525    clk_proc
    BUFGCTRL_X0Y1        BUFG (Prop_bufg_I_O)         0.101     7.626 r  clk_proc_BUFG_inst/O
                         net (fo=3090, routed)        1.710     9.336    u_canny/u_med/clk_proc_BUFG
    SLICE_X61Y26         FDCE                                         r  u_canny/u_med/mmo2_r_reg[2]/C
  -------------------------------------------------------------------    -------------------
    SLICE_X61Y26         FDCE (Prop_fdce_C_Q)         0.419     9.755 r  u_canny/u_med/mmo2_r_reg[2]/Q
                         net (fo=7, routed)           0.949    10.705    u_canny/u_med/mmo2_r[2]
    SLICE_X61Y24         LUT4 (Prop_lut4_I1_O)        0.299    11.004 r  u_canny/u_med/m_data[11]_i_36/O
                         net (fo=1, routed)           0.000    11.004    u_canny/u_med/m_data[11]_i_36_n_0
    SLICE_X61Y24         CARRY4 (Prop_carry4_S[1]_CO[3])
                                                      0.550    11.554 r  u_canny/u_med/m_data_reg[11]_i_10/CO[3]
                         net (fo=1, routed)           0.009    11.563    u_canny/u_med/m_data_reg[11]_i_10_n_0
    SLICE_X61Y25         CARRY4 (Prop_carry4_CI_CO[1])
                                                      0.157    11.720 r  u_canny/u_med/m_data_reg[11]_i_3__0/CO[1]
                         net (fo=48, routed)          0.960    12.680    u_canny/u_med/m_data_reg[11]_i_3__0_n_2
    SLICE_X60Y24         LUT3 (Prop_lut3_I2_O)        0.324    13.004 f  u_canny/u_med/m_data[11]_i_54/O
                         net (fo=2, routed)           0.517    13.521    u_canny/u_med/m_data[11]_i_54_n_0
    SLICE_X59Y24         LUT6 (Prop_lut6_I4_O)        0.332    13.853 r  u_canny/u_med/m_data[11]_i_40/O
                         net (fo=1, routed)           0.358    14.211    u_canny/u_med/m_data[11]_i_40_n_0
    SLICE_X59Y25         CARRY4 (Prop_carry4_DI[1]_CO[3])
                                                      0.507    14.718 r  u_canny/u_med/m_data_reg[11]_i_15/CO[3]
                         net (fo=1, routed)           0.000    14.718    u_canny/u_med/m_data_reg[11]_i_15_n_0
    SLICE_X59Y26         CARRY4 (Prop_carry4_CI_CO[1])
                                                      0.157    14.875 r  u_canny/u_med/m_data_reg[11]_i_4/CO[1]
                         net (fo=12, routed)          0.754    15.630    u_canny/u_med/m_data_reg[11]_i_4_n_2
    SLICE_X60Y23         LUT6 (Prop_lut6_I4_O)        0.329    15.959 r  u_canny/u_med/m_data[7]_i_1__1/O
                         net (fo=1, routed)           0.000    15.959    u_canny/u_med/p_5_out[7]
    SLICE_X60Y23         FDCE                                         r  u_canny/u_med/m_data_reg[7]/D
  -------------------------------------------------------------------    -------------------

                         (clock clk_proc rise edge)
                                                      6.667     6.667 r  
    M19                                               0.000     6.667 r  sys_clk (IN)
                         net (fo=0)                   0.000     6.667    sys_clk
    M19                  IBUF (Prop_ibuf_I_O)         1.366     8.033 r  sys_clk_IBUF_inst/O
                         net (fo=1, routed)           2.006    10.039    sys_clk_IBUF
    BUFGCTRL_X0Y16       BUFG (Prop_bufg_I_O)         0.091    10.130 r  sys_clk_IBUF_BUFG_inst/O
                         net (fo=173, routed)         1.612    11.742    sys_clk_IBUF_BUFG
    MMCME2_ADV_X1Y0      MMCME2_ADV (Prop_mmcme2_adv_CLKIN1_CLKOUT0)
                                                      0.083    11.825 r  u_mmcm/CLKOUT0
                         net (fo=1, routed)           1.725    13.550    clk_proc
    BUFGCTRL_X0Y1        BUFG (Prop_bufg_I_O)         0.091    13.641 r  clk_proc_BUFG_inst/O
                         net (fo=3090, routed)        1.538    15.180    u_canny/u_med/clk_proc_BUFG
    SLICE_X60Y23         FDCE                                         r  u_canny/u_med/m_data_reg[7]/C
                         clock pessimism              0.766    15.946    
                         clock uncertainty           -0.071    15.875    
    SLICE_X60Y23         FDCE (Setup_fdce_C_D)        0.031    15.906    u_canny/u_med/m_data_reg[7]
  -------------------------------------------------------------------
                         required time                         15.906    
                         arrival time                         -15.959    
  -------------------------------------------------------------------
                         slack                                 -0.053    

Slack (VIOLATED) :        -0.017ns  (required time - arrival time)
  Source:                 u_canny/u_med/mmo2_r_reg[2]/C
                            (rising edge-triggered cell FDCE clocked by clk_proc  {rise@0.000ns fall@3.333ns period=6.667ns})
  Destination:            u_canny/u_med/m_data_reg[3]/D
                            (rising edge-triggered cell FDCE clocked by clk_proc  {rise@0.000ns fall@3.333ns period=6.667ns})
  Path Group:             clk_proc
  Path Type:              Setup (Max at Slow Process Corner)
  Requirement:            6.667ns  (clk_proc rise@6.667ns - clk_proc rise@0.000ns)
  Data Path Delay:        6.584ns  (logic 3.074ns (46.689%)  route 3.510ns (53.311%))
  Logic Levels:           8  (CARRY4=4 LUT3=1 LUT4=1 LUT6=2)
  Clock Path Skew:        -0.059ns (DCD - SCD + CPR)
    Destination Clock Delay (DCD):    8.511ns = ( 15.178 - 6.667 ) 
    Source Clock Delay      (SCD):    9.336ns
    Clock Pessimism Removal (CPR):    0.766ns
  Clock Uncertainty:      0.071ns  ((TSJ^2 + DJ^2)^1/2) / 2 + PE
    Total System Jitter     (TSJ):    0.071ns
    Discrete Jitter          (DJ):    0.124ns
    Phase Error              (PE):    0.000ns

    Location             Delay type                Incr(ns)  Path(ns)    Netlist Resource(s)
  -------------------------------------------------------------------    -------------------
                         (clock clk_proc rise edge)
                                                      0.000     0.000 r  
    M19                                               0.000     0.000 r  sys_clk (IN)
                         net (fo=0)                   0.000     0.000    sys_clk
    M19                  IBUF (Prop_ibuf_I_O)         1.436     1.436 r  sys_clk_IBUF_inst/O
                         net (fo=1, routed)           2.205     3.641    sys_clk_IBUF
    BUFGCTRL_X0Y16       BUFG (Prop_bufg_I_O)         0.101     3.742 r  sys_clk_IBUF_BUFG_inst/O
                         net (fo=173, routed)         1.806     5.548    sys_clk_IBUF_BUFG
    MMCME2_ADV_X1Y0      MMCME2_ADV (Prop_mmcme2_adv_CLKIN1_CLKOUT0)
                                                      0.088     5.636 r  u_mmcm/CLKOUT0
                         net (fo=1, routed)           1.889     7.525    clk_proc
    BUFGCTRL_X0Y1        BUFG (Prop_bufg_I_O)         0.101     7.626 r  clk_proc_BUFG_inst/O
                         net (fo=3090, routed)        1.710     9.336    u_canny/u_med/clk_proc_BUFG
    SLICE_X61Y26         FDCE                                         r  u_canny/u_med/mmo2_r_reg[2]/C
  -------------------------------------------------------------------    -------------------
    SLICE_X61Y26         FDCE (Prop_fdce_C_Q)         0.419     9.755 r  u_canny/u_med/mmo2_r_reg[2]/Q
                         net (fo=7, routed)           0.949    10.705    u_canny/u_med/mmo2_r[2]
    SLICE_X61Y24         LUT4 (Prop_lut4_I1_O)        0.299    11.004 r  u_canny/u_med/m_data[11]_i_36/O
                         net (fo=1, routed)           0.000    11.004    u_canny/u_med/m_data[11]_i_36_n_0
    SLICE_X61Y24         CARRY4 (Prop_carry4_S[1]_CO[3])
                                                      0.550    11.554 r  u_canny/u_med/m_data_reg[11]_i_10/CO[3]
                         net (fo=1, routed)           0.009    11.563    u_canny/u_med/m_data_reg[11]_i_10_n_0
    SLICE_X61Y25         CARRY4 (Prop_carry4_CI_CO[1])
                                                      0.157    11.720 r  u_canny/u_med/m_data_reg[11]_i_3__0/CO[1]
                         net (fo=48, routed)          0.960    12.680    u_canny/u_med/m_data_reg[11]_i_3__0_n_2
    SLICE_X60Y24         LUT3 (Prop_lut3_I2_O)        0.324    13.004 f  u_canny/u_med/m_data[11]_i_54/O
                         net (fo=2, routed)           0.517    13.521    u_canny/u_med/m_data[11]_i_54_n_0
    SLICE_X59Y24         LUT6 (Prop_lut6_I4_O)        0.332    13.853 r  u_canny/u_med/m_data[11]_i_40/O
                         net (fo=1, routed)           0.358    14.211    u_canny/u_med/m_data[11]_i_40_n_0
    SLICE_X59Y25         CARRY4 (Prop_carry4_DI[1]_CO[3])
                                                      0.507    14.718 r  u_canny/u_med/m_data_reg[11]_i_15/CO[3]
                         net (fo=1, routed)           0.000    14.718    u_canny/u_med/m_data_reg[11]_i_15_n_0
    SLICE_X59Y26         CARRY4 (Prop_carry4_CI_CO[1])
                                                      0.157    14.875 r  u_canny/u_med/m_data_reg[11]_i_4/CO[1]
                         net (fo=12, routed)          0.716    15.591    u_canny/u_med/m_data_reg[11]_i_4_n_2
    SLICE_X60Y24         LUT6 (Prop_lut6_I4_O)        0.329    15.920 r  u_canny/u_med/m_data[3]_i_1__1/O
                         net (fo=1, routed)           0.000    15.920    u_canny/u_med/p_5_out[3]
    SLICE_X60Y24         FDCE                                         r  u_canny/u_med/m_data_reg[3]/D
  -------------------------------------------------------------------    -------------------

                         (clock clk_proc rise edge)
                                                      6.667     6.667 r  
    M19                                               0.000     6.667 r  sys_clk (IN)
                         net (fo=0)                   0.000     6.667    sys_clk
    M19                  IBUF (Prop_ibuf_I_O)         1.366     8.033 r  sys_clk_IBUF_inst/O
                         net (fo=1, routed)           2.006    10.039    sys_clk_IBUF
    BUFGCTRL_X0Y16       BUFG (Prop_bufg_I_O)         0.091    10.130 r  sys_clk_IBUF_BUFG_inst/O
                         net (fo=173, routed)         1.612    11.742    sys_clk_IBUF_BUFG
    MMCME2_ADV_X1Y0      MMCME2_ADV (Prop_mmcme2_adv_CLKIN1_CLKOUT0)
                                                      0.083    11.825 r  u_mmcm/CLKOUT0
                         net (fo=1, routed)           1.725    13.550    clk_proc
    BUFGCTRL_X0Y1        BUFG (Prop_bufg_I_O)         0.091    13.641 r  clk_proc_BUFG_inst/O
                         net (fo=3090, routed)        1.536    15.178    u_canny/u_med/clk_proc_BUFG
    SLICE_X60Y24         FDCE                                         r  u_canny/u_med/m_data_reg[3]/C
                         clock pessimism              0.766    15.944    
                         clock uncertainty           -0.071    15.873    
    SLICE_X60Y24         FDCE (Setup_fdce_C_D)        0.031    15.904    u_canny/u_med/m_data_reg[3]
  -------------------------------------------------------------------
                         required time                         15.904    
                         arrival time                         -15.920    
  -------------------------------------------------------------------
                         slack                                 -0.017    

Slack (MET) :             0.004ns  (required time - arrival time)
  Source:                 u_canny/u_med/mmo2_r_reg[2]/C
                            (rising edge-triggered cell FDCE clocked by clk_proc  {rise@0.000ns fall@3.333ns period=6.667ns})
  Destination:            u_canny/u_med/m_data_reg[4]/D
                            (rising edge-triggered cell FDCE clocked by clk_proc  {rise@0.000ns fall@3.333ns period=6.667ns})
  Path Group:             clk_proc
  Path Type:              Setup (Max at Slow Process Corner)
  Requirement:            6.667ns  (clk_proc rise@6.667ns - clk_proc rise@0.000ns)
  Data Path Delay:        6.561ns  (logic 3.074ns (46.852%)  route 3.487ns (53.148%))
  Logic Levels:           8  (CARRY4=4 LUT3=1 LUT4=1 LUT6=2)
  Clock Path Skew:        -0.061ns (DCD - SCD + CPR)
    Destination Clock Delay (DCD):    8.509ns = ( 15.176 - 6.667 ) 
    Source Clock Delay      (SCD):    9.336ns
    Clock Pessimism Removal (CPR):    0.766ns
  Clock Uncertainty:      0.071ns  ((TSJ^2 + DJ^2)^1/2) / 2 + PE
    Total System Jitter     (TSJ):    0.071ns
    Discrete Jitter          (DJ):    0.124ns
    Phase Error              (PE):    0.000ns

    Location             Delay type                Incr(ns)  Path(ns)    Netlist Resource(s)
  -------------------------------------------------------------------    -------------------
                         (clock clk_proc rise edge)
                                                      0.000     0.000 r  
    M19                                               0.000     0.000 r  sys_clk (IN)
                         net (fo=0)                   0.000     0.000    sys_clk
    M19                  IBUF (Prop_ibuf_I_O)         1.436     1.436 r  sys_clk_IBUF_inst/O
                         net (fo=1, routed)           2.205     3.641    sys_clk_IBUF
    BUFGCTRL_X0Y16       BUFG (Prop_bufg_I_O)         0.101     3.742 r  sys_clk_IBUF_BUFG_inst/O
                         net (fo=173, routed)         1.806     5.548    sys_clk_IBUF_BUFG
    MMCME2_ADV_X1Y0      MMCME2_ADV (Prop_mmcme2_adv_CLKIN1_CLKOUT0)
                                                      0.088     5.636 r  u_mmcm/CLKOUT0
                         net (fo=1, routed)           1.889     7.525    clk_proc
    BUFGCTRL_X0Y1        BUFG (Prop_bufg_I_O)         0.101     7.626 r  clk_proc_BUFG_inst/O
                         net (fo=3090, routed)        1.710     9.336    u_canny/u_med/clk_proc_BUFG
    SLICE_X61Y26         FDCE                                         r  u_canny/u_med/mmo2_r_reg[2]/C
  -------------------------------------------------------------------    -------------------
    SLICE_X61Y26         FDCE (Prop_fdce_C_Q)         0.419     9.755 r  u_canny/u_med/mmo2_r_reg[2]/Q
                         net (fo=7, routed)           0.949    10.705    u_canny/u_med/mmo2_r[2]
    SLICE_X61Y24         LUT4 (Prop_lut4_I1_O)        0.299    11.004 r  u_canny/u_med/m_data[11]_i_36/O
                         net (fo=1, routed)           0.000    11.004    u_canny/u_med/m_data[11]_i_36_n_0
    SLICE_X61Y24         CARRY4 (Prop_carry4_S[1]_CO[3])
                                                      0.550    11.554 r  u_canny/u_med/m_data_reg[11]_i_10/CO[3]
                         net (fo=1, routed)           0.009    11.563    u_canny/u_med/m_data_reg[11]_i_10_n_0
    SLICE_X61Y25         CARRY4 (Prop_carry4_CI_CO[1])
                                                      0.157    11.720 r  u_canny/u_med/m_data_reg[11]_i_3__0/CO[1]
                         net (fo=48, routed)          0.960    12.680    u_canny/u_med/m_data_reg[11]_i_3__0_n_2
    SLICE_X60Y24         LUT3 (Prop_lut3_I2_O)        0.324    13.004 f  u_canny/u_med/m_data[11]_i_54/O
                         net (fo=2, routed)           0.517    13.521    u_canny/u_med/m_data[11]_i_54_n_0
    SLICE_X59Y24         LUT6 (Prop_lut6_I4_O)        0.332    13.853 r  u_canny/u_med/m_data[11]_i_40/O
                         net (fo=1, routed)           0.358    14.211    u_canny/u_med/m_data[11]_i_40_n_0
    SLICE_X59Y25         CARRY4 (Prop_carry4_DI[1]_CO[3])
                                                      0.507    14.718 r  u_canny/u_med/m_data_reg[11]_i_15/CO[3]
                         net (fo=1, routed)           0.000    14.718    u_canny/u_med/m_data_reg[11]_i_15_n_0
    SLICE_X59Y26         CARRY4 (Prop_carry4_CI_CO[1])
                                                      0.157    14.875 r  u_canny/u_med/m_data_reg[11]_i_4/CO[1]
                         net (fo=12, routed)          0.693    15.568    u_canny/u_med/m_data_reg[11]_i_4_n_2
    SLICE_X59Y24         LUT6 (Prop_lut6_I4_O)        0.329    15.897 r  u_canny/u_med/m_data[4]_i_1__1/O
                         net (fo=1, routed)           0.000    15.897    u_canny/u_med/p_5_out[4]
    SLICE_X59Y24         FDCE                                         r  u_canny/u_med/m_data_reg[4]/D
  -------------------------------------------------------------------    -------------------

                         (clock clk_proc rise edge)
                                                      6.667     6.667 r  
    M19                                               0.000     6.667 r  sys_clk (IN)
                         net (fo=0)                   0.000     6.667    sys_clk
    M19                  IBUF (Prop_ibuf_I_O)         1.366     8.033 r  sys_clk_IBUF_inst/O
                         net (fo=1, routed)           2.006    10.039    sys_clk_IBUF
    BUFGCTRL_X0Y16       BUFG (Prop_bufg_I_O)         0.091    10.130 r  sys_clk_IBUF_BUFG_inst/O
                         net (fo=173, routed)         1.612    11.742    sys_clk_IBUF_BUFG
    MMCME2_ADV_X1Y0      MMCME2_ADV (Prop_mmcme2_adv_CLKIN1_CLKOUT0)
                                                      0.083    11.825 r  u_mmcm/CLKOUT0
                         net (fo=1, routed)           1.725    13.550    clk_proc
    BUFGCTRL_X0Y1        BUFG (Prop_bufg_I_O)         0.091    13.641 r  clk_proc_BUFG_inst/O
                         net (fo=3090, routed)        1.534    15.176    u_canny/u_med/clk_proc_BUFG
    SLICE_X59Y24         FDCE                                         r  u_canny/u_med/m_data_reg[4]/C
                         clock pessimism              0.766    15.942    
                         clock uncertainty           -0.071    15.871    
    SLICE_X59Y24         FDCE (Setup_fdce_C_D)        0.031    15.902    u_canny/u_med/m_data_reg[4]
  -------------------------------------------------------------------
                         required time                         15.902    
                         arrival time                         -15.897    
  -------------------------------------------------------------------
                         slack                                  0.004    




