Copyright 1986-2022 Xilinx, Inc. All Rights Reserved. Copyright 2022-2025 Advanced Micro Devices, Inc. All Rights Reserved.
---------------------------------------------------------------------------------------------------------------------------------------------
| Tool Version : Vivado v.2025.2 (win64) Build 6299465 Fri Nov 14 19:35:11 GMT 2025
| Date         : Sat Aug 22 08:24:57 2026
| Host         : wshh running 64-bit major release  (build 9200)
| Command      : report_timing -max_paths 5 -nworst 1 -delay_type max -file out/worst_max.rpt
| Design       : vision_top
| Device       : 7z020-clg484
| Speed File   : -1  PRODUCTION 1.12 2019-11-22
| Design State : Routed
---------------------------------------------------------------------------------------------------------------------------------------------

Timing Report

Slack (VIOLATED) :        -2.944ns  (required time - arrival time)
  Source:                 u_regs/mode_raw_reg[0]/C
                            (rising edge-triggered cell FDCE clocked by sys_clk_50m  {rise@0.000ns fall@10.000ns period=20.000ns})
  Destination:            u_mode/s1_reg[0]/D
                            (rising edge-triggered cell FDCE clocked by clk_pix  {rise@0.000ns fall@6.566ns period=13.131ns})
  Path Group:             clk_pix
  Path Type:              Setup (Max at Slow Process Corner)
  Requirement:            0.202ns  (clk_pix rise@420.202ns - sys_clk_50m rise@420.000ns)
  Data Path Delay:        6.134ns  (logic 0.518ns (8.444%)  route 5.616ns (91.556%))
  Logic Levels:           0  
  Clock Path Skew:        3.337ns (DCD - SCD + CPR)
    Destination Clock Delay (DCD):    8.581ns = ( 428.784 - 420.202 ) 
    Source Clock Delay      (SCD):    5.523ns = ( 425.523 - 420.000 ) 
    Clock Pessimism Removal (CPR):    0.279ns
  Clock Uncertainty:      0.245ns  ((TSJ^2 + DJ^2)^1/2) / 2 + PE
    Total System Jitter     (TSJ):    0.071ns
    Discrete Jitter          (DJ):    0.160ns
    Phase Error              (PE):    0.158ns

    Location             Delay type                Incr(ns)  Path(ns)    Netlist Resource(s)
  -------------------------------------------------------------------    -------------------
                         (clock sys_clk_50m rise edge)
                                                    420.000   420.000 r  
    M19                                               0.000   420.000 r  sys_clk (IN)
                         net (fo=0)                   0.000   420.000    sys_clk
    M19                  IBUF (Prop_ibuf_I_O)         1.436   421.436 r  sys_clk_IBUF_inst/O
                         net (fo=1, routed)           2.205   423.641    sys_clk_IBUF
    BUFGCTRL_X0Y16       BUFG (Prop_bufg_I_O)         0.101   423.742 r  sys_clk_IBUF_BUFG_inst/O
                         net (fo=558, routed)         1.781   425.523    u_regs/sys_clk_IBUF_BUFG
    SLICE_X94Y61         FDCE                                         r  u_regs/mode_raw_reg[0]/C
  -------------------------------------------------------------------    -------------------
    SLICE_X94Y61         FDCE (Prop_fdce_C_Q)         0.518   426.041 r  u_regs/mode_raw_reg[0]/Q
                         net (fo=2, routed)           5.616   431.658    u_mode/D[0]
    SLICE_X95Y62         FDCE                                         r  u_mode/s1_reg[0]/D
  -------------------------------------------------------------------    -------------------

                         (clock clk_pix rise edge)  420.202   420.202 r  
    M19                                               0.000   420.202 r  sys_clk (IN)
                         net (fo=0)                   0.000   420.202    sys_clk
    M19                  IBUF (Prop_ibuf_I_O)         1.366   421.568 r  sys_clk_IBUF_inst/O
                         net (fo=1, routed)           2.006   423.574    sys_clk_IBUF
    BUFGCTRL_X0Y16       BUFG (Prop_bufg_I_O)         0.091   423.665 r  sys_clk_IBUF_BUFG_inst/O
                         net (fo=558, routed)         1.612   425.278    sys_clk_IBUF_BUFG
    MMCME2_ADV_X1Y0      MMCME2_ADV (Prop_mmcme2_adv_CLKIN1_CLKOUT1)
                                                      0.083   425.361 r  u_mmcm/CLKOUT1
                         net (fo=1, routed)           1.725   427.086    clk_pix
    BUFGCTRL_X0Y2        BUFG (Prop_bufg_I_O)         0.091   427.177 r  clk_pix_BUFG_inst/O
                         net (fo=141, routed)         1.607   428.784    u_mode/clk_pix_BUFG
    SLICE_X95Y62         FDCE                                         r  u_mode/s1_reg[0]/C
                         clock pessimism              0.279   429.063    
                         clock uncertainty           -0.245   428.817    
    SLICE_X95Y62         FDCE (Setup_fdce_C_D)       -0.103   428.714    u_mode/s1_reg[0]
  -------------------------------------------------------------------
                         required time                        428.714    
                         arrival time                        -431.658    
  -------------------------------------------------------------------
                         slack                                 -2.944    

Slack (VIOLATED) :        -2.532ns  (required time - arrival time)
  Source:                 u_regs/mode_raw_reg[1]/C
                            (rising edge-triggered cell FDCE clocked by sys_clk_50m  {rise@0.000ns fall@10.000ns period=20.000ns})
  Destination:            u_mode/s1_reg[1]/D
                            (rising edge-triggered cell FDCE clocked by clk_pix  {rise@0.000ns fall@6.566ns period=13.131ns})
  Path Group:             clk_pix
  Path Type:              Setup (Max at Slow Process Corner)
  Requirement:            0.202ns  (clk_pix rise@420.202ns - sys_clk_50m rise@420.000ns)
  Data Path Delay:        5.550ns  (logic 0.478ns (8.613%)  route 5.072ns (91.387%))
  Logic Levels:           0  
  Clock Path Skew:        3.337ns (DCD - SCD + CPR)
    Destination Clock Delay (DCD):    8.581ns = ( 428.784 - 420.202 ) 
    Source Clock Delay      (SCD):    5.523ns = ( 425.523 - 420.000 ) 
    Clock Pessimism Removal (CPR):    0.279ns
  Clock Uncertainty:      0.245ns  ((TSJ^2 + DJ^2)^1/2) / 2 + PE
    Total System Jitter     (TSJ):    0.071ns
    Discrete Jitter          (DJ):    0.160ns
    Phase Error              (PE):    0.158ns

    Location             Delay type                Incr(ns)  Path(ns)    Netlist Resource(s)
  -------------------------------------------------------------------    -------------------
                         (clock sys_clk_50m rise edge)
                                                    420.000   420.000 r  
    M19                                               0.000   420.000 r  sys_clk (IN)
                         net (fo=0)                   0.000   420.000    sys_clk
    M19                  IBUF (Prop_ibuf_I_O)         1.436   421.436 r  sys_clk_IBUF_inst/O
                         net (fo=1, routed)           2.205   423.641    sys_clk_IBUF
    BUFGCTRL_X0Y16       BUFG (Prop_bufg_I_O)         0.101   423.742 r  sys_clk_IBUF_BUFG_inst/O
                         net (fo=558, routed)         1.781   425.523    u_regs/sys_clk_IBUF_BUFG
    SLICE_X94Y61         FDCE                                         r  u_regs/mode_raw_reg[1]/C
  -------------------------------------------------------------------    -------------------
    SLICE_X94Y61         FDCE (Prop_fdce_C_Q)         0.478   426.001 r  u_regs/mode_raw_reg[1]/Q
                         net (fo=2, routed)           5.072   431.073    u_mode/D[1]
    SLICE_X95Y62         FDCE                                         r  u_mode/s1_reg[1]/D
  -------------------------------------------------------------------    -------------------

                         (clock clk_pix rise edge)  420.202   420.202 r  
    M19                                               0.000   420.202 r  sys_clk (IN)
                         net (fo=0)                   0.000   420.202    sys_clk
    M19                  IBUF (Prop_ibuf_I_O)         1.366   421.568 r  sys_clk_IBUF_inst/O
                         net (fo=1, routed)           2.006   423.574    sys_clk_IBUF
    BUFGCTRL_X0Y16       BUFG (Prop_bufg_I_O)         0.091   423.665 r  sys_clk_IBUF_BUFG_inst/O
                         net (fo=558, routed)         1.612   425.278    sys_clk_IBUF_BUFG
    MMCME2_ADV_X1Y0      MMCME2_ADV (Prop_mmcme2_adv_CLKIN1_CLKOUT1)
                                                      0.083   425.361 r  u_mmcm/CLKOUT1
                         net (fo=1, routed)           1.725   427.086    clk_pix
    BUFGCTRL_X0Y2        BUFG (Prop_bufg_I_O)         0.091   427.177 r  clk_pix_BUFG_inst/O
                         net (fo=141, routed)         1.607   428.784    u_mode/clk_pix_BUFG
    SLICE_X95Y62         FDCE                                         r  u_mode/s1_reg[1]/C
                         clock pessimism              0.279   429.063    
                         clock uncertainty           -0.245   428.817    
    SLICE_X95Y62         FDCE (Setup_fdce_C_D)       -0.276   428.541    u_mode/s1_reg[1]
  -------------------------------------------------------------------
                         required time                        428.541    
                         arrival time                        -431.073    
  -------------------------------------------------------------------
                         slack                                 -2.532    

Slack (MET) :             0.126ns  (required time - arrival time)
  Source:                 g_chan[2].u_canny/u_hyst/weak_mem_reg_0/CLKBWRCLK
                            (rising edge-triggered cell RAMB36E1 clocked by clk_proc  {rise@0.000ns fall@3.030ns period=6.061ns})
  Destination:            g_chan[2].u_canny/u_hyst/win_data_r_reg[1]/D
                            (rising edge-triggered cell FDCE clocked by clk_proc  {rise@0.000ns fall@3.030ns period=6.061ns})
  Path Group:             clk_proc
  Path Type:              Setup (Max at Slow Process Corner)
  Requirement:            6.061ns  (clk_proc rise@6.061ns - clk_proc rise@0.000ns)
  Data Path Delay:        5.547ns  (logic 3.545ns (63.904%)  route 2.002ns (36.096%))
  Logic Levels:           3  (LUT5=1 LUT6=1 RAMB36E1=1)
  Clock Path Skew:        -0.340ns (DCD - SCD + CPR)
    Destination Clock Delay (DCD):    8.460ns = ( 14.521 - 6.061 ) 
    Source Clock Delay      (SCD):    9.466ns
    Clock Pessimism Removal (CPR):    0.666ns
  Clock Uncertainty:      0.078ns  ((TSJ^2 + DJ^2)^1/2) / 2 + PE
    Total System Jitter     (TSJ):    0.071ns
    Discrete Jitter          (DJ):    0.139ns
    Phase Error              (PE):    0.000ns

    Location             Delay type                Incr(ns)  Path(ns)    Netlist Resource(s)
  -------------------------------------------------------------------    -------------------
                         (clock clk_proc rise edge)
                                                      0.000     0.000 r  
    M19                                               0.000     0.000 r  sys_clk (IN)
                         net (fo=0)                   0.000     0.000    sys_clk
    M19                  IBUF (Prop_ibuf_I_O)         1.436     1.436 r  sys_clk_IBUF_inst/O
                         net (fo=1, routed)           2.205     3.641    sys_clk_IBUF
    BUFGCTRL_X0Y16       BUFG (Prop_bufg_I_O)         0.101     3.742 r  sys_clk_IBUF_BUFG_inst/O
                         net (fo=558, routed)         1.806     5.548    sys_clk_IBUF_BUFG
    MMCME2_ADV_X1Y0      MMCME2_ADV (Prop_mmcme2_adv_CLKIN1_CLKOUT0)
                                                      0.088     5.636 r  u_mmcm/CLKOUT0
                         net (fo=1, routed)           1.889     7.525    clk_proc
    BUFGCTRL_X0Y1        BUFG (Prop_bufg_I_O)         0.101     7.626 r  clk_proc_BUFG_inst/O
                         net (fo=18310, routed)       1.839     9.466    g_chan[2].u_canny/u_hyst/clk_proc_BUFG
    RAMB36_X4Y1          RAMB36E1                                     r  g_chan[2].u_canny/u_hyst/weak_mem_reg_0/CLKBWRCLK
  -------------------------------------------------------------------    -------------------
    RAMB36_X4Y1          RAMB36E1 (Prop_ramb36e1_CLKBWRCLK_CASCADEOUTB)
                                                      2.872    12.338 r  g_chan[2].u_canny/u_hyst/weak_mem_reg_0/CASCADEOUTB
                         net (fo=1, routed)           0.065    12.403    g_chan[2].u_canny/u_hyst/weak_mem_reg_0_n_1
    RAMB36_X4Y2          RAMB36E1 (Prop_ramb36e1_CASCADEINB_DOBDO[0])
                                                      0.425    12.828 r  g_chan[2].u_canny/u_hyst/weak_mem_reg_1/DOBDO[0]
                         net (fo=1, routed)           1.674    14.502    g_chan[2].u_canny/u_hyst/weak_mem_reg_1_n_67
    SLICE_X49Y13         LUT6 (Prop_lut6_I5_O)        0.124    14.626 r  g_chan[2].u_canny/u_hyst/win_data_r[1]_i_2__1/O
                         net (fo=1, routed)           0.263    14.889    g_chan[2].u_canny/u_hyst/win_data_r[1]_i_2__1_n_0
    SLICE_X49Y13         LUT5 (Prop_lut5_I4_O)        0.124    15.013 r  g_chan[2].u_canny/u_hyst/win_data_r[1]_i_1__1/O
                         net (fo=1, routed)           0.000    15.013    g_chan[2].u_canny/u_hyst/rd_word_q_reg[1]
    SLICE_X49Y13         FDCE                                         r  g_chan[2].u_canny/u_hyst/win_data_r_reg[1]/D
  -------------------------------------------------------------------    -------------------

                         (clock clk_proc rise edge)
                                                      6.061     6.061 r  
    M19                                               0.000     6.061 r  sys_clk (IN)
                         net (fo=0)                   0.000     6.061    sys_clk
    M19                  IBUF (Prop_ibuf_I_O)         1.366     7.427 r  sys_clk_IBUF_inst/O
                         net (fo=1, routed)           2.006     9.433    sys_clk_IBUF
    BUFGCTRL_X0Y16       BUFG (Prop_bufg_I_O)         0.091     9.524 r  sys_clk_IBUF_BUFG_inst/O
                         net (fo=558, routed)         1.612    11.136    sys_clk_IBUF_BUFG
    MMCME2_ADV_X1Y0      MMCME2_ADV (Prop_mmcme2_adv_CLKIN1_CLKOUT0)
                                                      0.083    11.219 r  u_mmcm/CLKOUT0
                         net (fo=1, routed)           1.725    12.944    clk_proc
    BUFGCTRL_X0Y1        BUFG (Prop_bufg_I_O)         0.091    13.035 r  clk_proc_BUFG_inst/O
                         net (fo=18310, routed)       1.485    14.521    g_chan[2].u_canny/u_hyst/clk_proc_BUFG
    SLICE_X49Y13         FDCE                                         r  g_chan[2].u_canny/u_hyst/win_data_r_reg[1]/C
                         clock pessimism              0.666    15.186    
                         clock uncertainty           -0.078    15.108    
    SLICE_X49Y13         FDCE (Setup_fdce_C_D)        0.031    15.139    g_chan[2].u_canny/u_hyst/win_data_r_reg[1]
  -------------------------------------------------------------------
                         required time                         15.139    
                         arrival time                         -15.013    
  -------------------------------------------------------------------
                         slack                                  0.126    

Slack (MET) :             0.176ns  (required time - arrival time)
  Source:                 u_snn/j_d_reg[1]/C
                            (rising edge-triggered cell FDCE clocked by clk_proc  {rise@0.000ns fall@3.030ns period=6.061ns})
  Destination:            u_snn/acc_reg[9]/D
                            (rising edge-triggered cell FDCE clocked by clk_proc  {rise@0.000ns fall@3.030ns period=6.061ns})
  Path Group:             clk_proc
  Path Type:              Setup (Max at Slow Process Corner)
  Requirement:            6.061ns  (clk_proc rise@6.061ns - clk_proc rise@0.000ns)
  Data Path Delay:        5.716ns  (logic 2.683ns (46.940%)  route 3.033ns (53.060%))
  Logic Levels:           9  (CARRY4=3 LUT3=2 LUT6=2 MUXF7=1 MUXF8=1)
  Clock Path Skew:        -0.123ns (DCD - SCD + CPR)
    Destination Clock Delay (DCD):    8.523ns = ( 14.584 - 6.061 ) 
    Source Clock Delay      (SCD):    9.412ns
    Clock Pessimism Removal (CPR):    0.766ns
  Clock Uncertainty:      0.078ns  ((TSJ^2 + DJ^2)^1/2) / 2 + PE
    Total System Jitter     (TSJ):    0.071ns
    Discrete Jitter          (DJ):    0.139ns
    Phase Error              (PE):    0.000ns

    Location             Delay type                Incr(ns)  Path(ns)    Netlist Resource(s)
  -------------------------------------------------------------------    -------------------
                         (clock clk_proc rise edge)
                                                      0.000     0.000 r  
    M19                                               0.000     0.000 r  sys_clk (IN)
                         net (fo=0)                   0.000     0.000    sys_clk
    M19                  IBUF (Prop_ibuf_I_O)         1.436     1.436 r  sys_clk_IBUF_inst/O
                         net (fo=1, routed)           2.205     3.641    sys_clk_IBUF
    BUFGCTRL_X0Y16       BUFG (Prop_bufg_I_O)         0.101     3.742 r  sys_clk_IBUF_BUFG_inst/O
                         net (fo=558, routed)         1.806     5.548    sys_clk_IBUF_BUFG
    MMCME2_ADV_X1Y0      MMCME2_ADV (Prop_mmcme2_adv_CLKIN1_CLKOUT0)
                                                      0.088     5.636 r  u_mmcm/CLKOUT0
                         net (fo=1, routed)           1.889     7.525    clk_proc
    BUFGCTRL_X0Y1        BUFG (Prop_bufg_I_O)         0.101     7.626 r  clk_proc_BUFG_inst/O
                         net (fo=18310, routed)       1.786     9.412    u_snn/clk
    SLICE_X93Y54         FDCE                                         r  u_snn/j_d_reg[1]/C
  -------------------------------------------------------------------    -------------------
    SLICE_X93Y54         FDCE (Prop_fdce_C_Q)         0.456     9.868 r  u_snn/j_d_reg[1]/Q
                         net (fo=16, routed)          1.328    11.197    u_snn/u_enc/i_raw_bcast[11]_i_2[1]
    SLICE_X86Y54         LUT6 (Prop_lut6_I2_O)        0.124    11.321 r  u_snn/u_enc/i_raw_bcast[11]_i_21/O
                         net (fo=1, routed)           0.000    11.321    u_snn/u_enc/i_raw_bcast[11]_i_21_n_0
    SLICE_X86Y54         MUXF7 (Prop_muxf7_I1_O)      0.247    11.568 r  u_snn/u_enc/i_raw_bcast_reg[11]_i_12/O
                         net (fo=1, routed)           0.000    11.568    u_snn/u_enc/i_raw_bcast_reg[11]_i_12_n_0
    SLICE_X86Y54         MUXF8 (Prop_muxf8_I0_O)      0.098    11.666 r  u_snn/u_enc/i_raw_bcast_reg[11]_i_8/O
                         net (fo=1, routed)           0.648    12.314    u_snn/u_enc/i_raw_bcast_reg[11]_i_8_n_0
    SLICE_X88Y55         LUT6 (Prop_lut6_I0_O)        0.319    12.633 r  u_snn/u_enc/i_raw_bcast[11]_i_7/O
                         net (fo=12, routed)          0.557    13.191    u_snn/u_enc/j_d_reg[5]
    SLICE_X89Y54         LUT3 (Prop_lut3_I1_O)        0.124    13.315 r  u_snn/u_enc/i_raw_bcast[3]_i_4/O
                         net (fo=1, routed)           0.000    13.315    u_snn/u_enc/i_raw_bcast[3]_i_4_n_0
    SLICE_X89Y54         CARRY4 (Prop_carry4_S[1]_CO[3])
                                                      0.550    13.865 r  u_snn/u_enc/i_raw_bcast_reg[3]_i_1/CO[3]
                         net (fo=1, routed)           0.000    13.865    u_snn/u_enc/i_raw_bcast_reg[3]_i_1_n_0
    SLICE_X89Y55         CARRY4 (Prop_carry4_CI_CO[3])
                                                      0.114    13.979 r  u_snn/u_enc/i_raw_bcast_reg[7]_i_1/CO[3]
                         net (fo=1, routed)           0.000    13.979    u_snn/u_enc/i_raw_bcast_reg[7]_i_1_n_0
    SLICE_X89Y56         CARRY4 (Prop_carry4_CI_O[1])
                                                      0.348    14.327 r  u_snn/u_enc/i_raw_bcast_reg[11]_i_1/O[1]
                         net (fo=2, routed)           0.499    14.825    u_snn/u_enc/D[9]
    SLICE_X88Y56         LUT3 (Prop_lut3_I2_O)        0.303    15.128 r  u_snn/u_enc/acc[9]_i_1/O
                         net (fo=1, routed)           0.000    15.128    u_snn/u_enc_n_22
    SLICE_X88Y56         FDCE                                         r  u_snn/acc_reg[9]/D
  -------------------------------------------------------------------    -------------------

                         (clock clk_proc rise edge)
                                                      6.061     6.061 r  
    M19                                               0.000     6.061 r  sys_clk (IN)
                         net (fo=0)                   0.000     6.061    sys_clk
    M19                  IBUF (Prop_ibuf_I_O)         1.366     7.427 r  sys_clk_IBUF_inst/O
                         net (fo=1, routed)           2.006     9.433    sys_clk_IBUF
    BUFGCTRL_X0Y16       BUFG (Prop_bufg_I_O)         0.091     9.524 r  sys_clk_IBUF_BUFG_inst/O
                         net (fo=558, routed)         1.612    11.136    sys_clk_IBUF_BUFG
    MMCME2_ADV_X1Y0      MMCME2_ADV (Prop_mmcme2_adv_CLKIN1_CLKOUT0)
                                                      0.083    11.219 r  u_mmcm/CLKOUT0
                         net (fo=1, routed)           1.725    12.944    clk_proc
    BUFGCTRL_X0Y1        BUFG (Prop_bufg_I_O)         0.091    13.035 r  clk_proc_BUFG_inst/O
                         net (fo=18310, routed)       1.549    14.584    u_snn/clk
    SLICE_X88Y56         FDCE                                         r  u_snn/acc_reg[9]/C
                         clock pessimism              0.766    15.350    
                         clock uncertainty           -0.078    15.272    
    SLICE_X88Y56         FDCE (Setup_fdce_C_D)        0.032    15.304    u_snn/acc_reg[9]
  -------------------------------------------------------------------
                         required time                         15.304    
                         arrival time                         -15.128    
  -------------------------------------------------------------------
                         slack                                  0.176    

Slack (MET) :             0.184ns  (required time - arrival time)
  Source:                 g_chan[0].u_cdc/rgray_reg[9]/C
                            (rising edge-triggered cell FDCE clocked by clk_proc  {rise@0.000ns fall@3.030ns period=6.061ns})
  Destination:            g_chan[0].u_cdc/rgray_reg[4]/D
                            (rising edge-triggered cell FDCE clocked by clk_proc  {rise@0.000ns fall@3.030ns period=6.061ns})
  Path Group:             clk_proc
  Path Type:              Setup (Max at Slow Process Corner)
  Requirement:            6.061ns  (clk_proc rise@6.061ns - clk_proc rise@0.000ns)
  Data Path Delay:        5.813ns  (logic 2.454ns (42.215%)  route 3.359ns (57.785%))
  Logic Levels:           6  (CARRY4=3 LUT2=1 LUT3=1 LUT6=1)
  Clock Path Skew:        -0.060ns (DCD - SCD + CPR)
    Destination Clock Delay (DCD):    8.592ns = ( 14.653 - 6.061 ) 
    Source Clock Delay      (SCD):    9.418ns
    Clock Pessimism Removal (CPR):    0.766ns
  Clock Uncertainty:      0.078ns  ((TSJ^2 + DJ^2)^1/2) / 2 + PE
    Total System Jitter     (TSJ):    0.071ns
    Discrete Jitter          (DJ):    0.139ns
    Phase Error              (PE):    0.000ns

    Location             Delay type                Incr(ns)  Path(ns)    Netlist Resource(s)
  -------------------------------------------------------------------    -------------------
                         (clock clk_proc rise edge)
                                                      0.000     0.000 r  
    M19                                               0.000     0.000 r  sys_clk (IN)
                         net (fo=0)                   0.000     0.000    sys_clk
    M19                  IBUF (Prop_ibuf_I_O)         1.436     1.436 r  sys_clk_IBUF_inst/O
                         net (fo=1, routed)           2.205     3.641    sys_clk_IBUF
    BUFGCTRL_X0Y16       BUFG (Prop_bufg_I_O)         0.101     3.742 r  sys_clk_IBUF_BUFG_inst/O
                         net (fo=558, routed)         1.806     5.548    sys_clk_IBUF_BUFG
    MMCME2_ADV_X1Y0      MMCME2_ADV (Prop_mmcme2_adv_CLKIN1_CLKOUT0)
                                                      0.088     5.636 r  u_mmcm/CLKOUT0
                         net (fo=1, routed)           1.889     7.525    clk_proc
    BUFGCTRL_X0Y1        BUFG (Prop_bufg_I_O)         0.101     7.626 r  clk_proc_BUFG_inst/O
                         net (fo=18310, routed)       1.792     9.418    g_chan[0].u_cdc/clk_proc_BUFG
    SLICE_X103Y16        FDCE                                         r  g_chan[0].u_cdc/rgray_reg[9]/C
  -------------------------------------------------------------------    -------------------
    SLICE_X103Y16        FDCE (Prop_fdce_C_Q)         0.419     9.837 r  g_chan[0].u_cdc/rgray_reg[9]/Q
                         net (fo=2, routed)           1.313    11.150    g_chan[0].u_cdc/rgray[9]
    SLICE_X106Y15        LUT6 (Prop_lut6_I0_O)        0.299    11.449 r  g_chan[0].u_cdc/g_chan[0].ch_gap_cnt[2]_i_5/O
                         net (fo=1, routed)           0.000    11.449    g_chan[0].u_cdc/g_chan[0].ch_gap_cnt[2]_i_5_n_0
    SLICE_X106Y15        CARRY4 (Prop_carry4_S[3]_CO[3])
                                                      0.401    11.850 r  g_chan[0].u_cdc/g_chan[0].ch_gap_cnt_reg[2]_i_3/CO[3]
                         net (fo=9, routed)           1.047    12.897    g_chan[0].u_cdc/g_chan[0].ch_fifo_empty
    SLICE_X101Y14        LUT3 (Prop_lut3_I1_O)        0.124    13.021 r  g_chan[0].u_cdc/rbin_rep[3]_i_2__2/O
                         net (fo=1, routed)           0.000    13.021    g_chan[0].u_cdc/rbin_rep[3]_i_2__2_n_0
    SLICE_X101Y14        CARRY4 (Prop_carry4_S[0]_CO[3])
                                                      0.532    13.553 r  g_chan[0].u_cdc/rbin_reg_rep[3]_i_1__2/CO[3]
                         net (fo=1, routed)           0.000    13.553    g_chan[0].u_cdc/rbin_reg_rep[3]_i_1__2_n_0
    SLICE_X101Y15        CARRY4 (Prop_carry4_CI_O[1])
                                                      0.348    13.901 r  g_chan[0].u_cdc/rbin_reg_rep[7]_i_1__2/O[1]
                         net (fo=5, routed)           0.999    14.901    g_chan[0].u_cdc/rnext[5]
    SLICE_X105Y15        LUT2 (Prop_lut2_I1_O)        0.331    15.232 r  g_chan[0].u_cdc/rgray[4]_i_1__2/O
                         net (fo=1, routed)           0.000    15.232    g_chan[0].u_cdc/rgray_next[4]
    SLICE_X105Y15        FDCE                                         r  g_chan[0].u_cdc/rgray_reg[4]/D
  -------------------------------------------------------------------    -------------------

                         (clock clk_proc rise edge)
                                                      6.061     6.061 r  
    M19                                               0.000     6.061 r  sys_clk (IN)
                         net (fo=0)                   0.000     6.061    sys_clk
    M19                  IBUF (Prop_ibuf_I_O)         1.366     7.427 r  sys_clk_IBUF_inst/O
                         net (fo=1, routed)           2.006     9.433    sys_clk_IBUF
    BUFGCTRL_X0Y16       BUFG (Prop_bufg_I_O)         0.091     9.524 r  sys_clk_IBUF_BUFG_inst/O
                         net (fo=558, routed)         1.612    11.136    sys_clk_IBUF_BUFG
    MMCME2_ADV_X1Y0      MMCME2_ADV (Prop_mmcme2_adv_CLKIN1_CLKOUT0)
                                                      0.083    11.219 r  u_mmcm/CLKOUT0
                         net (fo=1, routed)           1.725    12.944    clk_proc
    BUFGCTRL_X0Y1        BUFG (Prop_bufg_I_O)         0.091    13.035 r  clk_proc_BUFG_inst/O
                         net (fo=18310, routed)       1.617    14.653    g_chan[0].u_cdc/clk_proc_BUFG
    SLICE_X105Y15        FDCE                                         r  g_chan[0].u_cdc/rgray_reg[4]/C
                         clock pessimism              0.766    15.419    
                         clock uncertainty           -0.078    15.341    
    SLICE_X105Y15        FDCE (Setup_fdce_C_D)        0.075    15.416    g_chan[0].u_cdc/rgray_reg[4]
  -------------------------------------------------------------------
                         required time                         15.416    
                         arrival time                         -15.232    
  -------------------------------------------------------------------
                         slack                                  0.184    




