Copyright 1986-2022 Xilinx, Inc. All Rights Reserved. Copyright 2022-2025 Advanced Micro Devices, Inc. All Rights Reserved.
---------------------------------------------------------------------------------------------------------------------------------------------
| Tool Version : Vivado v.2025.2 (win64) Build 6299465 Fri Nov 14 19:35:11 GMT 2025
| Date         : Sun Aug 16 18:03:41 2026
| Host         : wshh running 64-bit major release  (build 9200)
| Command      : report_timing -max_paths 8 -nworst 1 -delay_type max -group clk_proc -file out/worst_n4_180.rpt
| Design       : vision_top
| Device       : 7z020-clg484
| Speed File   : -1  PRODUCTION 1.12 2019-11-22
| Design State : Routed
---------------------------------------------------------------------------------------------------------------------------------------------

Timing Report

Slack (VIOLATED) :        -0.672ns  (required time - arrival time)
  Source:                 g_chan[3].u_canny/u_hyst/strong_mem_reg_6/CLKBWRCLK
                            (rising edge-triggered cell RAMB36E1 clocked by clk_proc  {rise@0.000ns fall@2.778ns period=5.556ns})
  Destination:            g_chan[3].u_canny/u_hyst/m_edge_d_reg/D
                            (rising edge-triggered cell FDRE clocked by clk_proc  {rise@0.000ns fall@2.778ns period=5.556ns})
  Path Group:             clk_proc
  Path Type:              Setup (Max at Slow Process Corner)
  Requirement:            5.556ns  (clk_proc rise@5.556ns - clk_proc rise@0.000ns)
  Data Path Delay:        5.850ns  (logic 3.545ns (60.601%)  route 2.305ns (39.399%))
  Logic Levels:           3  (LUT6=2 RAMB36E1=1)
  Clock Path Skew:        -0.337ns (DCD - SCD + CPR)
    Destination Clock Delay (DCD):    8.464ns = ( 14.020 - 5.556 ) 
    Source Clock Delay      (SCD):    9.467ns
    Clock Pessimism Removal (CPR):    0.666ns
  Clock Uncertainty:      0.073ns  ((TSJ^2 + DJ^2)^1/2) / 2 + PE
    Total System Jitter     (TSJ):    0.071ns
    Discrete Jitter          (DJ):    0.127ns
    Phase Error              (PE):    0.000ns

    Location             Delay type                Incr(ns)  Path(ns)    Netlist Resource(s)
  -------------------------------------------------------------------    -------------------
                         (clock clk_proc rise edge)
                                                      0.000     0.000 r  
    M19                                               0.000     0.000 r  sys_clk (IN)
                         net (fo=0)                   0.000     0.000    sys_clk
    M19                  IBUF (Prop_ibuf_I_O)         1.436     1.436 r  sys_clk_IBUF_inst/O
                         net (fo=1, routed)           2.205     3.641    sys_clk_IBUF
    BUFGCTRL_X0Y16       BUFG (Prop_bufg_I_O)         0.101     3.742 r  sys_clk_IBUF_BUFG_inst/O
                         net (fo=173, routed)         1.806     5.548    sys_clk_IBUF_BUFG
    MMCME2_ADV_X1Y0      MMCME2_ADV (Prop_mmcme2_adv_CLKIN1_CLKOUT0)
                                                      0.088     5.636 r  u_mmcm/CLKOUT0
                         net (fo=1, routed)           1.889     7.525    clk_proc
    BUFGCTRL_X0Y1        BUFG (Prop_bufg_I_O)         0.101     7.626 r  clk_proc_BUFG_inst/O
                         net (fo=16028, routed)       1.840     9.467    g_chan[3].u_canny/u_hyst/clk_proc_BUFG
    RAMB36_X4Y0          RAMB36E1                                     r  g_chan[3].u_canny/u_hyst/strong_mem_reg_6/CLKBWRCLK
  -------------------------------------------------------------------    -------------------
    RAMB36_X4Y0          RAMB36E1 (Prop_ramb36e1_CLKBWRCLK_CASCADEOUTB)
                                                      2.872    12.339 r  g_chan[3].u_canny/u_hyst/strong_mem_reg_6/CASCADEOUTB
                         net (fo=1, routed)           0.065    12.404    g_chan[3].u_canny/u_hyst/strong_mem_reg_6_n_1
    RAMB36_X4Y1          RAMB36E1 (Prop_ramb36e1_CASCADEINB_DOBDO[0])
                                                      0.425    12.829 r  g_chan[3].u_canny/u_hyst/strong_mem_reg_7/DOBDO[0]
                         net (fo=1, routed)           1.824    14.654    g_chan[3].u_canny/u_hyst/strong_mem_reg_7_n_67
    SLICE_X48Y9          LUT6 (Prop_lut6_I0_O)        0.124    14.778 r  g_chan[3].u_canny/u_hyst/win_data_r[0]_i_2__2/O
                         net (fo=2, routed)           0.415    15.193    g_chan[3].u_canny/u_hyst/win_data_r[0]_i_2__2_n_0
    SLICE_X49Y8          LUT6 (Prop_lut6_I2_O)        0.124    15.317 r  g_chan[3].u_canny/u_hyst/m_edge_d_i_1__2/O
                         net (fo=1, routed)           0.000    15.317    g_chan[3].u_canny/u_hyst/m_edge_d_i_1__2_n_0
    SLICE_X49Y8          FDRE                                         r  g_chan[3].u_canny/u_hyst/m_edge_d_reg/D
  -------------------------------------------------------------------    -------------------

                         (clock clk_proc rise edge)
                                                      5.556     5.556 r  
    M19                                               0.000     5.556 r  sys_clk (IN)
                         net (fo=0)                   0.000     5.556    sys_clk
    M19                  IBUF (Prop_ibuf_I_O)         1.366     6.922 r  sys_clk_IBUF_inst/O
                         net (fo=1, routed)           2.006     8.928    sys_clk_IBUF
    BUFGCTRL_X0Y16       BUFG (Prop_bufg_I_O)         0.091     9.019 r  sys_clk_IBUF_BUFG_inst/O
                         net (fo=173, routed)         1.612    10.631    sys_clk_IBUF_BUFG
    MMCME2_ADV_X1Y0      MMCME2_ADV (Prop_mmcme2_adv_CLKIN1_CLKOUT0)
                                                      0.083    10.714 r  u_mmcm/CLKOUT0
                         net (fo=1, routed)           1.725    12.439    clk_proc
    BUFGCTRL_X0Y1        BUFG (Prop_bufg_I_O)         0.091    12.530 r  clk_proc_BUFG_inst/O
                         net (fo=16028, routed)       1.489    14.020    g_chan[3].u_canny/u_hyst/clk_proc_BUFG
    SLICE_X49Y8          FDRE                                         r  g_chan[3].u_canny/u_hyst/m_edge_d_reg/C
                         clock pessimism              0.666    14.685    
                         clock uncertainty           -0.073    14.613    
    SLICE_X49Y8          FDRE (Setup_fdre_C_D)        0.032    14.645    g_chan[3].u_canny/u_hyst/m_edge_d_reg
  -------------------------------------------------------------------
                         required time                         14.645    
                         arrival time                         -15.317    
  -------------------------------------------------------------------
                         slack                                 -0.672    

Slack (VIOLATED) :        -0.570ns  (required time - arrival time)
  Source:                 g_chan[3].u_canny/u_hyst/strong_mem_reg_6/CLKBWRCLK
                            (rising edge-triggered cell RAMB36E1 clocked by clk_proc  {rise@0.000ns fall@2.778ns period=5.556ns})
  Destination:            g_chan[3].u_canny/u_hyst/win_data_r_reg[0]/D
                            (rising edge-triggered cell FDCE clocked by clk_proc  {rise@0.000ns fall@2.778ns period=5.556ns})
  Path Group:             clk_proc
  Path Type:              Setup (Max at Slow Process Corner)
  Requirement:            5.556ns  (clk_proc rise@5.556ns - clk_proc rise@0.000ns)
  Data Path Delay:        5.746ns  (logic 3.545ns (61.694%)  route 2.201ns (38.306%))
  Logic Levels:           3  (LUT5=1 LUT6=1 RAMB36E1=1)
  Clock Path Skew:        -0.338ns (DCD - SCD + CPR)
    Destination Clock Delay (DCD):    8.463ns = ( 14.019 - 5.556 ) 
    Source Clock Delay      (SCD):    9.467ns
    Clock Pessimism Removal (CPR):    0.666ns
  Clock Uncertainty:      0.073ns  ((TSJ^2 + DJ^2)^1/2) / 2 + PE
    Total System Jitter     (TSJ):    0.071ns
    Discrete Jitter          (DJ):    0.127ns
    Phase Error              (PE):    0.000ns

    Location             Delay type                Incr(ns)  Path(ns)    Netlist Resource(s)
  -------------------------------------------------------------------    -------------------
                         (clock clk_proc rise edge)
                                                      0.000     0.000 r  
    M19                                               0.000     0.000 r  sys_clk (IN)
                         net (fo=0)                   0.000     0.000    sys_clk
    M19                  IBUF (Prop_ibuf_I_O)         1.436     1.436 r  sys_clk_IBUF_inst/O
                         net (fo=1, routed)           2.205     3.641    sys_clk_IBUF
    BUFGCTRL_X0Y16       BUFG (Prop_bufg_I_O)         0.101     3.742 r  sys_clk_IBUF_BUFG_inst/O
                         net (fo=173, routed)         1.806     5.548    sys_clk_IBUF_BUFG
    MMCME2_ADV_X1Y0      MMCME2_ADV (Prop_mmcme2_adv_CLKIN1_CLKOUT0)
                                                      0.088     5.636 r  u_mmcm/CLKOUT0
                         net (fo=1, routed)           1.889     7.525    clk_proc
    BUFGCTRL_X0Y1        BUFG (Prop_bufg_I_O)         0.101     7.626 r  clk_proc_BUFG_inst/O
                         net (fo=16028, routed)       1.840     9.467    g_chan[3].u_canny/u_hyst/clk_proc_BUFG
    RAMB36_X4Y0          RAMB36E1                                     r  g_chan[3].u_canny/u_hyst/strong_mem_reg_6/CLKBWRCLK
  -------------------------------------------------------------------    -------------------
    RAMB36_X4Y0          RAMB36E1 (Prop_ramb36e1_CLKBWRCLK_CASCADEOUTB)
                                                      2.872    12.339 r  g_chan[3].u_canny/u_hyst/strong_mem_reg_6/CASCADEOUTB
                         net (fo=1, routed)           0.065    12.404    g_chan[3].u_canny/u_hyst/strong_mem_reg_6_n_1
    RAMB36_X4Y1          RAMB36E1 (Prop_ramb36e1_CASCADEINB_DOBDO[0])
                                                      0.425    12.829 r  g_chan[3].u_canny/u_hyst/strong_mem_reg_7/DOBDO[0]
                         net (fo=1, routed)           1.824    14.654    g_chan[3].u_canny/u_hyst/strong_mem_reg_7_n_67
    SLICE_X48Y9          LUT6 (Prop_lut6_I0_O)        0.124    14.778 r  g_chan[3].u_canny/u_hyst/win_data_r[0]_i_2__2/O
                         net (fo=2, routed)           0.311    15.089    g_chan[3].u_canny/u_hyst/win_data_r[0]_i_2__2_n_0
    SLICE_X48Y10         LUT5 (Prop_lut5_I4_O)        0.124    15.213 r  g_chan[3].u_canny/u_hyst/win_data_r[0]_i_1__2/O
                         net (fo=1, routed)           0.000    15.213    g_chan[3].u_canny/u_hyst/rd_word_q_reg[0]
    SLICE_X48Y10         FDCE                                         r  g_chan[3].u_canny/u_hyst/win_data_r_reg[0]/D
  -------------------------------------------------------------------    -------------------

                         (clock clk_proc rise edge)
                                                      5.556     5.556 r  
    M19                                               0.000     5.556 r  sys_clk (IN)
                         net (fo=0)                   0.000     5.556    sys_clk
    M19                  IBUF (Prop_ibuf_I_O)         1.366     6.922 r  sys_clk_IBUF_inst/O
                         net (fo=1, routed)           2.006     8.928    sys_clk_IBUF
    BUFGCTRL_X0Y16       BUFG (Prop_bufg_I_O)         0.091     9.019 r  sys_clk_IBUF_BUFG_inst/O
                         net (fo=173, routed)         1.612    10.631    sys_clk_IBUF_BUFG
    MMCME2_ADV_X1Y0      MMCME2_ADV (Prop_mmcme2_adv_CLKIN1_CLKOUT0)
                                                      0.083    10.714 r  u_mmcm/CLKOUT0
                         net (fo=1, routed)           1.725    12.439    clk_proc
    BUFGCTRL_X0Y1        BUFG (Prop_bufg_I_O)         0.091    12.530 r  clk_proc_BUFG_inst/O
                         net (fo=16028, routed)       1.488    14.019    g_chan[3].u_canny/u_hyst/clk_proc_BUFG
    SLICE_X48Y10         FDCE                                         r  g_chan[3].u_canny/u_hyst/win_data_r_reg[0]/C
                         clock pessimism              0.666    14.684    
                         clock uncertainty           -0.073    14.612    
    SLICE_X48Y10         FDCE (Setup_fdce_C_D)        0.031    14.643    g_chan[3].u_canny/u_hyst/win_data_r_reg[0]
  -------------------------------------------------------------------
                         required time                         14.643    
                         arrival time                         -15.213    
  -------------------------------------------------------------------
                         slack                                 -0.570    

Slack (VIOLATED) :        -0.488ns  (required time - arrival time)
  Source:                 g_chan[1].u_canny/u_hyst/weak_mem_reg_0/CLKBWRCLK
                            (rising edge-triggered cell RAMB36E1 clocked by clk_proc  {rise@0.000ns fall@2.778ns period=5.556ns})
  Destination:            g_chan[1].u_canny/u_hyst/win_data_r_reg[1]/D
                            (rising edge-triggered cell FDCE clocked by clk_proc  {rise@0.000ns fall@2.778ns period=5.556ns})
  Path Group:             clk_proc
  Path Type:              Setup (Max at Slow Process Corner)
  Requirement:            5.556ns  (clk_proc rise@5.556ns - clk_proc rise@0.000ns)
  Data Path Delay:        5.671ns  (logic 3.545ns (62.513%)  route 2.126ns (37.487%))
  Logic Levels:           3  (LUT5=1 LUT6=1 RAMB36E1=1)
  Clock Path Skew:        -0.331ns (DCD - SCD + CPR)
    Destination Clock Delay (DCD):    8.456ns = ( 14.012 - 5.556 ) 
    Source Clock Delay      (SCD):    9.453ns
    Clock Pessimism Removal (CPR):    0.666ns
  Clock Uncertainty:      0.073ns  ((TSJ^2 + DJ^2)^1/2) / 2 + PE
    Total System Jitter     (TSJ):    0.071ns
    Discrete Jitter          (DJ):    0.127ns
    Phase Error              (PE):    0.000ns

    Location             Delay type                Incr(ns)  Path(ns)    Netlist Resource(s)
  -------------------------------------------------------------------    -------------------
                         (clock clk_proc rise edge)
                                                      0.000     0.000 r  
    M19                                               0.000     0.000 r  sys_clk (IN)
                         net (fo=0)                   0.000     0.000    sys_clk
    M19                  IBUF (Prop_ibuf_I_O)         1.436     1.436 r  sys_clk_IBUF_inst/O
                         net (fo=1, routed)           2.205     3.641    sys_clk_IBUF
    BUFGCTRL_X0Y16       BUFG (Prop_bufg_I_O)         0.101     3.742 r  sys_clk_IBUF_BUFG_inst/O
                         net (fo=173, routed)         1.806     5.548    sys_clk_IBUF_BUFG
    MMCME2_ADV_X1Y0      MMCME2_ADV (Prop_mmcme2_adv_CLKIN1_CLKOUT0)
                                                      0.088     5.636 r  u_mmcm/CLKOUT0
                         net (fo=1, routed)           1.889     7.525    clk_proc
    BUFGCTRL_X0Y1        BUFG (Prop_bufg_I_O)         0.101     7.626 r  clk_proc_BUFG_inst/O
                         net (fo=16028, routed)       1.826     9.453    g_chan[1].u_canny/u_hyst/clk_proc_BUFG
    RAMB36_X4Y11         RAMB36E1                                     r  g_chan[1].u_canny/u_hyst/weak_mem_reg_0/CLKBWRCLK
  -------------------------------------------------------------------    -------------------
    RAMB36_X4Y11         RAMB36E1 (Prop_ramb36e1_CLKBWRCLK_CASCADEOUTB)
                                                      2.872    12.325 r  g_chan[1].u_canny/u_hyst/weak_mem_reg_0/CASCADEOUTB
                         net (fo=1, routed)           0.065    12.390    g_chan[1].u_canny/u_hyst/weak_mem_reg_0_n_1
    RAMB36_X4Y12         RAMB36E1 (Prop_ramb36e1_CASCADEINB_DOBDO[0])
                                                      0.425    12.815 r  g_chan[1].u_canny/u_hyst/weak_mem_reg_1/DOBDO[0]
                         net (fo=1, routed)           1.778    14.593    g_chan[1].u_canny/u_hyst/weak_mem_reg_1_n_67
    SLICE_X39Y56         LUT6 (Prop_lut6_I5_O)        0.124    14.717 r  g_chan[1].u_canny/u_hyst/win_data_r[1]_i_2__0/O
                         net (fo=1, routed)           0.282    15.000    g_chan[1].u_canny/u_hyst/win_data_r[1]_i_2__0_n_0
    SLICE_X37Y56         LUT5 (Prop_lut5_I4_O)        0.124    15.124 r  g_chan[1].u_canny/u_hyst/win_data_r[1]_i_1__0/O
                         net (fo=1, routed)           0.000    15.124    g_chan[1].u_canny/u_hyst/rd_word_q_reg[1]
    SLICE_X37Y56         FDCE                                         r  g_chan[1].u_canny/u_hyst/win_data_r_reg[1]/D
  -------------------------------------------------------------------    -------------------

                         (clock clk_proc rise edge)
                                                      5.556     5.556 r  
    M19                                               0.000     5.556 r  sys_clk (IN)
                         net (fo=0)                   0.000     5.556    sys_clk
    M19                  IBUF (Prop_ibuf_I_O)         1.366     6.922 r  sys_clk_IBUF_inst/O
                         net (fo=1, routed)           2.006     8.928    sys_clk_IBUF
    BUFGCTRL_X0Y16       BUFG (Prop_bufg_I_O)         0.091     9.019 r  sys_clk_IBUF_BUFG_inst/O
                         net (fo=173, routed)         1.612    10.631    sys_clk_IBUF_BUFG
    MMCME2_ADV_X1Y0      MMCME2_ADV (Prop_mmcme2_adv_CLKIN1_CLKOUT0)
                                                      0.083    10.714 r  u_mmcm/CLKOUT0
                         net (fo=1, routed)           1.725    12.439    clk_proc
    BUFGCTRL_X0Y1        BUFG (Prop_bufg_I_O)         0.091    12.530 r  clk_proc_BUFG_inst/O
                         net (fo=16028, routed)       1.482    14.012    g_chan[1].u_canny/u_hyst/clk_proc_BUFG
    SLICE_X37Y56         FDCE                                         r  g_chan[1].u_canny/u_hyst/win_data_r_reg[1]/C
                         clock pessimism              0.666    14.678    
                         clock uncertainty           -0.073    14.605    
    SLICE_X37Y56         FDCE (Setup_fdce_C_D)        0.031    14.636    g_chan[1].u_canny/u_hyst/win_data_r_reg[1]
  -------------------------------------------------------------------
                         required time                         14.636    
                         arrival time                         -15.124    
  -------------------------------------------------------------------
                         slack                                 -0.488    

Slack (VIOLATED) :        -0.466ns  (required time - arrival time)
  Source:                 g_chan[3].u_canny/u_hyst/FSM_onehot_phase_reg[3]/C
                            (rising edge-triggered cell FDCE clocked by clk_proc  {rise@0.000ns fall@2.778ns period=5.556ns})
  Destination:            g_chan[3].u_canny/u_hyst/strong_mem_reg_4/ENARDEN
                            (rising edge-triggered cell RAMB36E1 clocked by clk_proc  {rise@0.000ns fall@2.778ns period=5.556ns})
  Path Group:             clk_proc
  Path Type:              Setup (Max at Slow Process Corner)
  Requirement:            5.556ns  (clk_proc rise@5.556ns - clk_proc rise@0.000ns)
  Data Path Delay:        5.335ns  (logic 0.952ns (17.843%)  route 4.383ns (82.156%))
  Logic Levels:           4  (LUT3=1 LUT6=3)
  Clock Path Skew:        -0.171ns (DCD - SCD + CPR)
    Destination Clock Delay (DCD):    8.510ns = ( 14.065 - 5.556 ) 
    Source Clock Delay      (SCD):    9.346ns
    Clock Pessimism Removal (CPR):    0.666ns
  Clock Uncertainty:      0.073ns  ((TSJ^2 + DJ^2)^1/2) / 2 + PE
    Total System Jitter     (TSJ):    0.071ns
    Discrete Jitter          (DJ):    0.127ns
    Phase Error              (PE):    0.000ns

    Location             Delay type                Incr(ns)  Path(ns)    Netlist Resource(s)
  -------------------------------------------------------------------    -------------------
                         (clock clk_proc rise edge)
                                                      0.000     0.000 r  
    M19                                               0.000     0.000 r  sys_clk (IN)
                         net (fo=0)                   0.000     0.000    sys_clk
    M19                  IBUF (Prop_ibuf_I_O)         1.436     1.436 r  sys_clk_IBUF_inst/O
                         net (fo=1, routed)           2.205     3.641    sys_clk_IBUF
    BUFGCTRL_X0Y16       BUFG (Prop_bufg_I_O)         0.101     3.742 r  sys_clk_IBUF_BUFG_inst/O
                         net (fo=173, routed)         1.806     5.548    sys_clk_IBUF_BUFG
    MMCME2_ADV_X1Y0      MMCME2_ADV (Prop_mmcme2_adv_CLKIN1_CLKOUT0)
                                                      0.088     5.636 r  u_mmcm/CLKOUT0
                         net (fo=1, routed)           1.889     7.525    clk_proc
    BUFGCTRL_X0Y1        BUFG (Prop_bufg_I_O)         0.101     7.626 r  clk_proc_BUFG_inst/O
                         net (fo=16028, routed)       1.720     9.346    g_chan[3].u_canny/u_hyst/clk_proc_BUFG
    SLICE_X55Y13         FDCE                                         r  g_chan[3].u_canny/u_hyst/FSM_onehot_phase_reg[3]/C
  -------------------------------------------------------------------    -------------------
    SLICE_X55Y13         FDCE (Prop_fdce_C_Q)         0.456     9.802 r  g_chan[3].u_canny/u_hyst/FSM_onehot_phase_reg[3]/Q
                         net (fo=69, routed)          1.021    10.823    g_chan[3].u_canny/u_hyst/Q[1]
    SLICE_X51Y9          LUT6 (Prop_lut6_I2_O)        0.124    10.947 f  g_chan[3].u_canny/u_hyst/strong_mem_reg_0_i_22__2/O
                         net (fo=4, routed)           1.678    12.625    g_chan[3].u_canny/u_hyst/strong_mem_reg_0_i_22__2_n_0
    SLICE_X13Y5          LUT6 (Prop_lut6_I4_O)        0.124    12.749 r  g_chan[3].u_canny/u_hyst/strong_mem_reg_4_i_1__2/O
                         net (fo=2, routed)           0.276    13.025    g_chan[3].u_canny/u_hyst/u_win/strong_mem_reg_4
    SLICE_X13Y5          LUT6 (Prop_lut6_I5_O)        0.124    13.149 r  g_chan[3].u_canny/u_hyst/u_win/strong_mem_reg_4_i_3__2/O
                         net (fo=3, routed)           0.167    13.316    g_chan[3].u_canny/u_hyst/u_win_n_1
    SLICE_X13Y5          LUT3 (Prop_lut3_I0_O)        0.124    13.440 r  g_chan[3].u_canny/u_hyst/strong_mem_reg_4_ENARDEN_cooolgate_en_gate_165/O
                         net (fo=1, routed)           1.242    14.682    g_chan[3].u_canny/u_hyst/strong_mem_reg_4_ENARDEN_cooolgate_en_sig_93
    RAMB36_X2Y0          RAMB36E1                                     r  g_chan[3].u_canny/u_hyst/strong_mem_reg_4/ENARDEN
  -------------------------------------------------------------------    -------------------

                         (clock clk_proc rise edge)
                                                      5.556     5.556 r  
    M19                                               0.000     5.556 r  sys_clk (IN)
                         net (fo=0)                   0.000     5.556    sys_clk
    M19                  IBUF (Prop_ibuf_I_O)         1.366     6.922 r  sys_clk_IBUF_inst/O
                         net (fo=1, routed)           2.006     8.928    sys_clk_IBUF
    BUFGCTRL_X0Y16       BUFG (Prop_bufg_I_O)         0.091     9.019 r  sys_clk_IBUF_BUFG_inst/O
                         net (fo=173, routed)         1.612    10.631    sys_clk_IBUF_BUFG
    MMCME2_ADV_X1Y0      MMCME2_ADV (Prop_mmcme2_adv_CLKIN1_CLKOUT0)
                                                      0.083    10.714 r  u_mmcm/CLKOUT0
                         net (fo=1, routed)           1.725    12.439    clk_proc
    BUFGCTRL_X0Y1        BUFG (Prop_bufg_I_O)         0.091    12.530 r  clk_proc_BUFG_inst/O
                         net (fo=16028, routed)       1.535    14.065    g_chan[3].u_canny/u_hyst/clk_proc_BUFG
    RAMB36_X2Y0          RAMB36E1                                     r  g_chan[3].u_canny/u_hyst/strong_mem_reg_4/CLKARDCLK
                         clock pessimism              0.666    14.731    
                         clock uncertainty           -0.073    14.658    
    RAMB36_X2Y0          RAMB36E1 (Setup_ramb36e1_CLKARDCLK_ENARDEN)
                                                     -0.443    14.215    g_chan[3].u_canny/u_hyst/strong_mem_reg_4
  -------------------------------------------------------------------
                         required time                         14.215    
                         arrival time                         -14.682    
  -------------------------------------------------------------------
                         slack                                 -0.466    

Slack (VIOLATED) :        -0.395ns  (required time - arrival time)
  Source:                 g_chan[3].u_canny/u_hyst/FSM_onehot_phase_reg[3]/C
                            (rising edge-triggered cell FDCE clocked by clk_proc  {rise@0.000ns fall@2.778ns period=5.556ns})
  Destination:            g_chan[3].u_canny/u_hyst/strong_mem_reg_4/WEA[0]
                            (rising edge-triggered cell RAMB36E1 clocked by clk_proc  {rise@0.000ns fall@2.778ns period=5.556ns})
  Path Group:             clk_proc
  Path Type:              Setup (Max at Slow Process Corner)
  Requirement:            5.556ns  (clk_proc rise@5.556ns - clk_proc rise@0.000ns)
  Data Path Delay:        5.175ns  (logic 0.828ns (16.000%)  route 4.347ns (84.000%))
  Logic Levels:           3  (LUT6=3)
  Clock Path Skew:        -0.171ns (DCD - SCD + CPR)
    Destination Clock Delay (DCD):    8.510ns = ( 14.065 - 5.556 ) 
    Source Clock Delay      (SCD):    9.346ns
    Clock Pessimism Removal (CPR):    0.666ns
  Clock Uncertainty:      0.073ns  ((TSJ^2 + DJ^2)^1/2) / 2 + PE
    Total System Jitter     (TSJ):    0.071ns
    Discrete Jitter          (DJ):    0.127ns
    Phase Error              (PE):    0.000ns

    Location             Delay type                Incr(ns)  Path(ns)    Netlist Resource(s)
  -------------------------------------------------------------------    -------------------
                         (clock clk_proc rise edge)
                                                      0.000     0.000 r  
    M19                                               0.000     0.000 r  sys_clk (IN)
                         net (fo=0)                   0.000     0.000    sys_clk
    M19                  IBUF (Prop_ibuf_I_O)         1.436     1.436 r  sys_clk_IBUF_inst/O
                         net (fo=1, routed)           2.205     3.641    sys_clk_IBUF
    BUFGCTRL_X0Y16       BUFG (Prop_bufg_I_O)         0.101     3.742 r  sys_clk_IBUF_BUFG_inst/O
                         net (fo=173, routed)         1.806     5.548    sys_clk_IBUF_BUFG
    MMCME2_ADV_X1Y0      MMCME2_ADV (Prop_mmcme2_adv_CLKIN1_CLKOUT0)
                                                      0.088     5.636 r  u_mmcm/CLKOUT0
                         net (fo=1, routed)           1.889     7.525    clk_proc
    BUFGCTRL_X0Y1        BUFG (Prop_bufg_I_O)         0.101     7.626 r  clk_proc_BUFG_inst/O
                         net (fo=16028, routed)       1.720     9.346    g_chan[3].u_canny/u_hyst/clk_proc_BUFG
    SLICE_X55Y13         FDCE                                         r  g_chan[3].u_canny/u_hyst/FSM_onehot_phase_reg[3]/C
  -------------------------------------------------------------------    -------------------
    SLICE_X55Y13         FDCE (Prop_fdce_C_Q)         0.456     9.802 r  g_chan[3].u_canny/u_hyst/FSM_onehot_phase_reg[3]/Q
                         net (fo=69, routed)          1.021    10.823    g_chan[3].u_canny/u_hyst/Q[1]
    SLICE_X51Y9          LUT6 (Prop_lut6_I2_O)        0.124    10.947 f  g_chan[3].u_canny/u_hyst/strong_mem_reg_0_i_22__2/O
                         net (fo=4, routed)           1.678    12.625    g_chan[3].u_canny/u_hyst/strong_mem_reg_0_i_22__2_n_0
    SLICE_X13Y5          LUT6 (Prop_lut6_I4_O)        0.124    12.749 r  g_chan[3].u_canny/u_hyst/strong_mem_reg_4_i_1__2/O
                         net (fo=2, routed)           0.276    13.025    g_chan[3].u_canny/u_hyst/u_win/strong_mem_reg_4
    SLICE_X13Y5          LUT6 (Prop_lut6_I5_O)        0.124    13.149 r  g_chan[3].u_canny/u_hyst/u_win/strong_mem_reg_4_i_3__2/O
                         net (fo=3, routed)           1.373    14.521    g_chan[3].u_canny/u_hyst/u_win_n_1
    RAMB36_X2Y0          RAMB36E1                                     r  g_chan[3].u_canny/u_hyst/strong_mem_reg_4/WEA[0]
  -------------------------------------------------------------------    -------------------

                         (clock clk_proc rise edge)
                                                      5.556     5.556 r  
    M19                                               0.000     5.556 r  sys_clk (IN)
                         net (fo=0)                   0.000     5.556    sys_clk
    M19                  IBUF (Prop_ibuf_I_O)         1.366     6.922 r  sys_clk_IBUF_inst/O
                         net (fo=1, routed)           2.006     8.928    sys_clk_IBUF
    BUFGCTRL_X0Y16       BUFG (Prop_bufg_I_O)         0.091     9.019 r  sys_clk_IBUF_BUFG_inst/O
                         net (fo=173, routed)         1.612    10.631    sys_clk_IBUF_BUFG
    MMCME2_ADV_X1Y0      MMCME2_ADV (Prop_mmcme2_adv_CLKIN1_CLKOUT0)
                                                      0.083    10.714 r  u_mmcm/CLKOUT0
                         net (fo=1, routed)           1.725    12.439    clk_proc
    BUFGCTRL_X0Y1        BUFG (Prop_bufg_I_O)         0.091    12.530 r  clk_proc_BUFG_inst/O
                         net (fo=16028, routed)       1.535    14.065    g_chan[3].u_canny/u_hyst/clk_proc_BUFG
    RAMB36_X2Y0          RAMB36E1                                     r  g_chan[3].u_canny/u_hyst/strong_mem_reg_4/CLKARDCLK
                         clock pessimism              0.666    14.731    
                         clock uncertainty           -0.073    14.658    
    RAMB36_X2Y0          RAMB36E1 (Setup_ramb36e1_CLKARDCLK_WEA[0])
                                                     -0.532    14.126    g_chan[3].u_canny/u_hyst/strong_mem_reg_4
  -------------------------------------------------------------------
                         required time                         14.126    
                         arrival time                         -14.521    
  -------------------------------------------------------------------
                         slack                                 -0.395    

Slack (VIOLATED) :        -0.394ns  (required time - arrival time)
  Source:                 g_chan[2].u_canny/u_hyst/strong_mem_reg_0/CLKBWRCLK
                            (rising edge-triggered cell RAMB36E1 clocked by clk_proc  {rise@0.000ns fall@2.778ns period=5.556ns})
  Destination:            g_chan[2].u_canny/u_hyst/m_edge_d_reg/D
                            (rising edge-triggered cell FDRE clocked by clk_proc  {rise@0.000ns fall@2.778ns period=5.556ns})
  Path Group:             clk_proc
  Path Type:              Setup (Max at Slow Process Corner)
  Requirement:            5.556ns  (clk_proc rise@5.556ns - clk_proc rise@0.000ns)
  Data Path Delay:        5.760ns  (logic 3.545ns (61.545%)  route 2.215ns (38.455%))
  Logic Levels:           3  (LUT6=2 RAMB36E1=1)
  Clock Path Skew:        -0.149ns (DCD - SCD + CPR)
    Destination Clock Delay (DCD):    8.509ns = ( 14.065 - 5.556 ) 
    Source Clock Delay      (SCD):    9.324ns
    Clock Pessimism Removal (CPR):    0.666ns
  Clock Uncertainty:      0.073ns  ((TSJ^2 + DJ^2)^1/2) / 2 + PE
    Total System Jitter     (TSJ):    0.071ns
    Discrete Jitter          (DJ):    0.127ns
    Phase Error              (PE):    0.000ns

    Location             Delay type                Incr(ns)  Path(ns)    Netlist Resource(s)
  -------------------------------------------------------------------    -------------------
                         (clock clk_proc rise edge)
                                                      0.000     0.000 r  
    M19                                               0.000     0.000 r  sys_clk (IN)
                         net (fo=0)                   0.000     0.000    sys_clk
    M19                  IBUF (Prop_ibuf_I_O)         1.436     1.436 r  sys_clk_IBUF_inst/O
                         net (fo=1, routed)           2.205     3.641    sys_clk_IBUF
    BUFGCTRL_X0Y16       BUFG (Prop_bufg_I_O)         0.101     3.742 r  sys_clk_IBUF_BUFG_inst/O
                         net (fo=173, routed)         1.806     5.548    sys_clk_IBUF_BUFG
    MMCME2_ADV_X1Y0      MMCME2_ADV (Prop_mmcme2_adv_CLKIN1_CLKOUT0)
                                                      0.088     5.636 r  u_mmcm/CLKOUT0
                         net (fo=1, routed)           1.889     7.525    clk_proc
    BUFGCTRL_X0Y1        BUFG (Prop_bufg_I_O)         0.101     7.626 r  clk_proc_BUFG_inst/O
                         net (fo=16028, routed)       1.697     9.324    g_chan[2].u_canny/u_hyst/clk_proc_BUFG
    RAMB36_X2Y6          RAMB36E1                                     r  g_chan[2].u_canny/u_hyst/strong_mem_reg_0/CLKBWRCLK
  -------------------------------------------------------------------    -------------------
    RAMB36_X2Y6          RAMB36E1 (Prop_ramb36e1_CLKBWRCLK_CASCADEOUTB)
                                                      2.872    12.196 r  g_chan[2].u_canny/u_hyst/strong_mem_reg_0/CASCADEOUTB
                         net (fo=1, routed)           0.065    12.261    g_chan[2].u_canny/u_hyst/strong_mem_reg_0_n_1
    RAMB36_X2Y7          RAMB36E1 (Prop_ramb36e1_CASCADEINB_DOBDO[0])
                                                      0.425    12.686 r  g_chan[2].u_canny/u_hyst/strong_mem_reg_1/DOBDO[0]
                         net (fo=1, routed)           1.670    14.356    g_chan[2].u_canny/u_hyst/strong_mem_reg_1_n_67
    SLICE_X60Y25         LUT6 (Prop_lut6_I5_O)        0.124    14.480 r  g_chan[2].u_canny/u_hyst/win_data_r[0]_i_2__1/O
                         net (fo=2, routed)           0.480    14.960    g_chan[2].u_canny/u_hyst/win_data_r[0]_i_2__1_n_0
    SLICE_X59Y24         LUT6 (Prop_lut6_I2_O)        0.124    15.084 r  g_chan[2].u_canny/u_hyst/m_edge_d_i_1__1/O
                         net (fo=1, routed)           0.000    15.084    g_chan[2].u_canny/u_hyst/m_edge_d_i_1__1_n_0
    SLICE_X59Y24         FDRE                                         r  g_chan[2].u_canny/u_hyst/m_edge_d_reg/D
  -------------------------------------------------------------------    -------------------

                         (clock clk_proc rise edge)
                                                      5.556     5.556 r  
    M19                                               0.000     5.556 r  sys_clk (IN)
                         net (fo=0)                   0.000     5.556    sys_clk
    M19                  IBUF (Prop_ibuf_I_O)         1.366     6.922 r  sys_clk_IBUF_inst/O
                         net (fo=1, routed)           2.006     8.928    sys_clk_IBUF
    BUFGCTRL_X0Y16       BUFG (Prop_bufg_I_O)         0.091     9.019 r  sys_clk_IBUF_BUFG_inst/O
                         net (fo=173, routed)         1.612    10.631    sys_clk_IBUF_BUFG
    MMCME2_ADV_X1Y0      MMCME2_ADV (Prop_mmcme2_adv_CLKIN1_CLKOUT0)
                                                      0.083    10.714 r  u_mmcm/CLKOUT0
                         net (fo=1, routed)           1.725    12.439    clk_proc
    BUFGCTRL_X0Y1        BUFG (Prop_bufg_I_O)         0.091    12.530 r  clk_proc_BUFG_inst/O
                         net (fo=16028, routed)       1.534    14.065    g_chan[2].u_canny/u_hyst/clk_proc_BUFG
    SLICE_X59Y24         FDRE                                         r  g_chan[2].u_canny/u_hyst/m_edge_d_reg/C
                         clock pessimism              0.666    14.730    
                         clock uncertainty           -0.073    14.658    
    SLICE_X59Y24         FDRE (Setup_fdre_C_D)        0.032    14.690    g_chan[2].u_canny/u_hyst/m_edge_d_reg
  -------------------------------------------------------------------
                         required time                         14.690    
                         arrival time                         -15.084    
  -------------------------------------------------------------------
                         slack                                 -0.394    

Slack (VIOLATED) :        -0.379ns  (required time - arrival time)
  Source:                 g_chan[1].u_canny/u_hyst/strong_mem_reg_0/CLKBWRCLK
                            (rising edge-triggered cell RAMB36E1 clocked by clk_proc  {rise@0.000ns fall@2.778ns period=5.556ns})
  Destination:            g_chan[1].u_canny/u_hyst/m_edge_d_reg/D
                            (rising edge-triggered cell FDRE clocked by clk_proc  {rise@0.000ns fall@2.778ns period=5.556ns})
  Path Group:             clk_proc
  Path Type:              Setup (Max at Slow Process Corner)
  Requirement:            5.556ns  (clk_proc rise@5.556ns - clk_proc rise@0.000ns)
  Data Path Delay:        5.735ns  (logic 3.545ns (61.810%)  route 2.190ns (38.190%))
  Logic Levels:           3  (LUT6=2 RAMB36E1=1)
  Clock Path Skew:        -0.156ns (DCD - SCD + CPR)
    Destination Clock Delay (DCD):    8.497ns = ( 14.053 - 5.556 ) 
    Source Clock Delay      (SCD):    9.319ns
    Clock Pessimism Removal (CPR):    0.666ns
  Clock Uncertainty:      0.073ns  ((TSJ^2 + DJ^2)^1/2) / 2 + PE
    Total System Jitter     (TSJ):    0.071ns
    Discrete Jitter          (DJ):    0.127ns
    Phase Error              (PE):    0.000ns

    Location             Delay type                Incr(ns)  Path(ns)    Netlist Resource(s)
  -------------------------------------------------------------------    -------------------
                         (clock clk_proc rise edge)
                                                      0.000     0.000 r  
    M19                                               0.000     0.000 r  sys_clk (IN)
                         net (fo=0)                   0.000     0.000    sys_clk
    M19                  IBUF (Prop_ibuf_I_O)         1.436     1.436 r  sys_clk_IBUF_inst/O
                         net (fo=1, routed)           2.205     3.641    sys_clk_IBUF
    BUFGCTRL_X0Y16       BUFG (Prop_bufg_I_O)         0.101     3.742 r  sys_clk_IBUF_BUFG_inst/O
                         net (fo=173, routed)         1.806     5.548    sys_clk_IBUF_BUFG
    MMCME2_ADV_X1Y0      MMCME2_ADV (Prop_mmcme2_adv_CLKIN1_CLKOUT0)
                                                      0.088     5.636 r  u_mmcm/CLKOUT0
                         net (fo=1, routed)           1.889     7.525    clk_proc
    BUFGCTRL_X0Y1        BUFG (Prop_bufg_I_O)         0.101     7.626 r  clk_proc_BUFG_inst/O
                         net (fo=16028, routed)       1.692     9.319    g_chan[1].u_canny/u_hyst/clk_proc_BUFG
    RAMB36_X2Y17         RAMB36E1                                     r  g_chan[1].u_canny/u_hyst/strong_mem_reg_0/CLKBWRCLK
  -------------------------------------------------------------------    -------------------
    RAMB36_X2Y17         RAMB36E1 (Prop_ramb36e1_CLKBWRCLK_CASCADEOUTB)
                                                      2.872    12.191 r  g_chan[1].u_canny/u_hyst/strong_mem_reg_0/CASCADEOUTB
                         net (fo=1, routed)           0.065    12.256    g_chan[1].u_canny/u_hyst/strong_mem_reg_0_n_1
    RAMB36_X2Y18         RAMB36E1 (Prop_ramb36e1_CASCADEINB_DOBDO[0])
                                                      0.425    12.681 r  g_chan[1].u_canny/u_hyst/strong_mem_reg_1/DOBDO[0]
                         net (fo=1, routed)           1.653    14.334    g_chan[1].u_canny/u_hyst/strong_mem_reg_1_n_67
    SLICE_X57Y73         LUT6 (Prop_lut6_I5_O)        0.124    14.458 r  g_chan[1].u_canny/u_hyst/win_data_r[0]_i_2__0/O
                         net (fo=2, routed)           0.472    14.930    g_chan[1].u_canny/u_hyst/win_data_r[0]_i_2__0_n_0
    SLICE_X57Y75         LUT6 (Prop_lut6_I2_O)        0.124    15.054 r  g_chan[1].u_canny/u_hyst/m_edge_d_i_1__0/O
                         net (fo=1, routed)           0.000    15.054    g_chan[1].u_canny/u_hyst/m_edge_d_i_1__0_n_0
    SLICE_X57Y75         FDRE                                         r  g_chan[1].u_canny/u_hyst/m_edge_d_reg/D
  -------------------------------------------------------------------    -------------------

                         (clock clk_proc rise edge)
                                                      5.556     5.556 r  
    M19                                               0.000     5.556 r  sys_clk (IN)
                         net (fo=0)                   0.000     5.556    sys_clk
    M19                  IBUF (Prop_ibuf_I_O)         1.366     6.922 r  sys_clk_IBUF_inst/O
                         net (fo=1, routed)           2.006     8.928    sys_clk_IBUF
    BUFGCTRL_X0Y16       BUFG (Prop_bufg_I_O)         0.091     9.019 r  sys_clk_IBUF_BUFG_inst/O
                         net (fo=173, routed)         1.612    10.631    sys_clk_IBUF_BUFG
    MMCME2_ADV_X1Y0      MMCME2_ADV (Prop_mmcme2_adv_CLKIN1_CLKOUT0)
                                                      0.083    10.714 r  u_mmcm/CLKOUT0
                         net (fo=1, routed)           1.725    12.439    clk_proc
    BUFGCTRL_X0Y1        BUFG (Prop_bufg_I_O)         0.091    12.530 r  clk_proc_BUFG_inst/O
                         net (fo=16028, routed)       1.523    14.053    g_chan[1].u_canny/u_hyst/clk_proc_BUFG
    SLICE_X57Y75         FDRE                                         r  g_chan[1].u_canny/u_hyst/m_edge_d_reg/C
                         clock pessimism              0.666    14.719    
                         clock uncertainty           -0.073    14.646    
    SLICE_X57Y75         FDRE (Setup_fdre_C_D)        0.029    14.675    g_chan[1].u_canny/u_hyst/m_edge_d_reg
  -------------------------------------------------------------------
                         required time                         14.675    
                         arrival time                         -15.054    
  -------------------------------------------------------------------
                         slack                                 -0.379    

Slack (VIOLATED) :        -0.377ns  (required time - arrival time)
  Source:                 g_chan[0].u_canny/u_hyst/weak_mem_reg_0/CLKBWRCLK
                            (rising edge-triggered cell RAMB36E1 clocked by clk_proc  {rise@0.000ns fall@2.778ns period=5.556ns})
  Destination:            g_chan[0].u_canny/u_hyst/win_data_r_reg[1]/D
                            (rising edge-triggered cell FDCE clocked by clk_proc  {rise@0.000ns fall@2.778ns period=5.556ns})
  Path Group:             clk_proc
  Path Type:              Setup (Max at Slow Process Corner)
  Requirement:            5.556ns  (clk_proc rise@5.556ns - clk_proc rise@0.000ns)
  Data Path Delay:        5.663ns  (logic 3.421ns (60.411%)  route 2.242ns (39.589%))
  Logic Levels:           2  (LUT6=1 RAMB36E1=1)
  Clock Path Skew:        -0.228ns (DCD - SCD + CPR)
    Destination Clock Delay (DCD):    8.526ns = ( 14.082 - 5.556 ) 
    Source Clock Delay      (SCD):    9.420ns
    Clock Pessimism Removal (CPR):    0.666ns
  Clock Uncertainty:      0.073ns  ((TSJ^2 + DJ^2)^1/2) / 2 + PE
    Total System Jitter     (TSJ):    0.071ns
    Discrete Jitter          (DJ):    0.127ns
    Phase Error              (PE):    0.000ns

    Location             Delay type                Incr(ns)  Path(ns)    Netlist Resource(s)
  -------------------------------------------------------------------    -------------------
                         (clock clk_proc rise edge)
                                                      0.000     0.000 r  
    M19                                               0.000     0.000 r  sys_clk (IN)
                         net (fo=0)                   0.000     0.000    sys_clk
    M19                  IBUF (Prop_ibuf_I_O)         1.436     1.436 r  sys_clk_IBUF_inst/O
                         net (fo=1, routed)           2.205     3.641    sys_clk_IBUF
    BUFGCTRL_X0Y16       BUFG (Prop_bufg_I_O)         0.101     3.742 r  sys_clk_IBUF_BUFG_inst/O
                         net (fo=173, routed)         1.806     5.548    sys_clk_IBUF_BUFG
    MMCME2_ADV_X1Y0      MMCME2_ADV (Prop_mmcme2_adv_CLKIN1_CLKOUT0)
                                                      0.088     5.636 r  u_mmcm/CLKOUT0
                         net (fo=1, routed)           1.889     7.525    clk_proc
    BUFGCTRL_X0Y1        BUFG (Prop_bufg_I_O)         0.101     7.626 r  clk_proc_BUFG_inst/O
                         net (fo=16028, routed)       1.793     9.420    g_chan[0].u_canny/u_hyst/clk_proc_BUFG
    RAMB36_X1Y0          RAMB36E1                                     r  g_chan[0].u_canny/u_hyst/weak_mem_reg_0/CLKBWRCLK
  -------------------------------------------------------------------    -------------------
    RAMB36_X1Y0          RAMB36E1 (Prop_ramb36e1_CLKBWRCLK_CASCADEOUTB)
                                                      2.872    12.292 r  g_chan[0].u_canny/u_hyst/weak_mem_reg_0/CASCADEOUTB
                         net (fo=1, routed)           0.065    12.357    g_chan[0].u_canny/u_hyst/weak_mem_reg_0_n_1
    RAMB36_X1Y1          RAMB36E1 (Prop_ramb36e1_CASCADEINB_DOBDO[0])
                                                      0.425    12.782 r  g_chan[0].u_canny/u_hyst/weak_mem_reg_1/DOBDO[0]
                         net (fo=1, routed)           2.177    14.959    g_chan[0].u_canny/u_hyst/weak_mem_reg_1_n_67
    SLICE_X78Y16         LUT6 (Prop_lut6_I3_O)        0.124    15.083 r  g_chan[0].u_canny/u_hyst/win_data_r[1]_i_1_comp/O
                         net (fo=1, routed)           0.000    15.083    g_chan[0].u_canny/u_hyst/rd_word_q_reg[1]
    SLICE_X78Y16         FDCE                                         r  g_chan[0].u_canny/u_hyst/win_data_r_reg[1]/D
  -------------------------------------------------------------------    -------------------

                         (clock clk_proc rise edge)
                                                      5.556     5.556 r  
    M19                                               0.000     5.556 r  sys_clk (IN)
                         net (fo=0)                   0.000     5.556    sys_clk
    M19                  IBUF (Prop_ibuf_I_O)         1.366     6.922 r  sys_clk_IBUF_inst/O
                         net (fo=1, routed)           2.006     8.928    sys_clk_IBUF
    BUFGCTRL_X0Y16       BUFG (Prop_bufg_I_O)         0.091     9.019 r  sys_clk_IBUF_BUFG_inst/O
                         net (fo=173, routed)         1.612    10.631    sys_clk_IBUF_BUFG
    MMCME2_ADV_X1Y0      MMCME2_ADV (Prop_mmcme2_adv_CLKIN1_CLKOUT0)
                                                      0.083    10.714 r  u_mmcm/CLKOUT0
                         net (fo=1, routed)           1.725    12.439    clk_proc
    BUFGCTRL_X0Y1        BUFG (Prop_bufg_I_O)         0.091    12.530 r  clk_proc_BUFG_inst/O
                         net (fo=16028, routed)       1.551    14.082    g_chan[0].u_canny/u_hyst/clk_proc_BUFG
    SLICE_X78Y16         FDCE                                         r  g_chan[0].u_canny/u_hyst/win_data_r_reg[1]/C
                         clock pessimism              0.666    14.747    
                         clock uncertainty           -0.073    14.675    
    SLICE_X78Y16         FDCE (Setup_fdce_C_D)        0.031    14.706    g_chan[0].u_canny/u_hyst/win_data_r_reg[1]
  -------------------------------------------------------------------
                         required time                         14.706    
                         arrival time                         -15.083    
  -------------------------------------------------------------------
                         slack                                 -0.377    




