Copyright 1986-2022 Xilinx, Inc. All Rights Reserved. Copyright 2022-2025 Advanced Micro Devices, Inc. All Rights Reserved.
---------------------------------------------------------------------------------------------------------------------------------------------
| Tool Version : Vivado v.2025.2 (win64) Build 6299465 Fri Nov 14 19:35:11 GMT 2025
| Date         : Sat Aug 22 05:59:53 2026
| Host         : wshh running 64-bit major release  (build 9200)
| Command      : report_timing -max_paths 6 -nworst 1 -delay_type max -file out/worst_sweet4.rpt
| Design       : vision_top
| Device       : 7z020-clg484
| Speed File   : -1  PRODUCTION 1.12 2019-11-22
| Design State : Routed
---------------------------------------------------------------------------------------------------------------------------------------------

Timing Report

Slack (VIOLATED) :        -3.798ns  (required time - arrival time)
  Source:                 u_regs/snn_act_wdata_reg[0]/C
                            (rising edge-triggered cell FDCE clocked by sys_clk_50m  {rise@0.000ns fall@10.000ns period=20.000ns})
  Destination:            act_wdata_p2_reg[0]/D
                            (rising edge-triggered cell FDCE clocked by clk_proc  {rise@0.000ns fall@2.778ns period=5.556ns})
  Path Group:             clk_proc
  Path Type:              Setup (Max at Slow Process Corner)
  Requirement:            1.111ns  (clk_proc rise@61.111ns - sys_clk_50m rise@60.000ns)
  Data Path Delay:        7.961ns  (logic 0.456ns (5.728%)  route 7.505ns (94.272%))
  Logic Levels:           0  
  Clock Path Skew:        3.349ns (DCD - SCD + CPR)
    Destination Clock Delay (DCD):    8.461ns = ( 69.572 - 61.111 ) 
    Source Clock Delay      (SCD):    5.391ns = ( 65.391 - 60.000 ) 
    Clock Pessimism Removal (CPR):    0.279ns
  Clock Uncertainty:      0.231ns  ((TSJ^2 + DJ^2)^1/2) / 2 + PE
    Total System Jitter     (TSJ):    0.071ns
    Discrete Jitter          (DJ):    0.127ns
    Phase Error              (PE):    0.158ns

    Location             Delay type                Incr(ns)  Path(ns)    Netlist Resource(s)
  -------------------------------------------------------------------    -------------------
                         (clock sys_clk_50m rise edge)
                                                     60.000    60.000 r  
    M19                                               0.000    60.000 r  sys_clk (IN)
                         net (fo=0)                   0.000    60.000    sys_clk
    M19                  IBUF (Prop_ibuf_I_O)         1.436    61.436 r  sys_clk_IBUF_inst/O
                         net (fo=1, routed)           2.205    63.641    sys_clk_IBUF
    BUFGCTRL_X0Y16       BUFG (Prop_bufg_I_O)         0.101    63.742 r  sys_clk_IBUF_BUFG_inst/O
                         net (fo=556, routed)         1.649    65.391    u_regs/sys_clk_IBUF_BUFG
    SLICE_X53Y15         FDCE                                         r  u_regs/snn_act_wdata_reg[0]/C
  -------------------------------------------------------------------    -------------------
    SLICE_X53Y15         FDCE (Prop_fdce_C_Q)         0.456    65.847 r  u_regs/snn_act_wdata_reg[0]/Q
                         net (fo=1, routed)           7.505    73.352    snn_act_wdata[0]
    SLICE_X47Y14         FDCE                                         r  act_wdata_p2_reg[0]/D
  -------------------------------------------------------------------    -------------------

                         (clock clk_proc rise edge)
                                                     61.111    61.111 r  
    M19                                               0.000    61.111 r  sys_clk (IN)
                         net (fo=0)                   0.000    61.111    sys_clk
    M19                  IBUF (Prop_ibuf_I_O)         1.366    62.477 r  sys_clk_IBUF_inst/O
                         net (fo=1, routed)           2.006    64.483    sys_clk_IBUF
    BUFGCTRL_X0Y16       BUFG (Prop_bufg_I_O)         0.091    64.574 r  sys_clk_IBUF_BUFG_inst/O
                         net (fo=556, routed)         1.612    66.187    sys_clk_IBUF_BUFG
    MMCME2_ADV_X1Y0      MMCME2_ADV (Prop_mmcme2_adv_CLKIN1_CLKOUT0)
                                                      0.083    66.270 r  u_mmcm/CLKOUT0
                         net (fo=1, routed)           1.725    67.995    clk_proc
    BUFGCTRL_X0Y1        BUFG (Prop_bufg_I_O)         0.091    68.086 r  clk_proc_BUFG_inst/O
                         net (fo=9409, routed)        1.486    69.572    clk_proc_BUFG
    SLICE_X47Y14         FDCE                                         r  act_wdata_p2_reg[0]/C
                         clock pessimism              0.279    69.851    
                         clock uncertainty           -0.231    69.621    
    SLICE_X47Y14         FDCE (Setup_fdce_C_D)       -0.067    69.554    act_wdata_p2_reg[0]
  -------------------------------------------------------------------
                         required time                         69.554    
                         arrival time                         -73.352    
  -------------------------------------------------------------------
                         slack                                 -3.798    

Slack (VIOLATED) :        -2.557ns  (required time - arrival time)
  Source:                 act_pulse_hold_reg[3]/C
                            (rising edge-triggered cell FDCE clocked by sys_clk_50m  {rise@0.000ns fall@10.000ns period=20.000ns})
  Destination:            u_snn/act_reg[63][7]/CE
                            (rising edge-triggered cell FDCE clocked by clk_proc  {rise@0.000ns fall@2.778ns period=5.556ns})
  Path Group:             clk_proc
  Path Type:              Setup (Max at Slow Process Corner)
  Requirement:            1.111ns  (clk_proc rise@61.111ns - sys_clk_50m rise@60.000ns)
  Data Path Delay:        6.360ns  (logic 1.156ns (18.175%)  route 5.204ns (81.825%))
  Logic Levels:           3  (LUT3=1 LUT5=2)
  Clock Path Skew:        3.330ns (DCD - SCD + CPR)
    Destination Clock Delay (DCD):    8.538ns = ( 69.649 - 61.111 ) 
    Source Clock Delay      (SCD):    5.487ns = ( 65.487 - 60.000 ) 
    Clock Pessimism Removal (CPR):    0.279ns
  Clock Uncertainty:      0.231ns  ((TSJ^2 + DJ^2)^1/2) / 2 + PE
    Total System Jitter     (TSJ):    0.071ns
    Discrete Jitter          (DJ):    0.127ns
    Phase Error              (PE):    0.158ns

    Location             Delay type                Incr(ns)  Path(ns)    Netlist Resource(s)
  -------------------------------------------------------------------    -------------------
                         (clock sys_clk_50m rise edge)
                                                     60.000    60.000 r  
    M19                                               0.000    60.000 r  sys_clk (IN)
                         net (fo=0)                   0.000    60.000    sys_clk
    M19                  IBUF (Prop_ibuf_I_O)         1.436    61.436 r  sys_clk_IBUF_inst/O
                         net (fo=1, routed)           2.205    63.641    sys_clk_IBUF
    BUFGCTRL_X0Y16       BUFG (Prop_bufg_I_O)         0.101    63.742 r  sys_clk_IBUF_BUFG_inst/O
                         net (fo=556, routed)         1.745    65.487    sys_clk_IBUF_BUFG
    SLICE_X27Y12         FDCE                                         r  act_pulse_hold_reg[3]/C
  -------------------------------------------------------------------    -------------------
    SLICE_X27Y12         FDCE (Prop_fdce_C_Q)         0.419    65.906 r  act_pulse_hold_reg[3]/Q
                         net (fo=3, routed)           1.236    67.142    act_pulse_hold_reg[3]
    SLICE_X27Y12         LUT5 (Prop_lut5_I2_O)        0.299    67.441 r  u_snn_i_1/O
                         net (fo=4, routed)           1.449    68.890    u_snn/act_wr
    SLICE_X25Y11         LUT3 (Prop_lut3_I0_O)        0.118    69.008 r  u_snn/act[33][7]_i_2/O
                         net (fo=16, routed)          1.396    70.405    u_snn/act[33][7]_i_2_n_0
    SLICE_X27Y11         LUT5 (Prop_lut5_I4_O)        0.320    70.725 r  u_snn/act[63][7]_i_1/O
                         net (fo=8, routed)           1.123    71.848    u_snn/act[63][7]_i_1_n_0
    SLICE_X28Y13         FDCE                                         r  u_snn/act_reg[63][7]/CE
  -------------------------------------------------------------------    -------------------

                         (clock clk_proc rise edge)
                                                     61.111    61.111 r  
    M19                                               0.000    61.111 r  sys_clk (IN)
                         net (fo=0)                   0.000    61.111    sys_clk
    M19                  IBUF (Prop_ibuf_I_O)         1.366    62.477 r  sys_clk_IBUF_inst/O
                         net (fo=1, routed)           2.006    64.483    sys_clk_IBUF
    BUFGCTRL_X0Y16       BUFG (Prop_bufg_I_O)         0.091    64.574 r  sys_clk_IBUF_BUFG_inst/O
                         net (fo=556, routed)         1.612    66.187    sys_clk_IBUF_BUFG
    MMCME2_ADV_X1Y0      MMCME2_ADV (Prop_mmcme2_adv_CLKIN1_CLKOUT0)
                                                      0.083    66.270 r  u_mmcm/CLKOUT0
                         net (fo=1, routed)           1.725    67.995    clk_proc
    BUFGCTRL_X0Y1        BUFG (Prop_bufg_I_O)         0.091    68.086 r  clk_proc_BUFG_inst/O
                         net (fo=9409, routed)        1.563    69.649    u_snn/clk
    SLICE_X28Y13         FDCE                                         r  u_snn/act_reg[63][7]/C
                         clock pessimism              0.279    69.928    
                         clock uncertainty           -0.231    69.698    
    SLICE_X28Y13         FDCE (Setup_fdce_C_CE)      -0.407    69.291    u_snn/act_reg[63][7]
  -------------------------------------------------------------------
                         required time                         69.291    
                         arrival time                         -71.848    
  -------------------------------------------------------------------
                         slack                                 -2.557    

Slack (VIOLATED) :        -2.413ns  (required time - arrival time)
  Source:                 act_pulse_hold_reg[3]/C
                            (rising edge-triggered cell FDCE clocked by sys_clk_50m  {rise@0.000ns fall@10.000ns period=20.000ns})
  Destination:            u_snn/act_reg[63][0]/CE
                            (rising edge-triggered cell FDCE clocked by clk_proc  {rise@0.000ns fall@2.778ns period=5.556ns})
  Path Group:             clk_proc
  Path Type:              Setup (Max at Slow Process Corner)
  Requirement:            1.111ns  (clk_proc rise@61.111ns - sys_clk_50m rise@60.000ns)
  Data Path Delay:        6.218ns  (logic 1.156ns (18.590%)  route 5.062ns (81.410%))
  Logic Levels:           3  (LUT3=1 LUT5=2)
  Clock Path Skew:        3.332ns (DCD - SCD + CPR)
    Destination Clock Delay (DCD):    8.540ns = ( 69.651 - 61.111 ) 
    Source Clock Delay      (SCD):    5.487ns = ( 65.487 - 60.000 ) 
    Clock Pessimism Removal (CPR):    0.279ns
  Clock Uncertainty:      0.231ns  ((TSJ^2 + DJ^2)^1/2) / 2 + PE
    Total System Jitter     (TSJ):    0.071ns
    Discrete Jitter          (DJ):    0.127ns
    Phase Error              (PE):    0.158ns

    Location             Delay type                Incr(ns)  Path(ns)    Netlist Resource(s)
  -------------------------------------------------------------------    -------------------
                         (clock sys_clk_50m rise edge)
                                                     60.000    60.000 r  
    M19                                               0.000    60.000 r  sys_clk (IN)
                         net (fo=0)                   0.000    60.000    sys_clk
    M19                  IBUF (Prop_ibuf_I_O)         1.436    61.436 r  sys_clk_IBUF_inst/O
                         net (fo=1, routed)           2.205    63.641    sys_clk_IBUF
    BUFGCTRL_X0Y16       BUFG (Prop_bufg_I_O)         0.101    63.742 r  sys_clk_IBUF_BUFG_inst/O
                         net (fo=556, routed)         1.745    65.487    sys_clk_IBUF_BUFG
    SLICE_X27Y12         FDCE                                         r  act_pulse_hold_reg[3]/C
  -------------------------------------------------------------------    -------------------
    SLICE_X27Y12         FDCE (Prop_fdce_C_Q)         0.419    65.906 r  act_pulse_hold_reg[3]/Q
                         net (fo=3, routed)           1.236    67.142    act_pulse_hold_reg[3]
    SLICE_X27Y12         LUT5 (Prop_lut5_I2_O)        0.299    67.441 r  u_snn_i_1/O
                         net (fo=4, routed)           1.449    68.890    u_snn/act_wr
    SLICE_X25Y11         LUT3 (Prop_lut3_I0_O)        0.118    69.008 r  u_snn/act[33][7]_i_2/O
                         net (fo=16, routed)          1.396    70.405    u_snn/act[33][7]_i_2_n_0
    SLICE_X27Y11         LUT5 (Prop_lut5_I4_O)        0.320    70.725 r  u_snn/act[63][7]_i_1/O
                         net (fo=8, routed)           0.981    71.706    u_snn/act[63][7]_i_1_n_0
    SLICE_X28Y11         FDCE                                         r  u_snn/act_reg[63][0]/CE
  -------------------------------------------------------------------    -------------------

                         (clock clk_proc rise edge)
                                                     61.111    61.111 r  
    M19                                               0.000    61.111 r  sys_clk (IN)
                         net (fo=0)                   0.000    61.111    sys_clk
    M19                  IBUF (Prop_ibuf_I_O)         1.366    62.477 r  sys_clk_IBUF_inst/O
                         net (fo=1, routed)           2.006    64.483    sys_clk_IBUF
    BUFGCTRL_X0Y16       BUFG (Prop_bufg_I_O)         0.091    64.574 r  sys_clk_IBUF_BUFG_inst/O
                         net (fo=556, routed)         1.612    66.187    sys_clk_IBUF_BUFG
    MMCME2_ADV_X1Y0      MMCME2_ADV (Prop_mmcme2_adv_CLKIN1_CLKOUT0)
                                                      0.083    66.270 r  u_mmcm/CLKOUT0
                         net (fo=1, routed)           1.725    67.995    clk_proc
    BUFGCTRL_X0Y1        BUFG (Prop_bufg_I_O)         0.091    68.086 r  clk_proc_BUFG_inst/O
                         net (fo=9409, routed)        1.565    69.651    u_snn/clk
    SLICE_X28Y11         FDCE                                         r  u_snn/act_reg[63][0]/C
                         clock pessimism              0.279    69.930    
                         clock uncertainty           -0.231    69.700    
    SLICE_X28Y11         FDCE (Setup_fdce_C_CE)      -0.407    69.293    u_snn/act_reg[63][0]
  -------------------------------------------------------------------
                         required time                         69.293    
                         arrival time                         -71.706    
  -------------------------------------------------------------------
                         slack                                 -2.413    

Slack (VIOLATED) :        -2.413ns  (required time - arrival time)
  Source:                 act_pulse_hold_reg[3]/C
                            (rising edge-triggered cell FDCE clocked by sys_clk_50m  {rise@0.000ns fall@10.000ns period=20.000ns})
  Destination:            u_snn/act_reg[63][1]/CE
                            (rising edge-triggered cell FDCE clocked by clk_proc  {rise@0.000ns fall@2.778ns period=5.556ns})
  Path Group:             clk_proc
  Path Type:              Setup (Max at Slow Process Corner)
  Requirement:            1.111ns  (clk_proc rise@61.111ns - sys_clk_50m rise@60.000ns)
  Data Path Delay:        6.218ns  (logic 1.156ns (18.590%)  route 5.062ns (81.410%))
  Logic Levels:           3  (LUT3=1 LUT5=2)
  Clock Path Skew:        3.332ns (DCD - SCD + CPR)
    Destination Clock Delay (DCD):    8.540ns = ( 69.651 - 61.111 ) 
    Source Clock Delay      (SCD):    5.487ns = ( 65.487 - 60.000 ) 
    Clock Pessimism Removal (CPR):    0.279ns
  Clock Uncertainty:      0.231ns  ((TSJ^2 + DJ^2)^1/2) / 2 + PE
    Total System Jitter     (TSJ):    0.071ns
    Discrete Jitter          (DJ):    0.127ns
    Phase Error              (PE):    0.158ns

    Location             Delay type                Incr(ns)  Path(ns)    Netlist Resource(s)
  -------------------------------------------------------------------    -------------------
                         (clock sys_clk_50m rise edge)
                                                     60.000    60.000 r  
    M19                                               0.000    60.000 r  sys_clk (IN)
                         net (fo=0)                   0.000    60.000    sys_clk
    M19                  IBUF (Prop_ibuf_I_O)         1.436    61.436 r  sys_clk_IBUF_inst/O
                         net (fo=1, routed)           2.205    63.641    sys_clk_IBUF
    BUFGCTRL_X0Y16       BUFG (Prop_bufg_I_O)         0.101    63.742 r  sys_clk_IBUF_BUFG_inst/O
                         net (fo=556, routed)         1.745    65.487    sys_clk_IBUF_BUFG
    SLICE_X27Y12         FDCE                                         r  act_pulse_hold_reg[3]/C
  -------------------------------------------------------------------    -------------------
    SLICE_X27Y12         FDCE (Prop_fdce_C_Q)         0.419    65.906 r  act_pulse_hold_reg[3]/Q
                         net (fo=3, routed)           1.236    67.142    act_pulse_hold_reg[3]
    SLICE_X27Y12         LUT5 (Prop_lut5_I2_O)        0.299    67.441 r  u_snn_i_1/O
                         net (fo=4, routed)           1.449    68.890    u_snn/act_wr
    SLICE_X25Y11         LUT3 (Prop_lut3_I0_O)        0.118    69.008 r  u_snn/act[33][7]_i_2/O
                         net (fo=16, routed)          1.396    70.405    u_snn/act[33][7]_i_2_n_0
    SLICE_X27Y11         LUT5 (Prop_lut5_I4_O)        0.320    70.725 r  u_snn/act[63][7]_i_1/O
                         net (fo=8, routed)           0.981    71.706    u_snn/act[63][7]_i_1_n_0
    SLICE_X28Y11         FDCE                                         r  u_snn/act_reg[63][1]/CE
  -------------------------------------------------------------------    -------------------

                         (clock clk_proc rise edge)
                                                     61.111    61.111 r  
    M19                                               0.000    61.111 r  sys_clk (IN)
                         net (fo=0)                   0.000    61.111    sys_clk
    M19                  IBUF (Prop_ibuf_I_O)         1.366    62.477 r  sys_clk_IBUF_inst/O
                         net (fo=1, routed)           2.006    64.483    sys_clk_IBUF
    BUFGCTRL_X0Y16       BUFG (Prop_bufg_I_O)         0.091    64.574 r  sys_clk_IBUF_BUFG_inst/O
                         net (fo=556, routed)         1.612    66.187    sys_clk_IBUF_BUFG
    MMCME2_ADV_X1Y0      MMCME2_ADV (Prop_mmcme2_adv_CLKIN1_CLKOUT0)
                                                      0.083    66.270 r  u_mmcm/CLKOUT0
                         net (fo=1, routed)           1.725    67.995    clk_proc
    BUFGCTRL_X0Y1        BUFG (Prop_bufg_I_O)         0.091    68.086 r  clk_proc_BUFG_inst/O
                         net (fo=9409, routed)        1.565    69.651    u_snn/clk
    SLICE_X28Y11         FDCE                                         r  u_snn/act_reg[63][1]/C
                         clock pessimism              0.279    69.930    
                         clock uncertainty           -0.231    69.700    
    SLICE_X28Y11         FDCE (Setup_fdce_C_CE)      -0.407    69.293    u_snn/act_reg[63][1]
  -------------------------------------------------------------------
                         required time                         69.293    
                         arrival time                         -71.706    
  -------------------------------------------------------------------
                         slack                                 -2.413    

Slack (VIOLATED) :        -2.413ns  (required time - arrival time)
  Source:                 act_pulse_hold_reg[3]/C
                            (rising edge-triggered cell FDCE clocked by sys_clk_50m  {rise@0.000ns fall@10.000ns period=20.000ns})
  Destination:            u_snn/act_reg[63][2]/CE
                            (rising edge-triggered cell FDCE clocked by clk_proc  {rise@0.000ns fall@2.778ns period=5.556ns})
  Path Group:             clk_proc
  Path Type:              Setup (Max at Slow Process Corner)
  Requirement:            1.111ns  (clk_proc rise@61.111ns - sys_clk_50m rise@60.000ns)
  Data Path Delay:        6.218ns  (logic 1.156ns (18.590%)  route 5.062ns (81.410%))
  Logic Levels:           3  (LUT3=1 LUT5=2)
  Clock Path Skew:        3.332ns (DCD - SCD + CPR)
    Destination Clock Delay (DCD):    8.540ns = ( 69.651 - 61.111 ) 
    Source Clock Delay      (SCD):    5.487ns = ( 65.487 - 60.000 ) 
    Clock Pessimism Removal (CPR):    0.279ns
  Clock Uncertainty:      0.231ns  ((TSJ^2 + DJ^2)^1/2) / 2 + PE
    Total System Jitter     (TSJ):    0.071ns
    Discrete Jitter          (DJ):    0.127ns
    Phase Error              (PE):    0.158ns

    Location             Delay type                Incr(ns)  Path(ns)    Netlist Resource(s)
  -------------------------------------------------------------------    -------------------
                         (clock sys_clk_50m rise edge)
                                                     60.000    60.000 r  
    M19                                               0.000    60.000 r  sys_clk (IN)
                         net (fo=0)                   0.000    60.000    sys_clk
    M19                  IBUF (Prop_ibuf_I_O)         1.436    61.436 r  sys_clk_IBUF_inst/O
                         net (fo=1, routed)           2.205    63.641    sys_clk_IBUF
    BUFGCTRL_X0Y16       BUFG (Prop_bufg_I_O)         0.101    63.742 r  sys_clk_IBUF_BUFG_inst/O
                         net (fo=556, routed)         1.745    65.487    sys_clk_IBUF_BUFG
    SLICE_X27Y12         FDCE                                         r  act_pulse_hold_reg[3]/C
  -------------------------------------------------------------------    -------------------
    SLICE_X27Y12         FDCE (Prop_fdce_C_Q)         0.419    65.906 r  act_pulse_hold_reg[3]/Q
                         net (fo=3, routed)           1.236    67.142    act_pulse_hold_reg[3]
    SLICE_X27Y12         LUT5 (Prop_lut5_I2_O)        0.299    67.441 r  u_snn_i_1/O
                         net (fo=4, routed)           1.449    68.890    u_snn/act_wr
    SLICE_X25Y11         LUT3 (Prop_lut3_I0_O)        0.118    69.008 r  u_snn/act[33][7]_i_2/O
                         net (fo=16, routed)          1.396    70.405    u_snn/act[33][7]_i_2_n_0
    SLICE_X27Y11         LUT5 (Prop_lut5_I4_O)        0.320    70.725 r  u_snn/act[63][7]_i_1/O
                         net (fo=8, routed)           0.981    71.706    u_snn/act[63][7]_i_1_n_0
    SLICE_X28Y11         FDCE                                         r  u_snn/act_reg[63][2]/CE
  -------------------------------------------------------------------    -------------------

                         (clock clk_proc rise edge)
                                                     61.111    61.111 r  
    M19                                               0.000    61.111 r  sys_clk (IN)
                         net (fo=0)                   0.000    61.111    sys_clk
    M19                  IBUF (Prop_ibuf_I_O)         1.366    62.477 r  sys_clk_IBUF_inst/O
                         net (fo=1, routed)           2.006    64.483    sys_clk_IBUF
    BUFGCTRL_X0Y16       BUFG (Prop_bufg_I_O)         0.091    64.574 r  sys_clk_IBUF_BUFG_inst/O
                         net (fo=556, routed)         1.612    66.187    sys_clk_IBUF_BUFG
    MMCME2_ADV_X1Y0      MMCME2_ADV (Prop_mmcme2_adv_CLKIN1_CLKOUT0)
                                                      0.083    66.270 r  u_mmcm/CLKOUT0
                         net (fo=1, routed)           1.725    67.995    clk_proc
    BUFGCTRL_X0Y1        BUFG (Prop_bufg_I_O)         0.091    68.086 r  clk_proc_BUFG_inst/O
                         net (fo=9409, routed)        1.565    69.651    u_snn/clk
    SLICE_X28Y11         FDCE                                         r  u_snn/act_reg[63][2]/C
                         clock pessimism              0.279    69.930    
                         clock uncertainty           -0.231    69.700    
    SLICE_X28Y11         FDCE (Setup_fdce_C_CE)      -0.407    69.293    u_snn/act_reg[63][2]
  -------------------------------------------------------------------
                         required time                         69.293    
                         arrival time                         -71.706    
  -------------------------------------------------------------------
                         slack                                 -2.413    

Slack (VIOLATED) :        -2.413ns  (required time - arrival time)
  Source:                 act_pulse_hold_reg[3]/C
                            (rising edge-triggered cell FDCE clocked by sys_clk_50m  {rise@0.000ns fall@10.000ns period=20.000ns})
  Destination:            u_snn/act_reg[63][3]/CE
                            (rising edge-triggered cell FDCE clocked by clk_proc  {rise@0.000ns fall@2.778ns period=5.556ns})
  Path Group:             clk_proc
  Path Type:              Setup (Max at Slow Process Corner)
  Requirement:            1.111ns  (clk_proc rise@61.111ns - sys_clk_50m rise@60.000ns)
  Data Path Delay:        6.218ns  (logic 1.156ns (18.590%)  route 5.062ns (81.410%))
  Logic Levels:           3  (LUT3=1 LUT5=2)
  Clock Path Skew:        3.332ns (DCD - SCD + CPR)
    Destination Clock Delay (DCD):    8.540ns = ( 69.651 - 61.111 ) 
    Source Clock Delay      (SCD):    5.487ns = ( 65.487 - 60.000 ) 
    Clock Pessimism Removal (CPR):    0.279ns
  Clock Uncertainty:      0.231ns  ((TSJ^2 + DJ^2)^1/2) / 2 + PE
    Total System Jitter     (TSJ):    0.071ns
    Discrete Jitter          (DJ):    0.127ns
    Phase Error              (PE):    0.158ns

    Location             Delay type                Incr(ns)  Path(ns)    Netlist Resource(s)
  -------------------------------------------------------------------    -------------------
                         (clock sys_clk_50m rise edge)
                                                     60.000    60.000 r  
    M19                                               0.000    60.000 r  sys_clk (IN)
                         net (fo=0)                   0.000    60.000    sys_clk
    M19                  IBUF (Prop_ibuf_I_O)         1.436    61.436 r  sys_clk_IBUF_inst/O
                         net (fo=1, routed)           2.205    63.641    sys_clk_IBUF
    BUFGCTRL_X0Y16       BUFG (Prop_bufg_I_O)         0.101    63.742 r  sys_clk_IBUF_BUFG_inst/O
                         net (fo=556, routed)         1.745    65.487    sys_clk_IBUF_BUFG
    SLICE_X27Y12         FDCE                                         r  act_pulse_hold_reg[3]/C
  -------------------------------------------------------------------    -------------------
    SLICE_X27Y12         FDCE (Prop_fdce_C_Q)         0.419    65.906 r  act_pulse_hold_reg[3]/Q
                         net (fo=3, routed)           1.236    67.142    act_pulse_hold_reg[3]
    SLICE_X27Y12         LUT5 (Prop_lut5_I2_O)        0.299    67.441 r  u_snn_i_1/O
                         net (fo=4, routed)           1.449    68.890    u_snn/act_wr
    SLICE_X25Y11         LUT3 (Prop_lut3_I0_O)        0.118    69.008 r  u_snn/act[33][7]_i_2/O
                         net (fo=16, routed)          1.396    70.405    u_snn/act[33][7]_i_2_n_0
    SLICE_X27Y11         LUT5 (Prop_lut5_I4_O)        0.320    70.725 r  u_snn/act[63][7]_i_1/O
                         net (fo=8, routed)           0.981    71.706    u_snn/act[63][7]_i_1_n_0
    SLICE_X28Y11         FDCE                                         r  u_snn/act_reg[63][3]/CE
  -------------------------------------------------------------------    -------------------

                         (clock clk_proc rise edge)
                                                     61.111    61.111 r  
    M19                                               0.000    61.111 r  sys_clk (IN)
                         net (fo=0)                   0.000    61.111    sys_clk
    M19                  IBUF (Prop_ibuf_I_O)         1.366    62.477 r  sys_clk_IBUF_inst/O
                         net (fo=1, routed)           2.006    64.483    sys_clk_IBUF
    BUFGCTRL_X0Y16       BUFG (Prop_bufg_I_O)         0.091    64.574 r  sys_clk_IBUF_BUFG_inst/O
                         net (fo=556, routed)         1.612    66.187    sys_clk_IBUF_BUFG
    MMCME2_ADV_X1Y0      MMCME2_ADV (Prop_mmcme2_adv_CLKIN1_CLKOUT0)
                                                      0.083    66.270 r  u_mmcm/CLKOUT0
                         net (fo=1, routed)           1.725    67.995    clk_proc
    BUFGCTRL_X0Y1        BUFG (Prop_bufg_I_O)         0.091    68.086 r  clk_proc_BUFG_inst/O
                         net (fo=9409, routed)        1.565    69.651    u_snn/clk
    SLICE_X28Y11         FDCE                                         r  u_snn/act_reg[63][3]/C
                         clock pessimism              0.279    69.930    
                         clock uncertainty           -0.231    69.700    
    SLICE_X28Y11         FDCE (Setup_fdce_C_CE)      -0.407    69.293    u_snn/act_reg[63][3]
  -------------------------------------------------------------------
                         required time                         69.293    
                         arrival time                         -71.706    
  -------------------------------------------------------------------
                         slack                                 -2.413    




