Copyright 1986-2022 Xilinx, Inc. All Rights Reserved. Copyright 2022-2025 Advanced Micro Devices, Inc. All Rights Reserved.
---------------------------------------------------------------------------------------------------------------------------------------------
| Tool Version : Vivado v.2025.2 (win64) Build 6299465 Fri Nov 14 19:35:11 GMT 2025
| Date         : Sun Aug 16 07:16:23 2026
| Host         : wshh running 64-bit major release  (build 9200)
| Command      : report_timing -max_paths 10 -nworst 1 -delay_type max -group clk_proc -file out/worst_proc_paths.rpt
| Design       : vision_top
| Device       : 7z020-clg484
| Speed File   : -1  PRODUCTION 1.12 2019-11-22
| Design State : Routed
---------------------------------------------------------------------------------------------------------------------------------------------

Timing Report

Slack (VIOLATED) :        -0.018ns  (required time - arrival time)
  Source:                 u_canny/u_med/r1_r_reg[13]/C
                            (rising edge-triggered cell FDCE clocked by clk_proc  {rise@0.000ns fall@3.333ns period=6.667ns})
  Destination:            u_canny/u_med/med_row_r_reg[3]/D
                            (rising edge-triggered cell FDCE clocked by clk_proc  {rise@0.000ns fall@3.333ns period=6.667ns})
  Path Group:             clk_proc
  Path Type:              Setup (Max at Slow Process Corner)
  Requirement:            6.667ns  (clk_proc rise@6.667ns - clk_proc rise@0.000ns)
  Data Path Delay:        6.502ns  (logic 2.795ns (42.988%)  route 3.707ns (57.012%))
  Logic Levels:           8  (CARRY4=4 LUT3=1 LUT4=1 LUT6=2)
  Clock Path Skew:        -0.188ns (DCD - SCD + CPR)
    Destination Clock Delay (DCD):    8.586ns = ( 15.253 - 6.667 ) 
    Source Clock Delay      (SCD):    9.426ns
    Clock Pessimism Removal (CPR):    0.652ns
  Clock Uncertainty:      0.071ns  ((TSJ^2 + DJ^2)^1/2) / 2 + PE
    Total System Jitter     (TSJ):    0.071ns
    Discrete Jitter          (DJ):    0.124ns
    Phase Error              (PE):    0.000ns

    Location             Delay type                Incr(ns)  Path(ns)    Netlist Resource(s)
  -------------------------------------------------------------------    -------------------
                         (clock clk_proc rise edge)
                                                      0.000     0.000 r  
    M19                                               0.000     0.000 r  sys_clk (IN)
                         net (fo=0)                   0.000     0.000    sys_clk
    M19                  IBUF (Prop_ibuf_I_O)         1.436     1.436 r  sys_clk_IBUF_inst/O
                         net (fo=1, routed)           2.205     3.641    sys_clk_IBUF
    BUFGCTRL_X0Y16       BUFG (Prop_bufg_I_O)         0.101     3.742 r  sys_clk_IBUF_BUFG_inst/O
                         net (fo=173, routed)         1.806     5.548    sys_clk_IBUF_BUFG
    MMCME2_ADV_X1Y0      MMCME2_ADV (Prop_mmcme2_adv_CLKIN1_CLKOUT0)
                                                      0.088     5.636 r  u_mmcm/CLKOUT0
                         net (fo=1, routed)           1.889     7.525    clk_proc
    BUFGCTRL_X0Y1        BUFG (Prop_bufg_I_O)         0.101     7.626 r  clk_proc_BUFG_inst/O
                         net (fo=3011, routed)        1.800     9.426    u_canny/u_med/clk_proc_BUFG
    SLICE_X97Y48         FDCE                                         r  u_canny/u_med/r1_r_reg[13]/C
  -------------------------------------------------------------------    -------------------
    SLICE_X97Y48         FDCE (Prop_fdce_C_Q)         0.456     9.882 r  u_canny/u_med/r1_r_reg[13]/Q
                         net (fo=5, routed)           1.095    10.977    u_canny/u_med/b[1]
    SLICE_X96Y51         LUT4 (Prop_lut4_I3_O)        0.124    11.101 r  u_canny/u_med/med_row_r[11]_i_37/O
                         net (fo=1, routed)           0.000    11.101    u_canny/u_med/med_row_r[11]_i_37_n_0
    SLICE_X96Y51         CARRY4 (Prop_carry4_S[0]_CO[3])
                                                      0.513    11.614 r  u_canny/u_med/med_row_r_reg[11]_i_10/CO[3]
                         net (fo=1, routed)           0.000    11.614    u_canny/u_med/med_row_r_reg[11]_i_10_n_0
    SLICE_X96Y52         CARRY4 (Prop_carry4_CI_CO[1])
                                                      0.157    11.771 r  u_canny/u_med/med_row_r_reg[11]_i_3/CO[1]
                         net (fo=48, routed)          0.739    12.510    u_canny/u_med/med_row_r_reg[11]_i_3_n_2
    SLICE_X97Y51         LUT3 (Prop_lut3_I2_O)        0.326    12.836 f  u_canny/u_med/med_row_r[11]_i_53/O
                         net (fo=2, routed)           0.476    13.312    u_canny/u_med/med_row_r[11]_i_53_n_0
    SLICE_X99Y53         LUT6 (Prop_lut6_I4_O)        0.326    13.638 r  u_canny/u_med/med_row_r[11]_i_39/O
                         net (fo=1, routed)           0.613    14.252    u_canny/u_med/med_row_r[11]_i_39_n_0
    SLICE_X94Y54         CARRY4 (Prop_carry4_DI[2]_CO[3])
                                                      0.404    14.656 r  u_canny/u_med/med_row_r_reg[11]_i_15/CO[3]
                         net (fo=1, routed)           0.000    14.656    u_canny/u_med/med_row_r_reg[11]_i_15_n_0
    SLICE_X94Y55         CARRY4 (Prop_carry4_CI_CO[1])
                                                      0.157    14.813 r  u_canny/u_med/med_row_r_reg[11]_i_4/CO[1]
                         net (fo=12, routed)          0.784    15.596    u_canny/u_med/med_row_r_reg[11]_i_4_n_2
    SLICE_X94Y50         LUT6 (Prop_lut6_I4_O)        0.332    15.928 r  u_canny/u_med/med_row_r[3]_i_1/O
                         net (fo=1, routed)           0.000    15.928    u_canny/u_med/med_row_r[3]_i_1_n_0
    SLICE_X94Y50         FDCE                                         r  u_canny/u_med/med_row_r_reg[3]/D
  -------------------------------------------------------------------    -------------------

                         (clock clk_proc rise edge)
                                                      6.667     6.667 r  
    M19                                               0.000     6.667 r  sys_clk (IN)
                         net (fo=0)                   0.000     6.667    sys_clk
    M19                  IBUF (Prop_ibuf_I_O)         1.366     8.033 r  sys_clk_IBUF_inst/O
                         net (fo=1, routed)           2.006    10.039    sys_clk_IBUF
    BUFGCTRL_X0Y16       BUFG (Prop_bufg_I_O)         0.091    10.130 r  sys_clk_IBUF_BUFG_inst/O
                         net (fo=173, routed)         1.612    11.742    sys_clk_IBUF_BUFG
    MMCME2_ADV_X1Y0      MMCME2_ADV (Prop_mmcme2_adv_CLKIN1_CLKOUT0)
                                                      0.083    11.825 r  u_mmcm/CLKOUT0
                         net (fo=1, routed)           1.725    13.550    clk_proc
    BUFGCTRL_X0Y1        BUFG (Prop_bufg_I_O)         0.091    13.641 r  clk_proc_BUFG_inst/O
                         net (fo=3011, routed)        1.612    15.253    u_canny/u_med/clk_proc_BUFG
    SLICE_X94Y50         FDCE                                         r  u_canny/u_med/med_row_r_reg[3]/C
                         clock pessimism              0.652    15.905    
                         clock uncertainty           -0.071    15.833    
    SLICE_X94Y50         FDCE (Setup_fdce_C_D)        0.077    15.910    u_canny/u_med/med_row_r_reg[3]
  -------------------------------------------------------------------
                         required time                         15.910    
                         arrival time                         -15.928    
  -------------------------------------------------------------------
                         slack                                 -0.018    

Slack (VIOLATED) :        -0.016ns  (required time - arrival time)
  Source:                 u_canny/u_med/r1_r_reg[13]/C
                            (rising edge-triggered cell FDCE clocked by clk_proc  {rise@0.000ns fall@3.333ns period=6.667ns})
  Destination:            u_canny/u_med/med_row_r_reg[5]/D
                            (rising edge-triggered cell FDCE clocked by clk_proc  {rise@0.000ns fall@3.333ns period=6.667ns})
  Path Group:             clk_proc
  Path Type:              Setup (Max at Slow Process Corner)
  Requirement:            6.667ns  (clk_proc rise@6.667ns - clk_proc rise@0.000ns)
  Data Path Delay:        6.452ns  (logic 2.795ns (43.318%)  route 3.657ns (56.682%))
  Logic Levels:           8  (CARRY4=4 LUT3=1 LUT4=1 LUT6=2)
  Clock Path Skew:        -0.188ns (DCD - SCD + CPR)
    Destination Clock Delay (DCD):    8.586ns = ( 15.253 - 6.667 ) 
    Source Clock Delay      (SCD):    9.426ns
    Clock Pessimism Removal (CPR):    0.652ns
  Clock Uncertainty:      0.071ns  ((TSJ^2 + DJ^2)^1/2) / 2 + PE
    Total System Jitter     (TSJ):    0.071ns
    Discrete Jitter          (DJ):    0.124ns
    Phase Error              (PE):    0.000ns

    Location             Delay type                Incr(ns)  Path(ns)    Netlist Resource(s)
  -------------------------------------------------------------------    -------------------
                         (clock clk_proc rise edge)
                                                      0.000     0.000 r  
    M19                                               0.000     0.000 r  sys_clk (IN)
                         net (fo=0)                   0.000     0.000    sys_clk
    M19                  IBUF (Prop_ibuf_I_O)         1.436     1.436 r  sys_clk_IBUF_inst/O
                         net (fo=1, routed)           2.205     3.641    sys_clk_IBUF
    BUFGCTRL_X0Y16       BUFG (Prop_bufg_I_O)         0.101     3.742 r  sys_clk_IBUF_BUFG_inst/O
                         net (fo=173, routed)         1.806     5.548    sys_clk_IBUF_BUFG
    MMCME2_ADV_X1Y0      MMCME2_ADV (Prop_mmcme2_adv_CLKIN1_CLKOUT0)
                                                      0.088     5.636 r  u_mmcm/CLKOUT0
                         net (fo=1, routed)           1.889     7.525    clk_proc
    BUFGCTRL_X0Y1        BUFG (Prop_bufg_I_O)         0.101     7.626 r  clk_proc_BUFG_inst/O
                         net (fo=3011, routed)        1.800     9.426    u_canny/u_med/clk_proc_BUFG
    SLICE_X97Y48         FDCE                                         r  u_canny/u_med/r1_r_reg[13]/C
  -------------------------------------------------------------------    -------------------
    SLICE_X97Y48         FDCE (Prop_fdce_C_Q)         0.456     9.882 r  u_canny/u_med/r1_r_reg[13]/Q
                         net (fo=5, routed)           1.095    10.977    u_canny/u_med/b[1]
    SLICE_X96Y51         LUT4 (Prop_lut4_I3_O)        0.124    11.101 r  u_canny/u_med/med_row_r[11]_i_37/O
                         net (fo=1, routed)           0.000    11.101    u_canny/u_med/med_row_r[11]_i_37_n_0
    SLICE_X96Y51         CARRY4 (Prop_carry4_S[0]_CO[3])
                                                      0.513    11.614 r  u_canny/u_med/med_row_r_reg[11]_i_10/CO[3]
                         net (fo=1, routed)           0.000    11.614    u_canny/u_med/med_row_r_reg[11]_i_10_n_0
    SLICE_X96Y52         CARRY4 (Prop_carry4_CI_CO[1])
                                                      0.157    11.771 r  u_canny/u_med/med_row_r_reg[11]_i_3/CO[1]
                         net (fo=48, routed)          0.739    12.510    u_canny/u_med/med_row_r_reg[11]_i_3_n_2
    SLICE_X97Y51         LUT3 (Prop_lut3_I2_O)        0.326    12.836 f  u_canny/u_med/med_row_r[11]_i_53/O
                         net (fo=2, routed)           0.476    13.312    u_canny/u_med/med_row_r[11]_i_53_n_0
    SLICE_X99Y53         LUT6 (Prop_lut6_I4_O)        0.326    13.638 r  u_canny/u_med/med_row_r[11]_i_39/O
                         net (fo=1, routed)           0.613    14.252    u_canny/u_med/med_row_r[11]_i_39_n_0
    SLICE_X94Y54         CARRY4 (Prop_carry4_DI[2]_CO[3])
                                                      0.404    14.656 r  u_canny/u_med/med_row_r_reg[11]_i_15/CO[3]
                         net (fo=1, routed)           0.000    14.656    u_canny/u_med/med_row_r_reg[11]_i_15_n_0
    SLICE_X94Y55         CARRY4 (Prop_carry4_CI_CO[1])
                                                      0.157    14.813 r  u_canny/u_med/med_row_r_reg[11]_i_4/CO[1]
                         net (fo=12, routed)          0.734    15.547    u_canny/u_med/med_row_r_reg[11]_i_4_n_2
    SLICE_X95Y50         LUT6 (Prop_lut6_I4_O)        0.332    15.879 r  u_canny/u_med/med_row_r[5]_i_1/O
                         net (fo=1, routed)           0.000    15.879    u_canny/u_med/med_row_r[5]_i_1_n_0
    SLICE_X95Y50         FDCE                                         r  u_canny/u_med/med_row_r_reg[5]/D
  -------------------------------------------------------------------    -------------------

                         (clock clk_proc rise edge)
                                                      6.667     6.667 r  
    M19                                               0.000     6.667 r  sys_clk (IN)
                         net (fo=0)                   0.000     6.667    sys_clk
    M19                  IBUF (Prop_ibuf_I_O)         1.366     8.033 r  sys_clk_IBUF_inst/O
                         net (fo=1, routed)           2.006    10.039    sys_clk_IBUF
    BUFGCTRL_X0Y16       BUFG (Prop_bufg_I_O)         0.091    10.130 r  sys_clk_IBUF_BUFG_inst/O
                         net (fo=173, routed)         1.612    11.742    sys_clk_IBUF_BUFG
    MMCME2_ADV_X1Y0      MMCME2_ADV (Prop_mmcme2_adv_CLKIN1_CLKOUT0)
                                                      0.083    11.825 r  u_mmcm/CLKOUT0
                         net (fo=1, routed)           1.725    13.550    clk_proc
    BUFGCTRL_X0Y1        BUFG (Prop_bufg_I_O)         0.091    13.641 r  clk_proc_BUFG_inst/O
                         net (fo=3011, routed)        1.612    15.253    u_canny/u_med/clk_proc_BUFG
    SLICE_X95Y50         FDCE                                         r  u_canny/u_med/med_row_r_reg[5]/C
                         clock pessimism              0.652    15.905    
                         clock uncertainty           -0.071    15.833    
    SLICE_X95Y50         FDCE (Setup_fdce_C_D)        0.029    15.862    u_canny/u_med/med_row_r_reg[5]
  -------------------------------------------------------------------
                         required time                         15.862    
                         arrival time                         -15.879    
  -------------------------------------------------------------------
                         slack                                 -0.016    

Slack (VIOLATED) :        -0.012ns  (required time - arrival time)
  Source:                 u_canny/u_med/r1_r_reg[13]/C
                            (rising edge-triggered cell FDCE clocked by clk_proc  {rise@0.000ns fall@3.333ns period=6.667ns})
  Destination:            u_canny/u_med/med_row_r_reg[2]/D
                            (rising edge-triggered cell FDCE clocked by clk_proc  {rise@0.000ns fall@3.333ns period=6.667ns})
  Path Group:             clk_proc
  Path Type:              Setup (Max at Slow Process Corner)
  Requirement:            6.667ns  (clk_proc rise@6.667ns - clk_proc rise@0.000ns)
  Data Path Delay:        6.450ns  (logic 2.795ns (43.332%)  route 3.655ns (56.668%))
  Logic Levels:           8  (CARRY4=4 LUT3=1 LUT4=1 LUT6=2)
  Clock Path Skew:        -0.188ns (DCD - SCD + CPR)
    Destination Clock Delay (DCD):    8.586ns = ( 15.253 - 6.667 ) 
    Source Clock Delay      (SCD):    9.426ns
    Clock Pessimism Removal (CPR):    0.652ns
  Clock Uncertainty:      0.071ns  ((TSJ^2 + DJ^2)^1/2) / 2 + PE
    Total System Jitter     (TSJ):    0.071ns
    Discrete Jitter          (DJ):    0.124ns
    Phase Error              (PE):    0.000ns

    Location             Delay type                Incr(ns)  Path(ns)    Netlist Resource(s)
  -------------------------------------------------------------------    -------------------
                         (clock clk_proc rise edge)
                                                      0.000     0.000 r  
    M19                                               0.000     0.000 r  sys_clk (IN)
                         net (fo=0)                   0.000     0.000    sys_clk
    M19                  IBUF (Prop_ibuf_I_O)         1.436     1.436 r  sys_clk_IBUF_inst/O
                         net (fo=1, routed)           2.205     3.641    sys_clk_IBUF
    BUFGCTRL_X0Y16       BUFG (Prop_bufg_I_O)         0.101     3.742 r  sys_clk_IBUF_BUFG_inst/O
                         net (fo=173, routed)         1.806     5.548    sys_clk_IBUF_BUFG
    MMCME2_ADV_X1Y0      MMCME2_ADV (Prop_mmcme2_adv_CLKIN1_CLKOUT0)
                                                      0.088     5.636 r  u_mmcm/CLKOUT0
                         net (fo=1, routed)           1.889     7.525    clk_proc
    BUFGCTRL_X0Y1        BUFG (Prop_bufg_I_O)         0.101     7.626 r  clk_proc_BUFG_inst/O
                         net (fo=3011, routed)        1.800     9.426    u_canny/u_med/clk_proc_BUFG
    SLICE_X97Y48         FDCE                                         r  u_canny/u_med/r1_r_reg[13]/C
  -------------------------------------------------------------------    -------------------
    SLICE_X97Y48         FDCE (Prop_fdce_C_Q)         0.456     9.882 r  u_canny/u_med/r1_r_reg[13]/Q
                         net (fo=5, routed)           1.095    10.977    u_canny/u_med/b[1]
    SLICE_X96Y51         LUT4 (Prop_lut4_I3_O)        0.124    11.101 r  u_canny/u_med/med_row_r[11]_i_37/O
                         net (fo=1, routed)           0.000    11.101    u_canny/u_med/med_row_r[11]_i_37_n_0
    SLICE_X96Y51         CARRY4 (Prop_carry4_S[0]_CO[3])
                                                      0.513    11.614 r  u_canny/u_med/med_row_r_reg[11]_i_10/CO[3]
                         net (fo=1, routed)           0.000    11.614    u_canny/u_med/med_row_r_reg[11]_i_10_n_0
    SLICE_X96Y52         CARRY4 (Prop_carry4_CI_CO[1])
                                                      0.157    11.771 r  u_canny/u_med/med_row_r_reg[11]_i_3/CO[1]
                         net (fo=48, routed)          0.739    12.510    u_canny/u_med/med_row_r_reg[11]_i_3_n_2
    SLICE_X97Y51         LUT3 (Prop_lut3_I2_O)        0.326    12.836 f  u_canny/u_med/med_row_r[11]_i_53/O
                         net (fo=2, routed)           0.476    13.312    u_canny/u_med/med_row_r[11]_i_53_n_0
    SLICE_X99Y53         LUT6 (Prop_lut6_I4_O)        0.326    13.638 r  u_canny/u_med/med_row_r[11]_i_39/O
                         net (fo=1, routed)           0.613    14.252    u_canny/u_med/med_row_r[11]_i_39_n_0
    SLICE_X94Y54         CARRY4 (Prop_carry4_DI[2]_CO[3])
                                                      0.404    14.656 r  u_canny/u_med/med_row_r_reg[11]_i_15/CO[3]
                         net (fo=1, routed)           0.000    14.656    u_canny/u_med/med_row_r_reg[11]_i_15_n_0
    SLICE_X94Y55         CARRY4 (Prop_carry4_CI_CO[1])
                                                      0.157    14.813 r  u_canny/u_med/med_row_r_reg[11]_i_4/CO[1]
                         net (fo=12, routed)          0.732    15.545    u_canny/u_med/med_row_r_reg[11]_i_4_n_2
    SLICE_X95Y51         LUT6 (Prop_lut6_I4_O)        0.332    15.877 r  u_canny/u_med/med_row_r[2]_i_1/O
                         net (fo=1, routed)           0.000    15.877    u_canny/u_med/med_row_r[2]_i_1_n_0
    SLICE_X95Y51         FDCE                                         r  u_canny/u_med/med_row_r_reg[2]/D
  -------------------------------------------------------------------    -------------------

                         (clock clk_proc rise edge)
                                                      6.667     6.667 r  
    M19                                               0.000     6.667 r  sys_clk (IN)
                         net (fo=0)                   0.000     6.667    sys_clk
    M19                  IBUF (Prop_ibuf_I_O)         1.366     8.033 r  sys_clk_IBUF_inst/O
                         net (fo=1, routed)           2.006    10.039    sys_clk_IBUF
    BUFGCTRL_X0Y16       BUFG (Prop_bufg_I_O)         0.091    10.130 r  sys_clk_IBUF_BUFG_inst/O
                         net (fo=173, routed)         1.612    11.742    sys_clk_IBUF_BUFG
    MMCME2_ADV_X1Y0      MMCME2_ADV (Prop_mmcme2_adv_CLKIN1_CLKOUT0)
                                                      0.083    11.825 r  u_mmcm/CLKOUT0
                         net (fo=1, routed)           1.725    13.550    clk_proc
    BUFGCTRL_X0Y1        BUFG (Prop_bufg_I_O)         0.091    13.641 r  clk_proc_BUFG_inst/O
                         net (fo=3011, routed)        1.612    15.253    u_canny/u_med/clk_proc_BUFG
    SLICE_X95Y51         FDCE                                         r  u_canny/u_med/med_row_r_reg[2]/C
                         clock pessimism              0.652    15.905    
                         clock uncertainty           -0.071    15.833    
    SLICE_X95Y51         FDCE (Setup_fdce_C_D)        0.031    15.864    u_canny/u_med/med_row_r_reg[2]
  -------------------------------------------------------------------
                         required time                         15.864    
                         arrival time                         -15.877    
  -------------------------------------------------------------------
                         slack                                 -0.012    

Slack (VIOLATED) :        -0.011ns  (required time - arrival time)
  Source:                 u_canny/u_med/r1_r_reg[13]/C
                            (rising edge-triggered cell FDCE clocked by clk_proc  {rise@0.000ns fall@3.333ns period=6.667ns})
  Destination:            u_canny/u_med/med_row_r_reg[6]/D
                            (rising edge-triggered cell FDCE clocked by clk_proc  {rise@0.000ns fall@3.333ns period=6.667ns})
  Path Group:             clk_proc
  Path Type:              Setup (Max at Slow Process Corner)
  Requirement:            6.667ns  (clk_proc rise@6.667ns - clk_proc rise@0.000ns)
  Data Path Delay:        6.499ns  (logic 2.795ns (43.007%)  route 3.704ns (56.993%))
  Logic Levels:           8  (CARRY4=4 LUT3=1 LUT4=1 LUT6=2)
  Clock Path Skew:        -0.188ns (DCD - SCD + CPR)
    Destination Clock Delay (DCD):    8.586ns = ( 15.253 - 6.667 ) 
    Source Clock Delay      (SCD):    9.426ns
    Clock Pessimism Removal (CPR):    0.652ns
  Clock Uncertainty:      0.071ns  ((TSJ^2 + DJ^2)^1/2) / 2 + PE
    Total System Jitter     (TSJ):    0.071ns
    Discrete Jitter          (DJ):    0.124ns
    Phase Error              (PE):    0.000ns

    Location             Delay type                Incr(ns)  Path(ns)    Netlist Resource(s)
  -------------------------------------------------------------------    -------------------
                         (clock clk_proc rise edge)
                                                      0.000     0.000 r  
    M19                                               0.000     0.000 r  sys_clk (IN)
                         net (fo=0)                   0.000     0.000    sys_clk
    M19                  IBUF (Prop_ibuf_I_O)         1.436     1.436 r  sys_clk_IBUF_inst/O
                         net (fo=1, routed)           2.205     3.641    sys_clk_IBUF
    BUFGCTRL_X0Y16       BUFG (Prop_bufg_I_O)         0.101     3.742 r  sys_clk_IBUF_BUFG_inst/O
                         net (fo=173, routed)         1.806     5.548    sys_clk_IBUF_BUFG
    MMCME2_ADV_X1Y0      MMCME2_ADV (Prop_mmcme2_adv_CLKIN1_CLKOUT0)
                                                      0.088     5.636 r  u_mmcm/CLKOUT0
                         net (fo=1, routed)           1.889     7.525    clk_proc
    BUFGCTRL_X0Y1        BUFG (Prop_bufg_I_O)         0.101     7.626 r  clk_proc_BUFG_inst/O
                         net (fo=3011, routed)        1.800     9.426    u_canny/u_med/clk_proc_BUFG
    SLICE_X97Y48         FDCE                                         r  u_canny/u_med/r1_r_reg[13]/C
  -------------------------------------------------------------------    -------------------
    SLICE_X97Y48         FDCE (Prop_fdce_C_Q)         0.456     9.882 r  u_canny/u_med/r1_r_reg[13]/Q
                         net (fo=5, routed)           1.095    10.977    u_canny/u_med/b[1]
    SLICE_X96Y51         LUT4 (Prop_lut4_I3_O)        0.124    11.101 r  u_canny/u_med/med_row_r[11]_i_37/O
                         net (fo=1, routed)           0.000    11.101    u_canny/u_med/med_row_r[11]_i_37_n_0
    SLICE_X96Y51         CARRY4 (Prop_carry4_S[0]_CO[3])
                                                      0.513    11.614 r  u_canny/u_med/med_row_r_reg[11]_i_10/CO[3]
                         net (fo=1, routed)           0.000    11.614    u_canny/u_med/med_row_r_reg[11]_i_10_n_0
    SLICE_X96Y52         CARRY4 (Prop_carry4_CI_CO[1])
                                                      0.157    11.771 r  u_canny/u_med/med_row_r_reg[11]_i_3/CO[1]
                         net (fo=48, routed)          0.739    12.510    u_canny/u_med/med_row_r_reg[11]_i_3_n_2
    SLICE_X97Y51         LUT3 (Prop_lut3_I2_O)        0.326    12.836 f  u_canny/u_med/med_row_r[11]_i_53/O
                         net (fo=2, routed)           0.476    13.312    u_canny/u_med/med_row_r[11]_i_53_n_0
    SLICE_X99Y53         LUT6 (Prop_lut6_I4_O)        0.326    13.638 r  u_canny/u_med/med_row_r[11]_i_39/O
                         net (fo=1, routed)           0.613    14.252    u_canny/u_med/med_row_r[11]_i_39_n_0
    SLICE_X94Y54         CARRY4 (Prop_carry4_DI[2]_CO[3])
                                                      0.404    14.656 r  u_canny/u_med/med_row_r_reg[11]_i_15/CO[3]
                         net (fo=1, routed)           0.000    14.656    u_canny/u_med/med_row_r_reg[11]_i_15_n_0
    SLICE_X94Y55         CARRY4 (Prop_carry4_CI_CO[1])
                                                      0.157    14.813 r  u_canny/u_med/med_row_r_reg[11]_i_4/CO[1]
                         net (fo=12, routed)          0.781    15.593    u_canny/u_med/med_row_r_reg[11]_i_4_n_2
    SLICE_X94Y50         LUT6 (Prop_lut6_I4_O)        0.332    15.925 r  u_canny/u_med/med_row_r[6]_i_1/O
                         net (fo=1, routed)           0.000    15.925    u_canny/u_med/med_row_r[6]_i_1_n_0
    SLICE_X94Y50         FDCE                                         r  u_canny/u_med/med_row_r_reg[6]/D
  -------------------------------------------------------------------    -------------------

                         (clock clk_proc rise edge)
                                                      6.667     6.667 r  
    M19                                               0.000     6.667 r  sys_clk (IN)
                         net (fo=0)                   0.000     6.667    sys_clk
    M19                  IBUF (Prop_ibuf_I_O)         1.366     8.033 r  sys_clk_IBUF_inst/O
                         net (fo=1, routed)           2.006    10.039    sys_clk_IBUF
    BUFGCTRL_X0Y16       BUFG (Prop_bufg_I_O)         0.091    10.130 r  sys_clk_IBUF_BUFG_inst/O
                         net (fo=173, routed)         1.612    11.742    sys_clk_IBUF_BUFG
    MMCME2_ADV_X1Y0      MMCME2_ADV (Prop_mmcme2_adv_CLKIN1_CLKOUT0)
                                                      0.083    11.825 r  u_mmcm/CLKOUT0
                         net (fo=1, routed)           1.725    13.550    clk_proc
    BUFGCTRL_X0Y1        BUFG (Prop_bufg_I_O)         0.091    13.641 r  clk_proc_BUFG_inst/O
                         net (fo=3011, routed)        1.612    15.253    u_canny/u_med/clk_proc_BUFG
    SLICE_X94Y50         FDCE                                         r  u_canny/u_med/med_row_r_reg[6]/C
                         clock pessimism              0.652    15.905    
                         clock uncertainty           -0.071    15.833    
    SLICE_X94Y50         FDCE (Setup_fdce_C_D)        0.081    15.914    u_canny/u_med/med_row_r_reg[6]
  -------------------------------------------------------------------
                         required time                         15.914    
                         arrival time                         -15.925    
  -------------------------------------------------------------------
                         slack                                 -0.011    

Slack (MET) :             0.045ns  (required time - arrival time)
  Source:                 u_canny/u_med/r1_r_reg[13]/C
                            (rising edge-triggered cell FDCE clocked by clk_proc  {rise@0.000ns fall@3.333ns period=6.667ns})
  Destination:            u_canny/u_med/med_row_r_reg[1]/D
                            (rising edge-triggered cell FDCE clocked by clk_proc  {rise@0.000ns fall@3.333ns period=6.667ns})
  Path Group:             clk_proc
  Path Type:              Setup (Max at Slow Process Corner)
  Requirement:            6.667ns  (clk_proc rise@6.667ns - clk_proc rise@0.000ns)
  Data Path Delay:        6.393ns  (logic 2.795ns (43.721%)  route 3.598ns (56.279%))
  Logic Levels:           8  (CARRY4=4 LUT3=1 LUT4=1 LUT6=2)
  Clock Path Skew:        -0.189ns (DCD - SCD + CPR)
    Destination Clock Delay (DCD):    8.585ns = ( 15.252 - 6.667 ) 
    Source Clock Delay      (SCD):    9.426ns
    Clock Pessimism Removal (CPR):    0.652ns
  Clock Uncertainty:      0.071ns  ((TSJ^2 + DJ^2)^1/2) / 2 + PE
    Total System Jitter     (TSJ):    0.071ns
    Discrete Jitter          (DJ):    0.124ns
    Phase Error              (PE):    0.000ns

    Location             Delay type                Incr(ns)  Path(ns)    Netlist Resource(s)
  -------------------------------------------------------------------    -------------------
                         (clock clk_proc rise edge)
                                                      0.000     0.000 r  
    M19                                               0.000     0.000 r  sys_clk (IN)
                         net (fo=0)                   0.000     0.000    sys_clk
    M19                  IBUF (Prop_ibuf_I_O)         1.436     1.436 r  sys_clk_IBUF_inst/O
                         net (fo=1, routed)           2.205     3.641    sys_clk_IBUF
    BUFGCTRL_X0Y16       BUFG (Prop_bufg_I_O)         0.101     3.742 r  sys_clk_IBUF_BUFG_inst/O
                         net (fo=173, routed)         1.806     5.548    sys_clk_IBUF_BUFG
    MMCME2_ADV_X1Y0      MMCME2_ADV (Prop_mmcme2_adv_CLKIN1_CLKOUT0)
                                                      0.088     5.636 r  u_mmcm/CLKOUT0
                         net (fo=1, routed)           1.889     7.525    clk_proc
    BUFGCTRL_X0Y1        BUFG (Prop_bufg_I_O)         0.101     7.626 r  clk_proc_BUFG_inst/O
                         net (fo=3011, routed)        1.800     9.426    u_canny/u_med/clk_proc_BUFG
    SLICE_X97Y48         FDCE                                         r  u_canny/u_med/r1_r_reg[13]/C
  -------------------------------------------------------------------    -------------------
    SLICE_X97Y48         FDCE (Prop_fdce_C_Q)         0.456     9.882 r  u_canny/u_med/r1_r_reg[13]/Q
                         net (fo=5, routed)           1.095    10.977    u_canny/u_med/b[1]
    SLICE_X96Y51         LUT4 (Prop_lut4_I3_O)        0.124    11.101 r  u_canny/u_med/med_row_r[11]_i_37/O
                         net (fo=1, routed)           0.000    11.101    u_canny/u_med/med_row_r[11]_i_37_n_0
    SLICE_X96Y51         CARRY4 (Prop_carry4_S[0]_CO[3])
                                                      0.513    11.614 r  u_canny/u_med/med_row_r_reg[11]_i_10/CO[3]
                         net (fo=1, routed)           0.000    11.614    u_canny/u_med/med_row_r_reg[11]_i_10_n_0
    SLICE_X96Y52         CARRY4 (Prop_carry4_CI_CO[1])
                                                      0.157    11.771 r  u_canny/u_med/med_row_r_reg[11]_i_3/CO[1]
                         net (fo=48, routed)          0.739    12.510    u_canny/u_med/med_row_r_reg[11]_i_3_n_2
    SLICE_X97Y51         LUT3 (Prop_lut3_I2_O)        0.326    12.836 f  u_canny/u_med/med_row_r[11]_i_53/O
                         net (fo=2, routed)           0.476    13.312    u_canny/u_med/med_row_r[11]_i_53_n_0
    SLICE_X99Y53         LUT6 (Prop_lut6_I4_O)        0.326    13.638 r  u_canny/u_med/med_row_r[11]_i_39/O
                         net (fo=1, routed)           0.613    14.252    u_canny/u_med/med_row_r[11]_i_39_n_0
    SLICE_X94Y54         CARRY4 (Prop_carry4_DI[2]_CO[3])
                                                      0.404    14.656 r  u_canny/u_med/med_row_r_reg[11]_i_15/CO[3]
                         net (fo=1, routed)           0.000    14.656    u_canny/u_med/med_row_r_reg[11]_i_15_n_0
    SLICE_X94Y55         CARRY4 (Prop_carry4_CI_CO[1])
                                                      0.157    14.813 r  u_canny/u_med/med_row_r_reg[11]_i_4/CO[1]
                         net (fo=12, routed)          0.675    15.487    u_canny/u_med/med_row_r_reg[11]_i_4_n_2
    SLICE_X99Y54         LUT6 (Prop_lut6_I4_O)        0.332    15.819 r  u_canny/u_med/med_row_r[1]_i_1/O
                         net (fo=1, routed)           0.000    15.819    u_canny/u_med/med_row_r[1]_i_1_n_0
    SLICE_X99Y54         FDCE                                         r  u_canny/u_med/med_row_r_reg[1]/D
  -------------------------------------------------------------------    -------------------

                         (clock clk_proc rise edge)
                                                      6.667     6.667 r  
    M19                                               0.000     6.667 r  sys_clk (IN)
                         net (fo=0)                   0.000     6.667    sys_clk
    M19                  IBUF (Prop_ibuf_I_O)         1.366     8.033 r  sys_clk_IBUF_inst/O
                         net (fo=1, routed)           2.006    10.039    sys_clk_IBUF
    BUFGCTRL_X0Y16       BUFG (Prop_bufg_I_O)         0.091    10.130 r  sys_clk_IBUF_BUFG_inst/O
                         net (fo=173, routed)         1.612    11.742    sys_clk_IBUF_BUFG
    MMCME2_ADV_X1Y0      MMCME2_ADV (Prop_mmcme2_adv_CLKIN1_CLKOUT0)
                                                      0.083    11.825 r  u_mmcm/CLKOUT0
                         net (fo=1, routed)           1.725    13.550    clk_proc
    BUFGCTRL_X0Y1        BUFG (Prop_bufg_I_O)         0.091    13.641 r  clk_proc_BUFG_inst/O
                         net (fo=3011, routed)        1.611    15.252    u_canny/u_med/clk_proc_BUFG
    SLICE_X99Y54         FDCE                                         r  u_canny/u_med/med_row_r_reg[1]/C
                         clock pessimism              0.652    15.904    
                         clock uncertainty           -0.071    15.832    
    SLICE_X99Y54         FDCE (Setup_fdce_C_D)        0.032    15.864    u_canny/u_med/med_row_r_reg[1]
  -------------------------------------------------------------------
                         required time                         15.864    
                         arrival time                         -15.819    
  -------------------------------------------------------------------
                         slack                                  0.045    

Slack (MET) :             0.045ns  (required time - arrival time)
  Source:                 u_canny/u_med/r1_r_reg[13]/C
                            (rising edge-triggered cell FDCE clocked by clk_proc  {rise@0.000ns fall@3.333ns period=6.667ns})
  Destination:            u_canny/u_med/med_row_r_reg[8]/D
                            (rising edge-triggered cell FDCE clocked by clk_proc  {rise@0.000ns fall@3.333ns period=6.667ns})
  Path Group:             clk_proc
  Path Type:              Setup (Max at Slow Process Corner)
  Requirement:            6.667ns  (clk_proc rise@6.667ns - clk_proc rise@0.000ns)
  Data Path Delay:        6.393ns  (logic 2.795ns (43.723%)  route 3.598ns (56.277%))
  Logic Levels:           8  (CARRY4=4 LUT3=1 LUT4=1 LUT6=2)
  Clock Path Skew:        -0.188ns (DCD - SCD + CPR)
    Destination Clock Delay (DCD):    8.586ns = ( 15.253 - 6.667 ) 
    Source Clock Delay      (SCD):    9.426ns
    Clock Pessimism Removal (CPR):    0.652ns
  Clock Uncertainty:      0.071ns  ((TSJ^2 + DJ^2)^1/2) / 2 + PE
    Total System Jitter     (TSJ):    0.071ns
    Discrete Jitter          (DJ):    0.124ns
    Phase Error              (PE):    0.000ns

    Location             Delay type                Incr(ns)  Path(ns)    Netlist Resource(s)
  -------------------------------------------------------------------    -------------------
                         (clock clk_proc rise edge)
                                                      0.000     0.000 r  
    M19                                               0.000     0.000 r  sys_clk (IN)
                         net (fo=0)                   0.000     0.000    sys_clk
    M19                  IBUF (Prop_ibuf_I_O)         1.436     1.436 r  sys_clk_IBUF_inst/O
                         net (fo=1, routed)           2.205     3.641    sys_clk_IBUF
    BUFGCTRL_X0Y16       BUFG (Prop_bufg_I_O)         0.101     3.742 r  sys_clk_IBUF_BUFG_inst/O
                         net (fo=173, routed)         1.806     5.548    sys_clk_IBUF_BUFG
    MMCME2_ADV_X1Y0      MMCME2_ADV (Prop_mmcme2_adv_CLKIN1_CLKOUT0)
                                                      0.088     5.636 r  u_mmcm/CLKOUT0
                         net (fo=1, routed)           1.889     7.525    clk_proc
    BUFGCTRL_X0Y1        BUFG (Prop_bufg_I_O)         0.101     7.626 r  clk_proc_BUFG_inst/O
                         net (fo=3011, routed)        1.800     9.426    u_canny/u_med/clk_proc_BUFG
    SLICE_X97Y48         FDCE                                         r  u_canny/u_med/r1_r_reg[13]/C
  -------------------------------------------------------------------    -------------------
    SLICE_X97Y48         FDCE (Prop_fdce_C_Q)         0.456     9.882 r  u_canny/u_med/r1_r_reg[13]/Q
                         net (fo=5, routed)           1.095    10.977    u_canny/u_med/b[1]
    SLICE_X96Y51         LUT4 (Prop_lut4_I3_O)        0.124    11.101 r  u_canny/u_med/med_row_r[11]_i_37/O
                         net (fo=1, routed)           0.000    11.101    u_canny/u_med/med_row_r[11]_i_37_n_0
    SLICE_X96Y51         CARRY4 (Prop_carry4_S[0]_CO[3])
                                                      0.513    11.614 r  u_canny/u_med/med_row_r_reg[11]_i_10/CO[3]
                         net (fo=1, routed)           0.000    11.614    u_canny/u_med/med_row_r_reg[11]_i_10_n_0
    SLICE_X96Y52         CARRY4 (Prop_carry4_CI_CO[1])
                                                      0.157    11.771 r  u_canny/u_med/med_row_r_reg[11]_i_3/CO[1]
                         net (fo=48, routed)          0.739    12.510    u_canny/u_med/med_row_r_reg[11]_i_3_n_2
    SLICE_X97Y51         LUT3 (Prop_lut3_I2_O)        0.326    12.836 f  u_canny/u_med/med_row_r[11]_i_53/O
                         net (fo=2, routed)           0.476    13.312    u_canny/u_med/med_row_r[11]_i_53_n_0
    SLICE_X99Y53         LUT6 (Prop_lut6_I4_O)        0.326    13.638 r  u_canny/u_med/med_row_r[11]_i_39/O
                         net (fo=1, routed)           0.613    14.252    u_canny/u_med/med_row_r[11]_i_39_n_0
    SLICE_X94Y54         CARRY4 (Prop_carry4_DI[2]_CO[3])
                                                      0.404    14.656 r  u_canny/u_med/med_row_r_reg[11]_i_15/CO[3]
                         net (fo=1, routed)           0.000    14.656    u_canny/u_med/med_row_r_reg[11]_i_15_n_0
    SLICE_X94Y55         CARRY4 (Prop_carry4_CI_CO[1])
                                                      0.157    14.813 r  u_canny/u_med/med_row_r_reg[11]_i_4/CO[1]
                         net (fo=12, routed)          0.674    15.487    u_canny/u_med/med_row_r_reg[11]_i_4_n_2
    SLICE_X95Y52         LUT6 (Prop_lut6_I4_O)        0.332    15.819 r  u_canny/u_med/med_row_r[8]_i_1/O
                         net (fo=1, routed)           0.000    15.819    u_canny/u_med/med_row_r[8]_i_1_n_0
    SLICE_X95Y52         FDCE                                         r  u_canny/u_med/med_row_r_reg[8]/D
  -------------------------------------------------------------------    -------------------

                         (clock clk_proc rise edge)
                                                      6.667     6.667 r  
    M19                                               0.000     6.667 r  sys_clk (IN)
                         net (fo=0)                   0.000     6.667    sys_clk
    M19                  IBUF (Prop_ibuf_I_O)         1.366     8.033 r  sys_clk_IBUF_inst/O
                         net (fo=1, routed)           2.006    10.039    sys_clk_IBUF
    BUFGCTRL_X0Y16       BUFG (Prop_bufg_I_O)         0.091    10.130 r  sys_clk_IBUF_BUFG_inst/O
                         net (fo=173, routed)         1.612    11.742    sys_clk_IBUF_BUFG
    MMCME2_ADV_X1Y0      MMCME2_ADV (Prop_mmcme2_adv_CLKIN1_CLKOUT0)
                                                      0.083    11.825 r  u_mmcm/CLKOUT0
                         net (fo=1, routed)           1.725    13.550    clk_proc
    BUFGCTRL_X0Y1        BUFG (Prop_bufg_I_O)         0.091    13.641 r  clk_proc_BUFG_inst/O
                         net (fo=3011, routed)        1.612    15.253    u_canny/u_med/clk_proc_BUFG
    SLICE_X95Y52         FDCE                                         r  u_canny/u_med/med_row_r_reg[8]/C
                         clock pessimism              0.652    15.905    
                         clock uncertainty           -0.071    15.833    
    SLICE_X95Y52         FDCE (Setup_fdce_C_D)        0.031    15.864    u_canny/u_med/med_row_r_reg[8]
  -------------------------------------------------------------------
                         required time                         15.864    
                         arrival time                         -15.819    
  -------------------------------------------------------------------
                         slack                                  0.045    

Slack (MET) :             0.065ns  (required time - arrival time)
  Source:                 u_canny/u_med/r1_r_reg[13]/C
                            (rising edge-triggered cell FDCE clocked by clk_proc  {rise@0.000ns fall@3.333ns period=6.667ns})
  Destination:            u_canny/u_med/med_row_r_reg[4]/D
                            (rising edge-triggered cell FDCE clocked by clk_proc  {rise@0.000ns fall@3.333ns period=6.667ns})
  Path Group:             clk_proc
  Path Type:              Setup (Max at Slow Process Corner)
  Requirement:            6.667ns  (clk_proc rise@6.667ns - clk_proc rise@0.000ns)
  Data Path Delay:        6.373ns  (logic 2.795ns (43.859%)  route 3.578ns (56.141%))
  Logic Levels:           8  (CARRY4=4 LUT3=1 LUT4=1 LUT6=2)
  Clock Path Skew:        -0.188ns (DCD - SCD + CPR)
    Destination Clock Delay (DCD):    8.586ns = ( 15.253 - 6.667 ) 
    Source Clock Delay      (SCD):    9.426ns
    Clock Pessimism Removal (CPR):    0.652ns
  Clock Uncertainty:      0.071ns  ((TSJ^2 + DJ^2)^1/2) / 2 + PE
    Total System Jitter     (TSJ):    0.071ns
    Discrete Jitter          (DJ):    0.124ns
    Phase Error              (PE):    0.000ns

    Location             Delay type                Incr(ns)  Path(ns)    Netlist Resource(s)
  -------------------------------------------------------------------    -------------------
                         (clock clk_proc rise edge)
                                                      0.000     0.000 r  
    M19                                               0.000     0.000 r  sys_clk (IN)
                         net (fo=0)                   0.000     0.000    sys_clk
    M19                  IBUF (Prop_ibuf_I_O)         1.436     1.436 r  sys_clk_IBUF_inst/O
                         net (fo=1, routed)           2.205     3.641    sys_clk_IBUF
    BUFGCTRL_X0Y16       BUFG (Prop_bufg_I_O)         0.101     3.742 r  sys_clk_IBUF_BUFG_inst/O
                         net (fo=173, routed)         1.806     5.548    sys_clk_IBUF_BUFG
    MMCME2_ADV_X1Y0      MMCME2_ADV (Prop_mmcme2_adv_CLKIN1_CLKOUT0)
                                                      0.088     5.636 r  u_mmcm/CLKOUT0
                         net (fo=1, routed)           1.889     7.525    clk_proc
    BUFGCTRL_X0Y1        BUFG (Prop_bufg_I_O)         0.101     7.626 r  clk_proc_BUFG_inst/O
                         net (fo=3011, routed)        1.800     9.426    u_canny/u_med/clk_proc_BUFG
    SLICE_X97Y48         FDCE                                         r  u_canny/u_med/r1_r_reg[13]/C
  -------------------------------------------------------------------    -------------------
    SLICE_X97Y48         FDCE (Prop_fdce_C_Q)         0.456     9.882 r  u_canny/u_med/r1_r_reg[13]/Q
                         net (fo=5, routed)           1.095    10.977    u_canny/u_med/b[1]
    SLICE_X96Y51         LUT4 (Prop_lut4_I3_O)        0.124    11.101 r  u_canny/u_med/med_row_r[11]_i_37/O
                         net (fo=1, routed)           0.000    11.101    u_canny/u_med/med_row_r[11]_i_37_n_0
    SLICE_X96Y51         CARRY4 (Prop_carry4_S[0]_CO[3])
                                                      0.513    11.614 r  u_canny/u_med/med_row_r_reg[11]_i_10/CO[3]
                         net (fo=1, routed)           0.000    11.614    u_canny/u_med/med_row_r_reg[11]_i_10_n_0
    SLICE_X96Y52         CARRY4 (Prop_carry4_CI_CO[1])
                                                      0.157    11.771 r  u_canny/u_med/med_row_r_reg[11]_i_3/CO[1]
                         net (fo=48, routed)          0.739    12.510    u_canny/u_med/med_row_r_reg[11]_i_3_n_2
    SLICE_X97Y51         LUT3 (Prop_lut3_I2_O)        0.326    12.836 f  u_canny/u_med/med_row_r[11]_i_53/O
                         net (fo=2, routed)           0.476    13.312    u_canny/u_med/med_row_r[11]_i_53_n_0
    SLICE_X99Y53         LUT6 (Prop_lut6_I4_O)        0.326    13.638 r  u_canny/u_med/med_row_r[11]_i_39/O
                         net (fo=1, routed)           0.613    14.252    u_canny/u_med/med_row_r[11]_i_39_n_0
    SLICE_X94Y54         CARRY4 (Prop_carry4_DI[2]_CO[3])
                                                      0.404    14.656 r  u_canny/u_med/med_row_r_reg[11]_i_15/CO[3]
                         net (fo=1, routed)           0.000    14.656    u_canny/u_med/med_row_r_reg[11]_i_15_n_0
    SLICE_X94Y55         CARRY4 (Prop_carry4_CI_CO[1])
                                                      0.157    14.813 r  u_canny/u_med/med_row_r_reg[11]_i_4/CO[1]
                         net (fo=12, routed)          0.655    15.467    u_canny/u_med/med_row_r_reg[11]_i_4_n_2
    SLICE_X95Y51         LUT6 (Prop_lut6_I4_O)        0.332    15.799 r  u_canny/u_med/med_row_r[4]_i_1/O
                         net (fo=1, routed)           0.000    15.799    u_canny/u_med/med_row_r[4]_i_1_n_0
    SLICE_X95Y51         FDCE                                         r  u_canny/u_med/med_row_r_reg[4]/D
  -------------------------------------------------------------------    -------------------

                         (clock clk_proc rise edge)
                                                      6.667     6.667 r  
    M19                                               0.000     6.667 r  sys_clk (IN)
                         net (fo=0)                   0.000     6.667    sys_clk
    M19                  IBUF (Prop_ibuf_I_O)         1.366     8.033 r  sys_clk_IBUF_inst/O
                         net (fo=1, routed)           2.006    10.039    sys_clk_IBUF
    BUFGCTRL_X0Y16       BUFG (Prop_bufg_I_O)         0.091    10.130 r  sys_clk_IBUF_BUFG_inst/O
                         net (fo=173, routed)         1.612    11.742    sys_clk_IBUF_BUFG
    MMCME2_ADV_X1Y0      MMCME2_ADV (Prop_mmcme2_adv_CLKIN1_CLKOUT0)
                                                      0.083    11.825 r  u_mmcm/CLKOUT0
                         net (fo=1, routed)           1.725    13.550    clk_proc
    BUFGCTRL_X0Y1        BUFG (Prop_bufg_I_O)         0.091    13.641 r  clk_proc_BUFG_inst/O
                         net (fo=3011, routed)        1.612    15.253    u_canny/u_med/clk_proc_BUFG
    SLICE_X95Y51         FDCE                                         r  u_canny/u_med/med_row_r_reg[4]/C
                         clock pessimism              0.652    15.905    
                         clock uncertainty           -0.071    15.833    
    SLICE_X95Y51         FDCE (Setup_fdce_C_D)        0.031    15.864    u_canny/u_med/med_row_r_reg[4]
  -------------------------------------------------------------------
                         required time                         15.864    
                         arrival time                         -15.799    
  -------------------------------------------------------------------
                         slack                                  0.065    

Slack (MET) :             0.082ns  (required time - arrival time)
  Source:                 u_canny/u_med/r1_r_reg[13]/C
                            (rising edge-triggered cell FDCE clocked by clk_proc  {rise@0.000ns fall@3.333ns period=6.667ns})
  Destination:            u_canny/u_med/med_row_r_reg[9]/D
                            (rising edge-triggered cell FDCE clocked by clk_proc  {rise@0.000ns fall@3.333ns period=6.667ns})
  Path Group:             clk_proc
  Path Type:              Setup (Max at Slow Process Corner)
  Requirement:            6.667ns  (clk_proc rise@6.667ns - clk_proc rise@0.000ns)
  Data Path Delay:        6.405ns  (logic 2.795ns (43.639%)  route 3.610ns (56.361%))
  Logic Levels:           8  (CARRY4=4 LUT3=1 LUT4=1 LUT6=2)
  Clock Path Skew:        -0.189ns (DCD - SCD + CPR)
    Destination Clock Delay (DCD):    8.585ns = ( 15.252 - 6.667 ) 
    Source Clock Delay      (SCD):    9.426ns
    Clock Pessimism Removal (CPR):    0.652ns
  Clock Uncertainty:      0.071ns  ((TSJ^2 + DJ^2)^1/2) / 2 + PE
    Total System Jitter     (TSJ):    0.071ns
    Discrete Jitter          (DJ):    0.124ns
    Phase Error              (PE):    0.000ns

    Location             Delay type                Incr(ns)  Path(ns)    Netlist Resource(s)
  -------------------------------------------------------------------    -------------------
                         (clock clk_proc rise edge)
                                                      0.000     0.000 r  
    M19                                               0.000     0.000 r  sys_clk (IN)
                         net (fo=0)                   0.000     0.000    sys_clk
    M19                  IBUF (Prop_ibuf_I_O)         1.436     1.436 r  sys_clk_IBUF_inst/O
                         net (fo=1, routed)           2.205     3.641    sys_clk_IBUF
    BUFGCTRL_X0Y16       BUFG (Prop_bufg_I_O)         0.101     3.742 r  sys_clk_IBUF_BUFG_inst/O
                         net (fo=173, routed)         1.806     5.548    sys_clk_IBUF_BUFG
    MMCME2_ADV_X1Y0      MMCME2_ADV (Prop_mmcme2_adv_CLKIN1_CLKOUT0)
                                                      0.088     5.636 r  u_mmcm/CLKOUT0
                         net (fo=1, routed)           1.889     7.525    clk_proc
    BUFGCTRL_X0Y1        BUFG (Prop_bufg_I_O)         0.101     7.626 r  clk_proc_BUFG_inst/O
                         net (fo=3011, routed)        1.800     9.426    u_canny/u_med/clk_proc_BUFG
    SLICE_X97Y48         FDCE                                         r  u_canny/u_med/r1_r_reg[13]/C
  -------------------------------------------------------------------    -------------------
    SLICE_X97Y48         FDCE (Prop_fdce_C_Q)         0.456     9.882 r  u_canny/u_med/r1_r_reg[13]/Q
                         net (fo=5, routed)           1.095    10.977    u_canny/u_med/b[1]
    SLICE_X96Y51         LUT4 (Prop_lut4_I3_O)        0.124    11.101 r  u_canny/u_med/med_row_r[11]_i_37/O
                         net (fo=1, routed)           0.000    11.101    u_canny/u_med/med_row_r[11]_i_37_n_0
    SLICE_X96Y51         CARRY4 (Prop_carry4_S[0]_CO[3])
                                                      0.513    11.614 r  u_canny/u_med/med_row_r_reg[11]_i_10/CO[3]
                         net (fo=1, routed)           0.000    11.614    u_canny/u_med/med_row_r_reg[11]_i_10_n_0
    SLICE_X96Y52         CARRY4 (Prop_carry4_CI_CO[1])
                                                      0.157    11.771 r  u_canny/u_med/med_row_r_reg[11]_i_3/CO[1]
                         net (fo=48, routed)          0.739    12.510    u_canny/u_med/med_row_r_reg[11]_i_3_n_2
    SLICE_X97Y51         LUT3 (Prop_lut3_I2_O)        0.326    12.836 f  u_canny/u_med/med_row_r[11]_i_53/O
                         net (fo=2, routed)           0.476    13.312    u_canny/u_med/med_row_r[11]_i_53_n_0
    SLICE_X99Y53         LUT6 (Prop_lut6_I4_O)        0.326    13.638 r  u_canny/u_med/med_row_r[11]_i_39/O
                         net (fo=1, routed)           0.613    14.252    u_canny/u_med/med_row_r[11]_i_39_n_0
    SLICE_X94Y54         CARRY4 (Prop_carry4_DI[2]_CO[3])
                                                      0.404    14.656 r  u_canny/u_med/med_row_r_reg[11]_i_15/CO[3]
                         net (fo=1, routed)           0.000    14.656    u_canny/u_med/med_row_r_reg[11]_i_15_n_0
    SLICE_X94Y55         CARRY4 (Prop_carry4_CI_CO[1])
                                                      0.157    14.813 r  u_canny/u_med/med_row_r_reg[11]_i_4/CO[1]
                         net (fo=12, routed)          0.687    15.499    u_canny/u_med/med_row_r_reg[11]_i_4_n_2
    SLICE_X96Y53         LUT6 (Prop_lut6_I4_O)        0.332    15.831 r  u_canny/u_med/med_row_r[9]_i_1/O
                         net (fo=1, routed)           0.000    15.831    u_canny/u_med/med_row_r[9]_i_1_n_0
    SLICE_X96Y53         FDCE                                         r  u_canny/u_med/med_row_r_reg[9]/D
  -------------------------------------------------------------------    -------------------

                         (clock clk_proc rise edge)
                                                      6.667     6.667 r  
    M19                                               0.000     6.667 r  sys_clk (IN)
                         net (fo=0)                   0.000     6.667    sys_clk
    M19                  IBUF (Prop_ibuf_I_O)         1.366     8.033 r  sys_clk_IBUF_inst/O
                         net (fo=1, routed)           2.006    10.039    sys_clk_IBUF
    BUFGCTRL_X0Y16       BUFG (Prop_bufg_I_O)         0.091    10.130 r  sys_clk_IBUF_BUFG_inst/O
                         net (fo=173, routed)         1.612    11.742    sys_clk_IBUF_BUFG
    MMCME2_ADV_X1Y0      MMCME2_ADV (Prop_mmcme2_adv_CLKIN1_CLKOUT0)
                                                      0.083    11.825 r  u_mmcm/CLKOUT0
                         net (fo=1, routed)           1.725    13.550    clk_proc
    BUFGCTRL_X0Y1        BUFG (Prop_bufg_I_O)         0.091    13.641 r  clk_proc_BUFG_inst/O
                         net (fo=3011, routed)        1.611    15.252    u_canny/u_med/clk_proc_BUFG
    SLICE_X96Y53         FDCE                                         r  u_canny/u_med/med_row_r_reg[9]/C
                         clock pessimism              0.652    15.904    
                         clock uncertainty           -0.071    15.832    
    SLICE_X96Y53         FDCE (Setup_fdce_C_D)        0.081    15.913    u_canny/u_med/med_row_r_reg[9]
  -------------------------------------------------------------------
                         required time                         15.913    
                         arrival time                         -15.831    
  -------------------------------------------------------------------
                         slack                                  0.082    

Slack (MET) :             0.099ns  (required time - arrival time)
  Source:                 u_canny/u_med/r1_r_reg[13]/C
                            (rising edge-triggered cell FDCE clocked by clk_proc  {rise@0.000ns fall@3.333ns period=6.667ns})
  Destination:            u_canny/u_med/med_row_r_reg[7]/D
                            (rising edge-triggered cell FDCE clocked by clk_proc  {rise@0.000ns fall@3.333ns period=6.667ns})
  Path Group:             clk_proc
  Path Type:              Setup (Max at Slow Process Corner)
  Requirement:            6.667ns  (clk_proc rise@6.667ns - clk_proc rise@0.000ns)
  Data Path Delay:        6.384ns  (logic 2.795ns (43.785%)  route 3.589ns (56.215%))
  Logic Levels:           8  (CARRY4=4 LUT3=1 LUT4=1 LUT6=2)
  Clock Path Skew:        -0.189ns (DCD - SCD + CPR)
    Destination Clock Delay (DCD):    8.585ns = ( 15.252 - 6.667 ) 
    Source Clock Delay      (SCD):    9.426ns
    Clock Pessimism Removal (CPR):    0.652ns
  Clock Uncertainty:      0.071ns  ((TSJ^2 + DJ^2)^1/2) / 2 + PE
    Total System Jitter     (TSJ):    0.071ns
    Discrete Jitter          (DJ):    0.124ns
    Phase Error              (PE):    0.000ns

    Location             Delay type                Incr(ns)  Path(ns)    Netlist Resource(s)
  -------------------------------------------------------------------    -------------------
                         (clock clk_proc rise edge)
                                                      0.000     0.000 r  
    M19                                               0.000     0.000 r  sys_clk (IN)
                         net (fo=0)                   0.000     0.000    sys_clk
    M19                  IBUF (Prop_ibuf_I_O)         1.436     1.436 r  sys_clk_IBUF_inst/O
                         net (fo=1, routed)           2.205     3.641    sys_clk_IBUF
    BUFGCTRL_X0Y16       BUFG (Prop_bufg_I_O)         0.101     3.742 r  sys_clk_IBUF_BUFG_inst/O
                         net (fo=173, routed)         1.806     5.548    sys_clk_IBUF_BUFG
    MMCME2_ADV_X1Y0      MMCME2_ADV (Prop_mmcme2_adv_CLKIN1_CLKOUT0)
                                                      0.088     5.636 r  u_mmcm/CLKOUT0
                         net (fo=1, routed)           1.889     7.525    clk_proc
    BUFGCTRL_X0Y1        BUFG (Prop_bufg_I_O)         0.101     7.626 r  clk_proc_BUFG_inst/O
                         net (fo=3011, routed)        1.800     9.426    u_canny/u_med/clk_proc_BUFG
    SLICE_X97Y48         FDCE                                         r  u_canny/u_med/r1_r_reg[13]/C
  -------------------------------------------------------------------    -------------------
    SLICE_X97Y48         FDCE (Prop_fdce_C_Q)         0.456     9.882 r  u_canny/u_med/r1_r_reg[13]/Q
                         net (fo=5, routed)           1.095    10.977    u_canny/u_med/b[1]
    SLICE_X96Y51         LUT4 (Prop_lut4_I3_O)        0.124    11.101 r  u_canny/u_med/med_row_r[11]_i_37/O
                         net (fo=1, routed)           0.000    11.101    u_canny/u_med/med_row_r[11]_i_37_n_0
    SLICE_X96Y51         CARRY4 (Prop_carry4_S[0]_CO[3])
                                                      0.513    11.614 r  u_canny/u_med/med_row_r_reg[11]_i_10/CO[3]
                         net (fo=1, routed)           0.000    11.614    u_canny/u_med/med_row_r_reg[11]_i_10_n_0
    SLICE_X96Y52         CARRY4 (Prop_carry4_CI_CO[1])
                                                      0.157    11.771 r  u_canny/u_med/med_row_r_reg[11]_i_3/CO[1]
                         net (fo=48, routed)          0.739    12.510    u_canny/u_med/med_row_r_reg[11]_i_3_n_2
    SLICE_X97Y51         LUT3 (Prop_lut3_I2_O)        0.326    12.836 f  u_canny/u_med/med_row_r[11]_i_53/O
                         net (fo=2, routed)           0.476    13.312    u_canny/u_med/med_row_r[11]_i_53_n_0
    SLICE_X99Y53         LUT6 (Prop_lut6_I4_O)        0.326    13.638 r  u_canny/u_med/med_row_r[11]_i_39/O
                         net (fo=1, routed)           0.613    14.252    u_canny/u_med/med_row_r[11]_i_39_n_0
    SLICE_X94Y54         CARRY4 (Prop_carry4_DI[2]_CO[3])
                                                      0.404    14.656 r  u_canny/u_med/med_row_r_reg[11]_i_15/CO[3]
                         net (fo=1, routed)           0.000    14.656    u_canny/u_med/med_row_r_reg[11]_i_15_n_0
    SLICE_X94Y55         CARRY4 (Prop_carry4_CI_CO[1])
                                                      0.157    14.813 r  u_canny/u_med/med_row_r_reg[11]_i_4/CO[1]
                         net (fo=12, routed)          0.665    15.478    u_canny/u_med/med_row_r_reg[11]_i_4_n_2
    SLICE_X96Y53         LUT6 (Prop_lut6_I4_O)        0.332    15.810 r  u_canny/u_med/med_row_r[7]_i_1/O
                         net (fo=1, routed)           0.000    15.810    u_canny/u_med/med_row_r[7]_i_1_n_0
    SLICE_X96Y53         FDCE                                         r  u_canny/u_med/med_row_r_reg[7]/D
  -------------------------------------------------------------------    -------------------

                         (clock clk_proc rise edge)
                                                      6.667     6.667 r  
    M19                                               0.000     6.667 r  sys_clk (IN)
                         net (fo=0)                   0.000     6.667    sys_clk
    M19                  IBUF (Prop_ibuf_I_O)         1.366     8.033 r  sys_clk_IBUF_inst/O
                         net (fo=1, routed)           2.006    10.039    sys_clk_IBUF
    BUFGCTRL_X0Y16       BUFG (Prop_bufg_I_O)         0.091    10.130 r  sys_clk_IBUF_BUFG_inst/O
                         net (fo=173, routed)         1.612    11.742    sys_clk_IBUF_BUFG
    MMCME2_ADV_X1Y0      MMCME2_ADV (Prop_mmcme2_adv_CLKIN1_CLKOUT0)
                                                      0.083    11.825 r  u_mmcm/CLKOUT0
                         net (fo=1, routed)           1.725    13.550    clk_proc
    BUFGCTRL_X0Y1        BUFG (Prop_bufg_I_O)         0.091    13.641 r  clk_proc_BUFG_inst/O
                         net (fo=3011, routed)        1.611    15.252    u_canny/u_med/clk_proc_BUFG
    SLICE_X96Y53         FDCE                                         r  u_canny/u_med/med_row_r_reg[7]/C
                         clock pessimism              0.652    15.904    
                         clock uncertainty           -0.071    15.832    
    SLICE_X96Y53         FDCE (Setup_fdce_C_D)        0.077    15.909    u_canny/u_med/med_row_r_reg[7]
  -------------------------------------------------------------------
                         required time                         15.909    
                         arrival time                         -15.810    
  -------------------------------------------------------------------
                         slack                                  0.099    

Slack (MET) :             0.106ns  (required time - arrival time)
  Source:                 u_canny/u_med/r1_r_reg[13]/C
                            (rising edge-triggered cell FDCE clocked by clk_proc  {rise@0.000ns fall@3.333ns period=6.667ns})
  Destination:            u_canny/u_med/med_row_r_reg[10]/D
                            (rising edge-triggered cell FDCE clocked by clk_proc  {rise@0.000ns fall@3.333ns period=6.667ns})
  Path Group:             clk_proc
  Path Type:              Setup (Max at Slow Process Corner)
  Requirement:            6.667ns  (clk_proc rise@6.667ns - clk_proc rise@0.000ns)
  Data Path Delay:        6.381ns  (logic 2.795ns (43.800%)  route 3.586ns (56.200%))
  Logic Levels:           8  (CARRY4=4 LUT3=1 LUT4=1 LUT6=2)
  Clock Path Skew:        -0.189ns (DCD - SCD + CPR)
    Destination Clock Delay (DCD):    8.585ns = ( 15.252 - 6.667 ) 
    Source Clock Delay      (SCD):    9.426ns
    Clock Pessimism Removal (CPR):    0.652ns
  Clock Uncertainty:      0.071ns  ((TSJ^2 + DJ^2)^1/2) / 2 + PE
    Total System Jitter     (TSJ):    0.071ns
    Discrete Jitter          (DJ):    0.124ns
    Phase Error              (PE):    0.000ns

    Location             Delay type                Incr(ns)  Path(ns)    Netlist Resource(s)
  -------------------------------------------------------------------    -------------------
                         (clock clk_proc rise edge)
                                                      0.000     0.000 r  
    M19                                               0.000     0.000 r  sys_clk (IN)
                         net (fo=0)                   0.000     0.000    sys_clk
    M19                  IBUF (Prop_ibuf_I_O)         1.436     1.436 r  sys_clk_IBUF_inst/O
                         net (fo=1, routed)           2.205     3.641    sys_clk_IBUF
    BUFGCTRL_X0Y16       BUFG (Prop_bufg_I_O)         0.101     3.742 r  sys_clk_IBUF_BUFG_inst/O
                         net (fo=173, routed)         1.806     5.548    sys_clk_IBUF_BUFG
    MMCME2_ADV_X1Y0      MMCME2_ADV (Prop_mmcme2_adv_CLKIN1_CLKOUT0)
                                                      0.088     5.636 r  u_mmcm/CLKOUT0
                         net (fo=1, routed)           1.889     7.525    clk_proc
    BUFGCTRL_X0Y1        BUFG (Prop_bufg_I_O)         0.101     7.626 r  clk_proc_BUFG_inst/O
                         net (fo=3011, routed)        1.800     9.426    u_canny/u_med/clk_proc_BUFG
    SLICE_X97Y48         FDCE                                         r  u_canny/u_med/r1_r_reg[13]/C
  -------------------------------------------------------------------    -------------------
    SLICE_X97Y48         FDCE (Prop_fdce_C_Q)         0.456     9.882 r  u_canny/u_med/r1_r_reg[13]/Q
                         net (fo=5, routed)           1.095    10.977    u_canny/u_med/b[1]
    SLICE_X96Y51         LUT4 (Prop_lut4_I3_O)        0.124    11.101 r  u_canny/u_med/med_row_r[11]_i_37/O
                         net (fo=1, routed)           0.000    11.101    u_canny/u_med/med_row_r[11]_i_37_n_0
    SLICE_X96Y51         CARRY4 (Prop_carry4_S[0]_CO[3])
                                                      0.513    11.614 r  u_canny/u_med/med_row_r_reg[11]_i_10/CO[3]
                         net (fo=1, routed)           0.000    11.614    u_canny/u_med/med_row_r_reg[11]_i_10_n_0
    SLICE_X96Y52         CARRY4 (Prop_carry4_CI_CO[1])
                                                      0.157    11.771 r  u_canny/u_med/med_row_r_reg[11]_i_3/CO[1]
                         net (fo=48, routed)          0.739    12.510    u_canny/u_med/med_row_r_reg[11]_i_3_n_2
    SLICE_X97Y51         LUT3 (Prop_lut3_I2_O)        0.326    12.836 f  u_canny/u_med/med_row_r[11]_i_53/O
                         net (fo=2, routed)           0.476    13.312    u_canny/u_med/med_row_r[11]_i_53_n_0
    SLICE_X99Y53         LUT6 (Prop_lut6_I4_O)        0.326    13.638 r  u_canny/u_med/med_row_r[11]_i_39/O
                         net (fo=1, routed)           0.613    14.252    u_canny/u_med/med_row_r[11]_i_39_n_0
    SLICE_X94Y54         CARRY4 (Prop_carry4_DI[2]_CO[3])
                                                      0.404    14.656 r  u_canny/u_med/med_row_r_reg[11]_i_15/CO[3]
                         net (fo=1, routed)           0.000    14.656    u_canny/u_med/med_row_r_reg[11]_i_15_n_0
    SLICE_X94Y55         CARRY4 (Prop_carry4_CI_CO[1])
                                                      0.157    14.813 r  u_canny/u_med/med_row_r_reg[11]_i_4/CO[1]
                         net (fo=12, routed)          0.663    15.476    u_canny/u_med/med_row_r_reg[11]_i_4_n_2
    SLICE_X94Y53         LUT6 (Prop_lut6_I4_O)        0.332    15.808 r  u_canny/u_med/med_row_r[10]_i_1/O
                         net (fo=1, routed)           0.000    15.808    u_canny/u_med/med_row_r[10]_i_1_n_0
    SLICE_X94Y53         FDCE                                         r  u_canny/u_med/med_row_r_reg[10]/D
  -------------------------------------------------------------------    -------------------

                         (clock clk_proc rise edge)
                                                      6.667     6.667 r  
    M19                                               0.000     6.667 r  sys_clk (IN)
                         net (fo=0)                   0.000     6.667    sys_clk
    M19                  IBUF (Prop_ibuf_I_O)         1.366     8.033 r  sys_clk_IBUF_inst/O
                         net (fo=1, routed)           2.006    10.039    sys_clk_IBUF
    BUFGCTRL_X0Y16       BUFG (Prop_bufg_I_O)         0.091    10.130 r  sys_clk_IBUF_BUFG_inst/O
                         net (fo=173, routed)         1.612    11.742    sys_clk_IBUF_BUFG
    MMCME2_ADV_X1Y0      MMCME2_ADV (Prop_mmcme2_adv_CLKIN1_CLKOUT0)
                                                      0.083    11.825 r  u_mmcm/CLKOUT0
                         net (fo=1, routed)           1.725    13.550    clk_proc
    BUFGCTRL_X0Y1        BUFG (Prop_bufg_I_O)         0.091    13.641 r  clk_proc_BUFG_inst/O
                         net (fo=3011, routed)        1.611    15.252    u_canny/u_med/clk_proc_BUFG
    SLICE_X94Y53         FDCE                                         r  u_canny/u_med/med_row_r_reg[10]/C
                         clock pessimism              0.652    15.904    
                         clock uncertainty           -0.071    15.832    
    SLICE_X94Y53         FDCE (Setup_fdce_C_D)        0.081    15.913    u_canny/u_med/med_row_r_reg[10]
  -------------------------------------------------------------------
                         required time                         15.913    
                         arrival time                         -15.808    
  -------------------------------------------------------------------
                         slack                                  0.106    




