Copyright 1986-2022 Xilinx, Inc. All Rights Reserved. Copyright 2022-2025 Advanced Micro Devices, Inc. All Rights Reserved.
---------------------------------------------------------------------------------------------------------------------------------------------
| Tool Version : Vivado v.2025.2 (win64) Build 6299465 Fri Nov 14 19:35:11 GMT 2025
| Date         : Sun Aug 16 08:13:33 2026
| Host         : wshh running 64-bit major release  (build 9200)
| Command      : report_timing -max_paths 5 -nworst 1 -delay_type max -group clk_proc -file out/worst_n4.rpt
| Design       : vision_top
| Device       : 7z020-clg484
| Speed File   : -1  PRODUCTION 1.12 2019-11-22
| Design State : Routed
---------------------------------------------------------------------------------------------------------------------------------------------

Timing Report

Slack (MET) :             0.039ns  (required time - arrival time)
  Source:                 g_chan[1].u_canny/u_gauss/u_win/w_pix_reg[2][4][3]/C
                            (rising edge-triggered cell FDCE clocked by clk_proc  {rise@0.000ns fall@3.333ns period=6.667ns})
  Destination:            g_chan[1].u_canny/u_gauss/h_r_reg[2][10]/D
                            (rising edge-triggered cell FDCE clocked by clk_proc  {rise@0.000ns fall@3.333ns period=6.667ns})
  Path Group:             clk_proc
  Path Type:              Setup (Max at Slow Process Corner)
  Requirement:            6.667ns  (clk_proc rise@6.667ns - clk_proc rise@0.000ns)
  Data Path Delay:        6.558ns  (logic 3.204ns (48.859%)  route 3.354ns (51.141%))
  Logic Levels:           8  (CARRY4=3 LUT3=2 LUT4=1 LUT5=1 LUT6=1)
  Clock Path Skew:        -0.061ns (DCD - SCD + CPR)
    Destination Clock Delay (DCD):    8.513ns = ( 15.180 - 6.667 ) 
    Source Clock Delay      (SCD):    9.340ns
    Clock Pessimism Removal (CPR):    0.766ns
  Clock Uncertainty:      0.071ns  ((TSJ^2 + DJ^2)^1/2) / 2 + PE
    Total System Jitter     (TSJ):    0.071ns
    Discrete Jitter          (DJ):    0.124ns
    Phase Error              (PE):    0.000ns

    Location             Delay type                Incr(ns)  Path(ns)    Netlist Resource(s)
  -------------------------------------------------------------------    -------------------
                         (clock clk_proc rise edge)
                                                      0.000     0.000 r  
    M19                                               0.000     0.000 r  sys_clk (IN)
                         net (fo=0)                   0.000     0.000    sys_clk
    M19                  IBUF (Prop_ibuf_I_O)         1.436     1.436 r  sys_clk_IBUF_inst/O
                         net (fo=1, routed)           2.205     3.641    sys_clk_IBUF
    BUFGCTRL_X0Y16       BUFG (Prop_bufg_I_O)         0.101     3.742 r  sys_clk_IBUF_BUFG_inst/O
                         net (fo=173, routed)         1.806     5.548    sys_clk_IBUF_BUFG
    MMCME2_ADV_X1Y0      MMCME2_ADV (Prop_mmcme2_adv_CLKIN1_CLKOUT0)
                                                      0.088     5.636 r  u_mmcm/CLKOUT0
                         net (fo=1, routed)           1.889     7.525    clk_proc
    BUFGCTRL_X0Y1        BUFG (Prop_bufg_I_O)         0.101     7.626 r  clk_proc_BUFG_inst/O
                         net (fo=12961, routed)       1.714     9.340    g_chan[1].u_canny/u_gauss/u_win/clk_proc_BUFG
    SLICE_X60Y21         FDCE                                         r  g_chan[1].u_canny/u_gauss/u_win/w_pix_reg[2][4][3]/C
  -------------------------------------------------------------------    -------------------
    SLICE_X60Y21         FDCE (Prop_fdce_C_Q)         0.419     9.759 r  g_chan[1].u_canny/u_gauss/u_win/w_pix_reg[2][4][3]/Q
                         net (fo=3, routed)           0.677    10.437    g_chan[1].u_canny/u_gauss/wp[2][4]_48[3]
    SLICE_X61Y21         LUT3 (Prop_lut3_I1_O)        0.325    10.762 r  g_chan[1].u_canny/u_gauss/h_r[2][12]_i_17__0/O
                         net (fo=2, routed)           0.589    11.351    g_chan[1].u_canny/u_gauss/w_pix_reg[2][3][4][0]
    SLICE_X61Y22         LUT4 (Prop_lut4_I3_O)        0.332    11.683 r  g_chan[1].u_canny/u_gauss/h_r[2][12]_i_21__0/O
                         net (fo=1, routed)           0.000    11.683    g_chan[1].u_canny_n_138
    SLICE_X61Y22         CARRY4 (Prop_carry4_S[0]_O[3])
                                                      0.606    12.289 r  u_gauss/h_r_reg[2][12]_i_11__0/O[3]
                         net (fo=3, routed)           0.853    13.142    g_chan[1].u_canny/u_gauss/u_win/h_r_reg[2][12]_1[3]
    SLICE_X70Y23         LUT3 (Prop_lut3_I1_O)        0.306    13.448 f  g_chan[1].u_canny/u_gauss/u_win/h_r[2][8]_i_10__0/O
                         net (fo=2, routed)           0.647    14.094    g_chan[1].u_canny/u_gauss/u_win/w_pix_reg[2][2][6]_0
    SLICE_X70Y23         LUT5 (Prop_lut5_I0_O)        0.149    14.243 r  g_chan[1].u_canny/u_gauss/u_win/h_r[2][8]_i_2__0/O
                         net (fo=2, routed)           0.588    14.831    g_chan[1].u_canny/u_gauss/w_pix_reg[2][2][4][3]
    SLICE_X68Y23         LUT6 (Prop_lut6_I0_O)        0.332    15.163 r  g_chan[1].u_canny/u_gauss/h_r[2][8]_i_6__0/O
                         net (fo=1, routed)           0.000    15.163    g_chan[1].u_canny_n_143
    SLICE_X68Y23         CARRY4 (Prop_carry4_S[3]_CO[3])
                                                      0.401    15.564 r  u_gauss/h_r_reg[2][8]_i_1__0/CO[3]
                         net (fo=1, routed)           0.000    15.564    g_chan[1].u_canny/u_gauss/h_r_reg[2][12]_0[0]
    SLICE_X68Y24         CARRY4 (Prop_carry4_CI_O[1])
                                                      0.334    15.898 r  g_chan[1].u_canny/u_gauss/h_r_reg[2][12]_i_1__0/O[1]
                         net (fo=1, routed)           0.000    15.898    g_chan[1].u_canny/u_gauss/h_r_reg[2][12]_i_1__0_n_6
    SLICE_X68Y24         FDCE                                         r  g_chan[1].u_canny/u_gauss/h_r_reg[2][10]/D
  -------------------------------------------------------------------    -------------------

                         (clock clk_proc rise edge)
                                                      6.667     6.667 r  
    M19                                               0.000     6.667 r  sys_clk (IN)
                         net (fo=0)                   0.000     6.667    sys_clk
    M19                  IBUF (Prop_ibuf_I_O)         1.366     8.033 r  sys_clk_IBUF_inst/O
                         net (fo=1, routed)           2.006    10.039    sys_clk_IBUF
    BUFGCTRL_X0Y16       BUFG (Prop_bufg_I_O)         0.091    10.130 r  sys_clk_IBUF_BUFG_inst/O
                         net (fo=173, routed)         1.612    11.742    sys_clk_IBUF_BUFG
    MMCME2_ADV_X1Y0      MMCME2_ADV (Prop_mmcme2_adv_CLKIN1_CLKOUT0)
                                                      0.083    11.825 r  u_mmcm/CLKOUT0
                         net (fo=1, routed)           1.725    13.550    clk_proc
    BUFGCTRL_X0Y1        BUFG (Prop_bufg_I_O)         0.091    13.641 r  clk_proc_BUFG_inst/O
                         net (fo=12961, routed)       1.538    15.180    g_chan[1].u_canny/u_gauss/clk_proc_BUFG
    SLICE_X68Y24         FDCE                                         r  g_chan[1].u_canny/u_gauss/h_r_reg[2][10]/C
                         clock pessimism              0.766    15.946    
                         clock uncertainty           -0.071    15.875    
    SLICE_X68Y24         FDCE (Setup_fdce_C_D)        0.062    15.937    g_chan[1].u_canny/u_gauss/h_r_reg[2][10]
  -------------------------------------------------------------------
                         required time                         15.937    
                         arrival time                         -15.898    
  -------------------------------------------------------------------
                         slack                                  0.039    

Slack (MET) :             0.042ns  (required time - arrival time)
  Source:                 g_chan[1].u_canny/u_med/u_win/r_reg[3]/C
                            (rising edge-triggered cell FDCE clocked by clk_proc  {rise@0.000ns fall@3.333ns period=6.667ns})
  Destination:            g_chan[1].u_canny/u_med/u_win/w_pix_reg[0][1][4]/D
                            (rising edge-triggered cell FDCE clocked by clk_proc  {rise@0.000ns fall@3.333ns period=6.667ns})
  Path Group:             clk_proc
  Path Type:              Setup (Max at Slow Process Corner)
  Requirement:            6.667ns  (clk_proc rise@6.667ns - clk_proc rise@0.000ns)
  Data Path Delay:        6.591ns  (logic 2.325ns (35.274%)  route 4.266ns (64.726%))
  Logic Levels:           6  (CARRY4=1 LUT2=1 LUT3=1 LUT4=1 LUT5=1 LUT6=1)
  Clock Path Skew:        0.009ns (DCD - SCD + CPR)
    Destination Clock Delay (DCD):    8.657ns = ( 15.324 - 6.667 ) 
    Source Clock Delay      (SCD):    9.414ns
    Clock Pessimism Removal (CPR):    0.766ns
  Clock Uncertainty:      0.071ns  ((TSJ^2 + DJ^2)^1/2) / 2 + PE
    Total System Jitter     (TSJ):    0.071ns
    Discrete Jitter          (DJ):    0.124ns
    Phase Error              (PE):    0.000ns

    Location             Delay type                Incr(ns)  Path(ns)    Netlist Resource(s)
  -------------------------------------------------------------------    -------------------
                         (clock clk_proc rise edge)
                                                      0.000     0.000 r  
    M19                                               0.000     0.000 r  sys_clk (IN)
                         net (fo=0)                   0.000     0.000    sys_clk
    M19                  IBUF (Prop_ibuf_I_O)         1.436     1.436 r  sys_clk_IBUF_inst/O
                         net (fo=1, routed)           2.205     3.641    sys_clk_IBUF
    BUFGCTRL_X0Y16       BUFG (Prop_bufg_I_O)         0.101     3.742 r  sys_clk_IBUF_BUFG_inst/O
                         net (fo=173, routed)         1.806     5.548    sys_clk_IBUF_BUFG
    MMCME2_ADV_X1Y0      MMCME2_ADV (Prop_mmcme2_adv_CLKIN1_CLKOUT0)
                                                      0.088     5.636 r  u_mmcm/CLKOUT0
                         net (fo=1, routed)           1.889     7.525    clk_proc
    BUFGCTRL_X0Y1        BUFG (Prop_bufg_I_O)         0.101     7.626 r  clk_proc_BUFG_inst/O
                         net (fo=12961, routed)       1.788     9.414    g_chan[1].u_canny/u_med/u_win/clk_proc_BUFG
    SLICE_X98Y31         FDCE                                         r  g_chan[1].u_canny/u_med/u_win/r_reg[3]/C
  -------------------------------------------------------------------    -------------------
    SLICE_X98Y31         FDCE (Prop_fdce_C_Q)         0.518     9.932 r  g_chan[1].u_canny/u_med/u_win/r_reg[3]/Q
                         net (fo=22, routed)          0.732    10.664    g_chan[1].u_canny/u_med/u_win/r[3]
    SLICE_X98Y31         LUT3 (Prop_lut3_I0_O)        0.146    10.810 r  g_chan[1].u_canny/u_med/u_win/p_3_in_carry_i_8__3/O
                         net (fo=2, routed)           0.468    11.278    g_chan[1].u_canny/u_med/u_win/p_3_in_carry_i_8__3_n_0
    SLICE_X98Y31         LUT6 (Prop_lut6_I1_O)        0.328    11.606 r  g_chan[1].u_canny/u_med/u_win/p_3_in_carry__0_i_6__3/O
                         net (fo=6, routed)           0.431    12.037    g_chan[1].u_canny/u_med/u_win/p_3_in_carry__0_i_6__3_n_0
    SLICE_X101Y31        LUT2 (Prop_lut2_I1_O)        0.124    12.161 r  g_chan[1].u_canny/u_med/u_win/p_3_in_carry__0_i_2__4/O
                         net (fo=1, routed)           0.641    12.802    g_chan[1].u_canny/u_med/u_win/p_3_in_carry__0_i_2__4_n_0
    SLICE_X99Y31         CARRY4 (Prop_carry4_DI[0]_CO[2])
                                                      0.540    13.342 f  g_chan[1].u_canny/u_med/u_win/p_3_in_carry__0/CO[2]
                         net (fo=2, routed)           0.793    14.135    g_chan[1].u_canny/u_med/u_win/p_3_in
    SLICE_X101Y31        LUT5 (Prop_lut5_I3_O)        0.342    14.477 r  g_chan[1].u_canny/u_med/u_win/w_pix[0][2][11]_i_3__1/O
                         net (fo=36, routed)          1.202    15.679    g_chan[1].u_canny/u_med/u_win/w_pix[0][2][11]_i_3__1_n_0
    SLICE_X107Y23        LUT4 (Prop_lut4_I3_O)        0.327    16.006 r  g_chan[1].u_canny/u_med/u_win/w_pix[0][1][4]_i_1__5/O
                         net (fo=1, routed)           0.000    16.006    g_chan[1].u_canny/u_med/u_win/w_pix[0][1][4]_i_1__5_n_0
    SLICE_X107Y23        FDCE                                         r  g_chan[1].u_canny/u_med/u_win/w_pix_reg[0][1][4]/D
  -------------------------------------------------------------------    -------------------

                         (clock clk_proc rise edge)
                                                      6.667     6.667 r  
    M19                                               0.000     6.667 r  sys_clk (IN)
                         net (fo=0)                   0.000     6.667    sys_clk
    M19                  IBUF (Prop_ibuf_I_O)         1.366     8.033 r  sys_clk_IBUF_inst/O
                         net (fo=1, routed)           2.006    10.039    sys_clk_IBUF
    BUFGCTRL_X0Y16       BUFG (Prop_bufg_I_O)         0.091    10.130 r  sys_clk_IBUF_BUFG_inst/O
                         net (fo=173, routed)         1.612    11.742    sys_clk_IBUF_BUFG
    MMCME2_ADV_X1Y0      MMCME2_ADV (Prop_mmcme2_adv_CLKIN1_CLKOUT0)
                                                      0.083    11.825 r  u_mmcm/CLKOUT0
                         net (fo=1, routed)           1.725    13.550    clk_proc
    BUFGCTRL_X0Y1        BUFG (Prop_bufg_I_O)         0.091    13.641 r  clk_proc_BUFG_inst/O
                         net (fo=12961, routed)       1.682    15.324    g_chan[1].u_canny/u_med/u_win/clk_proc_BUFG
    SLICE_X107Y23        FDCE                                         r  g_chan[1].u_canny/u_med/u_win/w_pix_reg[0][1][4]/C
                         clock pessimism              0.766    16.090    
                         clock uncertainty           -0.071    16.019    
    SLICE_X107Y23        FDCE (Setup_fdce_C_D)        0.029    16.048    g_chan[1].u_canny/u_med/u_win/w_pix_reg[0][1][4]
  -------------------------------------------------------------------
                         required time                         16.048    
                         arrival time                         -16.006    
  -------------------------------------------------------------------
                         slack                                  0.042    

Slack (MET) :             0.058ns  (required time - arrival time)
  Source:                 g_chan[1].u_canny/u_med/u_win/r_reg[3]/C
                            (rising edge-triggered cell FDCE clocked by clk_proc  {rise@0.000ns fall@3.333ns period=6.667ns})
  Destination:            g_chan[1].u_canny/u_med/u_win/w_pix_reg[0][0][5]/D
                            (rising edge-triggered cell FDCE clocked by clk_proc  {rise@0.000ns fall@3.333ns period=6.667ns})
  Path Group:             clk_proc
  Path Type:              Setup (Max at Slow Process Corner)
  Requirement:            6.667ns  (clk_proc rise@6.667ns - clk_proc rise@0.000ns)
  Data Path Delay:        6.575ns  (logic 2.325ns (35.360%)  route 4.250ns (64.640%))
  Logic Levels:           6  (CARRY4=1 LUT2=1 LUT3=1 LUT4=1 LUT5=1 LUT6=1)
  Clock Path Skew:        0.007ns (DCD - SCD + CPR)
    Destination Clock Delay (DCD):    8.655ns = ( 15.322 - 6.667 ) 
    Source Clock Delay      (SCD):    9.414ns
    Clock Pessimism Removal (CPR):    0.766ns
  Clock Uncertainty:      0.071ns  ((TSJ^2 + DJ^2)^1/2) / 2 + PE
    Total System Jitter     (TSJ):    0.071ns
    Discrete Jitter          (DJ):    0.124ns
    Phase Error              (PE):    0.000ns

    Location             Delay type                Incr(ns)  Path(ns)    Netlist Resource(s)
  -------------------------------------------------------------------    -------------------
                         (clock clk_proc rise edge)
                                                      0.000     0.000 r  
    M19                                               0.000     0.000 r  sys_clk (IN)
                         net (fo=0)                   0.000     0.000    sys_clk
    M19                  IBUF (Prop_ibuf_I_O)         1.436     1.436 r  sys_clk_IBUF_inst/O
                         net (fo=1, routed)           2.205     3.641    sys_clk_IBUF
    BUFGCTRL_X0Y16       BUFG (Prop_bufg_I_O)         0.101     3.742 r  sys_clk_IBUF_BUFG_inst/O
                         net (fo=173, routed)         1.806     5.548    sys_clk_IBUF_BUFG
    MMCME2_ADV_X1Y0      MMCME2_ADV (Prop_mmcme2_adv_CLKIN1_CLKOUT0)
                                                      0.088     5.636 r  u_mmcm/CLKOUT0
                         net (fo=1, routed)           1.889     7.525    clk_proc
    BUFGCTRL_X0Y1        BUFG (Prop_bufg_I_O)         0.101     7.626 r  clk_proc_BUFG_inst/O
                         net (fo=12961, routed)       1.788     9.414    g_chan[1].u_canny/u_med/u_win/clk_proc_BUFG
    SLICE_X98Y31         FDCE                                         r  g_chan[1].u_canny/u_med/u_win/r_reg[3]/C
  -------------------------------------------------------------------    -------------------
    SLICE_X98Y31         FDCE (Prop_fdce_C_Q)         0.518     9.932 r  g_chan[1].u_canny/u_med/u_win/r_reg[3]/Q
                         net (fo=22, routed)          0.732    10.664    g_chan[1].u_canny/u_med/u_win/r[3]
    SLICE_X98Y31         LUT3 (Prop_lut3_I0_O)        0.146    10.810 r  g_chan[1].u_canny/u_med/u_win/p_3_in_carry_i_8__3/O
                         net (fo=2, routed)           0.468    11.278    g_chan[1].u_canny/u_med/u_win/p_3_in_carry_i_8__3_n_0
    SLICE_X98Y31         LUT6 (Prop_lut6_I1_O)        0.328    11.606 r  g_chan[1].u_canny/u_med/u_win/p_3_in_carry__0_i_6__3/O
                         net (fo=6, routed)           0.431    12.037    g_chan[1].u_canny/u_med/u_win/p_3_in_carry__0_i_6__3_n_0
    SLICE_X101Y31        LUT2 (Prop_lut2_I1_O)        0.124    12.161 r  g_chan[1].u_canny/u_med/u_win/p_3_in_carry__0_i_2__4/O
                         net (fo=1, routed)           0.641    12.802    g_chan[1].u_canny/u_med/u_win/p_3_in_carry__0_i_2__4_n_0
    SLICE_X99Y31         CARRY4 (Prop_carry4_DI[0]_CO[2])
                                                      0.540    13.342 f  g_chan[1].u_canny/u_med/u_win/p_3_in_carry__0/CO[2]
                         net (fo=2, routed)           0.793    14.135    g_chan[1].u_canny/u_med/u_win/p_3_in
    SLICE_X101Y31        LUT5 (Prop_lut5_I3_O)        0.342    14.477 r  g_chan[1].u_canny/u_med/u_win/w_pix[0][2][11]_i_3__1/O
                         net (fo=36, routed)          1.186    15.663    g_chan[1].u_canny/u_med/u_win/w_pix[0][2][11]_i_3__1_n_0
    SLICE_X107Y25        LUT4 (Prop_lut4_I3_O)        0.327    15.990 r  g_chan[1].u_canny/u_med/u_win/w_pix[0][0][5]_i_1__5/O
                         net (fo=1, routed)           0.000    15.990    g_chan[1].u_canny/u_med/u_win/w_pix[0][0][5]_i_1__5_n_0
    SLICE_X107Y25        FDCE                                         r  g_chan[1].u_canny/u_med/u_win/w_pix_reg[0][0][5]/D
  -------------------------------------------------------------------    -------------------

                         (clock clk_proc rise edge)
                                                      6.667     6.667 r  
    M19                                               0.000     6.667 r  sys_clk (IN)
                         net (fo=0)                   0.000     6.667    sys_clk
    M19                  IBUF (Prop_ibuf_I_O)         1.366     8.033 r  sys_clk_IBUF_inst/O
                         net (fo=1, routed)           2.006    10.039    sys_clk_IBUF
    BUFGCTRL_X0Y16       BUFG (Prop_bufg_I_O)         0.091    10.130 r  sys_clk_IBUF_BUFG_inst/O
                         net (fo=173, routed)         1.612    11.742    sys_clk_IBUF_BUFG
    MMCME2_ADV_X1Y0      MMCME2_ADV (Prop_mmcme2_adv_CLKIN1_CLKOUT0)
                                                      0.083    11.825 r  u_mmcm/CLKOUT0
                         net (fo=1, routed)           1.725    13.550    clk_proc
    BUFGCTRL_X0Y1        BUFG (Prop_bufg_I_O)         0.091    13.641 r  clk_proc_BUFG_inst/O
                         net (fo=12961, routed)       1.680    15.322    g_chan[1].u_canny/u_med/u_win/clk_proc_BUFG
    SLICE_X107Y25        FDCE                                         r  g_chan[1].u_canny/u_med/u_win/w_pix_reg[0][0][5]/C
                         clock pessimism              0.766    16.088    
                         clock uncertainty           -0.071    16.017    
    SLICE_X107Y25        FDCE (Setup_fdce_C_D)        0.031    16.048    g_chan[1].u_canny/u_med/u_win/w_pix_reg[0][0][5]
  -------------------------------------------------------------------
                         required time                         16.048    
                         arrival time                         -15.990    
  -------------------------------------------------------------------
                         slack                                  0.058    

Slack (MET) :             0.060ns  (required time - arrival time)
  Source:                 g_chan[1].u_canny/u_gauss/u_win/w_pix_reg[2][4][3]/C
                            (rising edge-triggered cell FDCE clocked by clk_proc  {rise@0.000ns fall@3.333ns period=6.667ns})
  Destination:            g_chan[1].u_canny/u_gauss/h_r_reg[2][12]/D
                            (rising edge-triggered cell FDCE clocked by clk_proc  {rise@0.000ns fall@3.333ns period=6.667ns})
  Path Group:             clk_proc
  Path Type:              Setup (Max at Slow Process Corner)
  Requirement:            6.667ns  (clk_proc rise@6.667ns - clk_proc rise@0.000ns)
  Data Path Delay:        6.537ns  (logic 3.183ns (48.695%)  route 3.354ns (51.305%))
  Logic Levels:           8  (CARRY4=3 LUT3=2 LUT4=1 LUT5=1 LUT6=1)
  Clock Path Skew:        -0.061ns (DCD - SCD + CPR)
    Destination Clock Delay (DCD):    8.513ns = ( 15.180 - 6.667 ) 
    Source Clock Delay      (SCD):    9.340ns
    Clock Pessimism Removal (CPR):    0.766ns
  Clock Uncertainty:      0.071ns  ((TSJ^2 + DJ^2)^1/2) / 2 + PE
    Total System Jitter     (TSJ):    0.071ns
    Discrete Jitter          (DJ):    0.124ns
    Phase Error              (PE):    0.000ns

    Location             Delay type                Incr(ns)  Path(ns)    Netlist Resource(s)
  -------------------------------------------------------------------    -------------------
                         (clock clk_proc rise edge)
                                                      0.000     0.000 r  
    M19                                               0.000     0.000 r  sys_clk (IN)
                         net (fo=0)                   0.000     0.000    sys_clk
    M19                  IBUF (Prop_ibuf_I_O)         1.436     1.436 r  sys_clk_IBUF_inst/O
                         net (fo=1, routed)           2.205     3.641    sys_clk_IBUF
    BUFGCTRL_X0Y16       BUFG (Prop_bufg_I_O)         0.101     3.742 r  sys_clk_IBUF_BUFG_inst/O
                         net (fo=173, routed)         1.806     5.548    sys_clk_IBUF_BUFG
    MMCME2_ADV_X1Y0      MMCME2_ADV (Prop_mmcme2_adv_CLKIN1_CLKOUT0)
                                                      0.088     5.636 r  u_mmcm/CLKOUT0
                         net (fo=1, routed)           1.889     7.525    clk_proc
    BUFGCTRL_X0Y1        BUFG (Prop_bufg_I_O)         0.101     7.626 r  clk_proc_BUFG_inst/O
                         net (fo=12961, routed)       1.714     9.340    g_chan[1].u_canny/u_gauss/u_win/clk_proc_BUFG
    SLICE_X60Y21         FDCE                                         r  g_chan[1].u_canny/u_gauss/u_win/w_pix_reg[2][4][3]/C
  -------------------------------------------------------------------    -------------------
    SLICE_X60Y21         FDCE (Prop_fdce_C_Q)         0.419     9.759 r  g_chan[1].u_canny/u_gauss/u_win/w_pix_reg[2][4][3]/Q
                         net (fo=3, routed)           0.677    10.437    g_chan[1].u_canny/u_gauss/wp[2][4]_48[3]
    SLICE_X61Y21         LUT3 (Prop_lut3_I1_O)        0.325    10.762 r  g_chan[1].u_canny/u_gauss/h_r[2][12]_i_17__0/O
                         net (fo=2, routed)           0.589    11.351    g_chan[1].u_canny/u_gauss/w_pix_reg[2][3][4][0]
    SLICE_X61Y22         LUT4 (Prop_lut4_I3_O)        0.332    11.683 r  g_chan[1].u_canny/u_gauss/h_r[2][12]_i_21__0/O
                         net (fo=1, routed)           0.000    11.683    g_chan[1].u_canny_n_138
    SLICE_X61Y22         CARRY4 (Prop_carry4_S[0]_O[3])
                                                      0.606    12.289 r  u_gauss/h_r_reg[2][12]_i_11__0/O[3]
                         net (fo=3, routed)           0.853    13.142    g_chan[1].u_canny/u_gauss/u_win/h_r_reg[2][12]_1[3]
    SLICE_X70Y23         LUT3 (Prop_lut3_I1_O)        0.306    13.448 f  g_chan[1].u_canny/u_gauss/u_win/h_r[2][8]_i_10__0/O
                         net (fo=2, routed)           0.647    14.094    g_chan[1].u_canny/u_gauss/u_win/w_pix_reg[2][2][6]_0
    SLICE_X70Y23         LUT5 (Prop_lut5_I0_O)        0.149    14.243 r  g_chan[1].u_canny/u_gauss/u_win/h_r[2][8]_i_2__0/O
                         net (fo=2, routed)           0.588    14.831    g_chan[1].u_canny/u_gauss/w_pix_reg[2][2][4][3]
    SLICE_X68Y23         LUT6 (Prop_lut6_I0_O)        0.332    15.163 r  g_chan[1].u_canny/u_gauss/h_r[2][8]_i_6__0/O
                         net (fo=1, routed)           0.000    15.163    g_chan[1].u_canny_n_143
    SLICE_X68Y23         CARRY4 (Prop_carry4_S[3]_CO[3])
                                                      0.401    15.564 r  u_gauss/h_r_reg[2][8]_i_1__0/CO[3]
                         net (fo=1, routed)           0.000    15.564    g_chan[1].u_canny/u_gauss/h_r_reg[2][12]_0[0]
    SLICE_X68Y24         CARRY4 (Prop_carry4_CI_O[3])
                                                      0.313    15.877 r  g_chan[1].u_canny/u_gauss/h_r_reg[2][12]_i_1__0/O[3]
                         net (fo=1, routed)           0.000    15.877    g_chan[1].u_canny/u_gauss/h_r_reg[2][12]_i_1__0_n_4
    SLICE_X68Y24         FDCE                                         r  g_chan[1].u_canny/u_gauss/h_r_reg[2][12]/D
  -------------------------------------------------------------------    -------------------

                         (clock clk_proc rise edge)
                                                      6.667     6.667 r  
    M19                                               0.000     6.667 r  sys_clk (IN)
                         net (fo=0)                   0.000     6.667    sys_clk
    M19                  IBUF (Prop_ibuf_I_O)         1.366     8.033 r  sys_clk_IBUF_inst/O
                         net (fo=1, routed)           2.006    10.039    sys_clk_IBUF
    BUFGCTRL_X0Y16       BUFG (Prop_bufg_I_O)         0.091    10.130 r  sys_clk_IBUF_BUFG_inst/O
                         net (fo=173, routed)         1.612    11.742    sys_clk_IBUF_BUFG
    MMCME2_ADV_X1Y0      MMCME2_ADV (Prop_mmcme2_adv_CLKIN1_CLKOUT0)
                                                      0.083    11.825 r  u_mmcm/CLKOUT0
                         net (fo=1, routed)           1.725    13.550    clk_proc
    BUFGCTRL_X0Y1        BUFG (Prop_bufg_I_O)         0.091    13.641 r  clk_proc_BUFG_inst/O
                         net (fo=12961, routed)       1.538    15.180    g_chan[1].u_canny/u_gauss/clk_proc_BUFG
    SLICE_X68Y24         FDCE                                         r  g_chan[1].u_canny/u_gauss/h_r_reg[2][12]/C
                         clock pessimism              0.766    15.946    
                         clock uncertainty           -0.071    15.875    
    SLICE_X68Y24         FDCE (Setup_fdce_C_D)        0.062    15.937    g_chan[1].u_canny/u_gauss/h_r_reg[2][12]
  -------------------------------------------------------------------
                         required time                         15.937    
                         arrival time                         -15.877    
  -------------------------------------------------------------------
                         slack                                  0.060    

Slack (MET) :             0.063ns  (required time - arrival time)
  Source:                 g_chan[1].u_canny/u_med/u_win/r_reg[3]/C
                            (rising edge-triggered cell FDCE clocked by clk_proc  {rise@0.000ns fall@3.333ns period=6.667ns})
  Destination:            g_chan[1].u_canny/u_med/u_win/w_pix_reg[0][1][0]/D
                            (rising edge-triggered cell FDCE clocked by clk_proc  {rise@0.000ns fall@3.333ns period=6.667ns})
  Path Group:             clk_proc
  Path Type:              Setup (Max at Slow Process Corner)
  Requirement:            6.667ns  (clk_proc rise@6.667ns - clk_proc rise@0.000ns)
  Data Path Delay:        6.571ns  (logic 2.325ns (35.382%)  route 4.246ns (64.618%))
  Logic Levels:           6  (CARRY4=1 LUT2=1 LUT3=1 LUT4=1 LUT5=1 LUT6=1)
  Clock Path Skew:        0.010ns (DCD - SCD + CPR)
    Destination Clock Delay (DCD):    8.658ns = ( 15.325 - 6.667 ) 
    Source Clock Delay      (SCD):    9.414ns
    Clock Pessimism Removal (CPR):    0.766ns
  Clock Uncertainty:      0.071ns  ((TSJ^2 + DJ^2)^1/2) / 2 + PE
    Total System Jitter     (TSJ):    0.071ns
    Discrete Jitter          (DJ):    0.124ns
    Phase Error              (PE):    0.000ns

    Location             Delay type                Incr(ns)  Path(ns)    Netlist Resource(s)
  -------------------------------------------------------------------    -------------------
                         (clock clk_proc rise edge)
                                                      0.000     0.000 r  
    M19                                               0.000     0.000 r  sys_clk (IN)
                         net (fo=0)                   0.000     0.000    sys_clk
    M19                  IBUF (Prop_ibuf_I_O)         1.436     1.436 r  sys_clk_IBUF_inst/O
                         net (fo=1, routed)           2.205     3.641    sys_clk_IBUF
    BUFGCTRL_X0Y16       BUFG (Prop_bufg_I_O)         0.101     3.742 r  sys_clk_IBUF_BUFG_inst/O
                         net (fo=173, routed)         1.806     5.548    sys_clk_IBUF_BUFG
    MMCME2_ADV_X1Y0      MMCME2_ADV (Prop_mmcme2_adv_CLKIN1_CLKOUT0)
                                                      0.088     5.636 r  u_mmcm/CLKOUT0
                         net (fo=1, routed)           1.889     7.525    clk_proc
    BUFGCTRL_X0Y1        BUFG (Prop_bufg_I_O)         0.101     7.626 r  clk_proc_BUFG_inst/O
                         net (fo=12961, routed)       1.788     9.414    g_chan[1].u_canny/u_med/u_win/clk_proc_BUFG
    SLICE_X98Y31         FDCE                                         r  g_chan[1].u_canny/u_med/u_win/r_reg[3]/C
  -------------------------------------------------------------------    -------------------
    SLICE_X98Y31         FDCE (Prop_fdce_C_Q)         0.518     9.932 r  g_chan[1].u_canny/u_med/u_win/r_reg[3]/Q
                         net (fo=22, routed)          0.732    10.664    g_chan[1].u_canny/u_med/u_win/r[3]
    SLICE_X98Y31         LUT3 (Prop_lut3_I0_O)        0.146    10.810 r  g_chan[1].u_canny/u_med/u_win/p_3_in_carry_i_8__3/O
                         net (fo=2, routed)           0.468    11.278    g_chan[1].u_canny/u_med/u_win/p_3_in_carry_i_8__3_n_0
    SLICE_X98Y31         LUT6 (Prop_lut6_I1_O)        0.328    11.606 r  g_chan[1].u_canny/u_med/u_win/p_3_in_carry__0_i_6__3/O
                         net (fo=6, routed)           0.431    12.037    g_chan[1].u_canny/u_med/u_win/p_3_in_carry__0_i_6__3_n_0
    SLICE_X101Y31        LUT2 (Prop_lut2_I1_O)        0.124    12.161 r  g_chan[1].u_canny/u_med/u_win/p_3_in_carry__0_i_2__4/O
                         net (fo=1, routed)           0.641    12.802    g_chan[1].u_canny/u_med/u_win/p_3_in_carry__0_i_2__4_n_0
    SLICE_X99Y31         CARRY4 (Prop_carry4_DI[0]_CO[2])
                                                      0.540    13.342 f  g_chan[1].u_canny/u_med/u_win/p_3_in_carry__0/CO[2]
                         net (fo=2, routed)           0.793    14.135    g_chan[1].u_canny/u_med/u_win/p_3_in
    SLICE_X101Y31        LUT5 (Prop_lut5_I3_O)        0.342    14.477 r  g_chan[1].u_canny/u_med/u_win/w_pix[0][2][11]_i_3__1/O
                         net (fo=36, routed)          1.182    15.658    g_chan[1].u_canny/u_med/u_win/w_pix[0][2][11]_i_3__1_n_0
    SLICE_X107Y27        LUT4 (Prop_lut4_I3_O)        0.327    15.985 r  g_chan[1].u_canny/u_med/u_win/w_pix[0][1][0]_i_1__6/O
                         net (fo=1, routed)           0.000    15.985    g_chan[1].u_canny/u_med/u_win/w_pix[0][1][0]_i_1__6_n_0
    SLICE_X107Y27        FDCE                                         r  g_chan[1].u_canny/u_med/u_win/w_pix_reg[0][1][0]/D
  -------------------------------------------------------------------    -------------------

                         (clock clk_proc rise edge)
                                                      6.667     6.667 r  
    M19                                               0.000     6.667 r  sys_clk (IN)
                         net (fo=0)                   0.000     6.667    sys_clk
    M19                  IBUF (Prop_ibuf_I_O)         1.366     8.033 r  sys_clk_IBUF_inst/O
                         net (fo=1, routed)           2.006    10.039    sys_clk_IBUF
    BUFGCTRL_X0Y16       BUFG (Prop_bufg_I_O)         0.091    10.130 r  sys_clk_IBUF_BUFG_inst/O
                         net (fo=173, routed)         1.612    11.742    sys_clk_IBUF_BUFG
    MMCME2_ADV_X1Y0      MMCME2_ADV (Prop_mmcme2_adv_CLKIN1_CLKOUT0)
                                                      0.083    11.825 r  u_mmcm/CLKOUT0
                         net (fo=1, routed)           1.725    13.550    clk_proc
    BUFGCTRL_X0Y1        BUFG (Prop_bufg_I_O)         0.091    13.641 r  clk_proc_BUFG_inst/O
                         net (fo=12961, routed)       1.683    15.325    g_chan[1].u_canny/u_med/u_win/clk_proc_BUFG
    SLICE_X107Y27        FDCE                                         r  g_chan[1].u_canny/u_med/u_win/w_pix_reg[0][1][0]/C
                         clock pessimism              0.766    16.091    
                         clock uncertainty           -0.071    16.020    
    SLICE_X107Y27        FDCE (Setup_fdce_C_D)        0.029    16.049    g_chan[1].u_canny/u_med/u_win/w_pix_reg[0][1][0]
  -------------------------------------------------------------------
                         required time                         16.049    
                         arrival time                         -15.985    
  -------------------------------------------------------------------
                         slack                                  0.063    




