Copyright 1986-2022 Xilinx, Inc. All Rights Reserved. Copyright 2022-2025 Advanced Micro Devices, Inc. All Rights Reserved.
---------------------------------------------------------------------------------------------------------------------------------------------
| Tool Version : Vivado v.2025.2 (win64) Build 6299465 Fri Nov 14 19:35:11 GMT 2025
| Date         : Sat Aug 22 06:48:19 2026
| Host         : wshh running 64-bit major release  (build 9200)
| Command      : report_timing -max_paths 6 -nworst 1 -delay_type max -file out/worst_sweet6.rpt
| Design       : vision_top
| Device       : 7z020-clg484
| Speed File   : -1  PRODUCTION 1.12 2019-11-22
| Design State : Routed
---------------------------------------------------------------------------------------------------------------------------------------------

Timing Report

Slack (VIOLATED) :        -3.316ns  (required time - arrival time)
  Source:                 u_regs/snn_act_wdata_reg[1]/C
                            (rising edge-triggered cell FDCE clocked by sys_clk_50m  {rise@0.000ns fall@10.000ns period=20.000ns})
  Destination:            act_wdata_p2_reg[1]/D
                            (rising edge-triggered cell FDCE clocked by clk_proc  {rise@0.000ns fall@2.778ns period=5.556ns})
  Path Group:             clk_proc
  Path Type:              Setup (Max at Slow Process Corner)
  Requirement:            1.111ns  (clk_proc rise@61.111ns - sys_clk_50m rise@60.000ns)
  Data Path Delay:        7.464ns  (logic 0.456ns (6.109%)  route 7.008ns (93.891%))
  Logic Levels:           0  
  Clock Path Skew:        3.335ns (DCD - SCD + CPR)
    Destination Clock Delay (DCD):    8.530ns = ( 69.641 - 61.111 ) 
    Source Clock Delay      (SCD):    5.474ns = ( 65.474 - 60.000 ) 
    Clock Pessimism Removal (CPR):    0.279ns
  Clock Uncertainty:      0.231ns  ((TSJ^2 + DJ^2)^1/2) / 2 + PE
    Total System Jitter     (TSJ):    0.071ns
    Discrete Jitter          (DJ):    0.127ns
    Phase Error              (PE):    0.158ns

    Location             Delay type                Incr(ns)  Path(ns)    Netlist Resource(s)
  -------------------------------------------------------------------    -------------------
                         (clock sys_clk_50m rise edge)
                                                     60.000    60.000 r  
    M19                                               0.000    60.000 r  sys_clk (IN)
                         net (fo=0)                   0.000    60.000    sys_clk
    M19                  IBUF (Prop_ibuf_I_O)         1.436    61.436 r  sys_clk_IBUF_inst/O
                         net (fo=1, routed)           2.205    63.641    sys_clk_IBUF
    BUFGCTRL_X0Y16       BUFG (Prop_bufg_I_O)         0.101    63.742 r  sys_clk_IBUF_BUFG_inst/O
                         net (fo=556, routed)         1.732    65.474    u_regs/sys_clk_IBUF_BUFG
    SLICE_X75Y40         FDCE                                         r  u_regs/snn_act_wdata_reg[1]/C
  -------------------------------------------------------------------    -------------------
    SLICE_X75Y40         FDCE (Prop_fdce_C_Q)         0.456    65.930 r  u_regs/snn_act_wdata_reg[1]/Q
                         net (fo=1, routed)           7.008    72.938    snn_act_wdata[1]
    SLICE_X75Y41         FDCE                                         r  act_wdata_p2_reg[1]/D
  -------------------------------------------------------------------    -------------------

                         (clock clk_proc rise edge)
                                                     61.111    61.111 r  
    M19                                               0.000    61.111 r  sys_clk (IN)
                         net (fo=0)                   0.000    61.111    sys_clk
    M19                  IBUF (Prop_ibuf_I_O)         1.366    62.477 r  sys_clk_IBUF_inst/O
                         net (fo=1, routed)           2.006    64.483    sys_clk_IBUF
    BUFGCTRL_X0Y16       BUFG (Prop_bufg_I_O)         0.091    64.574 r  sys_clk_IBUF_BUFG_inst/O
                         net (fo=556, routed)         1.612    66.187    sys_clk_IBUF_BUFG
    MMCME2_ADV_X1Y0      MMCME2_ADV (Prop_mmcme2_adv_CLKIN1_CLKOUT0)
                                                      0.083    66.270 r  u_mmcm/CLKOUT0
                         net (fo=1, routed)           1.725    67.995    clk_proc
    BUFGCTRL_X0Y1        BUFG (Prop_bufg_I_O)         0.091    68.086 r  clk_proc_BUFG_inst/O
                         net (fo=10274, routed)       1.555    69.641    clk_proc_BUFG
    SLICE_X75Y41         FDCE                                         r  act_wdata_p2_reg[1]/C
                         clock pessimism              0.279    69.920    
                         clock uncertainty           -0.231    69.690    
    SLICE_X75Y41         FDCE (Setup_fdce_C_D)       -0.067    69.623    act_wdata_p2_reg[1]
  -------------------------------------------------------------------
                         required time                         69.623    
                         arrival time                         -72.938    
  -------------------------------------------------------------------
                         slack                                 -3.316    

Slack (VIOLATED) :        -1.636ns  (required time - arrival time)
  Source:                 u_regs/snn_act_wdata_reg[4]/C
                            (rising edge-triggered cell FDCE clocked by sys_clk_50m  {rise@0.000ns fall@10.000ns period=20.000ns})
  Destination:            act_wdata_p2_reg[4]/D
                            (rising edge-triggered cell FDCE clocked by clk_proc  {rise@0.000ns fall@2.778ns period=5.556ns})
  Path Group:             clk_proc
  Path Type:              Setup (Max at Slow Process Corner)
  Requirement:            1.111ns  (clk_proc rise@61.111ns - sys_clk_50m rise@60.000ns)
  Data Path Delay:        5.595ns  (logic 0.419ns (7.489%)  route 5.176ns (92.511%))
  Logic Levels:           0  
  Clock Path Skew:        3.335ns (DCD - SCD + CPR)
    Destination Clock Delay (DCD):    8.530ns = ( 69.641 - 61.111 ) 
    Source Clock Delay      (SCD):    5.474ns = ( 65.474 - 60.000 ) 
    Clock Pessimism Removal (CPR):    0.279ns
  Clock Uncertainty:      0.231ns  ((TSJ^2 + DJ^2)^1/2) / 2 + PE
    Total System Jitter     (TSJ):    0.071ns
    Discrete Jitter          (DJ):    0.127ns
    Phase Error              (PE):    0.158ns

    Location             Delay type                Incr(ns)  Path(ns)    Netlist Resource(s)
  -------------------------------------------------------------------    -------------------
                         (clock sys_clk_50m rise edge)
                                                     60.000    60.000 r  
    M19                                               0.000    60.000 r  sys_clk (IN)
                         net (fo=0)                   0.000    60.000    sys_clk
    M19                  IBUF (Prop_ibuf_I_O)         1.436    61.436 r  sys_clk_IBUF_inst/O
                         net (fo=1, routed)           2.205    63.641    sys_clk_IBUF
    BUFGCTRL_X0Y16       BUFG (Prop_bufg_I_O)         0.101    63.742 r  sys_clk_IBUF_BUFG_inst/O
                         net (fo=556, routed)         1.732    65.474    u_regs/sys_clk_IBUF_BUFG
    SLICE_X75Y40         FDCE                                         r  u_regs/snn_act_wdata_reg[4]/C
  -------------------------------------------------------------------    -------------------
    SLICE_X75Y40         FDCE (Prop_fdce_C_Q)         0.419    65.893 r  u_regs/snn_act_wdata_reg[4]/Q
                         net (fo=1, routed)           5.176    71.069    snn_act_wdata[4]
    SLICE_X75Y41         FDCE                                         r  act_wdata_p2_reg[4]/D
  -------------------------------------------------------------------    -------------------

                         (clock clk_proc rise edge)
                                                     61.111    61.111 r  
    M19                                               0.000    61.111 r  sys_clk (IN)
                         net (fo=0)                   0.000    61.111    sys_clk
    M19                  IBUF (Prop_ibuf_I_O)         1.366    62.477 r  sys_clk_IBUF_inst/O
                         net (fo=1, routed)           2.006    64.483    sys_clk_IBUF
    BUFGCTRL_X0Y16       BUFG (Prop_bufg_I_O)         0.091    64.574 r  sys_clk_IBUF_BUFG_inst/O
                         net (fo=556, routed)         1.612    66.187    sys_clk_IBUF_BUFG
    MMCME2_ADV_X1Y0      MMCME2_ADV (Prop_mmcme2_adv_CLKIN1_CLKOUT0)
                                                      0.083    66.270 r  u_mmcm/CLKOUT0
                         net (fo=1, routed)           1.725    67.995    clk_proc
    BUFGCTRL_X0Y1        BUFG (Prop_bufg_I_O)         0.091    68.086 r  clk_proc_BUFG_inst/O
                         net (fo=10274, routed)       1.555    69.641    clk_proc_BUFG
    SLICE_X75Y41         FDCE                                         r  act_wdata_p2_reg[4]/C
                         clock pessimism              0.279    69.920    
                         clock uncertainty           -0.231    69.690    
    SLICE_X75Y41         FDCE (Setup_fdce_C_D)       -0.256    69.434    act_wdata_p2_reg[4]
  -------------------------------------------------------------------
                         required time                         69.434    
                         arrival time                         -71.069    
  -------------------------------------------------------------------
                         slack                                 -1.636    

Slack (VIOLATED) :        -1.616ns  (required time - arrival time)
  Source:                 u_regs/snn_act_wdata_reg[3]/C
                            (rising edge-triggered cell FDCE clocked by sys_clk_50m  {rise@0.000ns fall@10.000ns period=20.000ns})
  Destination:            act_wdata_p2_reg[3]/D
                            (rising edge-triggered cell FDCE clocked by clk_proc  {rise@0.000ns fall@2.778ns period=5.556ns})
  Path Group:             clk_proc
  Path Type:              Setup (Max at Slow Process Corner)
  Requirement:            1.111ns  (clk_proc rise@61.111ns - sys_clk_50m rise@60.000ns)
  Data Path Delay:        5.750ns  (logic 0.456ns (7.931%)  route 5.294ns (92.069%))
  Logic Levels:           0  
  Clock Path Skew:        3.335ns (DCD - SCD + CPR)
    Destination Clock Delay (DCD):    8.528ns = ( 69.639 - 61.111 ) 
    Source Clock Delay      (SCD):    5.472ns = ( 65.472 - 60.000 ) 
    Clock Pessimism Removal (CPR):    0.279ns
  Clock Uncertainty:      0.231ns  ((TSJ^2 + DJ^2)^1/2) / 2 + PE
    Total System Jitter     (TSJ):    0.071ns
    Discrete Jitter          (DJ):    0.127ns
    Phase Error              (PE):    0.158ns

    Location             Delay type                Incr(ns)  Path(ns)    Netlist Resource(s)
  -------------------------------------------------------------------    -------------------
                         (clock sys_clk_50m rise edge)
                                                     60.000    60.000 r  
    M19                                               0.000    60.000 r  sys_clk (IN)
                         net (fo=0)                   0.000    60.000    sys_clk
    M19                  IBUF (Prop_ibuf_I_O)         1.436    61.436 r  sys_clk_IBUF_inst/O
                         net (fo=1, routed)           2.205    63.641    sys_clk_IBUF
    BUFGCTRL_X0Y16       BUFG (Prop_bufg_I_O)         0.101    63.742 r  sys_clk_IBUF_BUFG_inst/O
                         net (fo=556, routed)         1.730    65.472    u_regs/sys_clk_IBUF_BUFG
    SLICE_X73Y37         FDCE                                         r  u_regs/snn_act_wdata_reg[3]/C
  -------------------------------------------------------------------    -------------------
    SLICE_X73Y37         FDCE (Prop_fdce_C_Q)         0.456    65.928 r  u_regs/snn_act_wdata_reg[3]/Q
                         net (fo=1, routed)           5.294    71.222    snn_act_wdata[3]
    SLICE_X73Y38         FDCE                                         r  act_wdata_p2_reg[3]/D
  -------------------------------------------------------------------    -------------------

                         (clock clk_proc rise edge)
                                                     61.111    61.111 r  
    M19                                               0.000    61.111 r  sys_clk (IN)
                         net (fo=0)                   0.000    61.111    sys_clk
    M19                  IBUF (Prop_ibuf_I_O)         1.366    62.477 r  sys_clk_IBUF_inst/O
                         net (fo=1, routed)           2.006    64.483    sys_clk_IBUF
    BUFGCTRL_X0Y16       BUFG (Prop_bufg_I_O)         0.091    64.574 r  sys_clk_IBUF_BUFG_inst/O
                         net (fo=556, routed)         1.612    66.187    sys_clk_IBUF_BUFG
    MMCME2_ADV_X1Y0      MMCME2_ADV (Prop_mmcme2_adv_CLKIN1_CLKOUT0)
                                                      0.083    66.270 r  u_mmcm/CLKOUT0
                         net (fo=1, routed)           1.725    67.995    clk_proc
    BUFGCTRL_X0Y1        BUFG (Prop_bufg_I_O)         0.091    68.086 r  clk_proc_BUFG_inst/O
                         net (fo=10274, routed)       1.553    69.639    clk_proc_BUFG
    SLICE_X73Y38         FDCE                                         r  act_wdata_p2_reg[3]/C
                         clock pessimism              0.279    69.918    
                         clock uncertainty           -0.231    69.688    
    SLICE_X73Y38         FDCE (Setup_fdce_C_D)       -0.081    69.607    act_wdata_p2_reg[3]
  -------------------------------------------------------------------
                         required time                         69.607    
                         arrival time                         -71.222    
  -------------------------------------------------------------------
                         slack                                 -1.616    

Slack (VIOLATED) :        -1.588ns  (required time - arrival time)
  Source:                 u_regs/snn_act_wdata_reg[2]/C
                            (rising edge-triggered cell FDCE clocked by sys_clk_50m  {rise@0.000ns fall@10.000ns period=20.000ns})
  Destination:            act_wdata_p2_reg[2]/D
                            (rising edge-triggered cell FDCE clocked by clk_proc  {rise@0.000ns fall@2.778ns period=5.556ns})
  Path Group:             clk_proc
  Path Type:              Setup (Max at Slow Process Corner)
  Requirement:            1.111ns  (clk_proc rise@61.111ns - sys_clk_50m rise@60.000ns)
  Data Path Delay:        5.723ns  (logic 0.456ns (7.968%)  route 5.267ns (92.032%))
  Logic Levels:           0  
  Clock Path Skew:        3.336ns (DCD - SCD + CPR)
    Destination Clock Delay (DCD):    8.531ns = ( 69.642 - 61.111 ) 
    Source Clock Delay      (SCD):    5.474ns = ( 65.474 - 60.000 ) 
    Clock Pessimism Removal (CPR):    0.279ns
  Clock Uncertainty:      0.231ns  ((TSJ^2 + DJ^2)^1/2) / 2 + PE
    Total System Jitter     (TSJ):    0.071ns
    Discrete Jitter          (DJ):    0.127ns
    Phase Error              (PE):    0.158ns

    Location             Delay type                Incr(ns)  Path(ns)    Netlist Resource(s)
  -------------------------------------------------------------------    -------------------
                         (clock sys_clk_50m rise edge)
                                                     60.000    60.000 r  
    M19                                               0.000    60.000 r  sys_clk (IN)
                         net (fo=0)                   0.000    60.000    sys_clk
    M19                  IBUF (Prop_ibuf_I_O)         1.436    61.436 r  sys_clk_IBUF_inst/O
                         net (fo=1, routed)           2.205    63.641    sys_clk_IBUF
    BUFGCTRL_X0Y16       BUFG (Prop_bufg_I_O)         0.101    63.742 r  sys_clk_IBUF_BUFG_inst/O
                         net (fo=556, routed)         1.732    65.474    u_regs/sys_clk_IBUF_BUFG
    SLICE_X75Y39         FDCE                                         r  u_regs/snn_act_wdata_reg[2]/C
  -------------------------------------------------------------------    -------------------
    SLICE_X75Y39         FDCE (Prop_fdce_C_Q)         0.456    65.930 r  u_regs/snn_act_wdata_reg[2]/Q
                         net (fo=1, routed)           5.267    71.198    snn_act_wdata[2]
    SLICE_X76Y39         FDCE                                         r  act_wdata_p2_reg[2]/D
  -------------------------------------------------------------------    -------------------

                         (clock clk_proc rise edge)
                                                     61.111    61.111 r  
    M19                                               0.000    61.111 r  sys_clk (IN)
                         net (fo=0)                   0.000    61.111    sys_clk
    M19                  IBUF (Prop_ibuf_I_O)         1.366    62.477 r  sys_clk_IBUF_inst/O
                         net (fo=1, routed)           2.006    64.483    sys_clk_IBUF
    BUFGCTRL_X0Y16       BUFG (Prop_bufg_I_O)         0.091    64.574 r  sys_clk_IBUF_BUFG_inst/O
                         net (fo=556, routed)         1.612    66.187    sys_clk_IBUF_BUFG
    MMCME2_ADV_X1Y0      MMCME2_ADV (Prop_mmcme2_adv_CLKIN1_CLKOUT0)
                                                      0.083    66.270 r  u_mmcm/CLKOUT0
                         net (fo=1, routed)           1.725    67.995    clk_proc
    BUFGCTRL_X0Y1        BUFG (Prop_bufg_I_O)         0.091    68.086 r  clk_proc_BUFG_inst/O
                         net (fo=10274, routed)       1.556    69.642    clk_proc_BUFG
    SLICE_X76Y39         FDCE                                         r  act_wdata_p2_reg[2]/C
                         clock pessimism              0.279    69.921    
                         clock uncertainty           -0.231    69.691    
    SLICE_X76Y39         FDCE (Setup_fdce_C_D)       -0.081    69.610    act_wdata_p2_reg[2]
  -------------------------------------------------------------------
                         required time                         69.610    
                         arrival time                         -71.198    
  -------------------------------------------------------------------
                         slack                                 -1.588    

Slack (VIOLATED) :        -1.582ns  (required time - arrival time)
  Source:                 u_regs/snn_act_idx_reg[1]/C
                            (rising edge-triggered cell FDCE clocked by sys_clk_50m  {rise@0.000ns fall@10.000ns period=20.000ns})
  Destination:            act_idx_p2_reg[1]/D
                            (rising edge-triggered cell FDCE clocked by clk_proc  {rise@0.000ns fall@2.778ns period=5.556ns})
  Path Group:             clk_proc
  Path Type:              Setup (Max at Slow Process Corner)
  Requirement:            1.111ns  (clk_proc rise@61.111ns - sys_clk_50m rise@60.000ns)
  Data Path Delay:        5.732ns  (logic 0.456ns (7.956%)  route 5.276ns (92.044%))
  Logic Levels:           0  
  Clock Path Skew:        3.336ns (DCD - SCD + CPR)
    Destination Clock Delay (DCD):    8.531ns = ( 69.642 - 61.111 ) 
    Source Clock Delay      (SCD):    5.474ns = ( 65.474 - 60.000 ) 
    Clock Pessimism Removal (CPR):    0.279ns
  Clock Uncertainty:      0.231ns  ((TSJ^2 + DJ^2)^1/2) / 2 + PE
    Total System Jitter     (TSJ):    0.071ns
    Discrete Jitter          (DJ):    0.127ns
    Phase Error              (PE):    0.158ns

    Location             Delay type                Incr(ns)  Path(ns)    Netlist Resource(s)
  -------------------------------------------------------------------    -------------------
                         (clock sys_clk_50m rise edge)
                                                     60.000    60.000 r  
    M19                                               0.000    60.000 r  sys_clk (IN)
                         net (fo=0)                   0.000    60.000    sys_clk
    M19                  IBUF (Prop_ibuf_I_O)         1.436    61.436 r  sys_clk_IBUF_inst/O
                         net (fo=1, routed)           2.205    63.641    sys_clk_IBUF
    BUFGCTRL_X0Y16       BUFG (Prop_bufg_I_O)         0.101    63.742 r  sys_clk_IBUF_BUFG_inst/O
                         net (fo=556, routed)         1.732    65.474    u_regs/sys_clk_IBUF_BUFG
    SLICE_X75Y39         FDCE                                         r  u_regs/snn_act_idx_reg[1]/C
  -------------------------------------------------------------------    -------------------
    SLICE_X75Y39         FDCE (Prop_fdce_C_Q)         0.456    65.930 r  u_regs/snn_act_idx_reg[1]/Q
                         net (fo=1, routed)           5.276    71.206    snn_act_idx[1]
    SLICE_X76Y40         FDCE                                         r  act_idx_p2_reg[1]/D
  -------------------------------------------------------------------    -------------------

                         (clock clk_proc rise edge)
                                                     61.111    61.111 r  
    M19                                               0.000    61.111 r  sys_clk (IN)
                         net (fo=0)                   0.000    61.111    sys_clk
    M19                  IBUF (Prop_ibuf_I_O)         1.366    62.477 r  sys_clk_IBUF_inst/O
                         net (fo=1, routed)           2.006    64.483    sys_clk_IBUF
    BUFGCTRL_X0Y16       BUFG (Prop_bufg_I_O)         0.091    64.574 r  sys_clk_IBUF_BUFG_inst/O
                         net (fo=556, routed)         1.612    66.187    sys_clk_IBUF_BUFG
    MMCME2_ADV_X1Y0      MMCME2_ADV (Prop_mmcme2_adv_CLKIN1_CLKOUT0)
                                                      0.083    66.270 r  u_mmcm/CLKOUT0
                         net (fo=1, routed)           1.725    67.995    clk_proc
    BUFGCTRL_X0Y1        BUFG (Prop_bufg_I_O)         0.091    68.086 r  clk_proc_BUFG_inst/O
                         net (fo=10274, routed)       1.556    69.642    clk_proc_BUFG
    SLICE_X76Y40         FDCE                                         r  act_idx_p2_reg[1]/C
                         clock pessimism              0.279    69.921    
                         clock uncertainty           -0.231    69.691    
    SLICE_X76Y40         FDCE (Setup_fdce_C_D)       -0.067    69.624    act_idx_p2_reg[1]
  -------------------------------------------------------------------
                         required time                         69.624    
                         arrival time                         -71.206    
  -------------------------------------------------------------------
                         slack                                 -1.582    

Slack (VIOLATED) :        -1.534ns  (required time - arrival time)
  Source:                 u_regs/snn_act_wdata_reg[7]/C
                            (rising edge-triggered cell FDCE clocked by sys_clk_50m  {rise@0.000ns fall@10.000ns period=20.000ns})
  Destination:            act_wdata_p2_reg[7]/D
                            (rising edge-triggered cell FDCE clocked by clk_proc  {rise@0.000ns fall@2.778ns period=5.556ns})
  Path Group:             clk_proc
  Path Type:              Setup (Max at Slow Process Corner)
  Requirement:            1.111ns  (clk_proc rise@61.111ns - sys_clk_50m rise@60.000ns)
  Data Path Delay:        5.694ns  (logic 0.456ns (8.009%)  route 5.238ns (91.991%))
  Logic Levels:           0  
  Clock Path Skew:        3.337ns (DCD - SCD + CPR)
    Destination Clock Delay (DCD):    8.530ns = ( 69.641 - 61.111 ) 
    Source Clock Delay      (SCD):    5.472ns = ( 65.472 - 60.000 ) 
    Clock Pessimism Removal (CPR):    0.279ns
  Clock Uncertainty:      0.231ns  ((TSJ^2 + DJ^2)^1/2) / 2 + PE
    Total System Jitter     (TSJ):    0.071ns
    Discrete Jitter          (DJ):    0.127ns
    Phase Error              (PE):    0.158ns

    Location             Delay type                Incr(ns)  Path(ns)    Netlist Resource(s)
  -------------------------------------------------------------------    -------------------
                         (clock sys_clk_50m rise edge)
                                                     60.000    60.000 r  
    M19                                               0.000    60.000 r  sys_clk (IN)
                         net (fo=0)                   0.000    60.000    sys_clk
    M19                  IBUF (Prop_ibuf_I_O)         1.436    61.436 r  sys_clk_IBUF_inst/O
                         net (fo=1, routed)           2.205    63.641    sys_clk_IBUF
    BUFGCTRL_X0Y16       BUFG (Prop_bufg_I_O)         0.101    63.742 r  sys_clk_IBUF_BUFG_inst/O
                         net (fo=556, routed)         1.730    65.472    u_regs/sys_clk_IBUF_BUFG
    SLICE_X67Y40         FDCE                                         r  u_regs/snn_act_wdata_reg[7]/C
  -------------------------------------------------------------------    -------------------
    SLICE_X67Y40         FDCE (Prop_fdce_C_Q)         0.456    65.928 r  u_regs/snn_act_wdata_reg[7]/Q
                         net (fo=1, routed)           5.238    71.166    snn_act_wdata[7]
    SLICE_X75Y41         FDCE                                         r  act_wdata_p2_reg[7]/D
  -------------------------------------------------------------------    -------------------

                         (clock clk_proc rise edge)
                                                     61.111    61.111 r  
    M19                                               0.000    61.111 r  sys_clk (IN)
                         net (fo=0)                   0.000    61.111    sys_clk
    M19                  IBUF (Prop_ibuf_I_O)         1.366    62.477 r  sys_clk_IBUF_inst/O
                         net (fo=1, routed)           2.006    64.483    sys_clk_IBUF
    BUFGCTRL_X0Y16       BUFG (Prop_bufg_I_O)         0.091    64.574 r  sys_clk_IBUF_BUFG_inst/O
                         net (fo=556, routed)         1.612    66.187    sys_clk_IBUF_BUFG
    MMCME2_ADV_X1Y0      MMCME2_ADV (Prop_mmcme2_adv_CLKIN1_CLKOUT0)
                                                      0.083    66.270 r  u_mmcm/CLKOUT0
                         net (fo=1, routed)           1.725    67.995    clk_proc
    BUFGCTRL_X0Y1        BUFG (Prop_bufg_I_O)         0.091    68.086 r  clk_proc_BUFG_inst/O
                         net (fo=10274, routed)       1.555    69.641    clk_proc_BUFG
    SLICE_X75Y41         FDCE                                         r  act_wdata_p2_reg[7]/C
                         clock pessimism              0.279    69.920    
                         clock uncertainty           -0.231    69.690    
    SLICE_X75Y41         FDCE (Setup_fdce_C_D)       -0.058    69.632    act_wdata_p2_reg[7]
  -------------------------------------------------------------------
                         required time                         69.632    
                         arrival time                         -71.166    
  -------------------------------------------------------------------
                         slack                                 -1.534    




