Copyright 1986-2022 Xilinx, Inc. All Rights Reserved. Copyright 2022-2025 Advanced Micro Devices, Inc. All Rights Reserved.
---------------------------------------------------------------------------------------------------------------------------------------------
| Tool Version : Vivado v.2025.2 (win64) Build 6299465 Fri Nov 14 19:35:11 GMT 2025
| Date         : Sun Aug 16 17:35:35 2026
| Host         : wshh running 64-bit major release  (build 9200)
| Command      : report_timing -max_paths 6 -nworst 1 -delay_type max -group clk_proc -file out/worst_n2b.rpt
| Design       : vision_top
| Device       : 7z020-clg484
| Speed File   : -1  PRODUCTION 1.12 2019-11-22
| Design State : Routed
---------------------------------------------------------------------------------------------------------------------------------------------

Timing Report

Slack (VIOLATED) :        -0.098ns  (required time - arrival time)
  Source:                 g_chan[0].u_canny/u_scharr/m_data_reg[0]/C
                            (rising edge-triggered cell FDCE clocked by clk_proc  {rise@0.000ns fall@2.778ns period=5.556ns})
  Destination:            g_chan[0].u_canny/u_mag/mag_r_reg[11]/D
                            (rising edge-triggered cell FDCE clocked by clk_proc  {rise@0.000ns fall@2.778ns period=5.556ns})
  Path Group:             clk_proc
  Path Type:              Setup (Max at Slow Process Corner)
  Requirement:            5.556ns  (clk_proc rise@5.556ns - clk_proc rise@0.000ns)
  Data Path Delay:        5.425ns  (logic 2.740ns (50.506%)  route 2.685ns (49.494%))
  Logic Levels:           8  (CARRY4=5 LUT1=1 LUT2=1 LUT3=1)
  Clock Path Skew:        -0.187ns (DCD - SCD + CPR)
    Destination Clock Delay (DCD):    8.586ns = ( 14.142 - 5.556 ) 
    Source Clock Delay      (SCD):    9.425ns
    Clock Pessimism Removal (CPR):    0.652ns
  Clock Uncertainty:      0.073ns  ((TSJ^2 + DJ^2)^1/2) / 2 + PE
    Total System Jitter     (TSJ):    0.071ns
    Discrete Jitter          (DJ):    0.127ns
    Phase Error              (PE):    0.000ns

    Location             Delay type                Incr(ns)  Path(ns)    Netlist Resource(s)
  -------------------------------------------------------------------    -------------------
                         (clock clk_proc rise edge)
                                                      0.000     0.000 r  
    M19                                               0.000     0.000 r  sys_clk (IN)
                         net (fo=0)                   0.000     0.000    sys_clk
    M19                  IBUF (Prop_ibuf_I_O)         1.436     1.436 r  sys_clk_IBUF_inst/O
                         net (fo=1, routed)           2.205     3.641    sys_clk_IBUF
    BUFGCTRL_X0Y16       BUFG (Prop_bufg_I_O)         0.101     3.742 r  sys_clk_IBUF_BUFG_inst/O
                         net (fo=173, routed)         1.806     5.548    sys_clk_IBUF_BUFG
    MMCME2_ADV_X1Y0      MMCME2_ADV (Prop_mmcme2_adv_CLKIN1_CLKOUT0)
                                                      0.088     5.636 r  u_mmcm/CLKOUT0
                         net (fo=1, routed)           1.889     7.525    clk_proc
    BUFGCTRL_X0Y1        BUFG (Prop_bufg_I_O)         0.101     7.626 r  clk_proc_BUFG_inst/O
                         net (fo=8047, routed)        1.799     9.425    g_chan[0].u_canny/u_scharr/clk_proc_BUFG
    SLICE_X97Y45         FDCE                                         r  g_chan[0].u_canny/u_scharr/m_data_reg[0]/C
  -------------------------------------------------------------------    -------------------
    SLICE_X97Y45         FDCE (Prop_fdce_C_Q)         0.456     9.881 f  g_chan[0].u_canny/u_scharr/m_data_reg[0]/Q
                         net (fo=4, routed)           0.407    10.289    g_chan[0].u_canny/u_scharr/Q[0]
    SLICE_X95Y45         LUT1 (Prop_lut1_I0_O)        0.124    10.413 r  g_chan[0].u_canny/u_scharr/ax_r[4]_i_3/O
                         net (fo=1, routed)           0.324    10.737    g_chan[0].u_canny/u_scharr/u_mag/p_0_in[0]
    SLICE_X97Y46         CARRY4 (Prop_carry4_CYINIT_O[0])
                                                      0.482    11.219 r  g_chan[0].u_canny/u_scharr/ax_r_reg[4]_i_2/O[0]
                         net (fo=2, routed)           0.694    11.913    g_chan[0].u_canny/u_scharr/u_mag/ax0[1]
    SLICE_X95Y46         LUT3 (Prop_lut3_I0_O)        0.299    12.212 r  g_chan[0].u_canny/u_scharr/ax_r[1]_i_1/O
                         net (fo=2, routed)           0.637    12.849    g_chan[0].u_canny/u_scharr/m_data_reg[11]_0[0]
    SLICE_X99Y46         CARRY4 (Prop_carry4_DI[1]_CO[3])
                                                      0.507    13.356 r  g_chan[0].u_canny/u_scharr/mag_r_reg[3]_i_2/CO[3]
                         net (fo=1, routed)           0.000    13.356    g_chan[0].u_canny/u_scharr/mag_r_reg[3]_i_2_n_0
    SLICE_X99Y47         CARRY4 (Prop_carry4_CI_CO[3])
                                                      0.114    13.470 r  g_chan[0].u_canny/u_scharr/mag_r_reg[7]_i_2/CO[3]
                         net (fo=1, routed)           0.000    13.470    g_chan[0].u_canny/u_scharr/mag_r_reg[7]_i_2_n_0
    SLICE_X99Y48         CARRY4 (Prop_carry4_CI_CO[3])
                                                      0.114    13.584 r  g_chan[0].u_canny/u_scharr/mag_r_reg[11]_i_3/CO[3]
                         net (fo=1, routed)           0.000    13.584    g_chan[0].u_canny/u_scharr/mag_r_reg[11]_i_3_n_0
    SLICE_X99Y49         CARRY4 (Prop_carry4_CI_CO[0])
                                                      0.271    13.855 r  g_chan[0].u_canny/u_scharr/mag_r_reg[11]_i_2/CO[0]
                         net (fo=12, routed)          0.623    14.478    g_chan[0].u_canny/u_scharr/mag_r_reg[11]_i_2_n_3
    SLICE_X99Y50         LUT2 (Prop_lut2_I0_O)        0.373    14.851 r  g_chan[0].u_canny/u_scharr/mag_r[11]_i_1/O
                         net (fo=1, routed)           0.000    14.851    g_chan[0].u_canny/u_mag/mag_r_reg[11]_0[11]
    SLICE_X99Y50         FDCE                                         r  g_chan[0].u_canny/u_mag/mag_r_reg[11]/D
  -------------------------------------------------------------------    -------------------

                         (clock clk_proc rise edge)
                                                      5.556     5.556 r  
    M19                                               0.000     5.556 r  sys_clk (IN)
                         net (fo=0)                   0.000     5.556    sys_clk
    M19                  IBUF (Prop_ibuf_I_O)         1.366     6.922 r  sys_clk_IBUF_inst/O
                         net (fo=1, routed)           2.006     8.928    sys_clk_IBUF
    BUFGCTRL_X0Y16       BUFG (Prop_bufg_I_O)         0.091     9.019 r  sys_clk_IBUF_BUFG_inst/O
                         net (fo=173, routed)         1.612    10.631    sys_clk_IBUF_BUFG
    MMCME2_ADV_X1Y0      MMCME2_ADV (Prop_mmcme2_adv_CLKIN1_CLKOUT0)
                                                      0.083    10.714 r  u_mmcm/CLKOUT0
                         net (fo=1, routed)           1.725    12.439    clk_proc
    BUFGCTRL_X0Y1        BUFG (Prop_bufg_I_O)         0.091    12.530 r  clk_proc_BUFG_inst/O
                         net (fo=8047, routed)        1.612    14.142    g_chan[0].u_canny/u_mag/clk_proc_BUFG
    SLICE_X99Y50         FDCE                                         r  g_chan[0].u_canny/u_mag/mag_r_reg[11]/C
                         clock pessimism              0.652    14.794    
                         clock uncertainty           -0.073    14.721    
    SLICE_X99Y50         FDCE (Setup_fdce_C_D)        0.031    14.752    g_chan[0].u_canny/u_mag/mag_r_reg[11]
  -------------------------------------------------------------------
                         required time                         14.752    
                         arrival time                         -14.851    
  -------------------------------------------------------------------
                         slack                                 -0.098    

Slack (MET) :             0.026ns  (required time - arrival time)
  Source:                 g_chan[0].u_canny/u_hyst/strong_mem_reg_2/CLKBWRCLK
                            (rising edge-triggered cell RAMB36E1 clocked by clk_proc  {rise@0.000ns fall@2.778ns period=5.556ns})
  Destination:            g_chan[0].u_canny/u_hyst/m_edge_d_reg/D
                            (rising edge-triggered cell FDRE clocked by clk_proc  {rise@0.000ns fall@2.778ns period=5.556ns})
  Path Group:             clk_proc
  Path Type:              Setup (Max at Slow Process Corner)
  Requirement:            5.556ns  (clk_proc rise@5.556ns - clk_proc rise@0.000ns)
  Data Path Delay:        5.315ns  (logic 3.545ns (66.700%)  route 1.770ns (33.300%))
  Logic Levels:           3  (LUT6=2 RAMB36E1=1)
  Clock Path Skew:        -0.173ns (DCD - SCD + CPR)
    Destination Clock Delay (DCD):    8.518ns = ( 14.074 - 5.556 ) 
    Source Clock Delay      (SCD):    9.458ns
    Clock Pessimism Removal (CPR):    0.766ns
  Clock Uncertainty:      0.073ns  ((TSJ^2 + DJ^2)^1/2) / 2 + PE
    Total System Jitter     (TSJ):    0.071ns
    Discrete Jitter          (DJ):    0.127ns
    Phase Error              (PE):    0.000ns

    Location             Delay type                Incr(ns)  Path(ns)    Netlist Resource(s)
  -------------------------------------------------------------------    -------------------
                         (clock clk_proc rise edge)
                                                      0.000     0.000 r  
    M19                                               0.000     0.000 r  sys_clk (IN)
                         net (fo=0)                   0.000     0.000    sys_clk
    M19                  IBUF (Prop_ibuf_I_O)         1.436     1.436 r  sys_clk_IBUF_inst/O
                         net (fo=1, routed)           2.205     3.641    sys_clk_IBUF
    BUFGCTRL_X0Y16       BUFG (Prop_bufg_I_O)         0.101     3.742 r  sys_clk_IBUF_BUFG_inst/O
                         net (fo=173, routed)         1.806     5.548    sys_clk_IBUF_BUFG
    MMCME2_ADV_X1Y0      MMCME2_ADV (Prop_mmcme2_adv_CLKIN1_CLKOUT0)
                                                      0.088     5.636 r  u_mmcm/CLKOUT0
                         net (fo=1, routed)           1.889     7.525    clk_proc
    BUFGCTRL_X0Y1        BUFG (Prop_bufg_I_O)         0.101     7.626 r  clk_proc_BUFG_inst/O
                         net (fo=8047, routed)        1.831     9.458    g_chan[0].u_canny/u_hyst/clk_proc_BUFG
    RAMB36_X4Y3          RAMB36E1                                     r  g_chan[0].u_canny/u_hyst/strong_mem_reg_2/CLKBWRCLK
  -------------------------------------------------------------------    -------------------
    RAMB36_X4Y3          RAMB36E1 (Prop_ramb36e1_CLKBWRCLK_CASCADEOUTB)
                                                      2.872    12.330 r  g_chan[0].u_canny/u_hyst/strong_mem_reg_2/CASCADEOUTB
                         net (fo=1, routed)           0.065    12.395    g_chan[0].u_canny/u_hyst/strong_mem_reg_2_n_1
    RAMB36_X4Y4          RAMB36E1 (Prop_ramb36e1_CASCADEINB_DOBDO[0])
                                                      0.425    12.820 r  g_chan[0].u_canny/u_hyst/strong_mem_reg_3/DOBDO[0]
                         net (fo=2, routed)           1.425    14.245    g_chan[0].u_canny/u_hyst/strong_mem_reg_3_n_67
    SLICE_X64Y20         LUT6 (Prop_lut6_I3_O)        0.124    14.369 r  g_chan[0].u_canny/u_hyst/win_data_r[0]_i_2/O
                         net (fo=1, routed)           0.280    14.649    g_chan[0].u_canny/u_hyst/win_data_r[0]_i_2_n_0
    SLICE_X64Y20         LUT6 (Prop_lut6_I2_O)        0.124    14.773 r  g_chan[0].u_canny/u_hyst/m_edge_d_i_1/O
                         net (fo=1, routed)           0.000    14.773    g_chan[0].u_canny/u_hyst/m_edge_d_i_1_n_0
    SLICE_X64Y20         FDRE                                         r  g_chan[0].u_canny/u_hyst/m_edge_d_reg/D
  -------------------------------------------------------------------    -------------------

                         (clock clk_proc rise edge)
                                                      5.556     5.556 r  
    M19                                               0.000     5.556 r  sys_clk (IN)
                         net (fo=0)                   0.000     5.556    sys_clk
    M19                  IBUF (Prop_ibuf_I_O)         1.366     6.922 r  sys_clk_IBUF_inst/O
                         net (fo=1, routed)           2.006     8.928    sys_clk_IBUF
    BUFGCTRL_X0Y16       BUFG (Prop_bufg_I_O)         0.091     9.019 r  sys_clk_IBUF_BUFG_inst/O
                         net (fo=173, routed)         1.612    10.631    sys_clk_IBUF_BUFG
    MMCME2_ADV_X1Y0      MMCME2_ADV (Prop_mmcme2_adv_CLKIN1_CLKOUT0)
                                                      0.083    10.714 r  u_mmcm/CLKOUT0
                         net (fo=1, routed)           1.725    12.439    clk_proc
    BUFGCTRL_X0Y1        BUFG (Prop_bufg_I_O)         0.091    12.530 r  clk_proc_BUFG_inst/O
                         net (fo=8047, routed)        1.543    14.074    g_chan[0].u_canny/u_hyst/clk_proc_BUFG
    SLICE_X64Y20         FDRE                                         r  g_chan[0].u_canny/u_hyst/m_edge_d_reg/C
                         clock pessimism              0.766    14.840    
                         clock uncertainty           -0.073    14.767    
    SLICE_X64Y20         FDRE (Setup_fdre_C_D)        0.031    14.798    g_chan[0].u_canny/u_hyst/m_edge_d_reg
  -------------------------------------------------------------------
                         required time                         14.798    
                         arrival time                         -14.773    
  -------------------------------------------------------------------
                         slack                                  0.026    

Slack (MET) :             0.044ns  (required time - arrival time)
  Source:                 g_chan[0].u_canny/u_scharr/m_data_reg[0]/C
                            (rising edge-triggered cell FDCE clocked by clk_proc  {rise@0.000ns fall@2.778ns period=5.556ns})
  Destination:            g_chan[0].u_canny/u_mag/mag_r_reg[8]/D
                            (rising edge-triggered cell FDCE clocked by clk_proc  {rise@0.000ns fall@2.778ns period=5.556ns})
  Path Group:             clk_proc
  Path Type:              Setup (Max at Slow Process Corner)
  Requirement:            5.556ns  (clk_proc rise@5.556ns - clk_proc rise@0.000ns)
  Data Path Delay:        5.281ns  (logic 2.503ns (47.399%)  route 2.778ns (52.601%))
  Logic Levels:           7  (CARRY4=4 LUT1=1 LUT2=1 LUT3=1)
  Clock Path Skew:        -0.187ns (DCD - SCD + CPR)
    Destination Clock Delay (DCD):    8.586ns = ( 14.142 - 5.556 ) 
    Source Clock Delay      (SCD):    9.425ns
    Clock Pessimism Removal (CPR):    0.652ns
  Clock Uncertainty:      0.073ns  ((TSJ^2 + DJ^2)^1/2) / 2 + PE
    Total System Jitter     (TSJ):    0.071ns
    Discrete Jitter          (DJ):    0.127ns
    Phase Error              (PE):    0.000ns

    Location             Delay type                Incr(ns)  Path(ns)    Netlist Resource(s)
  -------------------------------------------------------------------    -------------------
                         (clock clk_proc rise edge)
                                                      0.000     0.000 r  
    M19                                               0.000     0.000 r  sys_clk (IN)
                         net (fo=0)                   0.000     0.000    sys_clk
    M19                  IBUF (Prop_ibuf_I_O)         1.436     1.436 r  sys_clk_IBUF_inst/O
                         net (fo=1, routed)           2.205     3.641    sys_clk_IBUF
    BUFGCTRL_X0Y16       BUFG (Prop_bufg_I_O)         0.101     3.742 r  sys_clk_IBUF_BUFG_inst/O
                         net (fo=173, routed)         1.806     5.548    sys_clk_IBUF_BUFG
    MMCME2_ADV_X1Y0      MMCME2_ADV (Prop_mmcme2_adv_CLKIN1_CLKOUT0)
                                                      0.088     5.636 r  u_mmcm/CLKOUT0
                         net (fo=1, routed)           1.889     7.525    clk_proc
    BUFGCTRL_X0Y1        BUFG (Prop_bufg_I_O)         0.101     7.626 r  clk_proc_BUFG_inst/O
                         net (fo=8047, routed)        1.799     9.425    g_chan[0].u_canny/u_scharr/clk_proc_BUFG
    SLICE_X97Y45         FDCE                                         r  g_chan[0].u_canny/u_scharr/m_data_reg[0]/C
  -------------------------------------------------------------------    -------------------
    SLICE_X97Y45         FDCE (Prop_fdce_C_Q)         0.456     9.881 f  g_chan[0].u_canny/u_scharr/m_data_reg[0]/Q
                         net (fo=4, routed)           0.407    10.289    g_chan[0].u_canny/u_scharr/Q[0]
    SLICE_X95Y45         LUT1 (Prop_lut1_I0_O)        0.124    10.413 r  g_chan[0].u_canny/u_scharr/ax_r[4]_i_3/O
                         net (fo=1, routed)           0.324    10.737    g_chan[0].u_canny/u_scharr/u_mag/p_0_in[0]
    SLICE_X97Y46         CARRY4 (Prop_carry4_CYINIT_O[0])
                                                      0.482    11.219 r  g_chan[0].u_canny/u_scharr/ax_r_reg[4]_i_2/O[0]
                         net (fo=2, routed)           0.694    11.913    g_chan[0].u_canny/u_scharr/u_mag/ax0[1]
    SLICE_X95Y46         LUT3 (Prop_lut3_I0_O)        0.299    12.212 r  g_chan[0].u_canny/u_scharr/ax_r[1]_i_1/O
                         net (fo=2, routed)           0.637    12.849    g_chan[0].u_canny/u_scharr/m_data_reg[11]_0[0]
    SLICE_X99Y46         CARRY4 (Prop_carry4_DI[1]_CO[3])
                                                      0.507    13.356 r  g_chan[0].u_canny/u_scharr/mag_r_reg[3]_i_2/CO[3]
                         net (fo=1, routed)           0.000    13.356    g_chan[0].u_canny/u_scharr/mag_r_reg[3]_i_2_n_0
    SLICE_X99Y47         CARRY4 (Prop_carry4_CI_CO[3])
                                                      0.114    13.470 r  g_chan[0].u_canny/u_scharr/mag_r_reg[7]_i_2/CO[3]
                         net (fo=1, routed)           0.000    13.470    g_chan[0].u_canny/u_scharr/mag_r_reg[7]_i_2_n_0
    SLICE_X99Y48         CARRY4 (Prop_carry4_CI_O[0])
                                                      0.222    13.692 r  g_chan[0].u_canny/u_scharr/mag_r_reg[11]_i_3/O[0]
                         net (fo=1, routed)           0.715    14.407    g_chan[0].u_canny/u_scharr/mag_r_reg[11]_i_3_n_7
    SLICE_X101Y50        LUT2 (Prop_lut2_I1_O)        0.299    14.706 r  g_chan[0].u_canny/u_scharr/mag_r[8]_i_1/O
                         net (fo=1, routed)           0.000    14.706    g_chan[0].u_canny/u_mag/mag_r_reg[11]_0[8]
    SLICE_X101Y50        FDCE                                         r  g_chan[0].u_canny/u_mag/mag_r_reg[8]/D
  -------------------------------------------------------------------    -------------------

                         (clock clk_proc rise edge)
                                                      5.556     5.556 r  
    M19                                               0.000     5.556 r  sys_clk (IN)
                         net (fo=0)                   0.000     5.556    sys_clk
    M19                  IBUF (Prop_ibuf_I_O)         1.366     6.922 r  sys_clk_IBUF_inst/O
                         net (fo=1, routed)           2.006     8.928    sys_clk_IBUF
    BUFGCTRL_X0Y16       BUFG (Prop_bufg_I_O)         0.091     9.019 r  sys_clk_IBUF_BUFG_inst/O
                         net (fo=173, routed)         1.612    10.631    sys_clk_IBUF_BUFG
    MMCME2_ADV_X1Y0      MMCME2_ADV (Prop_mmcme2_adv_CLKIN1_CLKOUT0)
                                                      0.083    10.714 r  u_mmcm/CLKOUT0
                         net (fo=1, routed)           1.725    12.439    clk_proc
    BUFGCTRL_X0Y1        BUFG (Prop_bufg_I_O)         0.091    12.530 r  clk_proc_BUFG_inst/O
                         net (fo=8047, routed)        1.612    14.142    g_chan[0].u_canny/u_mag/clk_proc_BUFG
    SLICE_X101Y50        FDCE                                         r  g_chan[0].u_canny/u_mag/mag_r_reg[8]/C
                         clock pessimism              0.652    14.794    
                         clock uncertainty           -0.073    14.721    
    SLICE_X101Y50        FDCE (Setup_fdce_C_D)        0.029    14.750    g_chan[0].u_canny/u_mag/mag_r_reg[8]
  -------------------------------------------------------------------
                         required time                         14.750    
                         arrival time                         -14.706    
  -------------------------------------------------------------------
                         slack                                  0.044    

Slack (MET) :             0.099ns  (required time - arrival time)
  Source:                 g_chan[1].u_canny/u_hyst/strong_mem_reg_8/CLKBWRCLK
                            (rising edge-triggered cell RAMB36E1 clocked by clk_proc  {rise@0.000ns fall@2.778ns period=5.556ns})
  Destination:            g_chan[1].u_canny/u_hyst/m_edge_d_reg/D
                            (rising edge-triggered cell FDRE clocked by clk_proc  {rise@0.000ns fall@2.778ns period=5.556ns})
  Path Group:             clk_proc
  Path Type:              Setup (Max at Slow Process Corner)
  Requirement:            5.556ns  (clk_proc rise@5.556ns - clk_proc rise@0.000ns)
  Data Path Delay:        5.218ns  (logic 3.545ns (67.932%)  route 1.673ns (32.068%))
  Logic Levels:           3  (LUT3=1 LUT6=1 RAMB36E1=1)
  Clock Path Skew:        -0.194ns (DCD - SCD + CPR)
    Destination Clock Delay (DCD):    8.455ns = ( 14.011 - 5.556 ) 
    Source Clock Delay      (SCD):    9.416ns
    Clock Pessimism Removal (CPR):    0.766ns
  Clock Uncertainty:      0.073ns  ((TSJ^2 + DJ^2)^1/2) / 2 + PE
    Total System Jitter     (TSJ):    0.071ns
    Discrete Jitter          (DJ):    0.127ns
    Phase Error              (PE):    0.000ns

    Location             Delay type                Incr(ns)  Path(ns)    Netlist Resource(s)
  -------------------------------------------------------------------    -------------------
                         (clock clk_proc rise edge)
                                                      0.000     0.000 r  
    M19                                               0.000     0.000 r  sys_clk (IN)
                         net (fo=0)                   0.000     0.000    sys_clk
    M19                  IBUF (Prop_ibuf_I_O)         1.436     1.436 r  sys_clk_IBUF_inst/O
                         net (fo=1, routed)           2.205     3.641    sys_clk_IBUF
    BUFGCTRL_X0Y16       BUFG (Prop_bufg_I_O)         0.101     3.742 r  sys_clk_IBUF_BUFG_inst/O
                         net (fo=173, routed)         1.806     5.548    sys_clk_IBUF_BUFG
    MMCME2_ADV_X1Y0      MMCME2_ADV (Prop_mmcme2_adv_CLKIN1_CLKOUT0)
                                                      0.088     5.636 r  u_mmcm/CLKOUT0
                         net (fo=1, routed)           1.889     7.525    clk_proc
    BUFGCTRL_X0Y1        BUFG (Prop_bufg_I_O)         0.101     7.626 r  clk_proc_BUFG_inst/O
                         net (fo=8047, routed)        1.789     9.416    g_chan[1].u_canny/u_hyst/clk_proc_BUFG
    RAMB36_X1Y2          RAMB36E1                                     r  g_chan[1].u_canny/u_hyst/strong_mem_reg_8/CLKBWRCLK
  -------------------------------------------------------------------    -------------------
    RAMB36_X1Y2          RAMB36E1 (Prop_ramb36e1_CLKBWRCLK_CASCADEOUTB)
                                                      2.872    12.288 r  g_chan[1].u_canny/u_hyst/strong_mem_reg_8/CASCADEOUTB
                         net (fo=1, routed)           0.065    12.353    g_chan[1].u_canny/u_hyst/strong_mem_reg_8_n_1
    RAMB36_X1Y3          RAMB36E1 (Prop_ramb36e1_CASCADEINB_DOBDO[0])
                                                      0.425    12.778 r  g_chan[1].u_canny/u_hyst/strong_mem_reg_9/DOBDO[0]
                         net (fo=2, routed)           1.175    13.953    g_chan[1].u_canny/u_hyst/strong_mem_reg_9_n_67
    SLICE_X33Y21         LUT3 (Prop_lut3_I1_O)        0.124    14.077 r  g_chan[1].u_canny/u_hyst/m_edge_d_i_2__0/O
                         net (fo=1, routed)           0.433    14.510    g_chan[1].u_canny/u_hyst/m_edge_d_i_2__0_n_0
    SLICE_X33Y21         LUT6 (Prop_lut6_I0_O)        0.124    14.634 r  g_chan[1].u_canny/u_hyst/m_edge_d_i_1__0/O
                         net (fo=1, routed)           0.000    14.634    g_chan[1].u_canny/u_hyst/m_edge_d_i_1__0_n_0
    SLICE_X33Y21         FDRE                                         r  g_chan[1].u_canny/u_hyst/m_edge_d_reg/D
  -------------------------------------------------------------------    -------------------

                         (clock clk_proc rise edge)
                                                      5.556     5.556 r  
    M19                                               0.000     5.556 r  sys_clk (IN)
                         net (fo=0)                   0.000     5.556    sys_clk
    M19                  IBUF (Prop_ibuf_I_O)         1.366     6.922 r  sys_clk_IBUF_inst/O
                         net (fo=1, routed)           2.006     8.928    sys_clk_IBUF
    BUFGCTRL_X0Y16       BUFG (Prop_bufg_I_O)         0.091     9.019 r  sys_clk_IBUF_BUFG_inst/O
                         net (fo=173, routed)         1.612    10.631    sys_clk_IBUF_BUFG
    MMCME2_ADV_X1Y0      MMCME2_ADV (Prop_mmcme2_adv_CLKIN1_CLKOUT0)
                                                      0.083    10.714 r  u_mmcm/CLKOUT0
                         net (fo=1, routed)           1.725    12.439    clk_proc
    BUFGCTRL_X0Y1        BUFG (Prop_bufg_I_O)         0.091    12.530 r  clk_proc_BUFG_inst/O
                         net (fo=8047, routed)        1.480    14.011    g_chan[1].u_canny/u_hyst/clk_proc_BUFG
    SLICE_X33Y21         FDRE                                         r  g_chan[1].u_canny/u_hyst/m_edge_d_reg/C
                         clock pessimism              0.766    14.777    
                         clock uncertainty           -0.073    14.704    
    SLICE_X33Y21         FDRE (Setup_fdre_C_D)        0.029    14.733    g_chan[1].u_canny/u_hyst/m_edge_d_reg
  -------------------------------------------------------------------
                         required time                         14.733    
                         arrival time                         -14.634    
  -------------------------------------------------------------------
                         slack                                  0.099    

Slack (MET) :             0.103ns  (required time - arrival time)
  Source:                 g_chan[0].u_canny/u_scharr/m_data_reg[0]/C
                            (rising edge-triggered cell FDCE clocked by clk_proc  {rise@0.000ns fall@2.778ns period=5.556ns})
  Destination:            g_chan[0].u_canny/u_mag/mag_r_reg[0]/D
                            (rising edge-triggered cell FDCE clocked by clk_proc  {rise@0.000ns fall@2.778ns period=5.556ns})
  Path Group:             clk_proc
  Path Type:              Setup (Max at Slow Process Corner)
  Requirement:            5.556ns  (clk_proc rise@5.556ns - clk_proc rise@0.000ns)
  Data Path Delay:        5.396ns  (logic 2.740ns (50.782%)  route 2.656ns (49.218%))
  Logic Levels:           8  (CARRY4=5 LUT1=1 LUT2=1 LUT3=1)
  Clock Path Skew:        -0.061ns (DCD - SCD + CPR)
    Destination Clock Delay (DCD):    8.598ns = ( 14.154 - 5.556 ) 
    Source Clock Delay      (SCD):    9.425ns
    Clock Pessimism Removal (CPR):    0.766ns
  Clock Uncertainty:      0.073ns  ((TSJ^2 + DJ^2)^1/2) / 2 + PE
    Total System Jitter     (TSJ):    0.071ns
    Discrete Jitter          (DJ):    0.127ns
    Phase Error              (PE):    0.000ns

    Location             Delay type                Incr(ns)  Path(ns)    Netlist Resource(s)
  -------------------------------------------------------------------    -------------------
                         (clock clk_proc rise edge)
                                                      0.000     0.000 r  
    M19                                               0.000     0.000 r  sys_clk (IN)
                         net (fo=0)                   0.000     0.000    sys_clk
    M19                  IBUF (Prop_ibuf_I_O)         1.436     1.436 r  sys_clk_IBUF_inst/O
                         net (fo=1, routed)           2.205     3.641    sys_clk_IBUF
    BUFGCTRL_X0Y16       BUFG (Prop_bufg_I_O)         0.101     3.742 r  sys_clk_IBUF_BUFG_inst/O
                         net (fo=173, routed)         1.806     5.548    sys_clk_IBUF_BUFG
    MMCME2_ADV_X1Y0      MMCME2_ADV (Prop_mmcme2_adv_CLKIN1_CLKOUT0)
                                                      0.088     5.636 r  u_mmcm/CLKOUT0
                         net (fo=1, routed)           1.889     7.525    clk_proc
    BUFGCTRL_X0Y1        BUFG (Prop_bufg_I_O)         0.101     7.626 r  clk_proc_BUFG_inst/O
                         net (fo=8047, routed)        1.799     9.425    g_chan[0].u_canny/u_scharr/clk_proc_BUFG
    SLICE_X97Y45         FDCE                                         r  g_chan[0].u_canny/u_scharr/m_data_reg[0]/C
  -------------------------------------------------------------------    -------------------
    SLICE_X97Y45         FDCE (Prop_fdce_C_Q)         0.456     9.881 f  g_chan[0].u_canny/u_scharr/m_data_reg[0]/Q
                         net (fo=4, routed)           0.407    10.289    g_chan[0].u_canny/u_scharr/Q[0]
    SLICE_X95Y45         LUT1 (Prop_lut1_I0_O)        0.124    10.413 r  g_chan[0].u_canny/u_scharr/ax_r[4]_i_3/O
                         net (fo=1, routed)           0.324    10.737    g_chan[0].u_canny/u_scharr/u_mag/p_0_in[0]
    SLICE_X97Y46         CARRY4 (Prop_carry4_CYINIT_O[0])
                                                      0.482    11.219 r  g_chan[0].u_canny/u_scharr/ax_r_reg[4]_i_2/O[0]
                         net (fo=2, routed)           0.694    11.913    g_chan[0].u_canny/u_scharr/u_mag/ax0[1]
    SLICE_X95Y46         LUT3 (Prop_lut3_I0_O)        0.299    12.212 r  g_chan[0].u_canny/u_scharr/ax_r[1]_i_1/O
                         net (fo=2, routed)           0.637    12.849    g_chan[0].u_canny/u_scharr/m_data_reg[11]_0[0]
    SLICE_X99Y46         CARRY4 (Prop_carry4_DI[1]_CO[3])
                                                      0.507    13.356 r  g_chan[0].u_canny/u_scharr/mag_r_reg[3]_i_2/CO[3]
                         net (fo=1, routed)           0.000    13.356    g_chan[0].u_canny/u_scharr/mag_r_reg[3]_i_2_n_0
    SLICE_X99Y47         CARRY4 (Prop_carry4_CI_CO[3])
                                                      0.114    13.470 r  g_chan[0].u_canny/u_scharr/mag_r_reg[7]_i_2/CO[3]
                         net (fo=1, routed)           0.000    13.470    g_chan[0].u_canny/u_scharr/mag_r_reg[7]_i_2_n_0
    SLICE_X99Y48         CARRY4 (Prop_carry4_CI_CO[3])
                                                      0.114    13.584 r  g_chan[0].u_canny/u_scharr/mag_r_reg[11]_i_3/CO[3]
                         net (fo=1, routed)           0.000    13.584    g_chan[0].u_canny/u_scharr/mag_r_reg[11]_i_3_n_0
    SLICE_X99Y49         CARRY4 (Prop_carry4_CI_CO[0])
                                                      0.271    13.855 r  g_chan[0].u_canny/u_scharr/mag_r_reg[11]_i_2/CO[0]
                         net (fo=12, routed)          0.593    14.448    g_chan[0].u_canny/u_scharr/mag_r_reg[11]_i_2_n_3
    SLICE_X100Y49        LUT2 (Prop_lut2_I0_O)        0.373    14.821 r  g_chan[0].u_canny/u_scharr/mag_r[0]_i_1/O
                         net (fo=1, routed)           0.000    14.821    g_chan[0].u_canny/u_mag/mag_r_reg[11]_0[0]
    SLICE_X100Y49        FDCE                                         r  g_chan[0].u_canny/u_mag/mag_r_reg[0]/D
  -------------------------------------------------------------------    -------------------

                         (clock clk_proc rise edge)
                                                      5.556     5.556 r  
    M19                                               0.000     5.556 r  sys_clk (IN)
                         net (fo=0)                   0.000     5.556    sys_clk
    M19                  IBUF (Prop_ibuf_I_O)         1.366     6.922 r  sys_clk_IBUF_inst/O
                         net (fo=1, routed)           2.006     8.928    sys_clk_IBUF
    BUFGCTRL_X0Y16       BUFG (Prop_bufg_I_O)         0.091     9.019 r  sys_clk_IBUF_BUFG_inst/O
                         net (fo=173, routed)         1.612    10.631    sys_clk_IBUF_BUFG
    MMCME2_ADV_X1Y0      MMCME2_ADV (Prop_mmcme2_adv_CLKIN1_CLKOUT0)
                                                      0.083    10.714 r  u_mmcm/CLKOUT0
                         net (fo=1, routed)           1.725    12.439    clk_proc
    BUFGCTRL_X0Y1        BUFG (Prop_bufg_I_O)         0.091    12.530 r  clk_proc_BUFG_inst/O
                         net (fo=8047, routed)        1.623    14.154    g_chan[0].u_canny/u_mag/clk_proc_BUFG
    SLICE_X100Y49        FDCE                                         r  g_chan[0].u_canny/u_mag/mag_r_reg[0]/C
                         clock pessimism              0.766    14.920    
                         clock uncertainty           -0.073    14.847    
    SLICE_X100Y49        FDCE (Setup_fdce_C_D)        0.077    14.924    g_chan[0].u_canny/u_mag/mag_r_reg[0]
  -------------------------------------------------------------------
                         required time                         14.924    
                         arrival time                         -14.821    
  -------------------------------------------------------------------
                         slack                                  0.103    

Slack (MET) :             0.110ns  (required time - arrival time)
  Source:                 g_chan[0].u_canny/u_scharr/m_data_reg[0]/C
                            (rising edge-triggered cell FDCE clocked by clk_proc  {rise@0.000ns fall@2.778ns period=5.556ns})
  Destination:            g_chan[0].u_canny/u_mag/mag_r_reg[1]/D
                            (rising edge-triggered cell FDCE clocked by clk_proc  {rise@0.000ns fall@2.778ns period=5.556ns})
  Path Group:             clk_proc
  Path Type:              Setup (Max at Slow Process Corner)
  Requirement:            5.556ns  (clk_proc rise@5.556ns - clk_proc rise@0.000ns)
  Data Path Delay:        5.393ns  (logic 2.740ns (50.810%)  route 2.653ns (49.189%))
  Logic Levels:           8  (CARRY4=5 LUT1=1 LUT2=1 LUT3=1)
  Clock Path Skew:        -0.061ns (DCD - SCD + CPR)
    Destination Clock Delay (DCD):    8.598ns = ( 14.154 - 5.556 ) 
    Source Clock Delay      (SCD):    9.425ns
    Clock Pessimism Removal (CPR):    0.766ns
  Clock Uncertainty:      0.073ns  ((TSJ^2 + DJ^2)^1/2) / 2 + PE
    Total System Jitter     (TSJ):    0.071ns
    Discrete Jitter          (DJ):    0.127ns
    Phase Error              (PE):    0.000ns

    Location             Delay type                Incr(ns)  Path(ns)    Netlist Resource(s)
  -------------------------------------------------------------------    -------------------
                         (clock clk_proc rise edge)
                                                      0.000     0.000 r  
    M19                                               0.000     0.000 r  sys_clk (IN)
                         net (fo=0)                   0.000     0.000    sys_clk
    M19                  IBUF (Prop_ibuf_I_O)         1.436     1.436 r  sys_clk_IBUF_inst/O
                         net (fo=1, routed)           2.205     3.641    sys_clk_IBUF
    BUFGCTRL_X0Y16       BUFG (Prop_bufg_I_O)         0.101     3.742 r  sys_clk_IBUF_BUFG_inst/O
                         net (fo=173, routed)         1.806     5.548    sys_clk_IBUF_BUFG
    MMCME2_ADV_X1Y0      MMCME2_ADV (Prop_mmcme2_adv_CLKIN1_CLKOUT0)
                                                      0.088     5.636 r  u_mmcm/CLKOUT0
                         net (fo=1, routed)           1.889     7.525    clk_proc
    BUFGCTRL_X0Y1        BUFG (Prop_bufg_I_O)         0.101     7.626 r  clk_proc_BUFG_inst/O
                         net (fo=8047, routed)        1.799     9.425    g_chan[0].u_canny/u_scharr/clk_proc_BUFG
    SLICE_X97Y45         FDCE                                         r  g_chan[0].u_canny/u_scharr/m_data_reg[0]/C
  -------------------------------------------------------------------    -------------------
    SLICE_X97Y45         FDCE (Prop_fdce_C_Q)         0.456     9.881 f  g_chan[0].u_canny/u_scharr/m_data_reg[0]/Q
                         net (fo=4, routed)           0.407    10.289    g_chan[0].u_canny/u_scharr/Q[0]
    SLICE_X95Y45         LUT1 (Prop_lut1_I0_O)        0.124    10.413 r  g_chan[0].u_canny/u_scharr/ax_r[4]_i_3/O
                         net (fo=1, routed)           0.324    10.737    g_chan[0].u_canny/u_scharr/u_mag/p_0_in[0]
    SLICE_X97Y46         CARRY4 (Prop_carry4_CYINIT_O[0])
                                                      0.482    11.219 r  g_chan[0].u_canny/u_scharr/ax_r_reg[4]_i_2/O[0]
                         net (fo=2, routed)           0.694    11.913    g_chan[0].u_canny/u_scharr/u_mag/ax0[1]
    SLICE_X95Y46         LUT3 (Prop_lut3_I0_O)        0.299    12.212 r  g_chan[0].u_canny/u_scharr/ax_r[1]_i_1/O
                         net (fo=2, routed)           0.637    12.849    g_chan[0].u_canny/u_scharr/m_data_reg[11]_0[0]
    SLICE_X99Y46         CARRY4 (Prop_carry4_DI[1]_CO[3])
                                                      0.507    13.356 r  g_chan[0].u_canny/u_scharr/mag_r_reg[3]_i_2/CO[3]
                         net (fo=1, routed)           0.000    13.356    g_chan[0].u_canny/u_scharr/mag_r_reg[3]_i_2_n_0
    SLICE_X99Y47         CARRY4 (Prop_carry4_CI_CO[3])
                                                      0.114    13.470 r  g_chan[0].u_canny/u_scharr/mag_r_reg[7]_i_2/CO[3]
                         net (fo=1, routed)           0.000    13.470    g_chan[0].u_canny/u_scharr/mag_r_reg[7]_i_2_n_0
    SLICE_X99Y48         CARRY4 (Prop_carry4_CI_CO[3])
                                                      0.114    13.584 r  g_chan[0].u_canny/u_scharr/mag_r_reg[11]_i_3/CO[3]
                         net (fo=1, routed)           0.000    13.584    g_chan[0].u_canny/u_scharr/mag_r_reg[11]_i_3_n_0
    SLICE_X99Y49         CARRY4 (Prop_carry4_CI_CO[0])
                                                      0.271    13.855 r  g_chan[0].u_canny/u_scharr/mag_r_reg[11]_i_2/CO[0]
                         net (fo=12, routed)          0.590    14.445    g_chan[0].u_canny/u_scharr/mag_r_reg[11]_i_2_n_3
    SLICE_X100Y49        LUT2 (Prop_lut2_I0_O)        0.373    14.818 r  g_chan[0].u_canny/u_scharr/mag_r[1]_i_1/O
                         net (fo=1, routed)           0.000    14.818    g_chan[0].u_canny/u_mag/mag_r_reg[11]_0[1]
    SLICE_X100Y49        FDCE                                         r  g_chan[0].u_canny/u_mag/mag_r_reg[1]/D
  -------------------------------------------------------------------    -------------------

                         (clock clk_proc rise edge)
                                                      5.556     5.556 r  
    M19                                               0.000     5.556 r  sys_clk (IN)
                         net (fo=0)                   0.000     5.556    sys_clk
    M19                  IBUF (Prop_ibuf_I_O)         1.366     6.922 r  sys_clk_IBUF_inst/O
                         net (fo=1, routed)           2.006     8.928    sys_clk_IBUF
    BUFGCTRL_X0Y16       BUFG (Prop_bufg_I_O)         0.091     9.019 r  sys_clk_IBUF_BUFG_inst/O
                         net (fo=173, routed)         1.612    10.631    sys_clk_IBUF_BUFG
    MMCME2_ADV_X1Y0      MMCME2_ADV (Prop_mmcme2_adv_CLKIN1_CLKOUT0)
                                                      0.083    10.714 r  u_mmcm/CLKOUT0
                         net (fo=1, routed)           1.725    12.439    clk_proc
    BUFGCTRL_X0Y1        BUFG (Prop_bufg_I_O)         0.091    12.530 r  clk_proc_BUFG_inst/O
                         net (fo=8047, routed)        1.623    14.154    g_chan[0].u_canny/u_mag/clk_proc_BUFG
    SLICE_X100Y49        FDCE                                         r  g_chan[0].u_canny/u_mag/mag_r_reg[1]/C
                         clock pessimism              0.766    14.920    
                         clock uncertainty           -0.073    14.847    
    SLICE_X100Y49        FDCE (Setup_fdce_C_D)        0.081    14.928    g_chan[0].u_canny/u_mag/mag_r_reg[1]
  -------------------------------------------------------------------
                         required time                         14.928    
                         arrival time                         -14.818    
  -------------------------------------------------------------------
                         slack                                  0.110    




