Copyright 1986-2022 Xilinx, Inc. All Rights Reserved. Copyright 2022-2025 Advanced Micro Devices, Inc. All Rights Reserved.
---------------------------------------------------------------------------------------------------------------------------------------------
| Tool Version : Vivado v.2025.2 (win64) Build 6299465 Fri Nov 14 19:35:11 GMT 2025
| Date         : Sat Aug 22 05:38:05 2026
| Host         : wshh running 64-bit major release  (build 9200)
| Command      : report_timing -max_paths 5 -nworst 1 -delay_type max -file out/worst_sweet.rpt
| Design       : vision_top
| Device       : 7z020-clg484
| Speed File   : -1  PRODUCTION 1.12 2019-11-22
| Design State : Routed
---------------------------------------------------------------------------------------------------------------------------------------------

Timing Report

Slack (VIOLATED) :        -4.127ns  (required time - arrival time)
  Source:                 g_chan[1].u_canny/u_hyst/FSM_onehot_phase_reg[0]_replica/C
                            (rising edge-triggered cell FDPE clocked by clk_proc  {rise@0.000ns fall@2.778ns period=5.556ns})
  Destination:            g_mcu_ctrl.u_mcu_bridge/st_p1_reg[4]/D
                            (rising edge-triggered cell FDCE clocked by sys_clk_50m  {rise@0.000ns fall@10.000ns period=20.000ns})
  Path Group:             sys_clk_50m
  Path Type:              Setup (Max at Slow Process Corner)
  Requirement:            1.111ns  (sys_clk_50m rise@40.000ns - clk_proc rise@38.889ns)
  Data Path Delay:        0.987ns  (logic 0.580ns (58.759%)  route 0.407ns (41.241%))
  Logic Levels:           1  (LUT2=1)
  Clock Path Skew:        -4.053ns (DCD - SCD + CPR)
    Destination Clock Delay (DCD):    5.017ns = ( 45.017 - 40.000 ) 
    Source Clock Delay      (SCD):    9.348ns = ( 48.237 - 38.889 ) 
    Clock Pessimism Removal (CPR):    0.279ns
  Clock Uncertainty:      0.231ns  ((TSJ^2 + DJ^2)^1/2) / 2 + PE
    Total System Jitter     (TSJ):    0.071ns
    Discrete Jitter          (DJ):    0.127ns
    Phase Error              (PE):    0.158ns

    Location             Delay type                Incr(ns)  Path(ns)    Netlist Resource(s)
  -------------------------------------------------------------------    -------------------
                         (clock clk_proc rise edge)
                                                     38.889    38.889 r  
    M19                                               0.000    38.889 r  sys_clk (IN)
                         net (fo=0)                   0.000    38.889    sys_clk
    M19                  IBUF (Prop_ibuf_I_O)         1.436    40.325 r  sys_clk_IBUF_inst/O
                         net (fo=1, routed)           2.205    42.530    sys_clk_IBUF
    BUFGCTRL_X0Y16       BUFG (Prop_bufg_I_O)         0.101    42.631 r  sys_clk_IBUF_BUFG_inst/O
                         net (fo=489, routed)         1.806    44.437    sys_clk_IBUF_BUFG
    MMCME2_ADV_X1Y0      MMCME2_ADV (Prop_mmcme2_adv_CLKIN1_CLKOUT0)
                                                      0.088    44.525 r  u_mmcm/CLKOUT0
                         net (fo=1, routed)           1.889    46.414    clk_proc
    BUFGCTRL_X0Y1        BUFG (Prop_bufg_I_O)         0.101    46.515 r  clk_proc_BUFG_inst/O
                         net (fo=8087, routed)        1.722    48.237    g_chan[1].u_canny/u_hyst/clk_proc_BUFG
    SLICE_X59Y12         FDPE                                         r  g_chan[1].u_canny/u_hyst/FSM_onehot_phase_reg[0]_replica/C
  -------------------------------------------------------------------    -------------------
    SLICE_X59Y12         FDPE (Prop_fdpe_C_Q)         0.456    48.693 f  g_chan[1].u_canny/u_hyst/FSM_onehot_phase_reg[0]_replica/Q
                         net (fo=1, routed)           0.407    49.100    g_chan[1].u_canny/u_hyst/Q[0]_repN
    SLICE_X61Y11         LUT2 (Prop_lut2_I0_O)        0.124    49.224 r  g_chan[1].u_canny/u_hyst/st_p1[4]_i_1/O
                         net (fo=1, routed)           0.000    49.224    g_mcu_ctrl.u_mcu_bridge/st_p1_reg[4]_0[4]
    SLICE_X61Y11         FDCE                                         r  g_mcu_ctrl.u_mcu_bridge/st_p1_reg[4]/D
  -------------------------------------------------------------------    -------------------

                         (clock sys_clk_50m rise edge)
                                                     40.000    40.000 r  
    M19                                               0.000    40.000 r  sys_clk (IN)
                         net (fo=0)                   0.000    40.000    sys_clk
    M19                  IBUF (Prop_ibuf_I_O)         1.366    41.366 r  sys_clk_IBUF_inst/O
                         net (fo=1, routed)           2.006    43.372    sys_clk_IBUF
    BUFGCTRL_X0Y16       BUFG (Prop_bufg_I_O)         0.091    43.463 r  sys_clk_IBUF_BUFG_inst/O
                         net (fo=489, routed)         1.553    45.017    g_mcu_ctrl.u_mcu_bridge/sys_clk_IBUF_BUFG
    SLICE_X61Y11         FDCE                                         r  g_mcu_ctrl.u_mcu_bridge/st_p1_reg[4]/C
                         clock pessimism              0.279    45.296    
                         clock uncertainty           -0.231    45.065    
    SLICE_X61Y11         FDCE (Setup_fdce_C_D)        0.032    45.097    g_mcu_ctrl.u_mcu_bridge/st_p1_reg[4]
  -------------------------------------------------------------------
                         required time                         45.097    
                         arrival time                         -49.224    
  -------------------------------------------------------------------
                         slack                                 -4.127    

Slack (VIOLATED) :        -4.017ns  (required time - arrival time)
  Source:                 u_snn/busy_reg/C
                            (rising edge-triggered cell FDCE clocked by clk_proc  {rise@0.000ns fall@2.778ns period=5.556ns})
  Destination:            g_mcu_ctrl.u_mcu_bridge/st_p1_reg[3]/D
                            (rising edge-triggered cell FDCE clocked by sys_clk_50m  {rise@0.000ns fall@10.000ns period=20.000ns})
  Path Group:             sys_clk_50m
  Path Type:              Setup (Max at Slow Process Corner)
  Requirement:            1.111ns  (sys_clk_50m rise@40.000ns - clk_proc rise@38.889ns)
  Data Path Delay:        0.802ns  (logic 0.456ns (56.853%)  route 0.346ns (43.147%))
  Logic Levels:           0  
  Clock Path Skew:        -4.056ns (DCD - SCD + CPR)
    Destination Clock Delay (DCD):    5.020ns = ( 45.020 - 40.000 ) 
    Source Clock Delay      (SCD):    9.354ns = ( 48.243 - 38.889 ) 
    Clock Pessimism Removal (CPR):    0.279ns
  Clock Uncertainty:      0.231ns  ((TSJ^2 + DJ^2)^1/2) / 2 + PE
    Total System Jitter     (TSJ):    0.071ns
    Discrete Jitter          (DJ):    0.127ns
    Phase Error              (PE):    0.158ns

    Location             Delay type                Incr(ns)  Path(ns)    Netlist Resource(s)
  -------------------------------------------------------------------    -------------------
                         (clock clk_proc rise edge)
                                                     38.889    38.889 r  
    M19                                               0.000    38.889 r  sys_clk (IN)
                         net (fo=0)                   0.000    38.889    sys_clk
    M19                  IBUF (Prop_ibuf_I_O)         1.436    40.325 r  sys_clk_IBUF_inst/O
                         net (fo=1, routed)           2.205    42.530    sys_clk_IBUF
    BUFGCTRL_X0Y16       BUFG (Prop_bufg_I_O)         0.101    42.631 r  sys_clk_IBUF_BUFG_inst/O
                         net (fo=489, routed)         1.806    44.437    sys_clk_IBUF_BUFG
    MMCME2_ADV_X1Y0      MMCME2_ADV (Prop_mmcme2_adv_CLKIN1_CLKOUT0)
                                                      0.088    44.525 r  u_mmcm/CLKOUT0
                         net (fo=1, routed)           1.889    46.414    clk_proc
    BUFGCTRL_X0Y1        BUFG (Prop_bufg_I_O)         0.101    46.515 r  clk_proc_BUFG_inst/O
                         net (fo=8087, routed)        1.728    48.243    u_snn/clk_proc_BUFG
    SLICE_X71Y10         FDCE                                         r  u_snn/busy_reg/C
  -------------------------------------------------------------------    -------------------
    SLICE_X71Y10         FDCE (Prop_fdce_C_Q)         0.456    48.699 r  u_snn/busy_reg/Q
                         net (fo=3, routed)           0.346    49.045    g_mcu_ctrl.u_mcu_bridge/st_p1_reg[4]_0[3]
    SLICE_X69Y10         FDCE                                         r  g_mcu_ctrl.u_mcu_bridge/st_p1_reg[3]/D
  -------------------------------------------------------------------    -------------------

                         (clock sys_clk_50m rise edge)
                                                     40.000    40.000 r  
    M19                                               0.000    40.000 r  sys_clk (IN)
                         net (fo=0)                   0.000    40.000    sys_clk
    M19                  IBUF (Prop_ibuf_I_O)         1.366    41.366 r  sys_clk_IBUF_inst/O
                         net (fo=1, routed)           2.006    43.372    sys_clk_IBUF
    BUFGCTRL_X0Y16       BUFG (Prop_bufg_I_O)         0.091    43.463 r  sys_clk_IBUF_BUFG_inst/O
                         net (fo=489, routed)         1.556    45.020    g_mcu_ctrl.u_mcu_bridge/sys_clk_IBUF_BUFG
    SLICE_X69Y10         FDCE                                         r  g_mcu_ctrl.u_mcu_bridge/st_p1_reg[3]/C
                         clock pessimism              0.279    45.299    
                         clock uncertainty           -0.231    45.068    
    SLICE_X69Y10         FDCE (Setup_fdce_C_D)       -0.040    45.028    g_mcu_ctrl.u_mcu_bridge/st_p1_reg[3]
  -------------------------------------------------------------------
                         required time                         45.028    
                         arrival time                         -49.045    
  -------------------------------------------------------------------
                         slack                                 -4.017    

Slack (VIOLATED) :        -3.997ns  (required time - arrival time)
  Source:                 u_snn/done_reg/C
                            (rising edge-triggered cell FDCE clocked by clk_proc  {rise@0.000ns fall@2.778ns period=5.556ns})
  Destination:            g_mcu_ctrl.u_mcu_bridge/st_p1_reg[2]/D
                            (rising edge-triggered cell FDCE clocked by sys_clk_50m  {rise@0.000ns fall@10.000ns period=20.000ns})
  Path Group:             sys_clk_50m
  Path Type:              Setup (Max at Slow Process Corner)
  Requirement:            1.111ns  (sys_clk_50m rise@40.000ns - clk_proc rise@38.889ns)
  Data Path Delay:        0.779ns  (logic 0.456ns (58.536%)  route 0.323ns (41.464%))
  Logic Levels:           0  
  Clock Path Skew:        -4.056ns (DCD - SCD + CPR)
    Destination Clock Delay (DCD):    5.020ns = ( 45.020 - 40.000 ) 
    Source Clock Delay      (SCD):    9.354ns = ( 48.243 - 38.889 ) 
    Clock Pessimism Removal (CPR):    0.279ns
  Clock Uncertainty:      0.231ns  ((TSJ^2 + DJ^2)^1/2) / 2 + PE
    Total System Jitter     (TSJ):    0.071ns
    Discrete Jitter          (DJ):    0.127ns
    Phase Error              (PE):    0.158ns

    Location             Delay type                Incr(ns)  Path(ns)    Netlist Resource(s)
  -------------------------------------------------------------------    -------------------
                         (clock clk_proc rise edge)
                                                     38.889    38.889 r  
    M19                                               0.000    38.889 r  sys_clk (IN)
                         net (fo=0)                   0.000    38.889    sys_clk
    M19                  IBUF (Prop_ibuf_I_O)         1.436    40.325 r  sys_clk_IBUF_inst/O
                         net (fo=1, routed)           2.205    42.530    sys_clk_IBUF
    BUFGCTRL_X0Y16       BUFG (Prop_bufg_I_O)         0.101    42.631 r  sys_clk_IBUF_BUFG_inst/O
                         net (fo=489, routed)         1.806    44.437    sys_clk_IBUF_BUFG
    MMCME2_ADV_X1Y0      MMCME2_ADV (Prop_mmcme2_adv_CLKIN1_CLKOUT0)
                                                      0.088    44.525 r  u_mmcm/CLKOUT0
                         net (fo=1, routed)           1.889    46.414    clk_proc
    BUFGCTRL_X0Y1        BUFG (Prop_bufg_I_O)         0.101    46.515 r  clk_proc_BUFG_inst/O
                         net (fo=8087, routed)        1.728    48.243    u_snn/clk_proc_BUFG
    SLICE_X71Y10         FDCE                                         r  u_snn/done_reg/C
  -------------------------------------------------------------------    -------------------
    SLICE_X71Y10         FDCE (Prop_fdce_C_Q)         0.456    48.699 r  u_snn/done_reg/Q
                         net (fo=1, routed)           0.323    49.022    g_mcu_ctrl.u_mcu_bridge/st_p1_reg[4]_0[2]
    SLICE_X69Y10         FDCE                                         r  g_mcu_ctrl.u_mcu_bridge/st_p1_reg[2]/D
  -------------------------------------------------------------------    -------------------

                         (clock sys_clk_50m rise edge)
                                                     40.000    40.000 r  
    M19                                               0.000    40.000 r  sys_clk (IN)
                         net (fo=0)                   0.000    40.000    sys_clk
    M19                  IBUF (Prop_ibuf_I_O)         1.366    41.366 r  sys_clk_IBUF_inst/O
                         net (fo=1, routed)           2.006    43.372    sys_clk_IBUF
    BUFGCTRL_X0Y16       BUFG (Prop_bufg_I_O)         0.091    43.463 r  sys_clk_IBUF_BUFG_inst/O
                         net (fo=489, routed)         1.556    45.020    g_mcu_ctrl.u_mcu_bridge/sys_clk_IBUF_BUFG
    SLICE_X69Y10         FDCE                                         r  g_mcu_ctrl.u_mcu_bridge/st_p1_reg[2]/C
                         clock pessimism              0.279    45.299    
                         clock uncertainty           -0.231    45.068    
    SLICE_X69Y10         FDCE (Setup_fdce_C_D)       -0.043    45.025    g_mcu_ctrl.u_mcu_bridge/st_p1_reg[2]
  -------------------------------------------------------------------
                         required time                         45.025    
                         arrival time                         -49.022    
  -------------------------------------------------------------------
                         slack                                 -3.997    

Slack (VIOLATED) :        -0.273ns  (required time - arrival time)
  Source:                 g_chan[0].u_canny/u_hyst/weak_mem_reg_2/CLKBWRCLK
                            (rising edge-triggered cell RAMB36E1 clocked by clk_proc  {rise@0.000ns fall@2.778ns period=5.556ns})
  Destination:            g_chan[0].u_canny/u_hyst/win_data_r_reg[1]/D
                            (rising edge-triggered cell FDCE clocked by clk_proc  {rise@0.000ns fall@2.778ns period=5.556ns})
  Path Group:             clk_proc
  Path Type:              Setup (Max at Slow Process Corner)
  Requirement:            5.556ns  (clk_proc rise@5.556ns - clk_proc rise@0.000ns)
  Data Path Delay:        5.694ns  (logic 3.545ns (62.258%)  route 2.149ns (37.742%))
  Logic Levels:           3  (LUT4=1 LUT6=1 RAMB36E1=1)
  Clock Path Skew:        -0.092ns (DCD - SCD + CPR)
    Destination Clock Delay (DCD):    8.532ns = ( 14.088 - 5.556 ) 
    Source Clock Delay      (SCD):    9.391ns
    Clock Pessimism Removal (CPR):    0.766ns
  Clock Uncertainty:      0.073ns  ((TSJ^2 + DJ^2)^1/2) / 2 + PE
    Total System Jitter     (TSJ):    0.071ns
    Discrete Jitter          (DJ):    0.127ns
    Phase Error              (PE):    0.000ns

    Location             Delay type                Incr(ns)  Path(ns)    Netlist Resource(s)
  -------------------------------------------------------------------    -------------------
                         (clock clk_proc rise edge)
                                                      0.000     0.000 r  
    M19                                               0.000     0.000 r  sys_clk (IN)
                         net (fo=0)                   0.000     0.000    sys_clk
    M19                  IBUF (Prop_ibuf_I_O)         1.436     1.436 r  sys_clk_IBUF_inst/O
                         net (fo=1, routed)           2.205     3.641    sys_clk_IBUF
    BUFGCTRL_X0Y16       BUFG (Prop_bufg_I_O)         0.101     3.742 r  sys_clk_IBUF_BUFG_inst/O
                         net (fo=489, routed)         1.806     5.548    sys_clk_IBUF_BUFG
    MMCME2_ADV_X1Y0      MMCME2_ADV (Prop_mmcme2_adv_CLKIN1_CLKOUT0)
                                                      0.088     5.636 r  u_mmcm/CLKOUT0
                         net (fo=1, routed)           1.889     7.525    clk_proc
    BUFGCTRL_X0Y1        BUFG (Prop_bufg_I_O)         0.101     7.626 r  clk_proc_BUFG_inst/O
                         net (fo=8087, routed)        1.764     9.391    g_chan[0].u_canny/u_hyst/clk_proc_BUFG
    RAMB36_X3Y2          RAMB36E1                                     r  g_chan[0].u_canny/u_hyst/weak_mem_reg_2/CLKBWRCLK
  -------------------------------------------------------------------    -------------------
    RAMB36_X3Y2          RAMB36E1 (Prop_ramb36e1_CLKBWRCLK_CASCADEOUTB)
                                                      2.872    12.263 r  g_chan[0].u_canny/u_hyst/weak_mem_reg_2/CASCADEOUTB
                         net (fo=1, routed)           0.065    12.328    g_chan[0].u_canny/u_hyst/weak_mem_reg_2_n_1
    RAMB36_X3Y3          RAMB36E1 (Prop_ramb36e1_CASCADEINB_DOBDO[0])
                                                      0.425    12.753 r  g_chan[0].u_canny/u_hyst/weak_mem_reg_3/DOBDO[0]
                         net (fo=1, routed)           1.381    14.134    g_chan[0].u_canny/u_hyst/weak_mem_reg_3_n_67
    SLICE_X83Y10         LUT4 (Prop_lut4_I3_O)        0.124    14.258 r  g_chan[0].u_canny/u_hyst/win_data_r[1]_i_2_comp/O
                         net (fo=1, routed)           0.703    14.961    g_chan[0].u_canny/u_hyst/win_data_r[1]_i_2_n_0
    SLICE_X85Y10         LUT6 (Prop_lut6_I4_O)        0.124    15.085 r  g_chan[0].u_canny/u_hyst/win_data_r[1]_i_1_comp/O
                         net (fo=1, routed)           0.000    15.085    g_chan[0].u_canny/u_hyst/rd_word_q_reg[1]
    SLICE_X85Y10         FDCE                                         r  g_chan[0].u_canny/u_hyst/win_data_r_reg[1]/D
  -------------------------------------------------------------------    -------------------

                         (clock clk_proc rise edge)
                                                      5.556     5.556 r  
    M19                                               0.000     5.556 r  sys_clk (IN)
                         net (fo=0)                   0.000     5.556    sys_clk
    M19                  IBUF (Prop_ibuf_I_O)         1.366     6.922 r  sys_clk_IBUF_inst/O
                         net (fo=1, routed)           2.006     8.928    sys_clk_IBUF
    BUFGCTRL_X0Y16       BUFG (Prop_bufg_I_O)         0.091     9.019 r  sys_clk_IBUF_BUFG_inst/O
                         net (fo=489, routed)         1.612    10.631    sys_clk_IBUF_BUFG
    MMCME2_ADV_X1Y0      MMCME2_ADV (Prop_mmcme2_adv_CLKIN1_CLKOUT0)
                                                      0.083    10.714 r  u_mmcm/CLKOUT0
                         net (fo=1, routed)           1.725    12.439    clk_proc
    BUFGCTRL_X0Y1        BUFG (Prop_bufg_I_O)         0.091    12.530 r  clk_proc_BUFG_inst/O
                         net (fo=8087, routed)        1.557    14.088    g_chan[0].u_canny/u_hyst/clk_proc_BUFG
    SLICE_X85Y10         FDCE                                         r  g_chan[0].u_canny/u_hyst/win_data_r_reg[1]/C
                         clock pessimism              0.766    14.854    
                         clock uncertainty           -0.073    14.781    
    SLICE_X85Y10         FDCE (Setup_fdce_C_D)        0.031    14.812    g_chan[0].u_canny/u_hyst/win_data_r_reg[1]
  -------------------------------------------------------------------
                         required time                         14.812    
                         arrival time                         -15.085    
  -------------------------------------------------------------------
                         slack                                 -0.273    

Slack (MET) :             0.158ns  (required time - arrival time)
  Source:                 g_chan[1].u_canny/u_hyst/FSM_onehot_phase_reg[3]/C
                            (rising edge-triggered cell FDCE clocked by clk_proc  {rise@0.000ns fall@2.778ns period=5.556ns})
  Destination:            g_chan[1].u_canny/u_hyst/strong_mem_reg_0/ENARDEN
                            (rising edge-triggered cell RAMB36E1 clocked by clk_proc  {rise@0.000ns fall@2.778ns period=5.556ns})
  Path Group:             clk_proc
  Path Type:              Setup (Max at Slow Process Corner)
  Requirement:            5.556ns  (clk_proc rise@5.556ns - clk_proc rise@0.000ns)
  Data Path Delay:        4.951ns  (logic 0.952ns (19.228%)  route 3.999ns (80.772%))
  Logic Levels:           4  (LUT3=1 LUT6=3)
  Clock Path Skew:        0.069ns (DCD - SCD + CPR)
    Destination Clock Delay (DCD):    8.593ns = ( 14.148 - 5.556 ) 
    Source Clock Delay      (SCD):    9.289ns
    Clock Pessimism Removal (CPR):    0.766ns
  Clock Uncertainty:      0.073ns  ((TSJ^2 + DJ^2)^1/2) / 2 + PE
    Total System Jitter     (TSJ):    0.071ns
    Discrete Jitter          (DJ):    0.127ns
    Phase Error              (PE):    0.000ns

    Location             Delay type                Incr(ns)  Path(ns)    Netlist Resource(s)
  -------------------------------------------------------------------    -------------------
                         (clock clk_proc rise edge)
                                                      0.000     0.000 r  
    M19                                               0.000     0.000 r  sys_clk (IN)
                         net (fo=0)                   0.000     0.000    sys_clk
    M19                  IBUF (Prop_ibuf_I_O)         1.436     1.436 r  sys_clk_IBUF_inst/O
                         net (fo=1, routed)           2.205     3.641    sys_clk_IBUF
    BUFGCTRL_X0Y16       BUFG (Prop_bufg_I_O)         0.101     3.742 r  sys_clk_IBUF_BUFG_inst/O
                         net (fo=489, routed)         1.806     5.548    sys_clk_IBUF_BUFG
    MMCME2_ADV_X1Y0      MMCME2_ADV (Prop_mmcme2_adv_CLKIN1_CLKOUT0)
                                                      0.088     5.636 r  u_mmcm/CLKOUT0
                         net (fo=1, routed)           1.889     7.525    clk_proc
    BUFGCTRL_X0Y1        BUFG (Prop_bufg_I_O)         0.101     7.626 r  clk_proc_BUFG_inst/O
                         net (fo=8087, routed)        1.663     9.289    g_chan[1].u_canny/u_hyst/clk_proc_BUFG
    SLICE_X37Y11         FDCE                                         r  g_chan[1].u_canny/u_hyst/FSM_onehot_phase_reg[3]/C
  -------------------------------------------------------------------    -------------------
    SLICE_X37Y11         FDCE (Prop_fdce_C_Q)         0.456     9.745 r  g_chan[1].u_canny/u_hyst/FSM_onehot_phase_reg[3]/Q
                         net (fo=80, routed)          1.362    11.107    g_chan[1].u_canny/u_hyst/Q[1]
    SLICE_X30Y13         LUT6 (Prop_lut6_I2_O)        0.124    11.231 f  g_chan[1].u_canny/u_hyst/strong_mem_reg_0_i_22__0/O
                         net (fo=4, routed)           0.429    11.660    g_chan[1].u_canny/u_hyst/strong_mem_reg_0_i_22__0_n_0
    SLICE_X31Y13         LUT6 (Prop_lut6_I1_O)        0.124    11.784 r  g_chan[1].u_canny/u_hyst/strong_mem_reg_0_i_1__0/O
                         net (fo=2, routed)           0.304    12.089    g_chan[1].u_canny/u_hyst/u_win/strong_mem_reg_0
    SLICE_X28Y13         LUT6 (Prop_lut6_I5_O)        0.124    12.213 r  g_chan[1].u_canny/u_hyst/u_win/strong_mem_reg_0_i_20__0/O
                         net (fo=3, routed)           0.964    13.177    g_chan[1].u_canny/u_hyst/u_win_n_3
    SLICE_X26Y12         LUT3 (Prop_lut3_I0_O)        0.124    13.301 r  g_chan[1].u_canny/u_hyst/strong_mem_reg_0_ENARDEN_cooolgate_en_gate_71/O
                         net (fo=1, routed)           0.939    14.240    g_chan[1].u_canny/u_hyst/strong_mem_reg_0_ENARDEN_cooolgate_en_sig_41
    RAMB36_X1Y0          RAMB36E1                                     r  g_chan[1].u_canny/u_hyst/strong_mem_reg_0/ENARDEN
  -------------------------------------------------------------------    -------------------

                         (clock clk_proc rise edge)
                                                      5.556     5.556 r  
    M19                                               0.000     5.556 r  sys_clk (IN)
                         net (fo=0)                   0.000     5.556    sys_clk
    M19                  IBUF (Prop_ibuf_I_O)         1.366     6.922 r  sys_clk_IBUF_inst/O
                         net (fo=1, routed)           2.006     8.928    sys_clk_IBUF
    BUFGCTRL_X0Y16       BUFG (Prop_bufg_I_O)         0.091     9.019 r  sys_clk_IBUF_BUFG_inst/O
                         net (fo=489, routed)         1.612    10.631    sys_clk_IBUF_BUFG
    MMCME2_ADV_X1Y0      MMCME2_ADV (Prop_mmcme2_adv_CLKIN1_CLKOUT0)
                                                      0.083    10.714 r  u_mmcm/CLKOUT0
                         net (fo=1, routed)           1.725    12.439    clk_proc
    BUFGCTRL_X0Y1        BUFG (Prop_bufg_I_O)         0.091    12.530 r  clk_proc_BUFG_inst/O
                         net (fo=8087, routed)        1.618    14.148    g_chan[1].u_canny/u_hyst/clk_proc_BUFG
    RAMB36_X1Y0          RAMB36E1                                     r  g_chan[1].u_canny/u_hyst/strong_mem_reg_0/CLKARDCLK
                         clock pessimism              0.766    14.914    
                         clock uncertainty           -0.073    14.842    
    RAMB36_X1Y0          RAMB36E1 (Setup_ramb36e1_CLKARDCLK_ENARDEN)
                                                     -0.443    14.399    g_chan[1].u_canny/u_hyst/strong_mem_reg_0
  -------------------------------------------------------------------
                         required time                         14.399    
                         arrival time                         -14.240    
  -------------------------------------------------------------------
                         slack                                  0.158    




